###############################################################################
#
# IAR ELF Linker V9.50.1.380/W64 for ARM                  15/May/2024  17:02:32
# Copyright 2007-2023 IAR Systems AB.
#
#    Output file  =
#        E:\桌面\Seekfree_CYT4BB_Opensource_Library\project\iar\Debug_m7_0\Exe\cyt4bb7_cm_7_0.out
#    Map file     =
#        E:\桌面\Seekfree_CYT4BB_Opensource_Library\project\iar\Debug_m7_0\List\cyt4bb7_cm_7_0.map
#    Command line =
#        -f
#        E:\桌面\Seekfree_CYT4BB_Opensource_Library\project\iar\Debug_m7_0\Exe\cyt4bb7_cm_7_0.out.rsp
#        (E:\桌面\Seekfree_CYT4BB_Opensource_Library\project\iar\Debug_m7_0\Obj\code_17896468042025673432.dir\Algorithm.o
#        E:\桌面\Seekfree_CYT4BB_Opensource_Library\project\iar\Debug_m7_0\Obj\user_8514941877209965082.dir\cm7_0_isr.o
#        E:\桌面\Seekfree_CYT4BB_Opensource_Library\project\iar\Debug_m7_0\Obj\code_17896468042025673432.dir\Common_Peripherals.o
#        E:\桌面\Seekfree_CYT4BB_Opensource_Library\project\iar\Debug_m7_0\Obj\adc_11722776235721520015.dir\cy_adc.o
#        E:\桌面\Seekfree_CYT4BB_Opensource_Library\project\iar\Debug_m7_0\Obj\button_4990804375159372270.dir\cy_button.o
#        E:\桌面\Seekfree_CYT4BB_Opensource_Library\project\iar\Debug_m7_0\Obj\canfd_1800690984773873875.dir\cy_canfd.o
#        E:\桌面\Seekfree_CYT4BB_Opensource_Library\project\iar\Debug_m7_0\Obj\cpu_15938736945165268644.dir\cy_cpu.o
#        E:\桌面\Seekfree_CYT4BB_Opensource_Library\project\iar\Debug_m7_0\Obj\crypto_1190170608956581615.dir\cy_crypto_config.o
#        E:\桌面\Seekfree_CYT4BB_Opensource_Library\project\iar\Debug_m7_0\Obj\eth_phy_18133017486186456677.dir\cy_dp83867.o
#        E:\桌面\Seekfree_CYT4BB_Opensource_Library\project\iar\Debug_m7_0\Obj\ethernet_6029839089178797009.dir\cy_ethif.o
#        E:\桌面\Seekfree_CYT4BB_Opensource_Library\project\iar\Debug_m7_0\Obj\evtgen_3404189088603873129.dir\cy_evtgen.o
#        E:\桌面\Seekfree_CYT4BB_Opensource_Library\project\iar\Debug_m7_0\Obj\flash_8529866181315662935.dir\cy_flash.o
#        E:\桌面\Seekfree_CYT4BB_Opensource_Library\project\iar\Debug_m7_0\Obj\gpio_3999404635324069351.dir\cy_gpio.o
#        E:\桌面\Seekfree_CYT4BB_Opensource_Library\project\iar\Debug_m7_0\Obj\audioss_1346650047966882938.dir\cy_i2s.o
#        E:\桌面\Seekfree_CYT4BB_Opensource_Library\project\iar\Debug_m7_0\Obj\rev_b_6162237342861132223.dir\cy_interrupt_map.o
#        E:\桌面\Seekfree_CYT4BB_Opensource_Library\project\iar\Debug_m7_0\Obj\ipc_10145506163450686023.dir\cy_ipc_drv.o
#        E:\桌面\Seekfree_CYT4BB_Opensource_Library\project\iar\Debug_m7_0\Obj\ipc_10145506163450686023.dir\cy_ipc_pipe.o
#        E:\桌面\Seekfree_CYT4BB_Opensource_Library\project\iar\Debug_m7_0\Obj\ipc_10145506163450686023.dir\cy_ipc_sema.o
#        E:\桌面\Seekfree_CYT4BB_Opensource_Library\project\iar\Debug_m7_0\Obj\lin_18429031207028094880.dir\cy_lin.o
#        E:\桌面\Seekfree_CYT4BB_Opensource_Library\project\iar\Debug_m7_0\Obj\lvd_6353935867039560245.dir\cy_lvd.o
#        E:\桌面\Seekfree_CYT4BB_Opensource_Library\project\iar\Debug_m7_0\Obj\mcwdt_4052485907822033969.dir\cy_mcwdt.o
#        E:\桌面\Seekfree_CYT4BB_Opensource_Library\project\iar\Debug_m7_0\Obj\dma_12106025507578611576.dir\cy_mdma.o
#        E:\桌面\Seekfree_CYT4BB_Opensource_Library\project\iar\Debug_m7_0\Obj\mpu_5663187252346826382.dir\cy_mpu.o
#        E:\桌面\Seekfree_CYT4BB_Opensource_Library\project\iar\Debug_m7_0\Obj\flash_864493325053435817.dir\cy_mw_flash.o
#        E:\桌面\Seekfree_CYT4BB_Opensource_Library\project\iar\Debug_m7_0\Obj\dma_12106025507578611576.dir\cy_pdma.o
#        E:\桌面\Seekfree_CYT4BB_Opensource_Library\project\iar\Debug_m7_0\Obj\power_14453085144426420577.dir\cy_power.o
#        E:\桌面\Seekfree_CYT4BB_Opensource_Library\project\iar\Debug_m7_0\Obj\prot_10722960861768657883.dir\cy_prot.o
#        E:\桌面\Seekfree_CYT4BB_Opensource_Library\project\iar\Debug_m7_0\Obj\scb_15490842639181808494.dir\cy_scb_common.o
#        E:\桌面\Seekfree_CYT4BB_Opensource_Library\project\iar\Debug_m7_0\Obj\scb_15490842639181808494.dir\cy_scb_ezi2c.o
#        E:\桌面\Seekfree_CYT4BB_Opensource_Library\project\iar\Debug_m7_0\Obj\scb_15490842639181808494.dir\cy_scb_i2c.o
#        E:\桌面\Seekfree_CYT4BB_Opensource_Library\project\iar\Debug_m7_0\Obj\scb_15490842639181808494.dir\cy_scb_spi.o
#        E:\桌面\Seekfree_CYT4BB_Opensource_Library\project\iar\Debug_m7_0\Obj\scb_15490842639181808494.dir\cy_scb_uart.o
#        E:\桌面\Seekfree_CYT4BB_Opensource_Library\project\iar\Debug_m7_0\Obj\sd_host_2982766354293506895.dir\cy_sd_host.o
#        E:\桌面\Seekfree_CYT4BB_Opensource_Library\project\iar\Debug_m7_0\Obj\semihosting_143864889731838620.dir\cy_semihosting.o
#        E:\桌面\Seekfree_CYT4BB_Opensource_Library\project\iar\Debug_m7_0\Obj\smartio_5451710003740070188.dir\cy_smartio.o
#        E:\桌面\Seekfree_CYT4BB_Opensource_Library\project\iar\Debug_m7_0\Obj\smif_427648126384146252.dir\cy_smif.o
#        E:\桌面\Seekfree_CYT4BB_Opensource_Library\project\iar\Debug_m7_0\Obj\smif_mem_6470536964353725183.dir\cy_smif_device_common.o
#        E:\桌面\Seekfree_CYT4BB_Opensource_Library\project\iar\Debug_m7_0\Obj\smif_mem_6470536964353725183.dir\cy_smif_hb_flash.o
#        E:\桌面\Seekfree_CYT4BB_Opensource_Library\project\iar\Debug_m7_0\Obj\smif_427648126384146252.dir\cy_smif_memslot.o
#        E:\桌面\Seekfree_CYT4BB_Opensource_Library\project\iar\Debug_m7_0\Obj\smif_mem_6470536964353725183.dir\cy_smif_s25fl.o
#        E:\桌面\Seekfree_CYT4BB_Opensource_Library\project\iar\Debug_m7_0\Obj\smif_mem_6470536964353725183.dir\cy_smif_s25fs.o
#        E:\桌面\Seekfree_CYT4BB_Opensource_Library\project\iar\Debug_m7_0\Obj\smif_mem_6470536964353725183.dir\cy_smif_semp.o
#        E:\桌面\Seekfree_CYT4BB_Opensource_Library\project\iar\Debug_m7_0\Obj\smif_427648126384146252.dir\cy_smif_ver_specific.o
#        E:\桌面\Seekfree_CYT4BB_Opensource_Library\project\iar\Debug_m7_0\Obj\srom_13018798572330080582.dir\cy_srom.o
#        E:\桌面\Seekfree_CYT4BB_Opensource_Library\project\iar\Debug_m7_0\Obj\sw_timer_4215635015939382130.dir\cy_sw_tmr.o
#        E:\桌面\Seekfree_CYT4BB_Opensource_Library\project\iar\Debug_m7_0\Obj\sysclk_16149231235676103872.dir\cy_sysclk.o
#        E:\桌面\Seekfree_CYT4BB_Opensource_Library\project\iar\Debug_m7_0\Obj\sysflt_12293435975120599261.dir\cy_sysflt.o
#        E:\桌面\Seekfree_CYT4BB_Opensource_Library\project\iar\Debug_m7_0\Obj\sysint_7435970359207984181.dir\cy_sysint.o
#        E:\桌面\Seekfree_CYT4BB_Opensource_Library\project\iar\Debug_m7_0\Obj\syslib_16330585751512546975.dir\cy_syslib.o
#        E:\桌面\Seekfree_CYT4BB_Opensource_Library\project\iar\Debug_m7_0\Obj\syslib_16330585751512546975.dir\cy_syslib_iar.o
#        E:\桌面\Seekfree_CYT4BB_Opensource_Library\project\iar\Debug_m7_0\Obj\syspm_10887939769544754770.dir\cy_syspm.o
#        E:\桌面\Seekfree_CYT4BB_Opensource_Library\project\iar\Debug_m7_0\Obj\sysreghc_17676636058511625587.dir\cy_sysreghc.o
#        E:\桌面\Seekfree_CYT4BB_Opensource_Library\project\iar\Debug_m7_0\Obj\sysreset_14586141425677365288.dir\cy_sysreset.o
#        E:\桌面\Seekfree_CYT4BB_Opensource_Library\project\iar\Debug_m7_0\Obj\sysrtc_10747768817563771611.dir\cy_sysrtc.o
#        E:\桌面\Seekfree_CYT4BB_Opensource_Library\project\iar\Debug_m7_0\Obj\systick_16016591671695740695.dir\cy_systick.o
#        E:\桌面\Seekfree_CYT4BB_Opensource_Library\project\iar\Debug_m7_0\Obj\syswdt_9118657615806274156.dir\cy_syswdt.o
#        E:\桌面\Seekfree_CYT4BB_Opensource_Library\project\iar\Debug_m7_0\Obj\tcpwm_422923530147891246.dir\cy_tcpwm.o
#        E:\桌面\Seekfree_CYT4BB_Opensource_Library\project\iar\Debug_m7_0\Obj\tcpwm_422923530147891246.dir\cy_tcpwm_counter.o
#        E:\桌面\Seekfree_CYT4BB_Opensource_Library\project\iar\Debug_m7_0\Obj\tcpwm_422923530147891246.dir\cy_tcpwm_pwm.o
#        E:\桌面\Seekfree_CYT4BB_Opensource_Library\project\iar\Debug_m7_0\Obj\tcpwm_422923530147891246.dir\cy_tcpwm_quaddec.o
#        E:\桌面\Seekfree_CYT4BB_Opensource_Library\project\iar\Debug_m7_0\Obj\tcpwm_422923530147891246.dir\cy_tcpwm_sr.o
#        E:\桌面\Seekfree_CYT4BB_Opensource_Library\project\iar\Debug_m7_0\Obj\trigmux_9729677290734583340.dir\cy_trigmux.o
#        E:\桌面\Seekfree_CYT4BB_Opensource_Library\project\iar\Debug_m7_0\Obj\ethernet_6029839089178797009.dir\edd.o
#        E:\桌面\Seekfree_CYT4BB_Opensource_Library\project\iar\Debug_m7_0\Obj\ethernet_6029839089178797009.dir\edd_rx.o
#        E:\桌面\Seekfree_CYT4BB_Opensource_Library\project\iar\Debug_m7_0\Obj\ethernet_6029839089178797009.dir\edd_tx.o
#        E:\桌面\Seekfree_CYT4BB_Opensource_Library\project\iar\Debug_m7_0\Obj\code_17896468042025673432.dir\GL_CRC.o
#        E:\桌面\Seekfree_CYT4BB_Opensource_Library\project\iar\Debug_m7_0\Obj\code_17896468042025673432.dir\GPS.o
#        E:\桌面\Seekfree_CYT4BB_Opensource_Library\project\iar\Debug_m7_0\Obj\code_17896468042025673432.dir\IMU.o
#        E:\桌面\Seekfree_CYT4BB_Opensource_Library\project\iar\Debug_m7_0\Obj\user_8514941877209965082.dir\main_cm7_0.o
#        E:\桌面\Seekfree_CYT4BB_Opensource_Library\project\iar\Debug_m7_0\Obj\code_17896468042025673432.dir\motor.o
#        E:\桌面\Seekfree_CYT4BB_Opensource_Library\project\iar\Debug_m7_0\Obj\zf_components_14936052685886095442.dir\seekfree_assistant.o
#        E:\桌面\Seekfree_CYT4BB_Opensource_Library\project\iar\Debug_m7_0\Obj\zf_components_14936052685886095442.dir\seekfree_assistant_interface.o
#        E:\桌面\Seekfree_CYT4BB_Opensource_Library\project\iar\Debug_m7_0\Obj\startup_479057977785470282.dir\startup.o
#        E:\桌面\Seekfree_CYT4BB_Opensource_Library\project\iar\Debug_m7_0\Obj\startup_479057977785470282.dir\startup_cm7.o
#        E:\桌面\Seekfree_CYT4BB_Opensource_Library\project\iar\Debug_m7_0\Obj\rev_b_4986922561640112550.dir\system_tviibh4m_cm7.o
#        E:\桌面\Seekfree_CYT4BB_Opensource_Library\project\iar\Debug_m7_0\Obj\code_17896468042025673432.dir\voice.o
#        E:\桌面\Seekfree_CYT4BB_Opensource_Library\project\iar\Debug_m7_0\Obj\zf_common_1201165462030747823.dir\zf_common_clock.o
#        E:\桌面\Seekfree_CYT4BB_Opensource_Library\project\iar\Debug_m7_0\Obj\zf_common_1201165462030747823.dir\zf_common_debug.o
#        E:\桌面\Seekfree_CYT4BB_Opensource_Library\project\iar\Debug_m7_0\Obj\zf_common_1201165462030747823.dir\zf_common_fifo.o
#        E:\桌面\Seekfree_CYT4BB_Opensource_Library\project\iar\Debug_m7_0\Obj\zf_common_1201165462030747823.dir\zf_common_font.o
#        E:\桌面\Seekfree_CYT4BB_Opensource_Library\project\iar\Debug_m7_0\Obj\zf_common_1201165462030747823.dir\zf_common_function.o
#        E:\桌面\Seekfree_CYT4BB_Opensource_Library\project\iar\Debug_m7_0\Obj\zf_common_1201165462030747823.dir\zf_common_interrupt.o
#        E:\桌面\Seekfree_CYT4BB_Opensource_Library\project\iar\Debug_m7_0\Obj\zf_device_6570275422786408770.dir\zf_device_absolute_encoder.o
#        E:\桌面\Seekfree_CYT4BB_Opensource_Library\project\iar\Debug_m7_0\Obj\zf_device_6570275422786408770.dir\zf_device_bluetooth_ch9141.o
#        E:\桌面\Seekfree_CYT4BB_Opensource_Library\project\iar\Debug_m7_0\Obj\zf_device_6570275422786408770.dir\zf_device_dl1a.o
#        E:\桌面\Seekfree_CYT4BB_Opensource_Library\project\iar\Debug_m7_0\Obj\zf_device_6570275422786408770.dir\zf_device_dl1b.o
#        E:\桌面\Seekfree_CYT4BB_Opensource_Library\project\iar\Debug_m7_0\Obj\zf_device_6570275422786408770.dir\zf_device_gnss.o
#        E:\桌面\Seekfree_CYT4BB_Opensource_Library\project\iar\Debug_m7_0\Obj\zf_device_6570275422786408770.dir\zf_device_icm20602.o
#        E:\桌面\Seekfree_CYT4BB_Opensource_Library\project\iar\Debug_m7_0\Obj\zf_device_6570275422786408770.dir\zf_device_imu660ra.o
#        E:\桌面\Seekfree_CYT4BB_Opensource_Library\project\iar\Debug_m7_0\Obj\zf_device_6570275422786408770.dir\zf_device_imu963ra.o
#        E:\桌面\Seekfree_CYT4BB_Opensource_Library\project\iar\Debug_m7_0\Obj\zf_device_6570275422786408770.dir\zf_device_ips114.o
#        E:\桌面\Seekfree_CYT4BB_Opensource_Library\project\iar\Debug_m7_0\Obj\zf_device_6570275422786408770.dir\zf_device_ips200.o
#        E:\桌面\Seekfree_CYT4BB_Opensource_Library\project\iar\Debug_m7_0\Obj\zf_device_6570275422786408770.dir\zf_device_key.o
#        E:\桌面\Seekfree_CYT4BB_Opensource_Library\project\iar\Debug_m7_0\Obj\zf_device_6570275422786408770.dir\zf_device_mpu6050.o
#        E:\桌面\Seekfree_CYT4BB_Opensource_Library\project\iar\Debug_m7_0\Obj\zf_device_6570275422786408770.dir\zf_device_oled.o
#        E:\桌面\Seekfree_CYT4BB_Opensource_Library\project\iar\Debug_m7_0\Obj\zf_device_6570275422786408770.dir\zf_device_tft180.o
#        E:\桌面\Seekfree_CYT4BB_Opensource_Library\project\iar\Debug_m7_0\Obj\zf_device_6570275422786408770.dir\zf_device_tsl1401.o
#        E:\桌面\Seekfree_CYT4BB_Opensource_Library\project\iar\Debug_m7_0\Obj\zf_device_6570275422786408770.dir\zf_device_type.o
#        E:\桌面\Seekfree_CYT4BB_Opensource_Library\project\iar\Debug_m7_0\Obj\zf_device_6570275422786408770.dir\zf_device_uart_receiver.o
#        E:\桌面\Seekfree_CYT4BB_Opensource_Library\project\iar\Debug_m7_0\Obj\zf_device_6570275422786408770.dir\zf_device_virtual_oscilloscope.o
#        E:\桌面\Seekfree_CYT4BB_Opensource_Library\project\iar\Debug_m7_0\Obj\zf_device_6570275422786408770.dir\zf_device_wifi_spi.o
#        E:\桌面\Seekfree_CYT4BB_Opensource_Library\project\iar\Debug_m7_0\Obj\zf_device_6570275422786408770.dir\zf_device_wifi_uart.o
#        E:\桌面\Seekfree_CYT4BB_Opensource_Library\project\iar\Debug_m7_0\Obj\zf_device_6570275422786408770.dir\zf_device_wireless_uart.o
#        E:\桌面\Seekfree_CYT4BB_Opensource_Library\project\iar\Debug_m7_0\Obj\zf_driver_11922370083829174090.dir\zf_driver_adc.o
#        E:\桌面\Seekfree_CYT4BB_Opensource_Library\project\iar\Debug_m7_0\Obj\zf_driver_11922370083829174090.dir\zf_driver_delay.o
#        E:\桌面\Seekfree_CYT4BB_Opensource_Library\project\iar\Debug_m7_0\Obj\zf_driver_11922370083829174090.dir\zf_driver_dma.o
#        E:\桌面\Seekfree_CYT4BB_Opensource_Library\project\iar\Debug_m7_0\Obj\zf_driver_11922370083829174090.dir\zf_driver_encoder.o
#        E:\桌面\Seekfree_CYT4BB_Opensource_Library\project\iar\Debug_m7_0\Obj\zf_driver_11922370083829174090.dir\zf_driver_exti.o
#        E:\桌面\Seekfree_CYT4BB_Opensource_Library\project\iar\Debug_m7_0\Obj\zf_driver_11922370083829174090.dir\zf_driver_flash.o
#        E:\桌面\Seekfree_CYT4BB_Opensource_Library\project\iar\Debug_m7_0\Obj\zf_driver_11922370083829174090.dir\zf_driver_gpio.o
#        E:\桌面\Seekfree_CYT4BB_Opensource_Library\project\iar\Debug_m7_0\Obj\zf_driver_11922370083829174090.dir\zf_driver_ipc.o
#        E:\桌面\Seekfree_CYT4BB_Opensource_Library\project\iar\Debug_m7_0\Obj\zf_driver_11922370083829174090.dir\zf_driver_pit.o
#        E:\桌面\Seekfree_CYT4BB_Opensource_Library\project\iar\Debug_m7_0\Obj\zf_driver_11922370083829174090.dir\zf_driver_pwm.o
#        E:\桌面\Seekfree_CYT4BB_Opensource_Library\project\iar\Debug_m7_0\Obj\zf_driver_11922370083829174090.dir\zf_driver_soft_iic.o
#        E:\桌面\Seekfree_CYT4BB_Opensource_Library\project\iar\Debug_m7_0\Obj\zf_driver_11922370083829174090.dir\zf_driver_soft_spi.o
#        E:\桌面\Seekfree_CYT4BB_Opensource_Library\project\iar\Debug_m7_0\Obj\zf_driver_11922370083829174090.dir\zf_driver_spi.o
#        E:\桌面\Seekfree_CYT4BB_Opensource_Library\project\iar\Debug_m7_0\Obj\zf_driver_11922370083829174090.dir\zf_driver_timer.o
#        E:\桌面\Seekfree_CYT4BB_Opensource_Library\project\iar\Debug_m7_0\Obj\zf_driver_11922370083829174090.dir\zf_driver_uart.o
#        --no_out_extension -o
#        E:\桌面\Seekfree_CYT4BB_Opensource_Library\project\iar\Debug_m7_0\Exe\cyt4bb7_cm_7_0.out
#        --config_def _CORE_cm7_0_=0 --config_def _LINK_flash_=0 --map
#        E:\桌面\Seekfree_CYT4BB_Opensource_Library\project\iar\Debug_m7_0\List\cyt4bb7_cm_7_0.map
#        --config
#        E:\桌面\Seekfree_CYT4BB_Opensource_Library\project\iar\project_config\..\icf\linker_directives_tviibh.icf
#        --semihosting
#        E:\桌面\Seekfree_CYT4BB_Opensource_Library\project\iar\project_config\..\..\..\libraries\sdk\tviibh4m\src\drivers\crypto\libs\libcrypto_server_cm0plus_iar.a
#        E:\桌面\Seekfree_CYT4BB_Opensource_Library\project\iar\project_config\..\..\..\libraries\zf_device\zf_device_config.a
#        E:\桌面\Seekfree_CYT4BB_Opensource_Library\project\iar\project_config\..\..\..\libraries\sdk\common\hdr\cmsis\dsp\iar_cortexM7lf_math.a
#        --entry __iar_program_start --vfe --text_out locale --cpu=Cortex-M7
#        --fpu=VFPv5_d16) --dependencies=n
#        E:\桌面\Seekfree_CYT4BB_Opensource_Library\project\iar\Debug_m7_0\Exe\cyt4bb7_cm_7_0.out.iar_deps
#
###############################################################################

*******************************************************************************
*** RUNTIME MODEL ATTRIBUTES
***

CppFlavor       = *
__CPP_Runtime   = 1
__SystemLibrary = DLib
__dlib_version  = 6


*******************************************************************************
*** HEAP SELECTION
***

The basic heap was selected because --advanced_heap
was not specified and the application did not appear to
be primarily optimized for speed.


*******************************************************************************
*** PLACEMENT SUMMARY
***

"A0":  place at start of [from 0x1008'0000 to 0x1027'ffff] { section .intvec };
"P1":  place in [from 0x1008'0000 to 0x1027'ffff] { ro };
"P2":  place in [from 0x2802'0000 to 0x2807'ffff] { rw };
define block HEAP with size = 1K, alignment = 8 { };
define block CSTACK with size = 8K, alignment = 8 { };
define block HEAP_STACK { block HEAP, last block CSTACK };
"A1":  place at end of [from 0x2802'0000 to 0x2807'ffff] { block HEAP_STACK };
do not initialize { section .intvec_ram };
initialize by copy { rw };

No sections matched the following patterns:

  ro section .sflash_app_prot  in "P6"
  ro section .sflash_nar       in "P4"
  ro section .sflash_pkey      in "P5"
  ro section .sflash_toc2      in "P7"
  ro section .sflash_uf_rows   in "P3"
  ro section .work_flash       in "P8"


  Section            Kind         Address  Aligment    Size  Object
  -------            ----         -------  --------    ----  ------
"A0":                                                  0x80
  .intvec            ro code  0x1008'0000       128    0x80  startup_cm7.o [31]
                            - 0x1008'0080              0x80

"P1":                                                0x6d28
  .text              ro code  0x1008'0080         4   0xdf8  zf_driver_pwm.o [49]
  .text              ro code  0x1008'0e78         4   0x3dc  zf_common_debug.o [46]
  .text              ro code  0x1008'1254         4    0x66  ABImemset.o [52]
  .text              ro code  0x1008'12ba         2    0x7e  lz77_init_single.o [52]
  .text              ro code  0x1008'1338         4   0x194  cy_gpio.o [14]
  .text              ro code  0x1008'14cc         4   0x1fe  cy_tcpwm_pwm.o [43]
  .text              ro code  0x1008'16ca         2     0xe  cy_tcpwm.o [43]
  .text              ro code  0x1008'16d8         4    0xa4  zf_driver_uart.o [49]
  .text              ro code  0x1008'177c         4    0x36  strlen.o [52]
  .text              ro code  0x1008'17b2         2     0xa  xsprout.o [50]
  .text              ro code  0x1008'17bc         4    0x40  sprintf.o [50]
  .text              ro code  0x1008'17fc         4    0xe2  zf_common_interrupt.o [46]
  .text              ro code  0x1008'18e0         4   0xd16  xprintflarge_nomb.o [50]
  .text              ro code  0x1008'25f8         4    0xa8  cy_sysint.o [35]
  .text              ro code  0x1008'26a0         4    0x16  strchr.o [52]
  .text              ro code  0x1008'26b8         4    0x40  xfail_s.o [50]
  .text              ro code  0x1008'26f8         4    0x58  memchr.o [52]
  .text              ro code  0x1008'2750         4    0xa6  ABImemcpy.o [52]
  .text              ro code  0x1008'27f8         4    0x70  frexp.o [51]
  .text              ro code  0x1008'2868         2    0x12  DblDiv.o [51]
  .text              ro code  0x1008'287a         2     0xe  DblToU32.o [51]
  .text              ro code  0x1008'2888         2     0xe  U32ToDbl.o [51]
  .text              ro code  0x1008'2896         2    0x12  DblSub.o [51]
  .text              ro code  0x1008'28a8         2    0x12  DblMul.o [51]
  .text              ro code  0x1008'28bc         4   0x230  I64DivMod.o [52]
  .text              ro code  0x1008'2aec         2     0x6  abort.o [50]
  .text              ro code  0x1008'2af4         4     0x2  I64DivZer.o [52]
  .text              ro code  0x1008'2af8         4    0x14  exit.o [53]
  .text              ro code  0x1008'2b0c         4   0x8e8  cy_sysclk.o [33]
  .text              ro code  0x1008'33f4         4    0x70  strncpy.o [52]
  .text              ro code  0x1008'3464         4    0xa8  cy_syslib.o [36]
  .text              ro code  0x1008'350c         2     0x2  cy_syslib.o [36]
  .text              ro code  0x1008'3510         4   0x740  voice.o [5]
  .text              ro code  0x1008'3c50         4   0x5a8  zf_driver_adc.o [49]
  .text              ro code  0x1008'41f8         4   0x2a8  zf_driver_pit.o [49]
  .text              ro code  0x1008'44a0         2     0x8  abs.o [50]
  .text              ro code  0x1008'44a8         4    0x28  printf.o [50]
  .text              ro code  0x1008'44d0         4   0x2c8  cy_adc.o [1]
  .text              ro code  0x1008'4798         4   0x1a4  cy_tcpwm_counter.o [43]
  .text              ro code  0x1008'493c         4   0x644  IMU.o [5]
  .text              ro code  0x1008'4f80         4   0x5c4  zf_device_gnss.o [48]
  .text              ro code  0x1008'5544         4   0x1bc  zf_common_function.o [46]
  .text              ro code  0x1008'5700         4   0x594  zf_driver_soft_iic.o [49]
  .text              ro code  0x1008'5c94         4    0xa0  zf_driver_gpio.o [49]
  .text              ro code  0x1008'5d34         4   0x258  zf_driver_delay.o [49]
  .text              ro code  0x1008'5f8c         4   0x204  startup.o [31]
  .text              ro code  0x1008'6190         4   0x154  system_tviibh4m_cm7.o [22]
  .text              ro code  0x1008'62e4         4     0x8  startup_cm7.o [31]
  .text              ro code  0x1008'62ec         4     0x6  startup_cm7.o [31]
  .text              ro code  0x1008'62f4         4   0x198  cy_interrupt_map.o [23]
  .text              ro code  0x1008'648c         4    0xf0  Common_Peripherals.o [5]
  .text              ro code  0x1008'657c         4    0xb0  startup_cm7.o [31]
  .rodata            const    0x1008'662c         4    0x68  system_tviibh4m_cm7.o [22]
  .rodata            const    0x1008'6694         4    0x64  cy_sysclk.o [33]
  .rodata            const    0x1008'66f8         4    0x64  cy_sysclk.o [33]
  .text              ro code  0x1008'675c         4    0x60  cm7_0_isr.o [45]
  .text              ro code  0x1008'67bc         4    0x50  zf_device_imu963ra.o [48]
  .rodata            const    0x1008'680c         4    0x58  zf_common_function.o [46]
  .rodata            const    0x1008'6864         4    0x58  zf_driver_soft_iic.o [49]
  .rodata            const    0x1008'68bc         4    0x54  zf_driver_pwm.o [49]
  .text              ro code  0x1008'6910         2    0x38  zero_init3.o [52]
  .text              ro code  0x1008'6948         4    0x2a  data_init.o [52]
  .text              ro code  0x1008'6974         4    0x22  fpinit_M.o [51]
  .iar.init_table    const    0x1008'6998         4    0x20  - Linker created -
  .text              ro code  0x1008'69b8         4    0x20  main_cm7_0.o [45]
  .text              ro code  0x1008'69d8         4    0x1c  zf_common_clock.o [46]
  .text              ro code  0x1008'69f4         4    0x20  startup_cm7.o [31]
  .text              ro code  0x1008'6a14         2    0x20  putchar.o [50]
  .text              ro code  0x1008'6a40        16    0x1e  cy_syslib_iar.o [36]
  .text              ro code  0x1008'6a60         4    0x1e  cmain.o [52]
  .text              ro code  0x1008'6a80         4     0x4  startup_cm7.o [31]
  .text              ro code  0x1008'6a84         2     0x4  exit.o [50]
  .text              ro code  0x1008'6a88         4     0xa  cexit.o [52]
  .rodata            const    0x1008'6a94         4    0x1c  zf_common_debug.o [46]
  .text              ro code  0x1008'6ab0         4    0x1c  startup_cm7.o [31]
  .text              ro code  0x1008'6acc         4    0x1c  cstartup_M.o [52]
  .rodata            const    0x1008'6ae8         4    0x18  startup.o [31]
  .rodata            const    0x1008'6b00         4    0x18  system_tviibh4m_cm7.o [22]
  .rodata            const    0x1008'6b18         4    0x18  zf_common_debug.o [46]
  .text              ro code  0x1008'6b30         2    0x16  xprout.o [50]
  .rodata            const    0x1008'6b48         4    0x10  voice.o [5]
  .rodata            const    0x1008'6b58         4    0x10  zf_common_debug.o [46]
  .rodata            const    0x1008'6b68         4    0x10  zf_common_debug.o [46]
  .rodata            const    0x1008'6b78         4     0xc  zf_common_debug.o [46]
  .rodata            const    0x1008'6b84         4     0xc  zf_common_debug.o [46]
  .text              ro code  0x1008'6b90         2     0xc  cy_syslib.o [36]
  .rodata            const    0x1008'6b9c         4     0x8  cy_sysclk.o [33]
  .rodata            const    0x1008'6ba4         4     0x8  zf_device_gnss.o [48]
  .rodata            const    0x1008'6bac         4     0x4  cy_adc.o [1]
  .rodata            const    0x1008'6bb0         4     0x4  cy_adc.o [1]
  .rodata            const    0x1008'6bb4         4     0x4  cy_adc.o [1]
  .rodata            const    0x1008'6bb8         4     0x4  cy_adc.o [1]
  .rodata            const    0x1008'6bbc         4     0x4  cy_adc.o [1]
  .rodata            const    0x1008'6bc0         4     0x4  cy_adc.o [1]
  .rodata            const    0x1008'6bc4         4     0x4  cy_adc.o [1]
  .rodata            const    0x1008'6bc8         4     0x4  cy_adc.o [1]
  .rodata            const    0x1008'6bcc         4     0x4  cy_interrupt_map.o [23]
  .rodata            const    0x1008'6bd0         4     0x4  cy_interrupt_map.o [23]
  .rodata            const    0x1008'6bd4         4     0x4  cy_interrupt_map.o [23]
  .rodata            const    0x1008'6bd8         4     0x4  cy_interrupt_map.o [23]
  .rodata            const    0x1008'6bdc         4     0x4  cy_interrupt_map.o [23]
  .rodata            const    0x1008'6be0         4     0x4  cy_interrupt_map.o [23]
  .rodata            const    0x1008'6be4         4     0x4  cy_interrupt_map.o [23]
  .rodata            const    0x1008'6be8         4     0x4  cy_interrupt_map.o [23]
  .rodata            const    0x1008'6bec         4     0x4  cy_sysint.o [35]
  .rodata            const    0x1008'6bf0         4     0x4  cy_sysint.o [35]
  .rodata            const    0x1008'6bf4         4     0x4  cy_tcpwm_counter.o [43]
  .rodata            const    0x1008'6bf8         4     0x4  cy_tcpwm_counter.o [43]
  .rodata            const    0x1008'6bfc         4     0x4  cy_tcpwm_counter.o [43]
  .rodata            const    0x1008'6c00         4     0x4  cy_tcpwm_counter.o [43]
  .rodata            const    0x1008'6c04         4     0x4  cy_tcpwm_counter.o [43]
  .rodata            const    0x1008'6c08         4     0x4  cy_tcpwm_pwm.o [43]
  .rodata            const    0x1008'6c0c         4     0x4  cy_tcpwm_pwm.o [43]
  .rodata            const    0x1008'6c10         4     0x4  cy_tcpwm_pwm.o [43]
  .rodata            const    0x1008'6c14         4     0x4  cy_tcpwm_pwm.o [43]
  .rodata            const    0x1008'6c18         4     0x4  cy_tcpwm_pwm.o [43]
  .rodata            const    0x1008'6c1c         4     0x4  cy_tcpwm_pwm.o [43]
  .rodata            const    0x1008'6c20         4     0x4  cy_tcpwm_pwm.o [43]
  .text              ro code  0x1008'6c24         4     0x4  startup_cm7.o [31]
  .text              ro code  0x1008'6c28         4     0x4  startup_cm7.o [31]
  .text              ro code  0x1008'6c2c         4     0x4  startup_cm7.o [31]
  .text              ro code  0x1008'6c30         4     0x4  startup_cm7.o [31]
  .text              ro code  0x1008'6c34         4     0x4  startup_cm7.o [31]
  .text              ro code  0x1008'6c38         4     0x4  startup_cm7.o [31]
  .text              ro code  0x1008'6c3c         4     0x4  startup_cm7.o [31]
  .text              ro code  0x1008'6c40         4     0x4  startup_cm7.o [31]
  .text              ro code  0x1008'6c44         4     0x4  startup_cm7.o [31]
  .text              ro code  0x1008'6c48         4     0x4  startup_cm7.o [31]
  .text              ro code  0x1008'6c4c         4     0x4  startup_cm7.o [31]
  .text              ro code  0x1008'6c50         4     0x4  startup_cm7.o [31]
  .text              ro code  0x1008'6c54         4     0x4  startup_cm7.o [31]
  .text              ro code  0x1008'6c58         4     0x4  startup_cm7.o [31]
  .text              ro code  0x1008'6c5c         4     0x4  startup_cm7.o [31]
  .rodata            const    0x1008'6c60               0x0  zero_init3.o [52]
  .rodata            const    0x1008'6c60               0x0  lz77_init_single.o [52]
  Initializer bytes  const    0x1008'6c60              0x4e  <for P2-1>
                            - 0x1008'6cae            0x6c2e

"P2", part 1 of 3:                                    0x724
  P2-1                        0x2802'0000             0x724  <Init block>
    .data            inited   0x2802'0000         4   0x6ec  cy_interrupt_map.o [23]
    .data            inited   0x2802'06ec         4     0x4  cy_interrupt_map.o [23]
    .data            inited   0x2802'06f0         4     0xc  zf_driver_adc.o [49]
    .data            inited   0x2802'06fc         4     0xc  zf_driver_pit.o [49]
    .data            inited   0x2802'0708         4    0x14  zf_driver_uart.o [49]
    .data            inited   0x2802'071c         2     0x2  zf_driver_delay.o [49]
    .data            inited   0x2802'071e               0x1  Common_Peripherals.o [5]
    .data            inited   0x2802'071f               0x1  Common_Peripherals.o [5]
    .data            inited   0x2802'0720               0x1  Common_Peripherals.o [5]
    .data            inited   0x2802'0721               0x1  Common_Peripherals.o [5]
    .data            inited   0x2802'0722               0x1  zf_common_debug.o [46]
    .data            inited   0x2802'0723               0x1  zf_driver_delay.o [49]
                            - 0x2802'0724             0x724

"P2", part 2 of 3:                                   0x8800
  .bss               zero     0x2802'0800       256  0x2000  voice.o [5]
  .bss               zero     0x2802'2800       256  0x2000  voice.o [5]
  .bss               zero     0x2802'4800       256  0x2000  voice.o [5]
  .bss               zero     0x2802'6800       256  0x2000  voice.o [5]
  .bss               zero     0x2802'8800         4    0xf0  voice.o [5]
  .bss               zero     0x2802'88f0         4    0xf0  voice.o [5]
  .bss               zero     0x2802'89e0         4    0xf0  voice.o [5]
  .bss               zero     0x2802'8ad0         4    0xf0  voice.o [5]
  .bss               zero     0x2802'8bc0         4    0x80  zf_device_gnss.o [48]
  .bss               zero     0x2802'8c40         4    0x80  zf_device_gnss.o [48]
  .bss               zero     0x2802'8cc0         4    0x80  zf_device_gnss.o [48]
  .bss               zero     0x2802'8d40         4    0x70  cy_syslib.o [36]
  .bss               zero     0x2802'8db0         8    0x48  zf_device_gnss.o [48]
  .bss               zero     0x2802'8df8         4    0x48  zf_driver_adc.o [49]
  .bss               zero     0x2802'8e40         4    0x18  cy_sysclk.o [33]
  .bss               zero     0x2802'8e58         4    0x18  cy_syslib.o [36]
  .bss               zero     0x2802'8e70         4    0x18  IMU.o [5]
  .bss               zero     0x2802'8e88         4    0x14  zf_common_debug.o [46]
  .bss               zero     0x2802'8e9c         4    0x10  zf_device_imu963ra.o [48]
  .bss               zero     0x2802'8eac         4     0xc  IMU.o [5]
  .bss               zero     0x2802'8eb8         4     0x4  cy_syslib.o [36]
  .bss               zero     0x2802'8ebc         4     0x4  IMU.o [5]
  .bss               zero     0x2802'8ec0         4     0x4  IMU.o [5]
  .bss               zero     0x2802'8ec4         4     0x4  IMU.o [5]
  .bss               zero     0x2802'8ec8         4     0x4  IMU.o [5]
  .bss               zero     0x2802'8ecc         4     0x4  IMU.o [5]
  .bss               zero     0x2802'8ed0         4     0x4  IMU.o [5]
  .bss               zero     0x2802'8ed4         4     0x4  IMU.o [5]
  .bss               zero     0x2802'8ed8         4     0x4  IMU.o [5]
  .bss               zero     0x2802'8edc         4     0x4  IMU.o [5]
  .bss               zero     0x2802'8ee0         4     0x4  IMU.o [5]
  .bss               zero     0x2802'8ee4         4     0x4  system_tviibh4m_cm7.o [22]
  .bss               zero     0x2802'8ee8         4     0x4  system_tviibh4m_cm7.o [22]
  .bss               zero     0x2802'8eec         4     0x4  system_tviibh4m_cm7.o [22]
  .bss               zero     0x2802'8ef0         4     0x4  system_tviibh4m_cm7.o [22]
  .bss               zero     0x2802'8ef4         4     0x4  system_tviibh4m_cm7.o [22]
  .bss               zero     0x2802'8ef8         4     0x4  voice.o [5]
  .bss               zero     0x2802'8efc         4     0x4  voice.o [5]
  .bss               zero     0x2802'8f00         4     0x4  zf_common_clock.o [46]
  .bss               zero     0x2802'8f04         4     0x4  zf_common_interrupt.o [46]
  .bss               zero     0x2802'8f08         4     0x4  xfail_s.o [50]
  .bss               zero     0x2802'8f0c         2     0x2  zf_device_imu963ra.o [48]
  .bss               zero     0x2802'8f0e         2     0x2  zf_device_imu963ra.o [48]
  .bss               zero     0x2802'8f10         2     0x2  zf_device_imu963ra.o [48]
  .bss               zero     0x2802'8f12               0x1  Common_Peripherals.o [5]
  .bss               zero     0x2802'8f13               0x1  Common_Peripherals.o [5]
  .bss               zero     0x2802'8f14               0x1  Common_Peripherals.o [5]
  .bss               zero     0x2802'8f15               0x1  Common_Peripherals.o [5]
  .bss               zero     0x2802'8f16               0x1  Common_Peripherals.o [5]
  .bss               zero     0x2802'8f17               0x1  Common_Peripherals.o [5]
  .bss               zero     0x2802'8f18               0x1  Common_Peripherals.o [5]
  .bss               zero     0x2802'8f19               0x1  Common_Peripherals.o [5]
  .bss               zero     0x2802'8f1a               0x1  cy_sysclk.o [33]
  .bss               zero     0x2802'8f1b               0x1  voice.o [5]
  .bss               zero     0x2802'8f1c               0x1  voice.o [5]
  .bss               zero     0x2802'8f1d               0x1  voice.o [5]
  .bss               zero     0x2802'8f1e               0x1  zf_common_debug.o [46]
  .bss               zero     0x2802'8f1f               0x1  zf_common_debug.o [46]
  .bss               zero     0x2802'8f20               0x1  zf_device_gnss.o [48]
  .bss               zero     0x2802'8f21               0x1  zf_device_gnss.o [48]
  .bss               zero     0x2802'8f22               0x1  zf_device_gnss.o [48]
  .bss               zero     0x2802'8f23               0x1  zf_device_gnss.o [48]
                            - 0x2802'8f24            0x8800

"P2", part 3 of 3:                                     0x80
  .intvec_ram        uninit   0x2802'8f80       128    0x80  startup_cm7.o [31]
                            - 0x2802'9000              0x80

"A1":                                                0x2000
  HEAP_STACK                  0x2807'e000            0x2000  <Block>
    CSTACK                    0x2807'e000         8  0x2000  <Block>
      CSTACK         uninit   0x2807'e000            0x2000  <Block tail>
                            - 0x2808'0000            0x2000

Unused ranges:

         From           To       Size
         ----           --       ----
  0x1008'6da8  0x1027'ffff  0x1f'9258
  0x2802'8f24  0x2802'8f7f       0x5c
  0x2802'9000  0x2807'dfff   0x5'5000


*******************************************************************************
*** INIT TABLE
***

          Address      Size
          -------      ----
Zero (__iar_zero_init3)
    1 destination range, total size 0x8724:
          0x2802'0800  0x8724

Copy/lz77 (__iar_lz77_init_single3)
    1 source range, total size 0x4e (4% of destination):
          0x1008'6c60    0x4e
    1 destination range, total size 0x724:
          0x2802'0000   0x724



*******************************************************************************
*** MODULE SUMMARY
***

    Module                 ro code  ro data  rw data
    ------                 -------  -------  -------
command line/config:
    ------------------------------------------------
    Total:

E:\桌面\Seekfree_CYT4BB_Opensource_Library\project\iar\Debug_m7_0\Obj\adc_11722776235721520015.dir: [1]
    cy_adc.o                   712       32
    ------------------------------------------------
    Total:                     712       32

E:\桌面\Seekfree_CYT4BB_Opensource_Library\project\iar\Debug_m7_0\Obj\audioss_1346650047966882938.dir: [2]
    ------------------------------------------------
    Total:

E:\桌面\Seekfree_CYT4BB_Opensource_Library\project\iar\Debug_m7_0\Obj\button_4990804375159372270.dir: [3]
    ------------------------------------------------
    Total:

E:\桌面\Seekfree_CYT4BB_Opensource_Library\project\iar\Debug_m7_0\Obj\canfd_1800690984773873875.dir: [4]
    ------------------------------------------------
    Total:

E:\桌面\Seekfree_CYT4BB_Opensource_Library\project\iar\Debug_m7_0\Obj\code_17896468042025673432.dir: [5]
    Common_Peripherals.o       240                12
    IMU.o                    1'604                76
    voice.o                  1'856       16   33'739
    ------------------------------------------------
    Total:                   3'700       16   33'827

E:\桌面\Seekfree_CYT4BB_Opensource_Library\project\iar\Debug_m7_0\Obj\cpu_15938736945165268644.dir: [6]
    ------------------------------------------------
    Total:

E:\桌面\Seekfree_CYT4BB_Opensource_Library\project\iar\Debug_m7_0\Obj\crypto_1190170608956581615.dir: [7]
    ------------------------------------------------
    Total:

E:\桌面\Seekfree_CYT4BB_Opensource_Library\project\iar\Debug_m7_0\Obj\dma_12106025507578611576.dir: [8]
    ------------------------------------------------
    Total:

E:\桌面\Seekfree_CYT4BB_Opensource_Library\project\iar\Debug_m7_0\Obj\eth_phy_18133017486186456677.dir: [9]
    ------------------------------------------------
    Total:

E:\桌面\Seekfree_CYT4BB_Opensource_Library\project\iar\Debug_m7_0\Obj\ethernet_6029839089178797009.dir: [10]
    ------------------------------------------------
    Total:

E:\桌面\Seekfree_CYT4BB_Opensource_Library\project\iar\Debug_m7_0\Obj\evtgen_3404189088603873129.dir: [11]
    ------------------------------------------------
    Total:

E:\桌面\Seekfree_CYT4BB_Opensource_Library\project\iar\Debug_m7_0\Obj\flash_8529866181315662935.dir: [12]
    ------------------------------------------------
    Total:

E:\桌面\Seekfree_CYT4BB_Opensource_Library\project\iar\Debug_m7_0\Obj\flash_864493325053435817.dir: [13]
    ------------------------------------------------
    Total:

E:\桌面\Seekfree_CYT4BB_Opensource_Library\project\iar\Debug_m7_0\Obj\gpio_3999404635324069351.dir: [14]
    cy_gpio.o                  404
    ------------------------------------------------
    Total:                     404

E:\桌面\Seekfree_CYT4BB_Opensource_Library\project\iar\Debug_m7_0\Obj\ipc_10145506163450686023.dir: [15]
    ------------------------------------------------
    Total:

E:\桌面\Seekfree_CYT4BB_Opensource_Library\project\iar\Debug_m7_0\Obj\lin_18429031207028094880.dir: [16]
    ------------------------------------------------
    Total:

E:\桌面\Seekfree_CYT4BB_Opensource_Library\project\iar\Debug_m7_0\Obj\lvd_6353935867039560245.dir: [17]
    ------------------------------------------------
    Total:

E:\桌面\Seekfree_CYT4BB_Opensource_Library\project\iar\Debug_m7_0\Obj\mcwdt_4052485907822033969.dir: [18]
    ------------------------------------------------
    Total:

E:\桌面\Seekfree_CYT4BB_Opensource_Library\project\iar\Debug_m7_0\Obj\mpu_5663187252346826382.dir: [19]
    ------------------------------------------------
    Total:

E:\桌面\Seekfree_CYT4BB_Opensource_Library\project\iar\Debug_m7_0\Obj\power_14453085144426420577.dir: [20]
    ------------------------------------------------
    Total:

E:\桌面\Seekfree_CYT4BB_Opensource_Library\project\iar\Debug_m7_0\Obj\prot_10722960861768657883.dir: [21]
    ------------------------------------------------
    Total:

E:\桌面\Seekfree_CYT4BB_Opensource_Library\project\iar\Debug_m7_0\Obj\rev_b_4986922561640112550.dir: [22]
    system_tviibh4m_cm7.o      340      128       20
    ------------------------------------------------
    Total:                     340      128       20

E:\桌面\Seekfree_CYT4BB_Opensource_Library\project\iar\Debug_m7_0\Obj\rev_b_6162237342861132223.dir: [23]
    cy_interrupt_map.o         408      107    1'776
    ------------------------------------------------
    Total:                     408      107    1'776

E:\桌面\Seekfree_CYT4BB_Opensource_Library\project\iar\Debug_m7_0\Obj\scb_15490842639181808494.dir: [24]
    ------------------------------------------------
    Total:

E:\桌面\Seekfree_CYT4BB_Opensource_Library\project\iar\Debug_m7_0\Obj\sd_host_2982766354293506895.dir: [25]
    ------------------------------------------------
    Total:

E:\桌面\Seekfree_CYT4BB_Opensource_Library\project\iar\Debug_m7_0\Obj\semihosting_143864889731838620.dir: [26]
    ------------------------------------------------
    Total:

E:\桌面\Seekfree_CYT4BB_Opensource_Library\project\iar\Debug_m7_0\Obj\smartio_5451710003740070188.dir: [27]
    ------------------------------------------------
    Total:

E:\桌面\Seekfree_CYT4BB_Opensource_Library\project\iar\Debug_m7_0\Obj\smif_427648126384146252.dir: [28]
    ------------------------------------------------
    Total:

E:\桌面\Seekfree_CYT4BB_Opensource_Library\project\iar\Debug_m7_0\Obj\smif_mem_6470536964353725183.dir: [29]
    ------------------------------------------------
    Total:

E:\桌面\Seekfree_CYT4BB_Opensource_Library\project\iar\Debug_m7_0\Obj\srom_13018798572330080582.dir: [30]
    ------------------------------------------------
    Total:

E:\桌面\Seekfree_CYT4BB_Opensource_Library\project\iar\Debug_m7_0\Obj\startup_479057977785470282.dir: [31]
    startup.o                  516       24
    startup_cm7.o              442               128
    ------------------------------------------------
    Total:                     958       24      128

E:\桌面\Seekfree_CYT4BB_Opensource_Library\project\iar\Debug_m7_0\Obj\sw_timer_4215635015939382130.dir: [32]
    ------------------------------------------------
    Total:

E:\桌面\Seekfree_CYT4BB_Opensource_Library\project\iar\Debug_m7_0\Obj\sysclk_16149231235676103872.dir: [33]
    cy_sysclk.o              2'280      208       25
    ------------------------------------------------
    Total:                   2'280      208       25

E:\桌面\Seekfree_CYT4BB_Opensource_Library\project\iar\Debug_m7_0\Obj\sysflt_12293435975120599261.dir: [34]
    ------------------------------------------------
    Total:

E:\桌面\Seekfree_CYT4BB_Opensource_Library\project\iar\Debug_m7_0\Obj\sysint_7435970359207984181.dir: [35]
    cy_sysint.o                168        8
    ------------------------------------------------
    Total:                     168        8

E:\桌面\Seekfree_CYT4BB_Opensource_Library\project\iar\Debug_m7_0\Obj\syslib_16330585751512546975.dir: [36]
    cy_syslib.o                182               140
    cy_syslib_iar.o             30
    ------------------------------------------------
    Total:                     212               140

E:\桌面\Seekfree_CYT4BB_Opensource_Library\project\iar\Debug_m7_0\Obj\syspm_10887939769544754770.dir: [37]
    ------------------------------------------------
    Total:

E:\桌面\Seekfree_CYT4BB_Opensource_Library\project\iar\Debug_m7_0\Obj\sysreghc_17676636058511625587.dir: [38]
    ------------------------------------------------
    Total:

E:\桌面\Seekfree_CYT4BB_Opensource_Library\project\iar\Debug_m7_0\Obj\sysreset_14586141425677365288.dir: [39]
    ------------------------------------------------
    Total:

E:\桌面\Seekfree_CYT4BB_Opensource_Library\project\iar\Debug_m7_0\Obj\sysrtc_10747768817563771611.dir: [40]
    ------------------------------------------------
    Total:

E:\桌面\Seekfree_CYT4BB_Opensource_Library\project\iar\Debug_m7_0\Obj\systick_16016591671695740695.dir: [41]
    ------------------------------------------------
    Total:

E:\桌面\Seekfree_CYT4BB_Opensource_Library\project\iar\Debug_m7_0\Obj\syswdt_9118657615806274156.dir: [42]
    ------------------------------------------------
    Total:

E:\桌面\Seekfree_CYT4BB_Opensource_Library\project\iar\Debug_m7_0\Obj\tcpwm_422923530147891246.dir: [43]
    cy_tcpwm.o                  14
    cy_tcpwm_counter.o         420       20
    cy_tcpwm_pwm.o             510       28
    ------------------------------------------------
    Total:                     944       48

E:\桌面\Seekfree_CYT4BB_Opensource_Library\project\iar\Debug_m7_0\Obj\trigmux_9729677290734583340.dir: [44]
    ------------------------------------------------
    Total:

E:\桌面\Seekfree_CYT4BB_Opensource_Library\project\iar\Debug_m7_0\Obj\user_8514941877209965082.dir: [45]
    cm7_0_isr.o                 96
    main_cm7_0.o                32
    ------------------------------------------------
    Total:                     128

E:\桌面\Seekfree_CYT4BB_Opensource_Library\project\iar\Debug_m7_0\Obj\zf_common_1201165462030747823.dir: [46]
    zf_common_clock.o           28                 4
    zf_common_debug.o          988      108       23
    zf_common_function.o       444       88
    zf_common_interrupt.o      226                 4
    ------------------------------------------------
    Total:                   1'686      196       31

E:\桌面\Seekfree_CYT4BB_Opensource_Library\project\iar\Debug_m7_0\Obj\zf_components_14936052685886095442.dir: [47]
    ------------------------------------------------
    Total:

E:\桌面\Seekfree_CYT4BB_Opensource_Library\project\iar\Debug_m7_0\Obj\zf_device_6570275422786408770.dir: [48]
    zf_device_gnss.o         1'476        8      460
    zf_device_imu963ra.o        80                22
    ------------------------------------------------
    Total:                   1'556        8      482

E:\桌面\Seekfree_CYT4BB_Opensource_Library\project\iar\Debug_m7_0\Obj\zf_driver_11922370083829174090.dir: [49]
    zf_driver_adc.o          1'448        1       84
    zf_driver_delay.o          600        1        3
    zf_driver_gpio.o           160
    zf_driver_pit.o            680                12
    zf_driver_pwm.o          3'576       84
    zf_driver_soft_iic.o     1'428       88
    zf_driver_uart.o           164        1       20
    ------------------------------------------------
    Total:                   8'056      175      119

dl7M_tln.a: [50]
    abort.o                      6
    abs.o                        8
    exit.o                       4
    printf.o                    40
    putchar.o                   32
    sprintf.o                   64
    xfail_s.o                   64                 4
    xprintflarge_nomb.o      3'350
    xprout.o                    22
    xsprout.o                   10
    ------------------------------------------------
    Total:                   3'600                 4

m7M_tlv.a: [51]
    DblDiv.o                    18
    DblMul.o                    18
    DblSub.o                    18
    DblToU32.o                  14
    U32ToDbl.o                  14
    fpinit_M.o                  34
    frexp.o                    112
    ------------------------------------------------
    Total:                     228

rt7M_tl.a: [52]
    ABImemcpy.o                166
    ABImemset.o                102
    I64DivMod.o                560
    I64DivZer.o                  2
    cexit.o                     10
    cmain.o                     30
    cstartup_M.o                28
    data_init.o                 42
    lz77_init_single.o         126
    memchr.o                    88
    strchr.o                    22
    strlen.o                    54
    strncpy.o                  112
    zero_init3.o                56
    ------------------------------------------------
    Total:                   1'398

shb_l.a: [53]
    exit.o                      20
    ------------------------------------------------
    Total:                      20

    Gaps                        36        6      220
    Linker created                       32    8'192
----------------------------------------------------
    Grand Total:            26'834      988   44'964


*******************************************************************************
*** ENTRY LIST
***

Entry                       Address    Size  Type      Object
-----                       -------    ----  ----      ------
.iar.init_table$$Base   0x1008'6998           --   Gb  - Linker created -
.iar.init_table$$Limit  0x1008'69b8           --   Gb  - Linker created -
?main                   0x1008'6a61          Code  ??  cmain.o [52]
AdcBuffIndex            0x2802'8f1c     0x1  Data  ??  voice.o [5]
AdcFinishFlag           0x2802'8f1b     0x1  Data  ??  voice.o [5]
BusFault_Handler        0x1008'6c2d          Code  Wk  startup_cm7.o [31]
CSTACK$$Base            0x2807'e000           --   Gb  - Linker created -
CSTACK$$Limit           0x2808'0000           --   ??  - Linker created -
CopyVectorTable         0x1008'612d    0x34  Code  Lc  startup.o [31]
CpuUserInt0_Handler     0x1008'6313    0x26  Code  ??  cy_interrupt_map.o [23]
CpuUserInt10_Handler    0x1008'6c49          Code  Wk  startup_cm7.o [31]
CpuUserInt11_Handler    0x1008'6c4d          Code  Wk  startup_cm7.o [31]
CpuUserInt12_Handler    0x1008'6c51          Code  Wk  startup_cm7.o [31]
CpuUserInt13_Handler    0x1008'6c55          Code  Wk  startup_cm7.o [31]
CpuUserInt14_Handler    0x1008'6c59          Code  Wk  startup_cm7.o [31]
CpuUserInt15_Handler    0x1008'6c5d          Code  Wk  startup_cm7.o [31]
CpuUserInt1_Handler     0x1008'6339    0x26  Code  ??  cy_interrupt_map.o [23]
CpuUserInt2_Handler     0x1008'635f    0x26  Code  ??  cy_interrupt_map.o [23]
CpuUserInt3_Handler     0x1008'6385    0x26  Code  ??  cy_interrupt_map.o [23]
CpuUserInt4_Handler     0x1008'63ab    0x26  Code  ??  cy_interrupt_map.o [23]
CpuUserInt5_Handler     0x1008'63d1    0x26  Code  ??  cy_interrupt_map.o [23]
CpuUserInt6_Handler     0x1008'63f7    0x26  Code  ??  cy_interrupt_map.o [23]
CpuUserInt7_Handler     0x1008'641d    0x26  Code  ??  cy_interrupt_map.o [23]
CpuUserInt8_Handler     0x1008'6c41          Code  Wk  startup_cm7.o [31]
CpuUserInt9_Handler     0x1008'6c45          Code  Wk  startup_cm7.o [31]
Cy_Adc_Channel_DeInit   0x1008'46a1    0x2c  Code  ??  cy_adc.o [1]
Cy_Adc_Channel_Disable  0x1008'46db     0xe  Code  ??  cy_adc.o [1]
Cy_Adc_Channel_Enable   0x1008'46cd     0xe  Code  ??  cy_adc.o [1]
Cy_Adc_Channel_Init     0x1008'455b   0x146  Code  ??  cy_adc.o [1]
Cy_Adc_Channel_SetInterruptMask
                        0x1008'46f7    0x7c  Code  ??  cy_adc.o [1]
Cy_Adc_Channel_SoftwareTrigger
                        0x1008'46e9     0xe  Code  ??  cy_adc.o [1]
Cy_Adc_Init             0x1008'44d1    0x8a  Code  ??  cy_adc.o [1]
Cy_DefaultUserHandler   0x1008'6311     0x2  Code  ??  cy_interrupt_map.o [23]
Cy_GPIO_ClearInterrupt  0x1008'140b     0xe  Code  Lc  cy_gpio.o [14]
Cy_GPIO_Pin_Init        0x1008'144f    0x72  Code  ??  cy_gpio.o [14]
Cy_GPIO_Read            0x1008'5c95     0xa  Code  Lc  zf_driver_gpio.o [49]
Cy_GPIO_SetDriveSel     0x1008'13ed    0x1e  Code  Lc  cy_gpio.o [14]
Cy_GPIO_SetDrivemode    0x1008'139d    0x1c  Code  Lc  cy_gpio.o [14]
Cy_GPIO_SetDrivemode    0x1008'5c9f    0x1c  Code  Lc  zf_driver_gpio.o [49]
Cy_GPIO_SetHSIOM        0x1008'1339    0x4c  Code  Lc  cy_gpio.o [14]
Cy_GPIO_SetInterruptEdge
                        0x1008'1433    0x1c  Code  Lc  cy_gpio.o [14]
Cy_GPIO_SetInterruptMask
                        0x1008'1419    0x1a  Code  Lc  cy_gpio.o [14]
Cy_GPIO_SetSlewRate     0x1008'13d3    0x1a  Code  Lc  cy_gpio.o [14]
Cy_GPIO_SetVtrip        0x1008'13b9    0x1a  Code  Lc  cy_gpio.o [14]
Cy_GPIO_Write           0x1008'1385    0x18  Code  Lc  cy_gpio.o [14]
Cy_RestoreIRQ           0x1008'62ed          Code  ??  startup_cm7.o [31]
Cy_SCB_GetNumInTxFifo   0x1008'16df     0xa  Code  Lc  zf_driver_uart.o [49]
Cy_SCB_GetTxSrValid     0x1008'16e9     0xa  Code  Lc  zf_driver_uart.o [49]
Cy_SCB_IsTxComplete     0x1008'16f3    0x22  Code  Lc  zf_driver_uart.o [49]
Cy_SCB_WriteTxFifo      0x1008'16d9     0x6  Code  Lc  zf_driver_uart.o [49]
Cy_SaveIRQ              0x1008'62e5          Code  ??  startup_cm7.o [31]
Cy_SysClk_CheckDividerExisting
                        0x1008'3c51    0x2c  Code  Lc  zf_driver_adc.o [49]
Cy_SysClk_CheckDividerExisting
                        0x1008'5d35    0x2a  Code  Lc  zf_driver_delay.o [49]
Cy_SysClk_CheckDividerExisting
                        0x1008'41f9    0x2a  Code  Lc  zf_driver_pit.o [49]
Cy_SysClk_CheckDividerExisting
                        0x1008'0081    0x2c  Code  Lc  zf_driver_pwm.o [49]
Cy_SysClk_ClkPathGetSource
                        0x1008'2c81    0x54  Code  ??  cy_sysclk.o [33]
Cy_SysClk_EcoGetStatus  0x1008'2b0d    0x1a  Code  Lc  cy_sysclk.o [33]
Cy_SysClk_Fast0ClkGetDivider
                        0x1008'2c55    0x16  Code  Lc  cy_sysclk.o [33]
Cy_SysClk_Fast1ClkGetDivider
                        0x1008'2c6b    0x16  Code  Lc  cy_sysclk.o [33]
Cy_SysClk_FllGetConfiguration
                        0x1008'2ce1    0x7e  Code  ??  cy_sysclk.o [33]
Cy_SysClk_FllGetLockStatus
                        0x1008'2b27     0xc  Code  Lc  cy_sysclk.o [33]
Cy_SysClk_GetClockGroup
                        0x1008'3d0b     0x8  Code  Lc  zf_driver_adc.o [49]
Cy_SysClk_GetClockGroup
                        0x1008'5de9     0x8  Code  Lc  zf_driver_delay.o [49]
Cy_SysClk_GetClockGroup
                        0x1008'42ad     0x8  Code  Lc  zf_driver_pit.o [49]
Cy_SysClk_GetClockGroup
                        0x1008'013b     0x8  Code  Lc  zf_driver_pwm.o [49]
Cy_SysClk_GetCoreFrequency
                        0x1008'33a1    0x2a  Code  ??  cy_sysclk.o [33]
Cy_SysClk_GetEcoFrequency
                        0x1008'2ea9    0x32  Code  ??  cy_sysclk.o [33]
Cy_SysClk_GetExtFrequency
                        0x1008'2edd    0x1e  Code  ??  cy_sysclk.o [33]
Cy_SysClk_GetFast0Frequency
                        0x1008'32f5    0x56  Code  ??  cy_sysclk.o [33]
Cy_SysClk_GetFast1Frequency
                        0x1008'334b    0x56  Code  ??  cy_sysclk.o [33]
Cy_SysClk_GetFllInputFrequency
                        0x1008'2ffd     0xc  Code  ??  cy_sysclk.o [33]
Cy_SysClk_GetFllOutputFrequency
                        0x1008'3025    0x78  Code  ??  cy_sysclk.o [33]
Cy_SysClk_GetHfClkFrequency
                        0x1008'3277    0x7a  Code  ??  cy_sysclk.o [33]
Cy_SysClk_GetIlo0Frequency
                        0x1008'2efb    0x32  Code  ??  cy_sysclk.o [33]
Cy_SysClk_GetIlo1Frequency
                        0x1008'2f2d    0x32  Code  ??  cy_sysclk.o [33]
Cy_SysClk_GetImoFrequency
                        0x1008'2e77    0x32  Code  ??  cy_sysclk.o [33]
Cy_SysClk_GetPathFrequency
                        0x1008'3245    0x32  Code  ??  cy_sysclk.o [33]
Cy_SysClk_GetPathSourceFrequency
                        0x1008'2f99    0x64  Code  ??  cy_sysclk.o [33]
Cy_SysClk_GetPll400MNo  0x1008'2b71    0x14  Code  Lc  cy_sysclk.o [33]
Cy_SysClk_GetPllInputFrequency
                        0x1008'3009    0x1c  Code  ??  cy_sysclk.o [33]
Cy_SysClk_GetPllNo      0x1008'2b35    0x12  Code  Lc  cy_sysclk.o [33]
Cy_SysClk_GetPllOutputFrequency
                        0x1008'30a1   0x1a0  Code  ??  cy_sysclk.o [33]
Cy_SysClk_GetWcoFrequency
                        0x1008'2f5f    0x32  Code  ??  cy_sysclk.o [33]
Cy_SysClk_HfClockGetDivider
                        0x1008'2c13    0x42  Code  Lc  cy_sysclk.o [33]
Cy_SysClk_HfClockGetSource
                        0x1008'2bbf    0x54  Code  Lc  cy_sysclk.o [33]
Cy_SysClk_InitGetFreqParams
                        0x1008'2e5d    0x1a  Code  ??  cy_sysclk.o [33]
Cy_SysClk_PeriphAssignDivider
                        0x1008'3d13    0x74  Code  Lc  zf_driver_adc.o [49]
Cy_SysClk_PeriphAssignDivider
                        0x1008'5df1    0x72  Code  Lc  zf_driver_delay.o [49]
Cy_SysClk_PeriphAssignDivider
                        0x1008'42b5    0x72  Code  Lc  zf_driver_pit.o [49]
Cy_SysClk_PeriphAssignDivider
                        0x1008'0143    0x74  Code  Lc  zf_driver_pwm.o [49]
Cy_SysClk_PeriphEnableDivider
                        0x1008'3d87    0x5e  Code  Lc  zf_driver_adc.o [49]
Cy_SysClk_PeriphEnableDivider
                        0x1008'5e63    0x5c  Code  Lc  zf_driver_delay.o [49]
Cy_SysClk_PeriphEnableDivider
                        0x1008'4327    0x5c  Code  Lc  zf_driver_pit.o [49]
Cy_SysClk_PeriphEnableDivider
                        0x1008'01b7    0x5e  Code  Lc  zf_driver_pwm.o [49]
Cy_SysClk_PeriphSetDivider
                        0x1008'3c7d    0x8e  Code  Lc  zf_driver_adc.o [49]
Cy_SysClk_PeriphSetDivider
                        0x1008'5d5f    0x8a  Code  Lc  zf_driver_delay.o [49]
Cy_SysClk_PeriphSetDivider
                        0x1008'4223    0x8a  Code  Lc  zf_driver_pit.o [49]
Cy_SysClk_PeriphSetDivider
                        0x1008'00ad    0x8e  Code  Lc  zf_driver_pwm.o [49]
Cy_SysClk_Pll400MGetConfiguration
                        0x1008'2dc9    0x84  Code  ??  cy_sysclk.o [33]
Cy_SysClk_Pll400MGetLockStatus
                        0x1008'2b85    0x2a  Code  Lc  cy_sysclk.o [33]
Cy_SysClk_PllGetConfiguration
                        0x1008'2d75    0x48  Code  ??  cy_sysclk.o [33]
Cy_SysClk_PllGetLockStatus
                        0x1008'2b47    0x28  Code  Lc  cy_sysclk.o [33]
Cy_SysClk_WcoOkay       0x1008'2bb1     0xe  Code  Lc  cy_sysclk.o [33]
Cy_SysInt_InitIRQ       0x1008'25f9    0x7a  Code  ??  cy_sysint.o [35]
Cy_SysInt_SetSystemIrqVector
                        0x1008'2673    0x12  Code  ??  cy_sysint.o [35]
Cy_SysInt_SystemIrqUserTableRamPointer
                        0x2802'06ec     0x4  Data  ??  cy_interrupt_map.o [23]
Cy_SysLib_DelayCycles   0x1008'6a41          Code  ??  cy_syslib_iar.o [36]
Cy_SysLib_EnterCriticalSection
                        0x1008'6a51          Code  ??  cy_syslib_iar.o [36]
Cy_SysLib_ExitCriticalSection
                        0x1008'6a59          Code  ??  cy_syslib_iar.o [36]
Cy_SysLib_FaultHandler  0x1008'3469    0x90  Code  ??  cy_syslib.o [36]
Cy_SysLib_Halt          0x1008'3465     0x4  Code  ??  cy_syslib.o [36]
Cy_SysLib_ProcessingFault
                        0x1008'350d     0x2  Code  Wk  cy_syslib.o [36]
Cy_SysLib_SvcHandler    0x1008'6b91     0xc  Code  Wk  cy_syslib.o [36]
Cy_SystemInitFpuEnable  0x1008'6285    0x1e  Code  ??  system_tviibh4m_cm7.o [22]
Cy_SystemIrqUserTable   0x2802'0000   0x6ec  Data  ??  cy_interrupt_map.o [23]
Cy_Tcpwm_Counter_ClearTC_Intr
                        0x1008'492d    0x10  Code  ??  cy_tcpwm_counter.o [43]
Cy_Tcpwm_Counter_Enable
                        0x1008'4911     0xa  Code  ??  cy_tcpwm_counter.o [43]
Cy_Tcpwm_Counter_Init   0x1008'4799   0x164  Code  ??  cy_tcpwm_counter.o [43]
Cy_Tcpwm_Counter_SetCounter
                        0x1008'491b     0x4  Code  ??  cy_tcpwm_counter.o [43]
Cy_Tcpwm_Counter_SetTC_IntrMask
                        0x1008'491f     0xe  Code  ??  cy_tcpwm_counter.o [43]
Cy_Tcpwm_Pwm_Enable     0x1008'16c1     0xa  Code  ??  cy_tcpwm_pwm.o [43]
Cy_Tcpwm_Pwm_Init       0x1008'14cd   0x1d8  Code  ??  cy_tcpwm_pwm.o [43]
Cy_Tcpwm_TriggerStart   0x1008'16cb     0xe  Code  ??  cy_tcpwm.o [43]
Cy_u32StartupStackEndAddress
                        0x1008'6628          Data  ??  startup_cm7.o [31]
Cy_u32StartupStackStartAddress
                        0x1008'6624          Data  ??  startup_cm7.o [31]
Data_X                  0x2802'8ebc     0x4  Data  ??  IMU.o [5]
Data_Y                  0x2802'8ec0     0x4  Data  ??  IMU.o [5]
Data_Z                  0x2802'8ec4     0x4  Data  ??  IMU.o [5]
DebugMon_Handler        0x1008'6c35          Code  Wk  startup_cm7.o [31]
Gyro_Offset             0x2802'8eac     0xc  Data  ??  IMU.o [5]
HEAP_STACK$$Base        0x2807'e000           --   Gb  - Linker created -
HEAP_STACK$$Limit       0x2808'0000           --   Gb  - Linker created -
HardFault_Handler       0x1008'69f5          Code  Wk  startup_cm7.o [31]
IMU_Data                0x2802'8e70    0x18  Data  ??  IMU.o [5]
IMU_GetValues           0x1008'493d    0x9e  Code  ??  IMU.o [5]
IMU_Handle_0            0x1008'4e89    0x96  Code  ??  IMU.o [5]
IMU_Handle_180          0x1008'4aad   0x2a6  Code  ??  IMU.o [5]
IMU_Handle_360          0x1008'4d7d   0x106  Code  ??  IMU.o [5]
IMU_YAW_integral        0x1008'49dd    0xba  Code  ??  IMU.o [5]
InitRamEcc              0x1008'601b   0x100  Code  Lc  startup.o [31]
InitRamEccClearArea     0x1008'611b    0x12  Code  Lc  startup.o [31]
MemManage_Handler       0x1008'6c29          Code  Wk  startup_cm7.o [31]
NMI_Handler             0x1008'6c25          Code  Wk  startup_cm7.o [31]
Normal                  0x1008'3601    0x5e  Code  ??  voice.o [5]
PendSV_Handler          0x1008'6c39          Code  Wk  startup_cm7.o [31]
Region$$Table$$Base     0x1008'6998           --   ??  - Linker created -
Region$$Table$$Limit    0x1008'69b8           --   ??  - Linker created -
Reset_Handler           0x1008'657d          Code  Wk  startup_cm7.o [31]
SVC_Handler             0x1008'6ab1          Code  Wk  startup_cm7.o [31]
SeekMaxAcor             0x1008'38b9   0x100  Code  ??  voice.o [5]
Startup_Init            0x1008'5f8d    0x8e  Code  ??  startup.o [31]
Steer_init              0x1008'6539    0x10  Code  ??  Common_Peripherals.o [5]
SysTick_Handler         0x1008'6c3d          Code  Wk  startup_cm7.o [31]
SystemCoreClock         0x2802'8ee4     0x4  Data  ??  system_tviibh4m_cm7.o [22]
SystemCoreClockUpdate   0x1008'61ed    0x98  Code  ??  system_tviibh4m_cm7.o [22]
SystemInit              0x1008'6191    0x5c  Code  ??  system_tviibh4m_cm7.o [22]
T_M_X                   0x2802'8ec8     0x4  Data  ??  IMU.o [5]
T_M_Y                   0x2802'8ecc     0x4  Data  ??  IMU.o [5]
T_M_Z                   0x2802'8ed0     0x4  Data  ??  IMU.o [5]
T_N_X                   0x2802'8ed4     0x4  Data  ??  IMU.o [5]
T_N_Y                   0x2802'8ed8     0x4  Data  ??  IMU.o [5]
T_N_Z                   0x2802'8edc     0x4  Data  ??  IMU.o [5]
UsageFault_Handler      0x1008'6c31          Code  Wk  startup_cm7.o [31]
VoiceGetSample          0x1008'353d    0xc4  Code  ??  voice.o [5]
VoiceGetSample::adcIndex
                        0x2802'8f1d     0x1  Data  Lc  voice.o [5]
VoiceInit               0x1008'3511    0x2c  Code  ??  voice.o [5]
VoiceProcess            0x1008'39b9   0x244  Code  ??  voice.o [5]
Xcorr                   0x1008'3661   0x250  Code  ??  voice.o [5]
_LC                     0x1008'18e1     0x6  Code  Lc  xprintflarge_nomb.o [50]
_LitobLargeNoMb         0x1008'23f1   0x10c  Code  Lc  xprintflarge_nomb.o [50]
_PrintfLargeNoMb        0x1008'18e7   0xb04  Code  ??  xprintflarge_nomb.o [50]
_Prout                  0x1008'6b31    0x16  Code  ??  xprout.o [50]
_PutcharsLargeNoMb      0x1008'255d    0x2e  Code  Lc  xprintflarge_nomb.o [50]
_SProut                 0x1008'17b3     0xa  Code  ??  xsprout.o [50]
__NVIC_ClearPendingIRQ  0x1008'62f5    0x1c  Code  Lc  cy_interrupt_map.o [23]
__NVIC_ClearPendingIRQ  0x1008'1819    0x1c  Code  Lc  zf_common_interrupt.o [46]
__NVIC_EnableIRQ        0x1008'17fd    0x1c  Code  Lc  zf_common_interrupt.o [46]
__NVIC_SetPriority      0x1008'1835    0x24  Code  Lc  zf_common_interrupt.o [46]
__Vectors               0x1008'0000           --   ??  startup_cm7.o [31]
__Vectors_End           0x1008'0080          Data  ??  startup_cm7.o [31]
__Vectors_Size {Abs}           0x80           --   ??  startup_cm7.o [31]
__aeabi_d2uiz           0x1008'287b     0xe  Code  ??  DblToU32.o [51]
__aeabi_ddiv            0x1008'2869    0x12  Code  ??  DblDiv.o [51]
__aeabi_dmul            0x1008'28a9    0x12  Code  ??  DblMul.o [51]
__aeabi_dsub            0x1008'2897    0x12  Code  ??  DblSub.o [51]
__aeabi_ldiv0           0x1008'2af5          Code  ??  I64DivZer.o [52]
__aeabi_memcpy          0x1008'2751          Code  ??  ABImemcpy.o [52]
__aeabi_memcpy4         0x1008'2771          Code  ??  ABImemcpy.o [52]
__aeabi_memcpy8         0x1008'2771          Code  ??  ABImemcpy.o [52]
__aeabi_memset          0x1008'1255          Code  ??  ABImemset.o [52]
__aeabi_ui2d            0x1008'2889     0xe  Code  ??  U32ToDbl.o [51]
__aeabi_uldivmod        0x1008'28bd          Code  ??  I64DivMod.o [52]
__cmain                 0x1008'6a61          Code  ??  cmain.o [52]
__ecc_init_dtcm_end_address {Abs}
                        0x2000'3fff          Data  ??  <internal module>
__ecc_init_dtcm_start_address {Abs}
                        0x2000'0000          Data  ??  <internal module>
__ecc_init_itcm_end_address {Abs}
                             0x3fff          Data  ??  <internal module>
__ecc_init_itcm_start_address {Abs}
                                0x0          Data  ??  <internal module>
__ecc_init_sram_end_address {Abs}
                        0x2807'ffff          Data  ??  <internal module>
__ecc_init_sram_start_address {Abs}
                        0x2802'0000          Data  ??  <internal module>
__exit                  0x1008'2af9    0x14  Code  ??  exit.o [53]
__iar_Fail_s            0x1008'26b9    0x1c  Code  ??  xfail_s.o [50]
__iar_Memchr            0x1008'26f9          Code  ??  memchr.o [52]
__iar_Memset            0x1008'1255          Code  ??  ABImemset.o [52]
__iar_Memset_word       0x1008'125d          Code  ??  ABImemset.o [52]
__iar_Strchr            0x1008'26a1          Code  ??  strchr.o [52]
__iar_data_init3        0x1008'6949    0x18  Code  ??  data_init.o [52]
__iar_frexp             0x1008'2805          Code  ??  frexp.o [51]
__iar_frexpl            0x1008'2805          Code  ??  frexp.o [51]
__iar_init_vfp          0x1008'6975          Code  ??  fpinit_M.o [51]
__iar_lz77_init_single3
                        0x1008'12bb    0x7e  Code  ??  lz77_init_single.o [52]
__iar_program_start     0x1008'6acd          Code  ??  cstartup_M.o [52]
__iar_softfp___iar_frexp64
                        0x1008'27f9          Code  ??  frexp.o [51]
__iar_softfp_frexp      0x1008'27f9          Code  ??  frexp.o [51]
__iar_softfp_frexpl     0x1008'27f9          Code  ??  frexp.o [51]
__iar_zero_init3        0x1008'6911    0x38  Code  ??  zero_init3.o [52]
__low_level_init        0x1008'6a81          Code  ??  startup_cm7.o [31]
__ramVectors            0x2802'8f80          Data  ??  startup_cm7.o [31]
__vector_table          0x1008'0000          Data  ??  startup_cm7.o [31]
__vector_table_0x1c     0x1008'001c          Data  ??  startup_cm7.o [31]
__write                 0x1008'1177    0x12  Code  ??  zf_common_debug.o [46]
_call_main              0x1008'6a6d          Code  ??  cmain.o [52]
_exit                   0x1008'6a89          Code  ??  cexit.o [52]
abort                   0x1008'2aed     0x6  Code  ??  abort.o [50]
abs                     0x1008'44a1     0x8  Code  Wk  abs.o [50]
adcCount                0x2802'8ef8     0x4  Data  ??  voice.o [5]
adc_convert             0x1008'3f87    0x66  Code  ??  zf_driver_adc.o [49]
adc_init                0x1008'3fed   0x1ec  Code  ??  zf_driver_adc.o [49]
adc_resolution          0x2802'8df8    0x48  Data  Lc  zf_driver_adc.o [49]
assert_interrupt_config
                        0x1008'1891     0xc  Code  ??  zf_common_interrupt.o [46]
clock_init              0x1008'69d9    0x16  Code  ??  zf_common_clock.o [46]
cy_assertFileName       0x2802'8e58    0x18  Data  ??  cy_syslib.o [36]
cy_assertLine           0x2802'8eb8     0x4  Data  ??  cy_syslib.o [36]
cy_delay32kMs           0x2802'8ef4     0x4  Data  ??  system_tviibh4m_cm7.o [22]
cy_delayFreqHz          0x2802'8ee8     0x4  Data  ??  system_tviibh4m_cm7.o [22]
cy_delayFreqKhz         0x2802'8eec     0x4  Data  ??  system_tviibh4m_cm7.o [22]
cy_delayFreqMhz         0x2802'8ef0     0x4  Data  ??  system_tviibh4m_cm7.o [22]
cy_faultFrame           0x2802'8d40    0x70  Data  ??  cy_syslib.o [36]
debug_assert_handler    0x1008'1189    0x3c  Code  ??  zf_common_debug.o [46]
debug_assert_handler::assert_nest_index
                        0x2802'8f1f     0x1  Data  Lc  zf_common_debug.o [46]
debug_delay             0x1008'0e79    0x36  Code  Lc  zf_common_debug.o [46]
debug_info_init         0x1008'120f    0x18  Code  ??  zf_common_debug.o [46]
debug_output            0x1008'0ebb   0x2bc  Code  Lc  zf_common_debug.o [46]
debug_output_info       0x2802'8e88    0x14  Data  Lc  zf_common_debug.o [46]
debug_output_init       0x1008'11e5    0x2a  Code  ??  zf_common_debug.o [46]
debug_output_struct_init
                        0x1008'11c5    0x20  Code  ??  zf_common_debug.o [46]
debug_uart_str_output   0x1008'0eaf     0xc  Code  Lc  zf_common_debug.o [46]
delay_clk               0x2802'071c     0x2  Data  Lc  zf_driver_delay.o [49]
divNumLocator           0x1008'6b9c     0x8  Data  ??  cy_sysclk.o [33]
exit                    0x1008'6a85     0x4  Code  ??  exit.o [50]
func_str_to_double      0x1008'559d    0xb8  Code  ??  zf_common_function.o [46]
func_str_to_hex         0x1008'5655    0x96  Code  ??  zf_common_function.o [46]
func_str_to_int         0x1008'5545    0x56  Code  ??  zf_common_function.o [46]
g_Angle                 0x2802'8efc     0x4  Data  ??  voice.o [5]
g_acor1                 0x2802'8800    0xf0  Data  ??  voice.o [5]
g_acor2                 0x2802'88f0    0xf0  Data  ??  voice.o [5]
g_acor3                 0x2802'89e0    0xf0  Data  ??  voice.o [5]
g_acor4                 0x2802'8ad0    0xf0  Data  ??  voice.o [5]
g_adc0Data              0x2802'0800  0x2000  Data  ??  voice.o [5]
g_adc1Data              0x2802'2800  0x2000  Data  ??  voice.o [5]
g_adc2Data              0x2802'4800  0x2000  Data  ??  voice.o [5]
g_adc3Data              0x2802'6800  0x2000  Data  ??  voice.o [5]
get_adc_pin             0x1008'3de5   0x1a2  Code  Lc  zf_driver_adc.o [49]
get_double_number       0x1008'503d    0x34  Code  Lc  zf_device_gnss.o [48]
get_float_number        0x1008'5005    0x38  Code  Lc  zf_device_gnss.o [48]
get_int_number          0x1008'4fd5    0x2e  Code  Lc  zf_device_gnss.o [48]
get_parameter_index     0x1008'4f81    0x54  Code  Lc  zf_device_gnss.o [48]
get_pwm_ch              0x1008'08f1   0x368  Code  Lc  zf_driver_pwm.o [49]
get_pwm_pin             0x1008'0215   0x368  Code  Lc  zf_driver_pwm.o [49]
get_pwm_pin_hsiom       0x1008'057d   0x36a  Code  Lc  zf_driver_pwm.o [49]
gnss                    0x2802'8db0    0x48  Data  ??  zf_device_gnss.o [48]
gnss_data_parse         0x1008'5405   0x11e  Code  ??  zf_device_gnss.o [48]
gnss_flag               0x2802'8f20     0x1  Data  ??  zf_device_gnss.o [48]
gnss_gga_state          0x2802'8f21     0x1  Data  Lc  zf_device_gnss.o [48]
gnss_rmc_state          0x2802'8f22     0x1  Data  Lc  zf_device_gnss.o [48]
gnss_ths_state          0x2802'8f23     0x1  Data  Lc  zf_device_gnss.o [48]
gpio_get_level          0x1008'5cbb    0x24  Code  ??  zf_driver_gpio.o [49]
gpio_set_dir            0x1008'5cdf    0x50  Code  ??  zf_driver_gpio.o [49]
gps_gga_buffer          0x2802'8bc0    0x80  Data  Lc  zf_device_gnss.o [48]
gps_gngga_parse         0x1008'533d    0x6c  Code  Lc  zf_device_gnss.o [48]
gps_gnrmc_parse         0x1008'5109   0x226  Code  Lc  zf_device_gnss.o [48]
gps_gnths_parse         0x1008'53a9    0x46  Code  Lc  zf_device_gnss.o [48]
gps_rmc_buffer          0x2802'8c40    0x80  Data  Lc  zf_device_gnss.o [48]
gps_ths_buffer          0x2802'8cc0    0x80  Data  Lc  zf_device_gnss.o [48]
gyro_Offset_flag        0x2802'8ee0     0x4  Data  ??  IMU.o [5]
imu963ra_get_gyro       0x1008'67bd    0x40  Code  ??  zf_device_imu963ra.o [48]
imu963ra_gyro_x         0x2802'8f0c     0x2  Data  ??  zf_device_imu963ra.o [48]
imu963ra_gyro_y         0x2802'8f0e     0x2  Data  ??  zf_device_imu963ra.o [48]
imu963ra_gyro_z         0x2802'8f10     0x2  Data  ??  zf_device_imu963ra.o [48]
imu963ra_iic_struct     0x2802'8e9c    0x10  Data  Lc  zf_device_imu963ra.o [48]
intFreqInitialized      0x2802'8f1a     0x1  Data  ??  cy_sysclk.o [33]
internalBaseFreqInfo    0x2802'8e40    0x18  Data  ??  cy_sysclk.o [33]
interrupt_global_disable
                        0x1008'1869    0x14  Code  ??  zf_common_interrupt.o [46]
interrupt_global_enable
                        0x1008'1859    0x10  Code  ??  zf_common_interrupt.o [46]
interrupt_global_flag   0x2802'8f04     0x4  Data  Lc  zf_common_interrupt.o [46]
interrupt_init          0x1008'18a9    0x36  Code  ??  zf_common_interrupt.o [46]
interrupt_set_priority  0x1008'189d     0xc  Code  ??  zf_common_interrupt.o [46]
key1_flag               0x2802'8f16     0x1  Data  ??  Common_Peripherals.o [5]
key1_state              0x2802'071e     0x1  Data  ??  Common_Peripherals.o [5]
key1_state_last         0x2802'8f12     0x1  Data  ??  Common_Peripherals.o [5]
key2_flag               0x2802'8f17     0x1  Data  ??  Common_Peripherals.o [5]
key2_state              0x2802'071f     0x1  Data  ??  Common_Peripherals.o [5]
key2_state_last         0x2802'8f13     0x1  Data  ??  Common_Peripherals.o [5]
key3_flag               0x2802'8f18     0x1  Data  ??  Common_Peripherals.o [5]
key3_state              0x2802'0720     0x1  Data  ??  Common_Peripherals.o [5]
key3_state_last         0x2802'8f14     0x1  Data  ??  Common_Peripherals.o [5]
key4_flag               0x2802'8f19     0x1  Data  ??  Common_Peripherals.o [5]
key4_state              0x2802'0721     0x1  Data  ??  Common_Peripherals.o [5]
key4_state_last         0x2802'8f15     0x1  Data  ??  Common_Peripherals.o [5]
key_scan                0x1008'648d    0xac  Code  ??  Common_Peripherals.o [5]
main                    0x1008'69b9    0x20  Code  ??  main_cm7_0.o [45]
memchr                  0x1008'26f9          Code  ??  memchr.o [52]
pit0_ch0_isr            0x1008'675d    0x2a  Code  ??  cm7_0_isr.o [45]
pit0_ch1_isr            0x1008'6787    0x1a  Code  ??  cm7_0_isr.o [45]
pit0_ch2_isr            0x1008'67a1    0x12  Code  ??  cm7_0_isr.o [45]
pit_init                0x1008'4395    0xfa  Code  ??  zf_driver_pit.o [49]
pit_isr_flag_clear      0x1008'4383    0x12  Code  ??  zf_driver_pit.o [49]
pit_isr_func            0x2802'06fc     0xc  Data  ??  zf_driver_pit.o [49]
printf                  0x1008'44a9    0x28  Code  ??  printf.o [50]
putchar                 0x1008'6a15    0x20  Code  ??  putchar.o [50]
pwm_all_channel_close   0x1008'0c59    0x22  Code  ??  zf_driver_pwm.o [49]
pwm_init                0x1008'0c7b   0x1ec  Code  ??  zf_driver_pwm.o [49]
sar_adc                 0x2802'06f0     0xc  Data  Lc  zf_driver_adc.o [49]
scale                   0x1008'2503    0x46  Code  Lc  xprintflarge_nomb.o [50]
scb_module              0x2802'0708    0x14  Data  ??  zf_driver_uart.o [49]
sec_hand                0x2802'8f08     0x4  Data  Lc  xfail_s.o [50]
soft_iic_read_8bit_registers
                        0x1008'5bef    0x98  Code  ??  zf_driver_soft_iic.o [49]
soft_iic_read_data      0x1008'5ad7   0x118  Code  Lc  zf_driver_soft_iic.o [49]
soft_iic_send_ack       0x1008'584d    0xd2  Code  Lc  zf_driver_soft_iic.o [49]
soft_iic_send_data      0x1008'59f7    0xe0  Code  Lc  zf_driver_soft_iic.o [49]
soft_iic_start          0x1008'5701    0xa6  Code  Lc  zf_driver_soft_iic.o [49]
soft_iic_stop           0x1008'57a7    0xa6  Code  Lc  zf_driver_soft_iic.o [49]
soft_iic_wait_ack       0x1008'591f    0xd8  Code  Lc  zf_driver_soft_iic.o [49]
sprintf                 0x1008'17bd    0x40  Code  ??  sprintf.o [50]
strchr                  0x1008'26a1          Code  ??  strchr.o [52]
strlen                  0x1008'177d          Code  ??  strlen.o [52]
strncpy                 0x1008'33f5          Code  ??  strncpy.o [52]
system_clock            0x2802'8f00     0x4  Data  ??  zf_common_clock.o [46]
system_delay_init       0x1008'5ebf    0xb6  Code  ??  zf_driver_delay.o [49]
timer_ch                0x2802'0723     0x1  Data  Lc  zf_driver_delay.o [49]
uart_write_buffer       0x1008'173d    0x1e  Code  ??  zf_driver_uart.o [49]
uart_write_byte         0x1008'1715    0x28  Code  ??  zf_driver_uart.o [49]
uart_write_string       0x1008'175b    0x1c  Code  ??  zf_driver_uart.o [49]
utc_to_btc              0x1008'5071    0x96  Code  Lc  zf_device_gnss.o [48]
zf_debug_assert_enable  0x2802'0722     0x1  Data  Lc  zf_common_debug.o [46]
zf_debug_init_flag      0x2802'8f1e     0x1  Data  Lc  zf_common_debug.o [46]


[1] = E:\桌面\Seekfree_CYT4BB_Opensource_Library\project\iar\Debug_m7_0\Obj\adc_11722776235721520015.dir
[2] = E:\桌面\Seekfree_CYT4BB_Opensource_Library\project\iar\Debug_m7_0\Obj\audioss_1346650047966882938.dir
[3] = E:\桌面\Seekfree_CYT4BB_Opensource_Library\project\iar\Debug_m7_0\Obj\button_4990804375159372270.dir
[4] = E:\桌面\Seekfree_CYT4BB_Opensource_Library\project\iar\Debug_m7_0\Obj\canfd_1800690984773873875.dir
[5] = E:\桌面\Seekfree_CYT4BB_Opensource_Library\project\iar\Debug_m7_0\Obj\code_17896468042025673432.dir
[6] = E:\桌面\Seekfree_CYT4BB_Opensource_Library\project\iar\Debug_m7_0\Obj\cpu_15938736945165268644.dir
[7] = E:\桌面\Seekfree_CYT4BB_Opensource_Library\project\iar\Debug_m7_0\Obj\crypto_1190170608956581615.dir
[8] = E:\桌面\Seekfree_CYT4BB_Opensource_Library\project\iar\Debug_m7_0\Obj\dma_12106025507578611576.dir
[9] = E:\桌面\Seekfree_CYT4BB_Opensource_Library\project\iar\Debug_m7_0\Obj\eth_phy_18133017486186456677.dir
[10] = E:\桌面\Seekfree_CYT4BB_Opensource_Library\project\iar\Debug_m7_0\Obj\ethernet_6029839089178797009.dir
[11] = E:\桌面\Seekfree_CYT4BB_Opensource_Library\project\iar\Debug_m7_0\Obj\evtgen_3404189088603873129.dir
[12] = E:\桌面\Seekfree_CYT4BB_Opensource_Library\project\iar\Debug_m7_0\Obj\flash_8529866181315662935.dir
[13] = E:\桌面\Seekfree_CYT4BB_Opensource_Library\project\iar\Debug_m7_0\Obj\flash_864493325053435817.dir
[14] = E:\桌面\Seekfree_CYT4BB_Opensource_Library\project\iar\Debug_m7_0\Obj\gpio_3999404635324069351.dir
[15] = E:\桌面\Seekfree_CYT4BB_Opensource_Library\project\iar\Debug_m7_0\Obj\ipc_10145506163450686023.dir
[16] = E:\桌面\Seekfree_CYT4BB_Opensource_Library\project\iar\Debug_m7_0\Obj\lin_18429031207028094880.dir
[17] = E:\桌面\Seekfree_CYT4BB_Opensource_Library\project\iar\Debug_m7_0\Obj\lvd_6353935867039560245.dir
[18] = E:\桌面\Seekfree_CYT4BB_Opensource_Library\project\iar\Debug_m7_0\Obj\mcwdt_4052485907822033969.dir
[19] = E:\桌面\Seekfree_CYT4BB_Opensource_Library\project\iar\Debug_m7_0\Obj\mpu_5663187252346826382.dir
[20] = E:\桌面\Seekfree_CYT4BB_Opensource_Library\project\iar\Debug_m7_0\Obj\power_14453085144426420577.dir
[21] = E:\桌面\Seekfree_CYT4BB_Opensource_Library\project\iar\Debug_m7_0\Obj\prot_10722960861768657883.dir
[22] = E:\桌面\Seekfree_CYT4BB_Opensource_Library\project\iar\Debug_m7_0\Obj\rev_b_4986922561640112550.dir
[23] = E:\桌面\Seekfree_CYT4BB_Opensource_Library\project\iar\Debug_m7_0\Obj\rev_b_6162237342861132223.dir
[24] = E:\桌面\Seekfree_CYT4BB_Opensource_Library\project\iar\Debug_m7_0\Obj\scb_15490842639181808494.dir
[25] = E:\桌面\Seekfree_CYT4BB_Opensource_Library\project\iar\Debug_m7_0\Obj\sd_host_2982766354293506895.dir
[26] = E:\桌面\Seekfree_CYT4BB_Opensource_Library\project\iar\Debug_m7_0\Obj\semihosting_143864889731838620.dir
[27] = E:\桌面\Seekfree_CYT4BB_Opensource_Library\project\iar\Debug_m7_0\Obj\smartio_5451710003740070188.dir
[28] = E:\桌面\Seekfree_CYT4BB_Opensource_Library\project\iar\Debug_m7_0\Obj\smif_427648126384146252.dir
[29] = E:\桌面\Seekfree_CYT4BB_Opensource_Library\project\iar\Debug_m7_0\Obj\smif_mem_6470536964353725183.dir
[30] = E:\桌面\Seekfree_CYT4BB_Opensource_Library\project\iar\Debug_m7_0\Obj\srom_13018798572330080582.dir
[31] = E:\桌面\Seekfree_CYT4BB_Opensource_Library\project\iar\Debug_m7_0\Obj\startup_479057977785470282.dir
[32] = E:\桌面\Seekfree_CYT4BB_Opensource_Library\project\iar\Debug_m7_0\Obj\sw_timer_4215635015939382130.dir
[33] = E:\桌面\Seekfree_CYT4BB_Opensource_Library\project\iar\Debug_m7_0\Obj\sysclk_16149231235676103872.dir
[34] = E:\桌面\Seekfree_CYT4BB_Opensource_Library\project\iar\Debug_m7_0\Obj\sysflt_12293435975120599261.dir
[35] = E:\桌面\Seekfree_CYT4BB_Opensource_Library\project\iar\Debug_m7_0\Obj\sysint_7435970359207984181.dir
[36] = E:\桌面\Seekfree_CYT4BB_Opensource_Library\project\iar\Debug_m7_0\Obj\syslib_16330585751512546975.dir
[37] = E:\桌面\Seekfree_CYT4BB_Opensource_Library\project\iar\Debug_m7_0\Obj\syspm_10887939769544754770.dir
[38] = E:\桌面\Seekfree_CYT4BB_Opensource_Library\project\iar\Debug_m7_0\Obj\sysreghc_17676636058511625587.dir
[39] = E:\桌面\Seekfree_CYT4BB_Opensource_Library\project\iar\Debug_m7_0\Obj\sysreset_14586141425677365288.dir
[40] = E:\桌面\Seekfree_CYT4BB_Opensource_Library\project\iar\Debug_m7_0\Obj\sysrtc_10747768817563771611.dir
[41] = E:\桌面\Seekfree_CYT4BB_Opensource_Library\project\iar\Debug_m7_0\Obj\systick_16016591671695740695.dir
[42] = E:\桌面\Seekfree_CYT4BB_Opensource_Library\project\iar\Debug_m7_0\Obj\syswdt_9118657615806274156.dir
[43] = E:\桌面\Seekfree_CYT4BB_Opensource_Library\project\iar\Debug_m7_0\Obj\tcpwm_422923530147891246.dir
[44] = E:\桌面\Seekfree_CYT4BB_Opensource_Library\project\iar\Debug_m7_0\Obj\trigmux_9729677290734583340.dir
[45] = E:\桌面\Seekfree_CYT4BB_Opensource_Library\project\iar\Debug_m7_0\Obj\user_8514941877209965082.dir
[46] = E:\桌面\Seekfree_CYT4BB_Opensource_Library\project\iar\Debug_m7_0\Obj\zf_common_1201165462030747823.dir
[47] = E:\桌面\Seekfree_CYT4BB_Opensource_Library\project\iar\Debug_m7_0\Obj\zf_components_14936052685886095442.dir
[48] = E:\桌面\Seekfree_CYT4BB_Opensource_Library\project\iar\Debug_m7_0\Obj\zf_device_6570275422786408770.dir
[49] = E:\桌面\Seekfree_CYT4BB_Opensource_Library\project\iar\Debug_m7_0\Obj\zf_driver_11922370083829174090.dir
[50] = dl7M_tln.a
[51] = m7M_tlv.a
[52] = rt7M_tl.a
[53] = shb_l.a
[54] = zf_device_config.a

  26'834 bytes of readonly  code memory
     988 bytes of readonly  data memory
  44'964 bytes of readwrite data memory

Errors: none
Warnings: none
