###############################################################################
#
# IAR ELF Linker V9.50.1.380/W64 for ARM                  19/May/2024  16:00:21
# Copyright 2007-2023 IAR Systems AB.
#
#    Output file  =
#        E:\桌面\ok\963ra-\project\iar\Debug_m7_0\Exe\cyt4bb7_cm_7_0.out
#    Map file     =
#        E:\桌面\ok\963ra-\project\iar\Debug_m7_0\List\cyt4bb7_cm_7_0.map
#    Command line =
#        -f E:\桌面\ok\963ra-\project\iar\Debug_m7_0\Exe\cyt4bb7_cm_7_0.out.rsp
#        (E:\桌面\ok\963ra-\project\iar\Debug_m7_0\Obj\code_17896468042025673432.dir\Algorithm.o
#        E:\桌面\ok\963ra-\project\iar\Debug_m7_0\Obj\user_8514941877209965082.dir\cm7_0_isr.o
#        E:\桌面\ok\963ra-\project\iar\Debug_m7_0\Obj\code_17896468042025673432.dir\Common_Peripherals.o
#        E:\桌面\ok\963ra-\project\iar\Debug_m7_0\Obj\adc_11722776235721520015.dir\cy_adc.o
#        E:\桌面\ok\963ra-\project\iar\Debug_m7_0\Obj\button_4990804375159372270.dir\cy_button.o
#        E:\桌面\ok\963ra-\project\iar\Debug_m7_0\Obj\canfd_1800690984773873875.dir\cy_canfd.o
#        E:\桌面\ok\963ra-\project\iar\Debug_m7_0\Obj\cpu_15938736945165268644.dir\cy_cpu.o
#        E:\桌面\ok\963ra-\project\iar\Debug_m7_0\Obj\crypto_1190170608956581615.dir\cy_crypto_config.o
#        E:\桌面\ok\963ra-\project\iar\Debug_m7_0\Obj\eth_phy_18133017486186456677.dir\cy_dp83867.o
#        E:\桌面\ok\963ra-\project\iar\Debug_m7_0\Obj\ethernet_6029839089178797009.dir\cy_ethif.o
#        E:\桌面\ok\963ra-\project\iar\Debug_m7_0\Obj\evtgen_3404189088603873129.dir\cy_evtgen.o
#        E:\桌面\ok\963ra-\project\iar\Debug_m7_0\Obj\flash_8529866181315662935.dir\cy_flash.o
#        E:\桌面\ok\963ra-\project\iar\Debug_m7_0\Obj\gpio_3999404635324069351.dir\cy_gpio.o
#        E:\桌面\ok\963ra-\project\iar\Debug_m7_0\Obj\audioss_1346650047966882938.dir\cy_i2s.o
#        E:\桌面\ok\963ra-\project\iar\Debug_m7_0\Obj\rev_b_6162237342861132223.dir\cy_interrupt_map.o
#        E:\桌面\ok\963ra-\project\iar\Debug_m7_0\Obj\ipc_10145506163450686023.dir\cy_ipc_drv.o
#        E:\桌面\ok\963ra-\project\iar\Debug_m7_0\Obj\ipc_10145506163450686023.dir\cy_ipc_pipe.o
#        E:\桌面\ok\963ra-\project\iar\Debug_m7_0\Obj\ipc_10145506163450686023.dir\cy_ipc_sema.o
#        E:\桌面\ok\963ra-\project\iar\Debug_m7_0\Obj\lin_18429031207028094880.dir\cy_lin.o
#        E:\桌面\ok\963ra-\project\iar\Debug_m7_0\Obj\lvd_6353935867039560245.dir\cy_lvd.o
#        E:\桌面\ok\963ra-\project\iar\Debug_m7_0\Obj\mcwdt_4052485907822033969.dir\cy_mcwdt.o
#        E:\桌面\ok\963ra-\project\iar\Debug_m7_0\Obj\dma_12106025507578611576.dir\cy_mdma.o
#        E:\桌面\ok\963ra-\project\iar\Debug_m7_0\Obj\mpu_5663187252346826382.dir\cy_mpu.o
#        E:\桌面\ok\963ra-\project\iar\Debug_m7_0\Obj\flash_864493325053435817.dir\cy_mw_flash.o
#        E:\桌面\ok\963ra-\project\iar\Debug_m7_0\Obj\dma_12106025507578611576.dir\cy_pdma.o
#        E:\桌面\ok\963ra-\project\iar\Debug_m7_0\Obj\power_14453085144426420577.dir\cy_power.o
#        E:\桌面\ok\963ra-\project\iar\Debug_m7_0\Obj\prot_10722960861768657883.dir\cy_prot.o
#        E:\桌面\ok\963ra-\project\iar\Debug_m7_0\Obj\scb_15490842639181808494.dir\cy_scb_common.o
#        E:\桌面\ok\963ra-\project\iar\Debug_m7_0\Obj\scb_15490842639181808494.dir\cy_scb_ezi2c.o
#        E:\桌面\ok\963ra-\project\iar\Debug_m7_0\Obj\scb_15490842639181808494.dir\cy_scb_i2c.o
#        E:\桌面\ok\963ra-\project\iar\Debug_m7_0\Obj\scb_15490842639181808494.dir\cy_scb_spi.o
#        E:\桌面\ok\963ra-\project\iar\Debug_m7_0\Obj\scb_15490842639181808494.dir\cy_scb_uart.o
#        E:\桌面\ok\963ra-\project\iar\Debug_m7_0\Obj\sd_host_2982766354293506895.dir\cy_sd_host.o
#        E:\桌面\ok\963ra-\project\iar\Debug_m7_0\Obj\semihosting_143864889731838620.dir\cy_semihosting.o
#        E:\桌面\ok\963ra-\project\iar\Debug_m7_0\Obj\smartio_5451710003740070188.dir\cy_smartio.o
#        E:\桌面\ok\963ra-\project\iar\Debug_m7_0\Obj\smif_427648126384146252.dir\cy_smif.o
#        E:\桌面\ok\963ra-\project\iar\Debug_m7_0\Obj\smif_mem_6470536964353725183.dir\cy_smif_device_common.o
#        E:\桌面\ok\963ra-\project\iar\Debug_m7_0\Obj\smif_mem_6470536964353725183.dir\cy_smif_hb_flash.o
#        E:\桌面\ok\963ra-\project\iar\Debug_m7_0\Obj\smif_427648126384146252.dir\cy_smif_memslot.o
#        E:\桌面\ok\963ra-\project\iar\Debug_m7_0\Obj\smif_mem_6470536964353725183.dir\cy_smif_s25fl.o
#        E:\桌面\ok\963ra-\project\iar\Debug_m7_0\Obj\smif_mem_6470536964353725183.dir\cy_smif_s25fs.o
#        E:\桌面\ok\963ra-\project\iar\Debug_m7_0\Obj\smif_mem_6470536964353725183.dir\cy_smif_semp.o
#        E:\桌面\ok\963ra-\project\iar\Debug_m7_0\Obj\smif_427648126384146252.dir\cy_smif_ver_specific.o
#        E:\桌面\ok\963ra-\project\iar\Debug_m7_0\Obj\srom_13018798572330080582.dir\cy_srom.o
#        E:\桌面\ok\963ra-\project\iar\Debug_m7_0\Obj\sw_timer_4215635015939382130.dir\cy_sw_tmr.o
#        E:\桌面\ok\963ra-\project\iar\Debug_m7_0\Obj\sysclk_16149231235676103872.dir\cy_sysclk.o
#        E:\桌面\ok\963ra-\project\iar\Debug_m7_0\Obj\sysflt_12293435975120599261.dir\cy_sysflt.o
#        E:\桌面\ok\963ra-\project\iar\Debug_m7_0\Obj\sysint_7435970359207984181.dir\cy_sysint.o
#        E:\桌面\ok\963ra-\project\iar\Debug_m7_0\Obj\syslib_16330585751512546975.dir\cy_syslib.o
#        E:\桌面\ok\963ra-\project\iar\Debug_m7_0\Obj\syslib_16330585751512546975.dir\cy_syslib_iar.o
#        E:\桌面\ok\963ra-\project\iar\Debug_m7_0\Obj\syspm_10887939769544754770.dir\cy_syspm.o
#        E:\桌面\ok\963ra-\project\iar\Debug_m7_0\Obj\sysreghc_17676636058511625587.dir\cy_sysreghc.o
#        E:\桌面\ok\963ra-\project\iar\Debug_m7_0\Obj\sysreset_14586141425677365288.dir\cy_sysreset.o
#        E:\桌面\ok\963ra-\project\iar\Debug_m7_0\Obj\sysrtc_10747768817563771611.dir\cy_sysrtc.o
#        E:\桌面\ok\963ra-\project\iar\Debug_m7_0\Obj\systick_16016591671695740695.dir\cy_systick.o
#        E:\桌面\ok\963ra-\project\iar\Debug_m7_0\Obj\syswdt_9118657615806274156.dir\cy_syswdt.o
#        E:\桌面\ok\963ra-\project\iar\Debug_m7_0\Obj\tcpwm_422923530147891246.dir\cy_tcpwm.o
#        E:\桌面\ok\963ra-\project\iar\Debug_m7_0\Obj\tcpwm_422923530147891246.dir\cy_tcpwm_counter.o
#        E:\桌面\ok\963ra-\project\iar\Debug_m7_0\Obj\tcpwm_422923530147891246.dir\cy_tcpwm_pwm.o
#        E:\桌面\ok\963ra-\project\iar\Debug_m7_0\Obj\tcpwm_422923530147891246.dir\cy_tcpwm_quaddec.o
#        E:\桌面\ok\963ra-\project\iar\Debug_m7_0\Obj\tcpwm_422923530147891246.dir\cy_tcpwm_sr.o
#        E:\桌面\ok\963ra-\project\iar\Debug_m7_0\Obj\trigmux_9729677290734583340.dir\cy_trigmux.o
#        E:\桌面\ok\963ra-\project\iar\Debug_m7_0\Obj\ethernet_6029839089178797009.dir\edd.o
#        E:\桌面\ok\963ra-\project\iar\Debug_m7_0\Obj\ethernet_6029839089178797009.dir\edd_rx.o
#        E:\桌面\ok\963ra-\project\iar\Debug_m7_0\Obj\ethernet_6029839089178797009.dir\edd_tx.o
#        E:\桌面\ok\963ra-\project\iar\Debug_m7_0\Obj\code_17896468042025673432.dir\GL_CRC.o
#        E:\桌面\ok\963ra-\project\iar\Debug_m7_0\Obj\code_17896468042025673432.dir\GPS.o
#        E:\桌面\ok\963ra-\project\iar\Debug_m7_0\Obj\code_17896468042025673432.dir\IMU.o
#        E:\桌面\ok\963ra-\project\iar\Debug_m7_0\Obj\code_17896468042025673432.dir\lora.o
#        E:\桌面\ok\963ra-\project\iar\Debug_m7_0\Obj\user_8514941877209965082.dir\main_cm7_0.o
#        E:\桌面\ok\963ra-\project\iar\Debug_m7_0\Obj\code_17896468042025673432.dir\motor.o
#        E:\桌面\ok\963ra-\project\iar\Debug_m7_0\Obj\zf_components_14936052685886095442.dir\seekfree_assistant.o
#        E:\桌面\ok\963ra-\project\iar\Debug_m7_0\Obj\zf_components_14936052685886095442.dir\seekfree_assistant_interface.o
#        E:\桌面\ok\963ra-\project\iar\Debug_m7_0\Obj\startup_479057977785470282.dir\startup.o
#        E:\桌面\ok\963ra-\project\iar\Debug_m7_0\Obj\startup_479057977785470282.dir\startup_cm7.o
#        E:\桌面\ok\963ra-\project\iar\Debug_m7_0\Obj\rev_b_4986922561640112550.dir\system_tviibh4m_cm7.o
#        E:\桌面\ok\963ra-\project\iar\Debug_m7_0\Obj\code_17896468042025673432.dir\voice.o
#        E:\桌面\ok\963ra-\project\iar\Debug_m7_0\Obj\zf_common_1201165462030747823.dir\zf_common_clock.o
#        E:\桌面\ok\963ra-\project\iar\Debug_m7_0\Obj\zf_common_1201165462030747823.dir\zf_common_debug.o
#        E:\桌面\ok\963ra-\project\iar\Debug_m7_0\Obj\zf_common_1201165462030747823.dir\zf_common_fifo.o
#        E:\桌面\ok\963ra-\project\iar\Debug_m7_0\Obj\zf_common_1201165462030747823.dir\zf_common_font.o
#        E:\桌面\ok\963ra-\project\iar\Debug_m7_0\Obj\zf_common_1201165462030747823.dir\zf_common_function.o
#        E:\桌面\ok\963ra-\project\iar\Debug_m7_0\Obj\zf_common_1201165462030747823.dir\zf_common_interrupt.o
#        E:\桌面\ok\963ra-\project\iar\Debug_m7_0\Obj\zf_device_6570275422786408770.dir\zf_device_absolute_encoder.o
#        E:\桌面\ok\963ra-\project\iar\Debug_m7_0\Obj\zf_device_6570275422786408770.dir\zf_device_bluetooth_ch9141.o
#        E:\桌面\ok\963ra-\project\iar\Debug_m7_0\Obj\zf_device_6570275422786408770.dir\zf_device_dl1a.o
#        E:\桌面\ok\963ra-\project\iar\Debug_m7_0\Obj\zf_device_6570275422786408770.dir\zf_device_dl1b.o
#        E:\桌面\ok\963ra-\project\iar\Debug_m7_0\Obj\zf_device_6570275422786408770.dir\zf_device_gnss.o
#        E:\桌面\ok\963ra-\project\iar\Debug_m7_0\Obj\zf_device_6570275422786408770.dir\zf_device_icm20602.o
#        E:\桌面\ok\963ra-\project\iar\Debug_m7_0\Obj\zf_device_6570275422786408770.dir\zf_device_imu660ra.o
#        E:\桌面\ok\963ra-\project\iar\Debug_m7_0\Obj\zf_device_6570275422786408770.dir\zf_device_imu963ra.o
#        E:\桌面\ok\963ra-\project\iar\Debug_m7_0\Obj\zf_device_6570275422786408770.dir\zf_device_ips114.o
#        E:\桌面\ok\963ra-\project\iar\Debug_m7_0\Obj\zf_device_6570275422786408770.dir\zf_device_ips200.o
#        E:\桌面\ok\963ra-\project\iar\Debug_m7_0\Obj\zf_device_6570275422786408770.dir\zf_device_key.o
#        E:\桌面\ok\963ra-\project\iar\Debug_m7_0\Obj\zf_device_6570275422786408770.dir\zf_device_mpu6050.o
#        E:\桌面\ok\963ra-\project\iar\Debug_m7_0\Obj\zf_device_6570275422786408770.dir\zf_device_oled.o
#        E:\桌面\ok\963ra-\project\iar\Debug_m7_0\Obj\zf_device_6570275422786408770.dir\zf_device_tft180.o
#        E:\桌面\ok\963ra-\project\iar\Debug_m7_0\Obj\zf_device_6570275422786408770.dir\zf_device_tsl1401.o
#        E:\桌面\ok\963ra-\project\iar\Debug_m7_0\Obj\zf_device_6570275422786408770.dir\zf_device_type.o
#        E:\桌面\ok\963ra-\project\iar\Debug_m7_0\Obj\zf_device_6570275422786408770.dir\zf_device_uart_receiver.o
#        E:\桌面\ok\963ra-\project\iar\Debug_m7_0\Obj\zf_device_6570275422786408770.dir\zf_device_virtual_oscilloscope.o
#        E:\桌面\ok\963ra-\project\iar\Debug_m7_0\Obj\zf_device_6570275422786408770.dir\zf_device_wifi_spi.o
#        E:\桌面\ok\963ra-\project\iar\Debug_m7_0\Obj\zf_device_6570275422786408770.dir\zf_device_wifi_uart.o
#        E:\桌面\ok\963ra-\project\iar\Debug_m7_0\Obj\zf_device_6570275422786408770.dir\zf_device_wireless_uart.o
#        E:\桌面\ok\963ra-\project\iar\Debug_m7_0\Obj\zf_driver_11922370083829174090.dir\zf_driver_adc.o
#        E:\桌面\ok\963ra-\project\iar\Debug_m7_0\Obj\zf_driver_11922370083829174090.dir\zf_driver_delay.o
#        E:\桌面\ok\963ra-\project\iar\Debug_m7_0\Obj\zf_driver_11922370083829174090.dir\zf_driver_dma.o
#        E:\桌面\ok\963ra-\project\iar\Debug_m7_0\Obj\zf_driver_11922370083829174090.dir\zf_driver_encoder.o
#        E:\桌面\ok\963ra-\project\iar\Debug_m7_0\Obj\zf_driver_11922370083829174090.dir\zf_driver_exti.o
#        E:\桌面\ok\963ra-\project\iar\Debug_m7_0\Obj\zf_driver_11922370083829174090.dir\zf_driver_flash.o
#        E:\桌面\ok\963ra-\project\iar\Debug_m7_0\Obj\zf_driver_11922370083829174090.dir\zf_driver_gpio.o
#        E:\桌面\ok\963ra-\project\iar\Debug_m7_0\Obj\zf_driver_11922370083829174090.dir\zf_driver_ipc.o
#        E:\桌面\ok\963ra-\project\iar\Debug_m7_0\Obj\zf_driver_11922370083829174090.dir\zf_driver_pit.o
#        E:\桌面\ok\963ra-\project\iar\Debug_m7_0\Obj\zf_driver_11922370083829174090.dir\zf_driver_pwm.o
#        E:\桌面\ok\963ra-\project\iar\Debug_m7_0\Obj\zf_driver_11922370083829174090.dir\zf_driver_soft_iic.o
#        E:\桌面\ok\963ra-\project\iar\Debug_m7_0\Obj\zf_driver_11922370083829174090.dir\zf_driver_soft_spi.o
#        E:\桌面\ok\963ra-\project\iar\Debug_m7_0\Obj\zf_driver_11922370083829174090.dir\zf_driver_spi.o
#        E:\桌面\ok\963ra-\project\iar\Debug_m7_0\Obj\zf_driver_11922370083829174090.dir\zf_driver_timer.o
#        E:\桌面\ok\963ra-\project\iar\Debug_m7_0\Obj\zf_driver_11922370083829174090.dir\zf_driver_uart.o
#        --no_out_extension -o
#        E:\桌面\ok\963ra-\project\iar\Debug_m7_0\Exe\cyt4bb7_cm_7_0.out
#        --config_def _CORE_cm7_0_=0 --config_def _LINK_flash_=0 --map
#        E:\桌面\ok\963ra-\project\iar\Debug_m7_0\List\cyt4bb7_cm_7_0.map
#        --config
#        E:\桌面\ok\963ra-\project\iar\project_config\..\icf\linker_directives_tviibh.icf
#        --semihosting
#        E:\桌面\ok\963ra-\project\iar\project_config\..\..\..\libraries\sdk\tviibh4m\src\drivers\crypto\libs\libcrypto_server_cm0plus_iar.a
#        E:\桌面\ok\963ra-\project\iar\project_config\..\..\..\libraries\zf_device\zf_device_config.a
#        E:\桌面\ok\963ra-\project\iar\project_config\..\..\..\libraries\sdk\common\hdr\cmsis\dsp\iar_cortexM7lf_math.a
#        --entry __iar_program_start --vfe --text_out locale --cpu=Cortex-M7
#        --fpu=VFPv5_d16) --dependencies=n
#        E:\桌面\ok\963ra-\project\iar\Debug_m7_0\Exe\cyt4bb7_cm_7_0.out.iar_deps
#
###############################################################################

*******************************************************************************
*** RUNTIME MODEL ATTRIBUTES
***

CppFlavor       = *
__CPP_Runtime   = 1
__SystemLibrary = DLib
__dlib_version  = 6


*******************************************************************************
*** HEAP SELECTION
***

The basic heap was selected because --advanced_heap
was not specified and the application did not appear to
be primarily optimized for speed.


*******************************************************************************
*** PLACEMENT SUMMARY
***

"A0":  place at start of [from 0x1008'0000 to 0x1027'ffff] { section .intvec };
"P1":  place in [from 0x1008'0000 to 0x1027'ffff] { ro };
"P2":  place in [from 0x2802'0000 to 0x2807'ffff] { rw };
define block HEAP with size = 1K, alignment = 8 { };
define block CSTACK with size = 8K, alignment = 8 { };
define block HEAP_STACK { block HEAP, last block CSTACK };
"A1":  place at end of [from 0x2802'0000 to 0x2807'ffff] { block HEAP_STACK };
do not initialize { section .intvec_ram };
initialize by copy { rw };

No sections matched the following patterns:

  ro section .sflash_app_prot  in "P6"
  ro section .sflash_nar       in "P4"
  ro section .sflash_pkey      in "P5"
  ro section .sflash_toc2      in "P7"
  ro section .sflash_uf_rows   in "P3"
  ro section .work_flash       in "P8"


  Section            Kind         Address  Aligment    Size  Object
  -------            ----         -------  --------    ----  ------
"A0":                                                  0x80
  .intvec            ro code  0x1008'0000       128    0x80  startup_cm7.o [31]
                            - 0x1008'0080              0x80

"P1":                                                0x5d80
  .text              ro code  0x1008'0080         4   0xe5c  zf_driver_pwm.o [49]
  .text              ro code  0x1008'0edc         4   0x404  zf_common_debug.o [46]
  .text              ro code  0x1008'12e0         4    0x66  ABImemset.o [52]
  .text              ro code  0x1008'1346         2    0x7e  lz77_init_single.o [52]
  .text              ro code  0x1008'13c4         4   0x194  cy_gpio.o [14]
  .text              ro code  0x1008'1558         4   0x1fe  cy_tcpwm_pwm.o [43]
  .text              ro code  0x1008'1756         2     0xe  cy_tcpwm.o [43]
  .text              ro code  0x1008'1764         4   0x858  zf_driver_uart.o [49]
  .text              ro code  0x1008'1fbc         4    0x36  strlen.o [52]
  .text              ro code  0x1008'1ff2         2     0xa  xsprout.o [50]
  .text              ro code  0x1008'1ffc         4    0x40  sprintf.o [50]
  .text              ro code  0x1008'203c         4   0x410  zf_common_fifo.o [46]
  .text              ro code  0x1008'244c         4    0xe2  zf_common_interrupt.o [46]
  .text              ro code  0x1008'2530         4     0x6  ABImemclr4.o [52]
  .text              ro code  0x1008'2538         4   0x230  I64DivMod.o [52]
  .text              ro code  0x1008'2768         4   0x2e8  cy_scb_uart.o [24]
  .text              ro code  0x1008'2a50         4   0xd16  xprintflarge_nomb.o [50]
  .text              ro code  0x1008'3768         4    0xa6  ABImemcpy.o [52]
  .text              ro code  0x1008'3810         4    0xa8  cy_sysint.o [35]
  .text              ro code  0x1008'38b8         4    0x32  ABImemset48.o [52]
  .text              ro code  0x1008'38ec         4     0x2  I64DivZer.o [52]
  .text              ro code  0x1008'38f0         4    0x16  strchr.o [52]
  .text              ro code  0x1008'3908         4    0x40  xfail_s.o [50]
  .text              ro code  0x1008'3948         4    0x58  memchr.o [52]
  .text              ro code  0x1008'39a0         4    0x70  frexp.o [51]
  .text              ro code  0x1008'3a10         2    0x12  DblDiv.o [51]
  .text              ro code  0x1008'3a22         2     0xe  DblToU32.o [51]
  .text              ro code  0x1008'3a30         2     0xe  U32ToDbl.o [51]
  .text              ro code  0x1008'3a3e         2    0x12  DblSub.o [51]
  .text              ro code  0x1008'3a50         2    0x12  DblMul.o [51]
  .text              ro code  0x1008'3a62         2     0x6  abort.o [50]
  .text              ro code  0x1008'3a68         4    0x14  exit.o [53]
  .text              ro code  0x1008'3a7c         4   0x8e8  cy_sysclk.o [33]
  .text              ro code  0x1008'4364         4    0x70  strncpy.o [52]
  .text              ro code  0x1008'43d4         4    0xa8  cy_syslib.o [36]
  .text              ro code  0x1008'447c         2     0x2  cy_syslib.o [36]
  .text              ro code  0x1008'4480         4   0x3ac  zf_driver_encoder.o [49]
  .text              ro code  0x1008'482c         4   0x186  cy_tcpwm_counter.o [43]
  .text              ro code  0x1008'49b4         4   0x258  zf_driver_delay.o [49]
  .text              ro code  0x1008'4c0c         4   0x204  startup.o [31]
  .text              ro code  0x1008'4e10         4   0x154  system_tviibh4m_cm7.o [22]
  .text              ro code  0x1008'4f64         4     0x8  startup_cm7.o [31]
  .text              ro code  0x1008'4f6c         4     0x6  startup_cm7.o [31]
  .text              ro code  0x1008'4f74         4   0x198  cy_interrupt_map.o [23]
  .text              ro code  0x1008'510c         4   0x16c  cm7_0_isr.o [45]
  .text              ro code  0x1008'5278         4   0x114  zf_device_gnss.o [48]
  .text              ro code  0x1008'538c         2    0x2a  strncmp.o [50]
  .text              ro code  0x1008'53b8         4   0x104  motor.o [5]
  .text              ro code  0x1008'54bc         4    0xf4  zf_driver_gpio.o [49]
  .text              ro code  0x1008'55b0         4    0x28  printf.o [50]
  .text              ro code  0x1008'55d8         4    0x90  Algorithm.o [5]
  .text              ro code  0x1008'5668         4    0xb0  startup_cm7.o [31]
  .text              ro code  0x1008'5718         4    0x64  main_cm7_0.o [45]
  .text              ro code  0x1008'577c         4    0x1c  zf_common_clock.o [46]
  .text              ro code  0x1008'5798         2    0x12  lora.o [5]
  .text              ro code  0x1008'57ac         4    0x12  Common_Peripherals.o [5]
  .rodata            const    0x1008'57c0         4    0x4c  cy_sysclk.o [33]
  .rodata            const    0x1008'580c         4    0x4c  cy_sysclk.o [33]
  .rodata            const    0x1008'5858         4    0x4c  system_tviibh4m_cm7.o [22]
  .rodata            const    0x1008'58a4         4    0x3c  zf_common_fifo.o [46]
  .rodata            const    0x1008'58e0         4    0x3c  zf_driver_encoder.o [49]
  .rodata            const    0x1008'591c         4    0x3c  zf_driver_uart.o [49]
  .rodata            const    0x1008'5958         4    0x38  zf_driver_pwm.o [49]
  .text              ro code  0x1008'5990         2    0x38  zero_init3.o [52]
  .text              ro code  0x1008'59c8         4    0x2a  data_init.o [52]
  .text              ro code  0x1008'59f4         4    0x22  fpinit_M.o [51]
  .iar.init_table    const    0x1008'5a18         4    0x20  - Linker created -
  .text              ro code  0x1008'5a38         4    0x20  startup_cm7.o [31]
  .text              ro code  0x1008'5a58         2    0x20  putchar.o [50]
  .text              ro code  0x1008'5a80        16    0x1e  cy_syslib_iar.o [36]
  .text              ro code  0x1008'5aa0         4    0x1e  cmain.o [52]
  .text              ro code  0x1008'5ac0         4     0x4  startup_cm7.o [31]
  .text              ro code  0x1008'5ac4         2     0x4  exit.o [50]
  .text              ro code  0x1008'5ac8         4     0xa  cexit.o [52]
  .rodata            const    0x1008'5ad4         4    0x1c  zf_common_debug.o [46]
  .text              ro code  0x1008'5af0         4    0x1c  startup_cm7.o [31]
  .text              ro code  0x1008'5b0c         4    0x1c  cstartup_M.o [52]
  .rodata            const    0x1008'5b28         4    0x18  motor.o [5]
  .rodata            const    0x1008'5b40         4    0x18  startup.o [31]
  .rodata            const    0x1008'5b58         4    0x18  system_tviibh4m_cm7.o [22]
  .rodata            const    0x1008'5b70         4    0x18  zf_common_debug.o [46]
  .text              ro code  0x1008'5b88         2    0x16  xprout.o [50]
  .rodata            const    0x1008'5ba0         4    0x10  zf_common_debug.o [46]
  .rodata            const    0x1008'5bb0         4    0x10  zf_common_debug.o [46]
  .rodata            const    0x1008'5bc0         4     0xc  zf_common_debug.o [46]
  .rodata            const    0x1008'5bcc         4     0xc  zf_common_debug.o [46]
  .text              ro code  0x1008'5bd8         2     0xc  cy_syslib.o [36]
  .rodata            const    0x1008'5be4         4     0x8  cy_sysclk.o [33]
  .rodata            const    0x1008'5bec         4     0x4  cy_interrupt_map.o [23]
  .rodata            const    0x1008'5bf0         4     0x4  cy_interrupt_map.o [23]
  .rodata            const    0x1008'5bf4         4     0x4  cy_interrupt_map.o [23]
  .rodata            const    0x1008'5bf8         4     0x4  cy_interrupt_map.o [23]
  .rodata            const    0x1008'5bfc         4     0x4  cy_interrupt_map.o [23]
  .rodata            const    0x1008'5c00         4     0x4  cy_interrupt_map.o [23]
  .rodata            const    0x1008'5c04         4     0x4  cy_interrupt_map.o [23]
  .rodata            const    0x1008'5c08         4     0x4  cy_interrupt_map.o [23]
  .rodata            const    0x1008'5c0c         4     0x4  cy_scb_uart.o [24]
  .rodata            const    0x1008'5c10         4     0x4  cy_scb_uart.o [24]
  .rodata            const    0x1008'5c14         4     0x4  cy_scb_uart.o [24]
  .rodata            const    0x1008'5c18         4     0x4  cy_scb_uart.o [24]
  .rodata            const    0x1008'5c1c         4     0x4  cy_scb_uart.o [24]
  .rodata            const    0x1008'5c20         4     0x4  cy_scb_uart.o [24]
  .rodata            const    0x1008'5c24         4     0x4  cy_scb_uart.o [24]
  .rodata            const    0x1008'5c28         4     0x4  cy_scb_uart.o [24]
  .rodata            const    0x1008'5c2c         4     0x4  cy_scb_uart.o [24]
  .rodata            const    0x1008'5c30         4     0x4  cy_scb_uart.o [24]
  .rodata            const    0x1008'5c34         4     0x4  cy_sysint.o [35]
  .rodata            const    0x1008'5c38         4     0x4  cy_sysint.o [35]
  .rodata            const    0x1008'5c3c         4     0x4  cy_tcpwm_counter.o [43]
  .rodata            const    0x1008'5c40         4     0x4  cy_tcpwm_counter.o [43]
  .rodata            const    0x1008'5c44         4     0x4  cy_tcpwm_counter.o [43]
  .rodata            const    0x1008'5c48         4     0x4  cy_tcpwm_counter.o [43]
  .rodata            const    0x1008'5c4c         4     0x4  cy_tcpwm_counter.o [43]
  .rodata            const    0x1008'5c50         4     0x4  cy_tcpwm_pwm.o [43]
  .rodata            const    0x1008'5c54         4     0x4  cy_tcpwm_pwm.o [43]
  .rodata            const    0x1008'5c58         4     0x4  cy_tcpwm_pwm.o [43]
  .rodata            const    0x1008'5c5c         4     0x4  cy_tcpwm_pwm.o [43]
  .rodata            const    0x1008'5c60         4     0x4  cy_tcpwm_pwm.o [43]
  .rodata            const    0x1008'5c64         4     0x4  cy_tcpwm_pwm.o [43]
  .rodata            const    0x1008'5c68         4     0x4  cy_tcpwm_pwm.o [43]
  .text              ro code  0x1008'5c6c         4     0x4  startup_cm7.o [31]
  .text              ro code  0x1008'5c70         4     0x4  startup_cm7.o [31]
  .text              ro code  0x1008'5c74         4     0x4  startup_cm7.o [31]
  .text              ro code  0x1008'5c78         4     0x4  startup_cm7.o [31]
  .text              ro code  0x1008'5c7c         4     0x4  startup_cm7.o [31]
  .text              ro code  0x1008'5c80         4     0x4  startup_cm7.o [31]
  .text              ro code  0x1008'5c84         4     0x4  startup_cm7.o [31]
  .text              ro code  0x1008'5c88         4     0x4  startup_cm7.o [31]
  .text              ro code  0x1008'5c8c         4     0x4  startup_cm7.o [31]
  .text              ro code  0x1008'5c90         4     0x4  startup_cm7.o [31]
  .text              ro code  0x1008'5c94         4     0x4  startup_cm7.o [31]
  .text              ro code  0x1008'5c98         4     0x4  startup_cm7.o [31]
  .text              ro code  0x1008'5c9c         4     0x4  startup_cm7.o [31]
  .text              ro code  0x1008'5ca0         4     0x4  startup_cm7.o [31]
  .text              ro code  0x1008'5ca4         4     0x4  startup_cm7.o [31]
  .text              ro code  0x1008'5ca8         4     0x2  zf_device_type.o [48]
  .rodata            const    0x1008'5caa               0x0  zero_init3.o [52]
  .rodata            const    0x1008'5caa               0x0  lz77_init_single.o [52]
  Initializer bytes  const    0x1008'5caa              0x65  <for P2-1>
                            - 0x1008'5d0f            0x5c8f

"P2", part 1 of 3:                                    0x73c
  P2-1                        0x2802'0000             0x73c  <Init block>
    .data            inited   0x2802'0000         4   0x6ec  cy_interrupt_map.o [23]
    .data            inited   0x2802'06ec         4     0x4  cy_interrupt_map.o [23]
    .data            inited   0x2802'06f0         4     0x4  zf_device_type.o [48]
    .data            inited   0x2802'06f4         4     0x4  zf_device_type.o [48]
    .data            inited   0x2802'06f8         4     0x8  zf_driver_encoder.o [49]
    .data            inited   0x2802'0700         4    0x10  zf_driver_encoder.o [49]
    .data            inited   0x2802'0710         4    0x14  zf_driver_uart.o [49]
    .data            inited   0x2802'0724         4    0x14  zf_driver_uart.o [49]
    .data            inited   0x2802'0738         2     0x2  zf_driver_delay.o [49]
    .data            inited   0x2802'073a               0x1  zf_common_debug.o [46]
    .data            inited   0x2802'073b               0x1  zf_driver_delay.o [49]
                            - 0x2802'073c             0x73c

"P2", part 2 of 3:                                    0x3ec
  .bss               zero     0x2802'073c         4   0x118  zf_driver_uart.o [49]
  .bss               zero     0x2802'0854         4    0x80  zf_device_gnss.o [48]
  .bss               zero     0x2802'08d4         4    0x80  zf_device_gnss.o [48]
  .bss               zero     0x2802'0954         4    0x80  zf_device_gnss.o [48]
  .bss               zero     0x2802'09d4         4    0x70  cy_syslib.o [36]
  .bss               zero     0x2802'0a44         4    0x30  Algorithm.o [5]
  .bss               zero     0x2802'0a74         4    0x18  cy_sysclk.o [33]
  .bss               zero     0x2802'0a8c         4    0x18  cy_syslib.o [36]
  .bss               zero     0x2802'0aa4         4    0x18  zf_common_debug.o [46]
  .bss               zero     0x2802'0abc         4    0x18  zf_device_gnss.o [48]
  .bss               zero     0x2802'0ad4         4    0x14  zf_common_debug.o [46]
  .bss               zero     0x2802'0ae8         4     0x4  cy_syslib.o [36]
  .bss               zero     0x2802'0aec         4     0x4  motor.o [5]
  .bss               zero     0x2802'0af0         4     0x4  system_tviibh4m_cm7.o [22]
  .bss               zero     0x2802'0af4         4     0x4  system_tviibh4m_cm7.o [22]
  .bss               zero     0x2802'0af8         4     0x4  system_tviibh4m_cm7.o [22]
  .bss               zero     0x2802'0afc         4     0x4  system_tviibh4m_cm7.o [22]
  .bss               zero     0x2802'0b00         4     0x4  system_tviibh4m_cm7.o [22]
  .bss               zero     0x2802'0b04         4     0x4  zf_common_clock.o [46]
  .bss               zero     0x2802'0b08         4     0x4  zf_common_interrupt.o [46]
  .bss               zero     0x2802'0b0c         4     0x4  zf_driver_encoder.o [49]
  .bss               zero     0x2802'0b10         4     0x4  xfail_s.o [50]
  .bss               zero     0x2802'0b14         2     0x2  motor.o [5]
  .bss               zero     0x2802'0b16         2     0x2  motor.o [5]
  .bss               zero     0x2802'0b18         2     0x2  motor.o [5]
  .bss               zero     0x2802'0b1a         2     0x2  motor.o [5]
  .bss               zero     0x2802'0b1c         2     0x2  motor.o [5]
  .bss               zero     0x2802'0b1e               0x1  cy_sysclk.o [33]
  .bss               zero     0x2802'0b1f               0x1  zf_common_debug.o [46]
  .bss               zero     0x2802'0b20               0x1  zf_common_debug.o [46]
  .bss               zero     0x2802'0b21               0x1  zf_common_debug.o [46]
  .bss               zero     0x2802'0b22               0x1  zf_device_gnss.o [48]
  .bss               zero     0x2802'0b23               0x1  zf_device_gnss.o [48]
  .bss               zero     0x2802'0b24               0x1  zf_device_gnss.o [48]
  .bss               zero     0x2802'0b25               0x1  zf_device_gnss.o [48]
  .bss               zero     0x2802'0b26               0x1  zf_device_gnss.o [48]
                            - 0x2802'0b27             0x3eb

"P2", part 3 of 3:                                     0x80
  .intvec_ram        uninit   0x2802'0b80       128    0x80  startup_cm7.o [31]
                            - 0x2802'0c00              0x80

"A1":                                                0x2000
  HEAP_STACK                  0x2807'e000            0x2000  <Block>
    CSTACK                    0x2807'e000         8  0x2000  <Block>
      CSTACK         uninit   0x2807'e000            0x2000  <Block tail>
                            - 0x2808'0000            0x2000

Unused ranges:

         From           To       Size
         ----           --       ----
  0x1008'5e00  0x1027'ffff  0x1f'a200
  0x2802'0b28  0x2802'0b7f       0x58
  0x2802'0c00  0x2807'dfff   0x5'd400


*******************************************************************************
*** INIT TABLE
***

          Address      Size
          -------      ----
Zero (__iar_zero_init3)
    1 destination range, total size 0x3eb:
          0x2802'073c  0x3eb

Copy/lz77 (__iar_lz77_init_single3)
    1 source range, total size 0x65 (5% of destination):
          0x1008'5caa   0x65
    1 destination range, total size 0x73c:
          0x2802'0000  0x73c



*******************************************************************************
*** MODULE SUMMARY
***

    Module                 ro code  ro data  rw data
    ------                 -------  -------  -------
command line/config:
    ------------------------------------------------
    Total:

E:\桌面\ok\963ra-\project\iar\Debug_m7_0\Obj\adc_11722776235721520015.dir: [1]
    ------------------------------------------------
    Total:

E:\桌面\ok\963ra-\project\iar\Debug_m7_0\Obj\audioss_1346650047966882938.dir: [2]
    ------------------------------------------------
    Total:

E:\桌面\ok\963ra-\project\iar\Debug_m7_0\Obj\button_4990804375159372270.dir: [3]
    ------------------------------------------------
    Total:

E:\桌面\ok\963ra-\project\iar\Debug_m7_0\Obj\canfd_1800690984773873875.dir: [4]
    ------------------------------------------------
    Total:

E:\桌面\ok\963ra-\project\iar\Debug_m7_0\Obj\code_17896468042025673432.dir: [5]
    Algorithm.o                144                48
    Common_Peripherals.o        18
    lora.o                      18
    motor.o                    260       24       14
    ------------------------------------------------
    Total:                     440       24       62

E:\桌面\ok\963ra-\project\iar\Debug_m7_0\Obj\cpu_15938736945165268644.dir: [6]
    ------------------------------------------------
    Total:

E:\桌面\ok\963ra-\project\iar\Debug_m7_0\Obj\crypto_1190170608956581615.dir: [7]
    ------------------------------------------------
    Total:

E:\桌面\ok\963ra-\project\iar\Debug_m7_0\Obj\dma_12106025507578611576.dir: [8]
    ------------------------------------------------
    Total:

E:\桌面\ok\963ra-\project\iar\Debug_m7_0\Obj\eth_phy_18133017486186456677.dir: [9]
    ------------------------------------------------
    Total:

E:\桌面\ok\963ra-\project\iar\Debug_m7_0\Obj\ethernet_6029839089178797009.dir: [10]
    ------------------------------------------------
    Total:

E:\桌面\ok\963ra-\project\iar\Debug_m7_0\Obj\evtgen_3404189088603873129.dir: [11]
    ------------------------------------------------
    Total:

E:\桌面\ok\963ra-\project\iar\Debug_m7_0\Obj\flash_8529866181315662935.dir: [12]
    ------------------------------------------------
    Total:

E:\桌面\ok\963ra-\project\iar\Debug_m7_0\Obj\flash_864493325053435817.dir: [13]
    ------------------------------------------------
    Total:

E:\桌面\ok\963ra-\project\iar\Debug_m7_0\Obj\gpio_3999404635324069351.dir: [14]
    cy_gpio.o                  404
    ------------------------------------------------
    Total:                     404

E:\桌面\ok\963ra-\project\iar\Debug_m7_0\Obj\ipc_10145506163450686023.dir: [15]
    ------------------------------------------------
    Total:

E:\桌面\ok\963ra-\project\iar\Debug_m7_0\Obj\lin_18429031207028094880.dir: [16]
    ------------------------------------------------
    Total:

E:\桌面\ok\963ra-\project\iar\Debug_m7_0\Obj\lvd_6353935867039560245.dir: [17]
    ------------------------------------------------
    Total:

E:\桌面\ok\963ra-\project\iar\Debug_m7_0\Obj\mcwdt_4052485907822033969.dir: [18]
    ------------------------------------------------
    Total:

E:\桌面\ok\963ra-\project\iar\Debug_m7_0\Obj\mpu_5663187252346826382.dir: [19]
    ------------------------------------------------
    Total:

E:\桌面\ok\963ra-\project\iar\Debug_m7_0\Obj\power_14453085144426420577.dir: [20]
    ------------------------------------------------
    Total:

E:\桌面\ok\963ra-\project\iar\Debug_m7_0\Obj\prot_10722960861768657883.dir: [21]
    ------------------------------------------------
    Total:

E:\桌面\ok\963ra-\project\iar\Debug_m7_0\Obj\rev_b_4986922561640112550.dir: [22]
    system_tviibh4m_cm7.o      340      100       20
    ------------------------------------------------
    Total:                     340      100       20

E:\桌面\ok\963ra-\project\iar\Debug_m7_0\Obj\rev_b_6162237342861132223.dir: [23]
    cy_interrupt_map.o         408      128    1'776
    ------------------------------------------------
    Total:                     408      128    1'776

E:\桌面\ok\963ra-\project\iar\Debug_m7_0\Obj\scb_15490842639181808494.dir: [24]
    cy_scb_uart.o              744       40
    ------------------------------------------------
    Total:                     744       40

E:\桌面\ok\963ra-\project\iar\Debug_m7_0\Obj\sd_host_2982766354293506895.dir: [25]
    ------------------------------------------------
    Total:

E:\桌面\ok\963ra-\project\iar\Debug_m7_0\Obj\semihosting_143864889731838620.dir: [26]
    ------------------------------------------------
    Total:

E:\桌面\ok\963ra-\project\iar\Debug_m7_0\Obj\smartio_5451710003740070188.dir: [27]
    ------------------------------------------------
    Total:

E:\桌面\ok\963ra-\project\iar\Debug_m7_0\Obj\smif_427648126384146252.dir: [28]
    ------------------------------------------------
    Total:

E:\桌面\ok\963ra-\project\iar\Debug_m7_0\Obj\smif_mem_6470536964353725183.dir: [29]
    ------------------------------------------------
    Total:

E:\桌面\ok\963ra-\project\iar\Debug_m7_0\Obj\srom_13018798572330080582.dir: [30]
    ------------------------------------------------
    Total:

E:\桌面\ok\963ra-\project\iar\Debug_m7_0\Obj\startup_479057977785470282.dir: [31]
    startup.o                  516       24
    startup_cm7.o              442               128
    ------------------------------------------------
    Total:                     958       24      128

E:\桌面\ok\963ra-\project\iar\Debug_m7_0\Obj\sw_timer_4215635015939382130.dir: [32]
    ------------------------------------------------
    Total:

E:\桌面\ok\963ra-\project\iar\Debug_m7_0\Obj\sysclk_16149231235676103872.dir: [33]
    cy_sysclk.o              2'280      160       25
    ------------------------------------------------
    Total:                   2'280      160       25

E:\桌面\ok\963ra-\project\iar\Debug_m7_0\Obj\sysflt_12293435975120599261.dir: [34]
    ------------------------------------------------
    Total:

E:\桌面\ok\963ra-\project\iar\Debug_m7_0\Obj\sysint_7435970359207984181.dir: [35]
    cy_sysint.o                168        8
    ------------------------------------------------
    Total:                     168        8

E:\桌面\ok\963ra-\project\iar\Debug_m7_0\Obj\syslib_16330585751512546975.dir: [36]
    cy_syslib.o                182               140
    cy_syslib_iar.o             30
    ------------------------------------------------
    Total:                     212               140

E:\桌面\ok\963ra-\project\iar\Debug_m7_0\Obj\syspm_10887939769544754770.dir: [37]
    ------------------------------------------------
    Total:

E:\桌面\ok\963ra-\project\iar\Debug_m7_0\Obj\sysreghc_17676636058511625587.dir: [38]
    ------------------------------------------------
    Total:

E:\桌面\ok\963ra-\project\iar\Debug_m7_0\Obj\sysreset_14586141425677365288.dir: [39]
    ------------------------------------------------
    Total:

E:\桌面\ok\963ra-\project\iar\Debug_m7_0\Obj\sysrtc_10747768817563771611.dir: [40]
    ------------------------------------------------
    Total:

E:\桌面\ok\963ra-\project\iar\Debug_m7_0\Obj\systick_16016591671695740695.dir: [41]
    ------------------------------------------------
    Total:

E:\桌面\ok\963ra-\project\iar\Debug_m7_0\Obj\syswdt_9118657615806274156.dir: [42]
    ------------------------------------------------
    Total:

E:\桌面\ok\963ra-\project\iar\Debug_m7_0\Obj\tcpwm_422923530147891246.dir: [43]
    cy_tcpwm.o                  14
    cy_tcpwm_counter.o         390       20
    cy_tcpwm_pwm.o             510       28
    ------------------------------------------------
    Total:                     914       48

E:\桌面\ok\963ra-\project\iar\Debug_m7_0\Obj\trigmux_9729677290734583340.dir: [44]
    ------------------------------------------------
    Total:

E:\桌面\ok\963ra-\project\iar\Debug_m7_0\Obj\user_8514941877209965082.dir: [45]
    cm7_0_isr.o                364
    main_cm7_0.o               100
    ------------------------------------------------
    Total:                     464

E:\桌面\ok\963ra-\project\iar\Debug_m7_0\Obj\zf_common_1201165462030747823.dir: [46]
    zf_common_clock.o           28                 4
    zf_common_debug.o        1'028      108       48
    zf_common_fifo.o         1'040       60
    zf_common_interrupt.o      226                 4
    ------------------------------------------------
    Total:                   2'322      168       56

E:\桌面\ok\963ra-\project\iar\Debug_m7_0\Obj\zf_components_14936052685886095442.dir: [47]
    ------------------------------------------------
    Total:

E:\桌面\ok\963ra-\project\iar\Debug_m7_0\Obj\zf_device_6570275422786408770.dir: [48]
    zf_device_gnss.o           276               413
    zf_device_type.o             2        1        8
    ------------------------------------------------
    Total:                     278        1      421

E:\桌面\ok\963ra-\project\iar\Debug_m7_0\Obj\zf_driver_11922370083829174090.dir: [49]
    zf_driver_delay.o          600        1        3
    zf_driver_encoder.o        940       61       28
    zf_driver_gpio.o           244
    zf_driver_pwm.o          3'676       56
    zf_driver_uart.o         2'136       62      320
    ------------------------------------------------
    Total:                   7'596      180      351

dl7M_tln.a: [50]
    abort.o                      6
    exit.o                       4
    printf.o                    40
    putchar.o                   32
    sprintf.o                   64
    strncmp.o                   42
    xfail_s.o                   64                 4
    xprintflarge_nomb.o      3'350
    xprout.o                    22
    xsprout.o                   10
    ------------------------------------------------
    Total:                   3'634                 4

m7M_tlv.a: [51]
    DblDiv.o                    18
    DblMul.o                    18
    DblSub.o                    18
    DblToU32.o                  14
    U32ToDbl.o                  14
    fpinit_M.o                  34
    frexp.o                    112
    ------------------------------------------------
    Total:                     228

rt7M_tl.a: [52]
    ABImemclr4.o                 6
    ABImemcpy.o                166
    ABImemset.o                102
    ABImemset48.o               50
    I64DivMod.o                560
    I64DivZer.o                  2
    cexit.o                     10
    cmain.o                     30
    cstartup_M.o                28
    data_init.o                 42
    lz77_init_single.o         126
    memchr.o                    88
    strchr.o                    22
    strlen.o                    54
    strncpy.o                  112
    zero_init3.o                56
    ------------------------------------------------
    Total:                   1'454

shb_l.a: [53]
    exit.o                      20
    ------------------------------------------------
    Total:                      20

    Gaps                        38        8
    Linker created                       32    8'192
----------------------------------------------------
    Grand Total:            22'902      921   11'175


*******************************************************************************
*** ENTRY LIST
***

Entry                       Address   Size  Type      Object
-----                       -------   ----  ----      ------
.iar.init_table$$Base   0x1008'5a18          --   Gb  - Linker created -
.iar.init_table$$Limit  0x1008'5a38          --   Gb  - Linker created -
?main                   0x1008'5aa1         Code  ??  cmain.o [52]
BLDC_Cloop_ctrl         0x1008'5419   0x5e  Code  ??  motor.o [5]
BusFault_Handler        0x1008'5c75         Code  Wk  startup_cm7.o [31]
CSTACK$$Base            0x2807'e000          --   Gb  - Linker created -
CSTACK$$Limit           0x2808'0000          --   ??  - Linker created -
CopyVectorTable         0x1008'4dad   0x34  Code  Lc  startup.o [31]
CpuUserInt0_Handler     0x1008'4f93   0x26  Code  ??  cy_interrupt_map.o [23]
CpuUserInt10_Handler    0x1008'5c91         Code  Wk  startup_cm7.o [31]
CpuUserInt11_Handler    0x1008'5c95         Code  Wk  startup_cm7.o [31]
CpuUserInt12_Handler    0x1008'5c99         Code  Wk  startup_cm7.o [31]
CpuUserInt13_Handler    0x1008'5c9d         Code  Wk  startup_cm7.o [31]
CpuUserInt14_Handler    0x1008'5ca1         Code  Wk  startup_cm7.o [31]
CpuUserInt15_Handler    0x1008'5ca5         Code  Wk  startup_cm7.o [31]
CpuUserInt1_Handler     0x1008'4fb9   0x26  Code  ??  cy_interrupt_map.o [23]
CpuUserInt2_Handler     0x1008'4fdf   0x26  Code  ??  cy_interrupt_map.o [23]
CpuUserInt3_Handler     0x1008'5005   0x26  Code  ??  cy_interrupt_map.o [23]
CpuUserInt4_Handler     0x1008'502b   0x26  Code  ??  cy_interrupt_map.o [23]
CpuUserInt5_Handler     0x1008'5051   0x26  Code  ??  cy_interrupt_map.o [23]
CpuUserInt6_Handler     0x1008'5077   0x26  Code  ??  cy_interrupt_map.o [23]
CpuUserInt7_Handler     0x1008'509d   0x26  Code  ??  cy_interrupt_map.o [23]
CpuUserInt8_Handler     0x1008'5c89         Code  Wk  startup_cm7.o [31]
CpuUserInt9_Handler     0x1008'5c8d         Code  Wk  startup_cm7.o [31]
Current_speed           0x2802'0b16    0x2  Data  ??  motor.o [5]
Cy_DefaultUserHandler   0x1008'4f91    0x2  Code  ??  cy_interrupt_map.o [23]
Cy_GPIO_ClearInterrupt  0x1008'1497    0xe  Code  Lc  cy_gpio.o [14]
Cy_GPIO_Clr             0x1008'54c7    0xa  Code  Lc  zf_driver_gpio.o [49]
Cy_GPIO_Pin_Init        0x1008'14db   0x72  Code  ??  cy_gpio.o [14]
Cy_GPIO_Set             0x1008'54bd    0xa  Code  Lc  zf_driver_gpio.o [49]
Cy_GPIO_SetDriveSel     0x1008'1479   0x1e  Code  Lc  cy_gpio.o [14]
Cy_GPIO_SetDrivemode    0x1008'1429   0x1c  Code  Lc  cy_gpio.o [14]
Cy_GPIO_SetHSIOM        0x1008'13c5   0x4c  Code  Lc  cy_gpio.o [14]
Cy_GPIO_SetInterruptEdge
                        0x1008'14bf   0x1c  Code  Lc  cy_gpio.o [14]
Cy_GPIO_SetInterruptMask
                        0x1008'14a5   0x1a  Code  Lc  cy_gpio.o [14]
Cy_GPIO_SetSlewRate     0x1008'145f   0x1a  Code  Lc  cy_gpio.o [14]
Cy_GPIO_SetVtrip        0x1008'1445   0x1a  Code  Lc  cy_gpio.o [14]
Cy_GPIO_Write           0x1008'1411   0x18  Code  Lc  cy_gpio.o [14]
Cy_RestoreIRQ           0x1008'4f6d         Code  ??  startup_cm7.o [31]
Cy_SCB_ClearRxInterrupt
                        0x1008'5113    0xa  Code  Lc  cm7_0_isr.o [45]
Cy_SCB_ClearTxInterrupt
                        0x1008'5123    0xa  Code  Lc  cm7_0_isr.o [45]
Cy_SCB_GetNumInRxFifo   0x1008'1945    0xa  Code  Lc  zf_driver_uart.o [49]
Cy_SCB_GetNumInTxFifo   0x1008'1955    0xa  Code  Lc  zf_driver_uart.o [49]
Cy_SCB_GetRxInterruptMask
                        0x1008'510d    0x6  Code  Lc  cm7_0_isr.o [45]
Cy_SCB_GetRxInterruptMask
                        0x1008'1991    0x6  Code  Lc  zf_driver_uart.o [49]
Cy_SCB_GetTxInterruptMask
                        0x1008'511d    0x6  Code  Lc  cm7_0_isr.o [45]
Cy_SCB_GetTxInterruptMask
                        0x1008'199d    0x6  Code  Lc  zf_driver_uart.o [49]
Cy_SCB_GetTxSrValid     0x1008'195f    0xa  Code  Lc  zf_driver_uart.o [49]
Cy_SCB_IsTxComplete     0x1008'1969   0x22  Code  Lc  zf_driver_uart.o [49]
Cy_SCB_ReadRxFifo       0x1008'193f    0x6  Code  Lc  zf_driver_uart.o [49]
Cy_SCB_SetRxInterruptMask
                        0x1008'198b    0x6  Code  Lc  zf_driver_uart.o [49]
Cy_SCB_SetTxInterruptMask
                        0x1008'1997    0x6  Code  Lc  zf_driver_uart.o [49]
Cy_SCB_UART_DeInit      0x1008'29bf   0x5c  Code  ??  cy_scb_uart.o [24]
Cy_SCB_UART_Enable      0x1008'19a3    0xa  Code  Lc  zf_driver_uart.o [49]
Cy_SCB_UART_Init        0x1008'2769  0x256  Code  ??  cy_scb_uart.o [24]
Cy_SCB_WriteTxFifo      0x1008'194f    0x6  Code  Lc  zf_driver_uart.o [49]
Cy_SaveIRQ              0x1008'4f65         Code  ??  startup_cm7.o [31]
Cy_SysClk_CheckDividerExisting
                        0x1008'49b5   0x2a  Code  Lc  zf_driver_delay.o [49]
Cy_SysClk_CheckDividerExisting
                        0x1008'4481   0x2c  Code  Lc  zf_driver_encoder.o [49]
Cy_SysClk_CheckDividerExisting
                        0x1008'0081   0x2c  Code  Lc  zf_driver_pwm.o [49]
Cy_SysClk_CheckDividerExisting
                        0x1008'1765   0x2c  Code  Lc  zf_driver_uart.o [49]
Cy_SysClk_ClkPathGetSource
                        0x1008'3bf1   0x54  Code  ??  cy_sysclk.o [33]
Cy_SysClk_EcoGetStatus  0x1008'3a7d   0x1a  Code  Lc  cy_sysclk.o [33]
Cy_SysClk_Fast0ClkGetDivider
                        0x1008'3bc5   0x16  Code  Lc  cy_sysclk.o [33]
Cy_SysClk_Fast1ClkGetDivider
                        0x1008'3bdb   0x16  Code  Lc  cy_sysclk.o [33]
Cy_SysClk_FllGetConfiguration
                        0x1008'3c51   0x7e  Code  ??  cy_sysclk.o [33]
Cy_SysClk_FllGetLockStatus
                        0x1008'3a97    0xc  Code  Lc  cy_sysclk.o [33]
Cy_SysClk_GetClockGroup
                        0x1008'4a69    0x8  Code  Lc  zf_driver_delay.o [49]
Cy_SysClk_GetClockGroup
                        0x1008'453b    0x8  Code  Lc  zf_driver_encoder.o [49]
Cy_SysClk_GetClockGroup
                        0x1008'013b    0x8  Code  Lc  zf_driver_pwm.o [49]
Cy_SysClk_GetClockGroup
                        0x1008'1865    0x8  Code  Lc  zf_driver_uart.o [49]
Cy_SysClk_GetCoreFrequency
                        0x1008'4311   0x2a  Code  ??  cy_sysclk.o [33]
Cy_SysClk_GetEcoFrequency
                        0x1008'3e19   0x32  Code  ??  cy_sysclk.o [33]
Cy_SysClk_GetExtFrequency
                        0x1008'3e4d   0x1e  Code  ??  cy_sysclk.o [33]
Cy_SysClk_GetFast0Frequency
                        0x1008'4265   0x56  Code  ??  cy_sysclk.o [33]
Cy_SysClk_GetFast1Frequency
                        0x1008'42bb   0x56  Code  ??  cy_sysclk.o [33]
Cy_SysClk_GetFllInputFrequency
                        0x1008'3f6d    0xc  Code  ??  cy_sysclk.o [33]
Cy_SysClk_GetFllOutputFrequency
                        0x1008'3f95   0x78  Code  ??  cy_sysclk.o [33]
Cy_SysClk_GetHfClkFrequency
                        0x1008'41e7   0x7a  Code  ??  cy_sysclk.o [33]
Cy_SysClk_GetIlo0Frequency
                        0x1008'3e6b   0x32  Code  ??  cy_sysclk.o [33]
Cy_SysClk_GetIlo1Frequency
                        0x1008'3e9d   0x32  Code  ??  cy_sysclk.o [33]
Cy_SysClk_GetImoFrequency
                        0x1008'3de7   0x32  Code  ??  cy_sysclk.o [33]
Cy_SysClk_GetPathFrequency
                        0x1008'41b5   0x32  Code  ??  cy_sysclk.o [33]
Cy_SysClk_GetPathSourceFrequency
                        0x1008'3f09   0x64  Code  ??  cy_sysclk.o [33]
Cy_SysClk_GetPll400MNo  0x1008'3ae1   0x14  Code  Lc  cy_sysclk.o [33]
Cy_SysClk_GetPllInputFrequency
                        0x1008'3f79   0x1c  Code  ??  cy_sysclk.o [33]
Cy_SysClk_GetPllNo      0x1008'3aa5   0x12  Code  Lc  cy_sysclk.o [33]
Cy_SysClk_GetPllOutputFrequency
                        0x1008'4011  0x1a0  Code  ??  cy_sysclk.o [33]
Cy_SysClk_GetWcoFrequency
                        0x1008'3ecf   0x32  Code  ??  cy_sysclk.o [33]
Cy_SysClk_HfClockGetDivider
                        0x1008'3b83   0x42  Code  Lc  cy_sysclk.o [33]
Cy_SysClk_HfClockGetSource
                        0x1008'3b2f   0x54  Code  Lc  cy_sysclk.o [33]
Cy_SysClk_InitGetFreqParams
                        0x1008'3dcd   0x1a  Code  ??  cy_sysclk.o [33]
Cy_SysClk_PeriphAssignDivider
                        0x1008'4a71   0x72  Code  Lc  zf_driver_delay.o [49]
Cy_SysClk_PeriphAssignDivider
                        0x1008'4543   0x74  Code  Lc  zf_driver_encoder.o [49]
Cy_SysClk_PeriphAssignDivider
                        0x1008'0143   0x74  Code  Lc  zf_driver_pwm.o [49]
Cy_SysClk_PeriphAssignDivider
                        0x1008'186d   0x74  Code  Lc  zf_driver_uart.o [49]
Cy_SysClk_PeriphEnableDivider
                        0x1008'4ae3   0x5c  Code  Lc  zf_driver_delay.o [49]
Cy_SysClk_PeriphEnableDivider
                        0x1008'45b7   0x5e  Code  Lc  zf_driver_encoder.o [49]
Cy_SysClk_PeriphEnableDivider
                        0x1008'01b7   0x5e  Code  Lc  zf_driver_pwm.o [49]
Cy_SysClk_PeriphEnableDivider
                        0x1008'18e1   0x5e  Code  Lc  zf_driver_uart.o [49]
Cy_SysClk_PeriphSetDivider
                        0x1008'49df   0x8a  Code  Lc  zf_driver_delay.o [49]
Cy_SysClk_PeriphSetDivider
                        0x1008'44ad   0x8e  Code  Lc  zf_driver_encoder.o [49]
Cy_SysClk_PeriphSetDivider
                        0x1008'00ad   0x8e  Code  Lc  zf_driver_pwm.o [49]
Cy_SysClk_PeriphSetFracDivider
                        0x1008'1791   0xd4  Code  Lc  zf_driver_uart.o [49]
Cy_SysClk_Pll400MGetConfiguration
                        0x1008'3d39   0x84  Code  ??  cy_sysclk.o [33]
Cy_SysClk_Pll400MGetLockStatus
                        0x1008'3af5   0x2a  Code  Lc  cy_sysclk.o [33]
Cy_SysClk_PllGetConfiguration
                        0x1008'3ce5   0x48  Code  ??  cy_sysclk.o [33]
Cy_SysClk_PllGetLockStatus
                        0x1008'3ab7   0x28  Code  Lc  cy_sysclk.o [33]
Cy_SysClk_WcoOkay       0x1008'3b21    0xe  Code  Lc  cy_sysclk.o [33]
Cy_SysInt_InitIRQ       0x1008'3811   0x7a  Code  ??  cy_sysint.o [35]
Cy_SysInt_SetSystemIrqVector
                        0x1008'388b   0x12  Code  ??  cy_sysint.o [35]
Cy_SysInt_SystemIrqUserTableRamPointer
                        0x2802'06ec    0x4  Data  ??  cy_interrupt_map.o [23]
Cy_SysLib_DelayCycles   0x1008'5a81         Code  ??  cy_syslib_iar.o [36]
Cy_SysLib_EnterCriticalSection
                        0x1008'5a91         Code  ??  cy_syslib_iar.o [36]
Cy_SysLib_ExitCriticalSection
                        0x1008'5a99         Code  ??  cy_syslib_iar.o [36]
Cy_SysLib_FaultHandler  0x1008'43d9   0x90  Code  ??  cy_syslib.o [36]
Cy_SysLib_Halt          0x1008'43d5    0x4  Code  ??  cy_syslib.o [36]
Cy_SysLib_ProcessingFault
                        0x1008'447d    0x2  Code  Wk  cy_syslib.o [36]
Cy_SysLib_SvcHandler    0x1008'5bd9    0xc  Code  Wk  cy_syslib.o [36]
Cy_SystemInitFpuEnable  0x1008'4f05   0x1e  Code  ??  system_tviibh4m_cm7.o [22]
Cy_SystemIrqUserTable   0x2802'0000  0x6ec  Data  ??  cy_interrupt_map.o [23]
Cy_Tcpwm_Counter_Enable
                        0x1008'49a5    0xa  Code  ??  cy_tcpwm_counter.o [43]
Cy_Tcpwm_Counter_Init   0x1008'482d  0x164  Code  ??  cy_tcpwm_counter.o [43]
Cy_Tcpwm_Counter_SetCounter
                        0x1008'49af    0x4  Code  ??  cy_tcpwm_counter.o [43]
Cy_Tcpwm_Pwm_Enable     0x1008'174d    0xa  Code  ??  cy_tcpwm_pwm.o [43]
Cy_Tcpwm_Pwm_Init       0x1008'1559  0x1d8  Code  ??  cy_tcpwm_pwm.o [43]
Cy_Tcpwm_TriggerStart   0x1008'1757    0xe  Code  ??  cy_tcpwm.o [43]
Cy_u32StartupStackEndAddress
                        0x1008'5714         Data  ??  startup_cm7.o [31]
Cy_u32StartupStackStartAddress
                        0x1008'5710         Data  ??  startup_cm7.o [31]
DebugMon_Handler        0x1008'5c7d         Code  Wk  startup_cm7.o [31]
Dir                     0x2802'0b1c    0x2  Data  ??  motor.o [5]
Gap                     0x2802'0b18    0x2  Data  ??  motor.o [5]
HEAP_STACK$$Base        0x2807'e000          --   Gb  - Linker created -
HEAP_STACK$$Limit       0x2808'0000          --   Gb  - Linker created -
HardFault_Handler       0x1008'5a39         Code  Wk  startup_cm7.o [31]
InitRamEcc              0x1008'4c9b  0x100  Code  Lc  startup.o [31]
InitRamEccClearArea     0x1008'4d9b   0x12  Code  Lc  startup.o [31]
MemManage_Handler       0x1008'5c71         Code  Wk  startup_cm7.o [31]
NMI_Handler             0x1008'5c6d         Code  Wk  startup_cm7.o [31]
OUT                     0x2802'0aec    0x4  Data  ??  motor.o [5]
PID_MOTOR               0x2802'0a44   0x30  Data  ??  Algorithm.o [5]
PendSV_Handler          0x1008'5c81         Code  Wk  startup_cm7.o [31]
PidIncCtrl              0x1008'55d9   0x80  Code  ??  Algorithm.o [5]
Region$$Table$$Base     0x1008'5a18          --   ??  - Linker created -
Region$$Table$$Limit    0x1008'5a38          --   ??  - Linker created -
Reset_Handler           0x1008'5669         Code  Wk  startup_cm7.o [31]
SVC_Handler             0x1008'5af1         Code  Wk  startup_cm7.o [31]
Startup_Init            0x1008'4c0d   0x8e  Code  ??  startup.o [31]
Steer_init              0x1008'57ad   0x10  Code  ??  Common_Peripherals.o [5]
SysTick_Handler         0x1008'5c85         Code  Wk  startup_cm7.o [31]
SystemCoreClock         0x2802'0af0    0x4  Data  ??  system_tviibh4m_cm7.o [22]
SystemCoreClockUpdate   0x1008'4e6d   0x98  Code  ??  system_tviibh4m_cm7.o [22]
SystemInit              0x1008'4e11   0x5c  Code  ??  system_tviibh4m_cm7.o [22]
Target_speed            0x2802'0b14    0x2  Data  ??  motor.o [5]
UsageFault_Handler      0x1008'5c79         Code  Wk  startup_cm7.o [31]
_LC                     0x1008'2a51    0x6  Code  Lc  xprintflarge_nomb.o [50]
_LitobLargeNoMb         0x1008'3561  0x10c  Code  Lc  xprintflarge_nomb.o [50]
_PrintfLargeNoMb        0x1008'2a57  0xb04  Code  ??  xprintflarge_nomb.o [50]
_Prout                  0x1008'5b89   0x16  Code  ??  xprout.o [50]
_PutcharsLargeNoMb      0x1008'36cd   0x2e  Code  Lc  xprintflarge_nomb.o [50]
_SProut                 0x1008'1ff3    0xa  Code  ??  xsprout.o [50]
__NVIC_ClearPendingIRQ  0x1008'4f75   0x1c  Code  Lc  cy_interrupt_map.o [23]
__NVIC_ClearPendingIRQ  0x1008'2469   0x1c  Code  Lc  zf_common_interrupt.o [46]
__NVIC_EnableIRQ        0x1008'244d   0x1c  Code  Lc  zf_common_interrupt.o [46]
__NVIC_SetPriority      0x1008'2485   0x24  Code  Lc  zf_common_interrupt.o [46]
__Vectors               0x1008'0000          --   ??  startup_cm7.o [31]
__Vectors_End           0x1008'0080         Data  ??  startup_cm7.o [31]
__Vectors_Size {Abs}           0x80          --   ??  startup_cm7.o [31]
__aeabi_d2uiz           0x1008'3a23    0xe  Code  ??  DblToU32.o [51]
__aeabi_ddiv            0x1008'3a11   0x12  Code  ??  DblDiv.o [51]
__aeabi_dmul            0x1008'3a51   0x12  Code  ??  DblMul.o [51]
__aeabi_dsub            0x1008'3a3f   0x12  Code  ??  DblSub.o [51]
__aeabi_ldiv0           0x1008'38ed         Code  ??  I64DivZer.o [52]
__aeabi_memclr4         0x1008'2531         Code  ??  ABImemclr4.o [52]
__aeabi_memcpy          0x1008'3769         Code  ??  ABImemcpy.o [52]
__aeabi_memcpy4         0x1008'3789         Code  ??  ABImemcpy.o [52]
__aeabi_memcpy8         0x1008'3789         Code  ??  ABImemcpy.o [52]
__aeabi_memset          0x1008'12e1         Code  ??  ABImemset.o [52]
__aeabi_ui2d            0x1008'3a31    0xe  Code  ??  U32ToDbl.o [51]
__aeabi_uldivmod        0x1008'2539         Code  ??  I64DivMod.o [52]
__cmain                 0x1008'5aa1         Code  ??  cmain.o [52]
__ecc_init_dtcm_end_address {Abs}
                        0x2000'3fff         Data  ??  <internal module>
__ecc_init_dtcm_start_address {Abs}
                        0x2000'0000         Data  ??  <internal module>
__ecc_init_itcm_end_address {Abs}
                             0x3fff         Data  ??  <internal module>
__ecc_init_itcm_start_address {Abs}
                                0x0         Data  ??  <internal module>
__ecc_init_sram_end_address {Abs}
                        0x2807'ffff         Data  ??  <internal module>
__ecc_init_sram_start_address {Abs}
                        0x2802'0000         Data  ??  <internal module>
__exit                  0x1008'3a69   0x14  Code  ??  exit.o [53]
__iar_Fail_s            0x1008'3909   0x1c  Code  ??  xfail_s.o [50]
__iar_Memchr            0x1008'3949         Code  ??  memchr.o [52]
__iar_Memset            0x1008'12e1         Code  ??  ABImemset.o [52]
__iar_Memset4_word      0x1008'38b9         Code  ??  ABImemset48.o [52]
__iar_Memset8_word      0x1008'38b9         Code  ??  ABImemset48.o [52]
__iar_Memset_word       0x1008'12e9         Code  ??  ABImemset.o [52]
__iar_Strchr            0x1008'38f1         Code  ??  strchr.o [52]
__iar_data_init3        0x1008'59c9   0x18  Code  ??  data_init.o [52]
__iar_frexp             0x1008'39ad         Code  ??  frexp.o [51]
__iar_frexpl            0x1008'39ad         Code  ??  frexp.o [51]
__iar_init_vfp          0x1008'59f5         Code  ??  fpinit_M.o [51]
__iar_lz77_init_single3
                        0x1008'1347   0x7e  Code  ??  lz77_init_single.o [52]
__iar_program_start     0x1008'5b0d         Code  ??  cstartup_M.o [52]
__iar_softfp___iar_frexp64
                        0x1008'39a1         Code  ??  frexp.o [51]
__iar_softfp_frexp      0x1008'39a1         Code  ??  frexp.o [51]
__iar_softfp_frexpl     0x1008'39a1         Code  ??  frexp.o [51]
__iar_zero_init3        0x1008'5991   0x38  Code  ??  zero_init3.o [52]
__low_level_init        0x1008'5ac1         Code  ??  startup_cm7.o [31]
__ramVectors            0x2802'0b80         Data  ??  startup_cm7.o [31]
__vector_table          0x1008'0000         Data  ??  startup_cm7.o [31]
__vector_table_0x1c     0x1008'001c         Data  ??  startup_cm7.o [31]
__write                 0x1008'11fb   0x12  Code  ??  zf_common_debug.o [46]
_call_main              0x1008'5aad         Code  ??  cmain.o [52]
_exit                   0x1008'5ac9         Code  ??  cexit.o [52]
abort                   0x1008'3a63    0x6  Code  ??  abort.o [50]
assert_interrupt_config
                        0x1008'24e1    0xc  Code  ??  zf_common_interrupt.o [46]
clock_init              0x1008'577d   0x16  Code  ??  zf_common_clock.o [46]
cy_assertFileName       0x2802'0a8c   0x18  Data  ??  cy_syslib.o [36]
cy_assertLine           0x2802'0ae8    0x4  Data  ??  cy_syslib.o [36]
cy_delay32kMs           0x2802'0b00    0x4  Data  ??  system_tviibh4m_cm7.o [22]
cy_delayFreqHz          0x2802'0af4    0x4  Data  ??  system_tviibh4m_cm7.o [22]
cy_delayFreqKhz         0x2802'0af8    0x4  Data  ??  system_tviibh4m_cm7.o [22]
cy_delayFreqMhz         0x2802'0afc    0x4  Data  ??  system_tviibh4m_cm7.o [22]
cy_faultFrame           0x2802'09d4   0x70  Data  ??  cy_syslib.o [36]
debug_assert_handler    0x1008'120d   0x3c  Code  ??  zf_common_debug.o [46]
debug_assert_handler::assert_nest_index
                        0x2802'0b21    0x1  Data  Lc  zf_common_debug.o [46]
debug_delay             0x1008'0edd   0x36  Code  Lc  zf_common_debug.o [46]
debug_info_init         0x1008'1293   0x18  Code  ??  zf_common_debug.o [46]
debug_interrupr_handler
                        0x1008'11db   0x20  Code  ??  zf_common_debug.o [46]
debug_output            0x1008'0f1f  0x2bc  Code  Lc  zf_common_debug.o [46]
debug_output_info       0x2802'0ad4   0x14  Data  Lc  zf_common_debug.o [46]
debug_output_init       0x1008'1269   0x2a  Code  ??  zf_common_debug.o [46]
debug_output_struct_init
                        0x1008'1249   0x20  Code  ??  zf_common_debug.o [46]
debug_uart_data         0x2802'0b20    0x1  Data  ??  zf_common_debug.o [46]
debug_uart_fifo         0x2802'0aa4   0x18  Data  ??  zf_common_debug.o [46]
debug_uart_str_output   0x1008'0f13    0xc  Code  Lc  zf_common_debug.o [46]
delay_clk               0x2802'0738    0x2  Data  Lc  zf_driver_delay.o [49]
divNumLocator           0x1008'5be4    0x8  Data  ??  cy_sysclk.o [33]
encoder                 0x2802'0b1a    0x2  Data  ??  motor.o [5]
encoder_clk             0x2802'06f8    0x8  Data  ??  zf_driver_encoder.o [49]
encoder_dir_init        0x1008'4687  0x188  Code  ??  zf_driver_encoder.o [49]
encoder_mode            0x2802'0b0c    0x4  Data  Lc  zf_driver_encoder.o [49]
encoder_module          0x2802'0700   0x10  Data  ??  zf_driver_encoder.o [49]
exit                    0x1008'5ac5    0x4  Code  ??  exit.o [50]
fifo_clear              0x1008'2071   0x74  Code  ??  zf_common_fifo.o [46]
fifo_end_offset         0x1008'2057   0x1a  Code  Lc  zf_common_fifo.o [46]
fifo_head_offset        0x1008'203d   0x1a  Code  Lc  zf_common_fifo.o [46]
fifo_read_buffer        0x1008'22a7  0x1a0  Code  ??  zf_common_fifo.o [46]
fifo_used               0x1008'20e5   0x22  Code  ??  zf_common_fifo.o [46]
fifo_write_buffer       0x1008'2107  0x1a0  Code  ??  zf_common_fifo.o [46]
get_ch1_hsiom           0x1008'463b   0x26  Code  Lc  zf_driver_encoder.o [49]
get_ch1_pin             0x1008'4615   0x26  Code  Lc  zf_driver_encoder.o [49]
get_ch2_pin             0x1008'4661   0x26  Code  Lc  zf_driver_encoder.o [49]
get_pwm_ch              0x1008'08f1  0x368  Code  Lc  zf_driver_pwm.o [49]
get_pwm_pin             0x1008'0215  0x368  Code  Lc  zf_driver_pwm.o [49]
get_pwm_pin_hsiom       0x1008'057d  0x36a  Code  Lc  zf_driver_pwm.o [49]
get_scb_module          0x1008'1af9   0x44  Code  ??  zf_driver_uart.o [49]
get_uart_config         0x1008'19ad  0x14c  Code  Lc  zf_driver_uart.o [49]
gnss_flag               0x2802'0b22    0x1  Data  ??  zf_device_gnss.o [48]
gnss_gga_state          0x2802'0b24    0x1  Data  Lc  zf_device_gnss.o [48]
gnss_receiver_fifo      0x2802'0abc   0x18  Data  Lc  zf_device_gnss.o [48]
gnss_rmc_state          0x2802'0b25    0x1  Data  Lc  zf_device_gnss.o [48]
gnss_state              0x2802'0b23    0x1  Data  Lc  zf_device_gnss.o [48]
gnss_ths_state          0x2802'0b26    0x1  Data  Lc  zf_device_gnss.o [48]
gnss_uart_callback      0x1008'5279   0xe2  Code  ??  zf_device_gnss.o [48]
gpio_init               0x1008'5519   0x90  Code  ??  zf_driver_gpio.o [49]
gpio_set_level          0x1008'54d1   0x48  Code  ??  zf_driver_gpio.o [49]
gps_gga_buffer          0x2802'0854   0x80  Data  Lc  zf_device_gnss.o [48]
gps_rmc_buffer          0x2802'08d4   0x80  Data  Lc  zf_device_gnss.o [48]
gps_ths_buffer          0x2802'0954   0x80  Data  Lc  zf_device_gnss.o [48]
intFreqInitialized      0x2802'0b1e    0x1  Data  ??  cy_sysclk.o [33]
internalBaseFreqInfo    0x2802'0a74   0x18  Data  ??  cy_sysclk.o [33]
interrupt_global_disable
                        0x1008'24b9   0x14  Code  ??  zf_common_interrupt.o [46]
interrupt_global_enable
                        0x1008'24a9   0x10  Code  ??  zf_common_interrupt.o [46]
interrupt_global_flag   0x2802'0b08    0x4  Data  Lc  zf_common_interrupt.o [46]
interrupt_init          0x1008'24f9   0x36  Code  ??  zf_common_interrupt.o [46]
interrupt_set_priority  0x1008'24ed    0xc  Code  ??  zf_common_interrupt.o [46]
lora_init               0x1008'5799   0x12  Code  ??  lora.o [5]
main                    0x1008'5719   0x64  Code  ??  main_cm7_0.o [45]
memchr                  0x1008'3949         Code  ??  memchr.o [52]
motor_init              0x1008'53b9   0x26  Code  ??  motor.o [5]
motor_run               0x1008'53df   0x3a  Code  ??  motor.o [5]
motor_stop              0x1008'5477   0x20  Code  ??  motor.o [5]
printf                  0x1008'55b1   0x28  Code  ??  printf.o [50]
putchar                 0x1008'5a59   0x20  Code  ??  putchar.o [50]
pwm_all_channel_close   0x1008'0c59   0x22  Code  ??  zf_driver_pwm.o [49]
pwm_init                0x1008'0cdf  0x1ec  Code  ??  zf_driver_pwm.o [49]
pwm_set_duty            0x1008'0c7b   0x64  Code  ??  zf_driver_pwm.o [49]
scale                   0x1008'3673   0x46  Code  Lc  xprintflarge_nomb.o [50]
scb_module              0x2802'0724   0x14  Data  ??  zf_driver_uart.o [49]
sec_hand                0x2802'0b10    0x4  Data  Lc  xfail_s.o [50]
sprintf                 0x1008'1ffd   0x40  Code  ??  sprintf.o [50]
strchr                  0x1008'38f1         Code  ??  strchr.o [52]
strlen                  0x1008'1fbd         Code  ??  strlen.o [52]
strncmp                 0x1008'538d   0x2a  Code  ??  strncmp.o [50]
strncpy                 0x1008'4365         Code  ??  strncpy.o [52]
system_clock            0x2802'0b04    0x4  Data  ??  zf_common_clock.o [46]
system_delay_init       0x1008'4b3f   0xb6  Code  ??  zf_driver_delay.o [49]
timer_ch                0x2802'073b    0x1  Data  Lc  zf_driver_delay.o [49]
type_default_callback   0x1008'5ca9    0x2  Code  Lc  zf_device_type.o [48]
uart0_isr               0x1008'512d   0x40  Code  ??  cm7_0_isr.o [45]
uart1_isr               0x1008'516d   0x42  Code  ??  cm7_0_isr.o [45]
uart2_isr               0x1008'51af   0x40  Code  ??  cm7_0_isr.o [45]
uart3_isr               0x1008'51ef   0x3c  Code  ??  cm7_0_isr.o [45]
uart4_isr               0x1008'522b   0x42  Code  ??  cm7_0_isr.o [45]
uart_context            0x2802'073c  0x118  Data  ??  zf_driver_uart.o [49]
uart_init               0x1008'1deb  0x18e  Code  ??  zf_driver_uart.o [49]
uart_isr_func           0x2802'0710   0x14  Data  ??  zf_driver_uart.o [49]
uart_query_byte         0x1008'1b9f   0x32  Code  ??  zf_driver_uart.o [49]
uart_receiver_handler   0x2802'06f4    0x4  Data  ??  zf_device_type.o [48]
uart_rx_interrupt       0x1008'1ced   0xfe  Code  ??  zf_driver_uart.o [49]
uart_tx_interrupt       0x1008'1bd1  0x11c  Code  ??  zf_driver_uart.o [49]
uart_write_buffer       0x1008'1b65   0x1e  Code  ??  zf_driver_uart.o [49]
uart_write_byte         0x1008'1b3d   0x28  Code  ??  zf_driver_uart.o [49]
uart_write_string       0x1008'1b83   0x1c  Code  ??  zf_driver_uart.o [49]
wireless_module_uart_handler
                        0x2802'06f0    0x4  Data  ??  zf_device_type.o [48]
zf_debug_assert_enable  0x2802'073a    0x1  Data  Lc  zf_common_debug.o [46]
zf_debug_init_flag      0x2802'0b1f    0x1  Data  Lc  zf_common_debug.o [46]


[1] = E:\桌面\ok\963ra-\project\iar\Debug_m7_0\Obj\adc_11722776235721520015.dir
[2] = E:\桌面\ok\963ra-\project\iar\Debug_m7_0\Obj\audioss_1346650047966882938.dir
[3] = E:\桌面\ok\963ra-\project\iar\Debug_m7_0\Obj\button_4990804375159372270.dir
[4] = E:\桌面\ok\963ra-\project\iar\Debug_m7_0\Obj\canfd_1800690984773873875.dir
[5] = E:\桌面\ok\963ra-\project\iar\Debug_m7_0\Obj\code_17896468042025673432.dir
[6] = E:\桌面\ok\963ra-\project\iar\Debug_m7_0\Obj\cpu_15938736945165268644.dir
[7] = E:\桌面\ok\963ra-\project\iar\Debug_m7_0\Obj\crypto_1190170608956581615.dir
[8] = E:\桌面\ok\963ra-\project\iar\Debug_m7_0\Obj\dma_12106025507578611576.dir
[9] = E:\桌面\ok\963ra-\project\iar\Debug_m7_0\Obj\eth_phy_18133017486186456677.dir
[10] = E:\桌面\ok\963ra-\project\iar\Debug_m7_0\Obj\ethernet_6029839089178797009.dir
[11] = E:\桌面\ok\963ra-\project\iar\Debug_m7_0\Obj\evtgen_3404189088603873129.dir
[12] = E:\桌面\ok\963ra-\project\iar\Debug_m7_0\Obj\flash_8529866181315662935.dir
[13] = E:\桌面\ok\963ra-\project\iar\Debug_m7_0\Obj\flash_864493325053435817.dir
[14] = E:\桌面\ok\963ra-\project\iar\Debug_m7_0\Obj\gpio_3999404635324069351.dir
[15] = E:\桌面\ok\963ra-\project\iar\Debug_m7_0\Obj\ipc_10145506163450686023.dir
[16] = E:\桌面\ok\963ra-\project\iar\Debug_m7_0\Obj\lin_18429031207028094880.dir
[17] = E:\桌面\ok\963ra-\project\iar\Debug_m7_0\Obj\lvd_6353935867039560245.dir
[18] = E:\桌面\ok\963ra-\project\iar\Debug_m7_0\Obj\mcwdt_4052485907822033969.dir
[19] = E:\桌面\ok\963ra-\project\iar\Debug_m7_0\Obj\mpu_5663187252346826382.dir
[20] = E:\桌面\ok\963ra-\project\iar\Debug_m7_0\Obj\power_14453085144426420577.dir
[21] = E:\桌面\ok\963ra-\project\iar\Debug_m7_0\Obj\prot_10722960861768657883.dir
[22] = E:\桌面\ok\963ra-\project\iar\Debug_m7_0\Obj\rev_b_4986922561640112550.dir
[23] = E:\桌面\ok\963ra-\project\iar\Debug_m7_0\Obj\rev_b_6162237342861132223.dir
[24] = E:\桌面\ok\963ra-\project\iar\Debug_m7_0\Obj\scb_15490842639181808494.dir
[25] = E:\桌面\ok\963ra-\project\iar\Debug_m7_0\Obj\sd_host_2982766354293506895.dir
[26] = E:\桌面\ok\963ra-\project\iar\Debug_m7_0\Obj\semihosting_143864889731838620.dir
[27] = E:\桌面\ok\963ra-\project\iar\Debug_m7_0\Obj\smartio_5451710003740070188.dir
[28] = E:\桌面\ok\963ra-\project\iar\Debug_m7_0\Obj\smif_427648126384146252.dir
[29] = E:\桌面\ok\963ra-\project\iar\Debug_m7_0\Obj\smif_mem_6470536964353725183.dir
[30] = E:\桌面\ok\963ra-\project\iar\Debug_m7_0\Obj\srom_13018798572330080582.dir
[31] = E:\桌面\ok\963ra-\project\iar\Debug_m7_0\Obj\startup_479057977785470282.dir
[32] = E:\桌面\ok\963ra-\project\iar\Debug_m7_0\Obj\sw_timer_4215635015939382130.dir
[33] = E:\桌面\ok\963ra-\project\iar\Debug_m7_0\Obj\sysclk_16149231235676103872.dir
[34] = E:\桌面\ok\963ra-\project\iar\Debug_m7_0\Obj\sysflt_12293435975120599261.dir
[35] = E:\桌面\ok\963ra-\project\iar\Debug_m7_0\Obj\sysint_7435970359207984181.dir
[36] = E:\桌面\ok\963ra-\project\iar\Debug_m7_0\Obj\syslib_16330585751512546975.dir
[37] = E:\桌面\ok\963ra-\project\iar\Debug_m7_0\Obj\syspm_10887939769544754770.dir
[38] = E:\桌面\ok\963ra-\project\iar\Debug_m7_0\Obj\sysreghc_17676636058511625587.dir
[39] = E:\桌面\ok\963ra-\project\iar\Debug_m7_0\Obj\sysreset_14586141425677365288.dir
[40] = E:\桌面\ok\963ra-\project\iar\Debug_m7_0\Obj\sysrtc_10747768817563771611.dir
[41] = E:\桌面\ok\963ra-\project\iar\Debug_m7_0\Obj\systick_16016591671695740695.dir
[42] = E:\桌面\ok\963ra-\project\iar\Debug_m7_0\Obj\syswdt_9118657615806274156.dir
[43] = E:\桌面\ok\963ra-\project\iar\Debug_m7_0\Obj\tcpwm_422923530147891246.dir
[44] = E:\桌面\ok\963ra-\project\iar\Debug_m7_0\Obj\trigmux_9729677290734583340.dir
[45] = E:\桌面\ok\963ra-\project\iar\Debug_m7_0\Obj\user_8514941877209965082.dir
[46] = E:\桌面\ok\963ra-\project\iar\Debug_m7_0\Obj\zf_common_1201165462030747823.dir
[47] = E:\桌面\ok\963ra-\project\iar\Debug_m7_0\Obj\zf_components_14936052685886095442.dir
[48] = E:\桌面\ok\963ra-\project\iar\Debug_m7_0\Obj\zf_device_6570275422786408770.dir
[49] = E:\桌面\ok\963ra-\project\iar\Debug_m7_0\Obj\zf_driver_11922370083829174090.dir
[50] = dl7M_tln.a
[51] = m7M_tlv.a
[52] = rt7M_tl.a
[53] = shb_l.a
[54] = zf_device_config.a

  22'902 bytes of readonly  code memory
     921 bytes of readonly  data memory
  11'175 bytes of readwrite data memory

Errors: none
Warnings: none
