###############################################################################
#
# IAR ELF Linker V9.50.1.380/W64 for ARM                  31/May/2024  21:52:19
# Copyright 2007-2023 IAR Systems AB.
#
#    Output file  =
#        E:\project\smart
#        car\ok\963ra-\project\iar\Debug_m7_0\Exe\cyt4bb7_cm_7_0.out
#    Map file     =
#        E:\project\smart
#        car\ok\963ra-\project\iar\Debug_m7_0\List\cyt4bb7_cm_7_0.map
#    Command line =
#        -f "E:\project\smart
#        car\ok\963ra-\project\iar\Debug_m7_0\Exe\cyt4bb7_cm_7_0.out.rsp"
#        ("E:\project\smart
#        car\ok\963ra-\project\iar\Debug_m7_0\Obj\code_17896468042025673432.dir\Algorithm.o"
#        "E:\project\smart
#        car\ok\963ra-\project\iar\Debug_m7_0\Obj\user_8514941877209965082.dir\cm7_0_isr.o"
#        "E:\project\smart
#        car\ok\963ra-\project\iar\Debug_m7_0\Obj\code_17896468042025673432.dir\Common_Peripherals.o"
#        "E:\project\smart
#        car\ok\963ra-\project\iar\Debug_m7_0\Obj\adc_11722776235721520015.dir\cy_adc.o"
#        "E:\project\smart
#        car\ok\963ra-\project\iar\Debug_m7_0\Obj\button_4990804375159372270.dir\cy_button.o"
#        "E:\project\smart
#        car\ok\963ra-\project\iar\Debug_m7_0\Obj\canfd_1800690984773873875.dir\cy_canfd.o"
#        "E:\project\smart
#        car\ok\963ra-\project\iar\Debug_m7_0\Obj\cpu_15938736945165268644.dir\cy_cpu.o"
#        "E:\project\smart
#        car\ok\963ra-\project\iar\Debug_m7_0\Obj\crypto_1190170608956581615.dir\cy_crypto_config.o"
#        "E:\project\smart
#        car\ok\963ra-\project\iar\Debug_m7_0\Obj\eth_phy_18133017486186456677.dir\cy_dp83867.o"
#        "E:\project\smart
#        car\ok\963ra-\project\iar\Debug_m7_0\Obj\ethernet_6029839089178797009.dir\cy_ethif.o"
#        "E:\project\smart
#        car\ok\963ra-\project\iar\Debug_m7_0\Obj\evtgen_3404189088603873129.dir\cy_evtgen.o"
#        "E:\project\smart
#        car\ok\963ra-\project\iar\Debug_m7_0\Obj\flash_8529866181315662935.dir\cy_flash.o"
#        "E:\project\smart
#        car\ok\963ra-\project\iar\Debug_m7_0\Obj\gpio_3999404635324069351.dir\cy_gpio.o"
#        "E:\project\smart
#        car\ok\963ra-\project\iar\Debug_m7_0\Obj\audioss_1346650047966882938.dir\cy_i2s.o"
#        "E:\project\smart
#        car\ok\963ra-\project\iar\Debug_m7_0\Obj\rev_b_6162237342861132223.dir\cy_interrupt_map.o"
#        "E:\project\smart
#        car\ok\963ra-\project\iar\Debug_m7_0\Obj\ipc_10145506163450686023.dir\cy_ipc_drv.o"
#        "E:\project\smart
#        car\ok\963ra-\project\iar\Debug_m7_0\Obj\ipc_10145506163450686023.dir\cy_ipc_pipe.o"
#        "E:\project\smart
#        car\ok\963ra-\project\iar\Debug_m7_0\Obj\ipc_10145506163450686023.dir\cy_ipc_sema.o"
#        "E:\project\smart
#        car\ok\963ra-\project\iar\Debug_m7_0\Obj\lin_18429031207028094880.dir\cy_lin.o"
#        "E:\project\smart
#        car\ok\963ra-\project\iar\Debug_m7_0\Obj\lvd_6353935867039560245.dir\cy_lvd.o"
#        "E:\project\smart
#        car\ok\963ra-\project\iar\Debug_m7_0\Obj\mcwdt_4052485907822033969.dir\cy_mcwdt.o"
#        "E:\project\smart
#        car\ok\963ra-\project\iar\Debug_m7_0\Obj\dma_12106025507578611576.dir\cy_mdma.o"
#        "E:\project\smart
#        car\ok\963ra-\project\iar\Debug_m7_0\Obj\mpu_5663187252346826382.dir\cy_mpu.o"
#        "E:\project\smart
#        car\ok\963ra-\project\iar\Debug_m7_0\Obj\flash_864493325053435817.dir\cy_mw_flash.o"
#        "E:\project\smart
#        car\ok\963ra-\project\iar\Debug_m7_0\Obj\dma_12106025507578611576.dir\cy_pdma.o"
#        "E:\project\smart
#        car\ok\963ra-\project\iar\Debug_m7_0\Obj\power_14453085144426420577.dir\cy_power.o"
#        "E:\project\smart
#        car\ok\963ra-\project\iar\Debug_m7_0\Obj\prot_10722960861768657883.dir\cy_prot.o"
#        "E:\project\smart
#        car\ok\963ra-\project\iar\Debug_m7_0\Obj\scb_15490842639181808494.dir\cy_scb_common.o"
#        "E:\project\smart
#        car\ok\963ra-\project\iar\Debug_m7_0\Obj\scb_15490842639181808494.dir\cy_scb_ezi2c.o"
#        "E:\project\smart
#        car\ok\963ra-\project\iar\Debug_m7_0\Obj\scb_15490842639181808494.dir\cy_scb_i2c.o"
#        "E:\project\smart
#        car\ok\963ra-\project\iar\Debug_m7_0\Obj\scb_15490842639181808494.dir\cy_scb_spi.o"
#        "E:\project\smart
#        car\ok\963ra-\project\iar\Debug_m7_0\Obj\scb_15490842639181808494.dir\cy_scb_uart.o"
#        "E:\project\smart
#        car\ok\963ra-\project\iar\Debug_m7_0\Obj\sd_host_2982766354293506895.dir\cy_sd_host.o"
#        "E:\project\smart
#        car\ok\963ra-\project\iar\Debug_m7_0\Obj\semihosting_143864889731838620.dir\cy_semihosting.o"
#        "E:\project\smart
#        car\ok\963ra-\project\iar\Debug_m7_0\Obj\smartio_5451710003740070188.dir\cy_smartio.o"
#        "E:\project\smart
#        car\ok\963ra-\project\iar\Debug_m7_0\Obj\smif_427648126384146252.dir\cy_smif.o"
#        "E:\project\smart
#        car\ok\963ra-\project\iar\Debug_m7_0\Obj\smif_mem_6470536964353725183.dir\cy_smif_device_common.o"
#        "E:\project\smart
#        car\ok\963ra-\project\iar\Debug_m7_0\Obj\smif_mem_6470536964353725183.dir\cy_smif_hb_flash.o"
#        "E:\project\smart
#        car\ok\963ra-\project\iar\Debug_m7_0\Obj\smif_427648126384146252.dir\cy_smif_memslot.o"
#        "E:\project\smart
#        car\ok\963ra-\project\iar\Debug_m7_0\Obj\smif_mem_6470536964353725183.dir\cy_smif_s25fl.o"
#        "E:\project\smart
#        car\ok\963ra-\project\iar\Debug_m7_0\Obj\smif_mem_6470536964353725183.dir\cy_smif_s25fs.o"
#        "E:\project\smart
#        car\ok\963ra-\project\iar\Debug_m7_0\Obj\smif_mem_6470536964353725183.dir\cy_smif_semp.o"
#        "E:\project\smart
#        car\ok\963ra-\project\iar\Debug_m7_0\Obj\smif_427648126384146252.dir\cy_smif_ver_specific.o"
#        "E:\project\smart
#        car\ok\963ra-\project\iar\Debug_m7_0\Obj\srom_13018798572330080582.dir\cy_srom.o"
#        "E:\project\smart
#        car\ok\963ra-\project\iar\Debug_m7_0\Obj\sw_timer_4215635015939382130.dir\cy_sw_tmr.o"
#        "E:\project\smart
#        car\ok\963ra-\project\iar\Debug_m7_0\Obj\sysclk_16149231235676103872.dir\cy_sysclk.o"
#        "E:\project\smart
#        car\ok\963ra-\project\iar\Debug_m7_0\Obj\sysflt_12293435975120599261.dir\cy_sysflt.o"
#        "E:\project\smart
#        car\ok\963ra-\project\iar\Debug_m7_0\Obj\sysint_7435970359207984181.dir\cy_sysint.o"
#        "E:\project\smart
#        car\ok\963ra-\project\iar\Debug_m7_0\Obj\syslib_16330585751512546975.dir\cy_syslib.o"
#        "E:\project\smart
#        car\ok\963ra-\project\iar\Debug_m7_0\Obj\syslib_16330585751512546975.dir\cy_syslib_iar.o"
#        "E:\project\smart
#        car\ok\963ra-\project\iar\Debug_m7_0\Obj\syspm_10887939769544754770.dir\cy_syspm.o"
#        "E:\project\smart
#        car\ok\963ra-\project\iar\Debug_m7_0\Obj\sysreghc_17676636058511625587.dir\cy_sysreghc.o"
#        "E:\project\smart
#        car\ok\963ra-\project\iar\Debug_m7_0\Obj\sysreset_14586141425677365288.dir\cy_sysreset.o"
#        "E:\project\smart
#        car\ok\963ra-\project\iar\Debug_m7_0\Obj\sysrtc_10747768817563771611.dir\cy_sysrtc.o"
#        "E:\project\smart
#        car\ok\963ra-\project\iar\Debug_m7_0\Obj\systick_16016591671695740695.dir\cy_systick.o"
#        "E:\project\smart
#        car\ok\963ra-\project\iar\Debug_m7_0\Obj\syswdt_9118657615806274156.dir\cy_syswdt.o"
#        "E:\project\smart
#        car\ok\963ra-\project\iar\Debug_m7_0\Obj\tcpwm_422923530147891246.dir\cy_tcpwm.o"
#        "E:\project\smart
#        car\ok\963ra-\project\iar\Debug_m7_0\Obj\tcpwm_422923530147891246.dir\cy_tcpwm_counter.o"
#        "E:\project\smart
#        car\ok\963ra-\project\iar\Debug_m7_0\Obj\tcpwm_422923530147891246.dir\cy_tcpwm_pwm.o"
#        "E:\project\smart
#        car\ok\963ra-\project\iar\Debug_m7_0\Obj\tcpwm_422923530147891246.dir\cy_tcpwm_quaddec.o"
#        "E:\project\smart
#        car\ok\963ra-\project\iar\Debug_m7_0\Obj\tcpwm_422923530147891246.dir\cy_tcpwm_sr.o"
#        "E:\project\smart
#        car\ok\963ra-\project\iar\Debug_m7_0\Obj\trigmux_9729677290734583340.dir\cy_trigmux.o"
#        "E:\project\smart
#        car\ok\963ra-\project\iar\Debug_m7_0\Obj\ethernet_6029839089178797009.dir\edd.o"
#        "E:\project\smart
#        car\ok\963ra-\project\iar\Debug_m7_0\Obj\ethernet_6029839089178797009.dir\edd_rx.o"
#        "E:\project\smart
#        car\ok\963ra-\project\iar\Debug_m7_0\Obj\ethernet_6029839089178797009.dir\edd_tx.o"
#        "E:\project\smart
#        car\ok\963ra-\project\iar\Debug_m7_0\Obj\code_17896468042025673432.dir\GL_CRC.o"
#        "E:\project\smart
#        car\ok\963ra-\project\iar\Debug_m7_0\Obj\code_17896468042025673432.dir\GPS.o"
#        "E:\project\smart
#        car\ok\963ra-\project\iar\Debug_m7_0\Obj\code_17896468042025673432.dir\IMU.o"
#        "E:\project\smart
#        car\ok\963ra-\project\iar\Debug_m7_0\Obj\code_17896468042025673432.dir\lora.o"
#        "E:\project\smart
#        car\ok\963ra-\project\iar\Debug_m7_0\Obj\user_8514941877209965082.dir\main_cm7_0.o"
#        "E:\project\smart
#        car\ok\963ra-\project\iar\Debug_m7_0\Obj\code_17896468042025673432.dir\motor.o"
#        "E:\project\smart
#        car\ok\963ra-\project\iar\Debug_m7_0\Obj\code_17896468042025673432.dir\move.o"
#        "E:\project\smart
#        car\ok\963ra-\project\iar\Debug_m7_0\Obj\code_17896468042025673432.dir\position_calculation.o"
#        "E:\project\smart
#        car\ok\963ra-\project\iar\Debug_m7_0\Obj\zf_components_14936052685886095442.dir\seekfree_assistant.o"
#        "E:\project\smart
#        car\ok\963ra-\project\iar\Debug_m7_0\Obj\zf_components_14936052685886095442.dir\seekfree_assistant_interface.o"
#        "E:\project\smart
#        car\ok\963ra-\project\iar\Debug_m7_0\Obj\startup_479057977785470282.dir\startup.o"
#        "E:\project\smart
#        car\ok\963ra-\project\iar\Debug_m7_0\Obj\startup_479057977785470282.dir\startup_cm7.o"
#        "E:\project\smart
#        car\ok\963ra-\project\iar\Debug_m7_0\Obj\rev_b_4986922561640112550.dir\system_tviibh4m_cm7.o"
#        "E:\project\smart
#        car\ok\963ra-\project\iar\Debug_m7_0\Obj\code_17896468042025673432.dir\TJC.o"
#        "E:\project\smart
#        car\ok\963ra-\project\iar\Debug_m7_0\Obj\code_17896468042025673432.dir\turn.o"
#        "E:\project\smart
#        car\ok\963ra-\project\iar\Debug_m7_0\Obj\code_17896468042025673432.dir\voice.o"
#        "E:\project\smart
#        car\ok\963ra-\project\iar\Debug_m7_0\Obj\zf_common_1201165462030747823.dir\zf_common_clock.o"
#        "E:\project\smart
#        car\ok\963ra-\project\iar\Debug_m7_0\Obj\zf_common_1201165462030747823.dir\zf_common_debug.o"
#        "E:\project\smart
#        car\ok\963ra-\project\iar\Debug_m7_0\Obj\zf_common_1201165462030747823.dir\zf_common_fifo.o"
#        "E:\project\smart
#        car\ok\963ra-\project\iar\Debug_m7_0\Obj\zf_common_1201165462030747823.dir\zf_common_font.o"
#        "E:\project\smart
#        car\ok\963ra-\project\iar\Debug_m7_0\Obj\zf_common_1201165462030747823.dir\zf_common_function.o"
#        "E:\project\smart
#        car\ok\963ra-\project\iar\Debug_m7_0\Obj\zf_common_1201165462030747823.dir\zf_common_interrupt.o"
#        "E:\project\smart
#        car\ok\963ra-\project\iar\Debug_m7_0\Obj\zf_device_6570275422786408770.dir\zf_device_absolute_encoder.o"
#        "E:\project\smart
#        car\ok\963ra-\project\iar\Debug_m7_0\Obj\zf_device_6570275422786408770.dir\zf_device_bluetooth_ch9141.o"
#        "E:\project\smart
#        car\ok\963ra-\project\iar\Debug_m7_0\Obj\zf_device_6570275422786408770.dir\zf_device_dl1a.o"
#        "E:\project\smart
#        car\ok\963ra-\project\iar\Debug_m7_0\Obj\zf_device_6570275422786408770.dir\zf_device_dl1b.o"
#        "E:\project\smart
#        car\ok\963ra-\project\iar\Debug_m7_0\Obj\zf_device_6570275422786408770.dir\zf_device_gnss.o"
#        "E:\project\smart
#        car\ok\963ra-\project\iar\Debug_m7_0\Obj\zf_device_6570275422786408770.dir\zf_device_icm20602.o"
#        "E:\project\smart
#        car\ok\963ra-\project\iar\Debug_m7_0\Obj\zf_device_6570275422786408770.dir\zf_device_imu660ra.o"
#        "E:\project\smart
#        car\ok\963ra-\project\iar\Debug_m7_0\Obj\zf_device_6570275422786408770.dir\zf_device_imu963ra.o"
#        "E:\project\smart
#        car\ok\963ra-\project\iar\Debug_m7_0\Obj\zf_device_6570275422786408770.dir\zf_device_ips114.o"
#        "E:\project\smart
#        car\ok\963ra-\project\iar\Debug_m7_0\Obj\zf_device_6570275422786408770.dir\zf_device_ips200.o"
#        "E:\project\smart
#        car\ok\963ra-\project\iar\Debug_m7_0\Obj\zf_device_6570275422786408770.dir\zf_device_key.o"
#        "E:\project\smart
#        car\ok\963ra-\project\iar\Debug_m7_0\Obj\zf_device_6570275422786408770.dir\zf_device_mpu6050.o"
#        "E:\project\smart
#        car\ok\963ra-\project\iar\Debug_m7_0\Obj\zf_device_6570275422786408770.dir\zf_device_oled.o"
#        "E:\project\smart
#        car\ok\963ra-\project\iar\Debug_m7_0\Obj\zf_device_6570275422786408770.dir\zf_device_tft180.o"
#        "E:\project\smart
#        car\ok\963ra-\project\iar\Debug_m7_0\Obj\zf_device_6570275422786408770.dir\zf_device_tsl1401.o"
#        "E:\project\smart
#        car\ok\963ra-\project\iar\Debug_m7_0\Obj\zf_device_6570275422786408770.dir\zf_device_type.o"
#        "E:\project\smart
#        car\ok\963ra-\project\iar\Debug_m7_0\Obj\zf_device_6570275422786408770.dir\zf_device_uart_receiver.o"
#        "E:\project\smart
#        car\ok\963ra-\project\iar\Debug_m7_0\Obj\zf_device_6570275422786408770.dir\zf_device_virtual_oscilloscope.o"
#        "E:\project\smart
#        car\ok\963ra-\project\iar\Debug_m7_0\Obj\zf_device_6570275422786408770.dir\zf_device_wifi_spi.o"
#        "E:\project\smart
#        car\ok\963ra-\project\iar\Debug_m7_0\Obj\zf_device_6570275422786408770.dir\zf_device_wifi_uart.o"
#        "E:\project\smart
#        car\ok\963ra-\project\iar\Debug_m7_0\Obj\zf_device_6570275422786408770.dir\zf_device_wireless_uart.o"
#        "E:\project\smart
#        car\ok\963ra-\project\iar\Debug_m7_0\Obj\zf_driver_11922370083829174090.dir\zf_driver_adc.o"
#        "E:\project\smart
#        car\ok\963ra-\project\iar\Debug_m7_0\Obj\zf_driver_11922370083829174090.dir\zf_driver_delay.o"
#        "E:\project\smart
#        car\ok\963ra-\project\iar\Debug_m7_0\Obj\zf_driver_11922370083829174090.dir\zf_driver_dma.o"
#        "E:\project\smart
#        car\ok\963ra-\project\iar\Debug_m7_0\Obj\zf_driver_11922370083829174090.dir\zf_driver_encoder.o"
#        "E:\project\smart
#        car\ok\963ra-\project\iar\Debug_m7_0\Obj\zf_driver_11922370083829174090.dir\zf_driver_exti.o"
#        "E:\project\smart
#        car\ok\963ra-\project\iar\Debug_m7_0\Obj\zf_driver_11922370083829174090.dir\zf_driver_flash.o"
#        "E:\project\smart
#        car\ok\963ra-\project\iar\Debug_m7_0\Obj\zf_driver_11922370083829174090.dir\zf_driver_gpio.o"
#        "E:\project\smart
#        car\ok\963ra-\project\iar\Debug_m7_0\Obj\zf_driver_11922370083829174090.dir\zf_driver_ipc.o"
#        "E:\project\smart
#        car\ok\963ra-\project\iar\Debug_m7_0\Obj\zf_driver_11922370083829174090.dir\zf_driver_pit.o"
#        "E:\project\smart
#        car\ok\963ra-\project\iar\Debug_m7_0\Obj\zf_driver_11922370083829174090.dir\zf_driver_pwm.o"
#        "E:\project\smart
#        car\ok\963ra-\project\iar\Debug_m7_0\Obj\zf_driver_11922370083829174090.dir\zf_driver_soft_iic.o"
#        "E:\project\smart
#        car\ok\963ra-\project\iar\Debug_m7_0\Obj\zf_driver_11922370083829174090.dir\zf_driver_soft_spi.o"
#        "E:\project\smart
#        car\ok\963ra-\project\iar\Debug_m7_0\Obj\zf_driver_11922370083829174090.dir\zf_driver_spi.o"
#        "E:\project\smart
#        car\ok\963ra-\project\iar\Debug_m7_0\Obj\zf_driver_11922370083829174090.dir\zf_driver_timer.o"
#        "E:\project\smart
#        car\ok\963ra-\project\iar\Debug_m7_0\Obj\zf_driver_11922370083829174090.dir\zf_driver_uart.o"
#        --no_out_extension -o "E:\project\smart
#        car\ok\963ra-\project\iar\Debug_m7_0\Exe\cyt4bb7_cm_7_0.out"
#        --config_def _CORE_cm7_0_=0 --config_def _LINK_flash_=0 --map
#        "E:\project\smart
#        car\ok\963ra-\project\iar\Debug_m7_0\List\cyt4bb7_cm_7_0.map" --config
#        "E:\project\smart
#        car\ok\963ra-\project\iar\project_config\..\icf\linker_directives_tviibh.icf"
#        --semihosting "E:\project\smart
#        car\ok\963ra-\project\iar\project_config\..\..\..\libraries\sdk\tviibh4m\src\drivers\crypto\libs\libcrypto_server_cm0plus_iar.a"
#        "E:\project\smart
#        car\ok\963ra-\project\iar\project_config\..\..\..\libraries\zf_device\zf_device_config.a"
#        "E:\project\smart
#        car\ok\963ra-\project\iar\project_config\..\..\..\libraries\sdk\common\hdr\cmsis\dsp\iar_cortexM7lf_math.a"
#        --entry __iar_program_start --vfe --text_out locale --cpu=Cortex-M7
#        --fpu=VFPv5_d16) --dependencies=n "E:\project\smart
#        car\ok\963ra-\project\iar\Debug_m7_0\Exe\cyt4bb7_cm_7_0.out.iar_deps"
#
###############################################################################

*******************************************************************************
*** RUNTIME MODEL ATTRIBUTES
***

CppFlavor       = *
__CPP_Runtime   = 1
__SystemLibrary = DLib
__dlib_version  = 6


*******************************************************************************
*** HEAP SELECTION
***

The basic heap was selected because --advanced_heap
was not specified and the application did not appear to
be primarily optimized for speed.


*******************************************************************************
*** PLACEMENT SUMMARY
***

"A0":  place at start of [from 0x1008'0000 to 0x1027'ffff] { section .intvec };
"P1":  place in [from 0x1008'0000 to 0x1027'ffff] { ro };
"P2":  place in [from 0x2802'0000 to 0x2807'ffff] { rw };
define block HEAP with size = 1K, alignment = 8 { };
define block CSTACK with size = 8K, alignment = 8 { };
define block HEAP_STACK { block HEAP, last block CSTACK };
"A1":  place at end of [from 0x2802'0000 to 0x2807'ffff] { block HEAP_STACK };
do not initialize { section .intvec_ram };
initialize by copy { rw };

No sections matched the following patterns:

  ro section .sflash_app_prot  in "P6"
  ro section .sflash_nar       in "P4"
  ro section .sflash_pkey      in "P5"
  ro section .sflash_toc2      in "P7"
  ro section .sflash_uf_rows   in "P3"
  ro section .work_flash       in "P8"


  Section            Kind         Address  Aligment    Size  Object
  -------            ----         -------  --------    ----  ------
"A0":                                                  0x80
  .intvec            ro code  0x1008'0000       128    0x80  startup_cm7.o [31]
                            - 0x1008'0080              0x80

"P1":                                                0x9cf2
  .text              ro code  0x1008'0080         4   0xe5c  zf_driver_pwm.o [49]
  .text              ro code  0x1008'0edc         4   0x428  zf_common_debug.o [46]
  .text              ro code  0x1008'1304         4    0x66  ABImemset.o [52]
  .text              ro code  0x1008'136a         2    0x7e  lz77_init_single.o [52]
  .text              ro code  0x1008'13e8         4   0x194  cy_gpio.o [14]
  .text              ro code  0x1008'157c         4   0x1fe  cy_tcpwm_pwm.o [43]
  .text              ro code  0x1008'177a         2     0xe  cy_tcpwm.o [43]
  .text              ro code  0x1008'1788         4   0x858  zf_driver_uart.o [49]
  .text              ro code  0x1008'1fe0         4    0x36  strlen.o [52]
  .text              ro code  0x1008'2016         2     0xa  xsprout.o [50]
  .text              ro code  0x1008'2020         4    0x40  sprintf.o [50]
  .text              ro code  0x1008'2060         4   0x448  zf_common_fifo.o [46]
  .text              ro code  0x1008'24a8         4    0xe2  zf_common_interrupt.o [46]
  .text              ro code  0x1008'258c         4     0x6  ABImemclr4.o [52]
  .text              ro code  0x1008'2594         4   0x230  I64DivMod.o [52]
  .text              ro code  0x1008'27c4         4   0x2e8  cy_scb_uart.o [24]
  .text              ro code  0x1008'2aac         4   0xd16  xprintflarge_nomb.o [50]
  .text              ro code  0x1008'37c4         4    0xa6  ABImemcpy.o [52]
  .text              ro code  0x1008'386c         4    0xa8  cy_sysint.o [35]
  .text              ro code  0x1008'3914         4    0x32  ABImemset48.o [52]
  .text              ro code  0x1008'3948         4     0x2  I64DivZer.o [52]
  .text              ro code  0x1008'394c         4    0x16  strchr.o [52]
  .text              ro code  0x1008'3964         4    0x40  xfail_s.o [50]
  .text              ro code  0x1008'39a4         4    0x58  memchr.o [52]
  .text              ro code  0x1008'39fc         4    0x70  frexp.o [51]
  .text              ro code  0x1008'3a6c         2    0x12  DblDiv.o [51]
  .text              ro code  0x1008'3a7e         2     0xe  DblToU32.o [51]
  .text              ro code  0x1008'3a8c         2     0xe  U32ToDbl.o [51]
  .text              ro code  0x1008'3a9a         2    0x12  DblSub.o [51]
  .text              ro code  0x1008'3aac         2    0x12  DblMul.o [51]
  .text              ro code  0x1008'3abe         2     0x6  abort.o [50]
  .text              ro code  0x1008'3ac4         4    0x14  exit.o [53]
  .text              ro code  0x1008'3ad8         4   0xa78  zf_device_gnss.o [48]
  .text              ro code  0x1008'4550         4    0x70  strncpy.o [52]
  .text              ro code  0x1008'45c0         4   0x1bc  zf_common_function.o [46]
  .text              ro code  0x1008'477c         4   0x2f4  cos_sin64.o [51]
  .text              ro code  0x1008'4a70         4    0x1e  sqrt.o [51]
  .text              ro code  0x1008'4a90         8    0x88  asin.o [51]
  .text              ro code  0x1008'4b18         4    0x7e  atan2.o [51]
  .text              ro code  0x1008'4b96         2    0x2a  strncmp.o [50]
  .text              ro code  0x1008'4bc0         4   0x2cc  zf_driver_delay.o [49]
  .rodata            const    0x1008'4e8c         4    0x44  zf_common_fifo.o [46]
  .text              ro code  0x1008'4ed0         8   0x118  xatan.o [51]
  .text              ro code  0x1008'4fe8         4   0x1a8  cy_tcpwm_counter.o [43]
  .text              ro code  0x1008'5190         4   0x8e8  cy_sysclk.o [33]
  .text              ro code  0x1008'5a78         4    0xa8  cy_syslib.o [36]
  .text              ro code  0x1008'5b20         2     0x2  cy_syslib.o [36]
  .text              ro code  0x1008'5b24         4   0x79c  voice.o [5]
  .text              ro code  0x1008'62c0         4   0x5a8  zf_driver_adc.o [49]
  .text              ro code  0x1008'6868         2     0x8  abs.o [50]
  .text              ro code  0x1008'6870         4   0x2c8  cy_adc.o [1]
  .text              ro code  0x1008'6b38         4   0x6c8  zf_driver_soft_iic.o [49]
  .text              ro code  0x1008'7200         4   0x18c  zf_driver_gpio.o [49]
  .text              ro code  0x1008'738c         4   0x428  zf_driver_encoder.o [49]
  .text              ro code  0x1008'77b4         4     0x8  cy_tcpwm_quaddec.o [43]
  .text              ro code  0x1008'77bc         4   0x39c  IMU.o [5]
  .text              ro code  0x1008'7b58         4   0x35c  zf_device_imu963ra.o [48]
  .text              ro code  0x1008'7eb4         4   0x350  move.o [5]
  .text              ro code  0x1008'8204         4   0x19c  turn.o [5]
  .text              ro code  0x1008'83a0         4    0x60  position_calculation.o [5]
  .text              ro code  0x1008'8400         4    0x80  motor.o [5]
  .text              ro code  0x1008'8480         4   0x178  Common_Peripherals.o [5]
  .text              ro code  0x1008'85f8         4    0x28  printf.o [50]
  .text              ro code  0x1008'8620         4   0x2a8  zf_driver_pit.o [49]
  .text              ro code  0x1008'88c8         4   0x204  startup.o [31]
  .text              ro code  0x1008'8acc         4   0x154  system_tviibh4m_cm7.o [22]
  .text              ro code  0x1008'8c20         4     0x8  startup_cm7.o [31]
  .text              ro code  0x1008'8c28         4     0x6  startup_cm7.o [31]
  .text              ro code  0x1008'8c30         4   0x1e8  TJC.o [5]
  .text              ro code  0x1008'8e18         4   0x1cc  cm7_0_isr.o [45]
  .text              ro code  0x1008'8fe4         4    0xec  lora.o [5]
  .text              ro code  0x1008'90d0         4   0x198  cy_interrupt_map.o [23]
  .text              ro code  0x1008'9268         4    0xb0  startup_cm7.o [31]
  .text              ro code  0x1008'9318         4    0x8c  GPS.o [5]
  .text              ro code  0x1008'93a4         4    0x60  main_cm7_0.o [45]
  .text              ro code  0x1008'9404         4    0x1c  zf_common_clock.o [46]
  .rodata            const    0x1008'9420         4    0x58  cy_sysclk.o [33]
  .rodata            const    0x1008'9478         4    0x58  cy_sysclk.o [33]
  .rodata            const    0x1008'94d0         4    0x58  system_tviibh4m_cm7.o [22]
  .rodata            const    0x1008'9528         4    0x48  zf_common_function.o [46]
  .rodata            const    0x1008'9570         4    0x48  zf_device_imu963ra.o [48]
  .rodata            const    0x1008'95b8         4    0x48  zf_driver_encoder.o [49]
  .rodata            const    0x1008'9600         4    0x48  zf_driver_soft_iic.o [49]
  .rodata            const    0x1008'9648         4    0x44  zf_driver_pwm.o [49]
  .rodata            const    0x1008'968c         4    0x44  zf_driver_uart.o [49]
  .text              ro code  0x1008'96d0         2    0x38  zero_init3.o [52]
  .text              ro code  0x1008'9708         4    0x2a  data_init.o [52]
  .rodata            const    0x1008'9734         4    0x28  zf_device_imu963ra.o [48]
  .text              ro code  0x1008'975c         4    0x22  fpinit_M.o [51]
  .iar.init_table    const    0x1008'9780         4    0x20  - Linker created -
  .rodata            const    0x1008'97a0         4    0x20  zf_device_imu963ra.o [48]
  .text              ro code  0x1008'97c0         4    0x20  startup_cm7.o [31]
  .text              ro code  0x1008'97e0         2    0x20  putchar.o [50]
  .text              ro code  0x1008'9800        16    0x1e  cy_syslib_iar.o [36]
  .text              ro code  0x1008'9820         4    0x1e  cmain.o [52]
  .text              ro code  0x1008'9840         4     0x4  startup_cm7.o [31]
  .text              ro code  0x1008'9844         2     0x4  exit.o [50]
  .text              ro code  0x1008'9848         4     0xa  cexit.o [52]
  .rodata            const    0x1008'9854         4    0x1c  TJC.o [5]
  .rodata            const    0x1008'9870         4    0x1c  TJC.o [5]
  .rodata            const    0x1008'988c         4    0x1c  zf_common_debug.o [46]
  .rodata            const    0x1008'98a8         4    0x1c  zf_device_gnss.o [48]
  .text              ro code  0x1008'98c4         4    0x1c  startup_cm7.o [31]
  .text              ro code  0x1008'98e0         4    0x1c  cstartup_M.o [52]
  .rodata            const    0x1008'98fc         4    0x18  startup.o [31]
  .rodata            const    0x1008'9914         4    0x18  system_tviibh4m_cm7.o [22]
  .rodata            const    0x1008'992c         4    0x18  TJC.o [5]
  .rodata            const    0x1008'9944         4    0x18  TJC.o [5]
  .rodata            const    0x1008'995c         4    0x18  TJC.o [5]
  .rodata            const    0x1008'9974         4    0x18  TJC.o [5]
  .rodata            const    0x1008'998c         4    0x18  TJC.o [5]
  .rodata            const    0x1008'99a4         4    0x18  TJC.o [5]
  .rodata            const    0x1008'99bc         4    0x18  TJC.o [5]
  .rodata            const    0x1008'99d4         4    0x18  TJC.o [5]
  .rodata            const    0x1008'99ec         4    0x18  TJC.o [5]
  .rodata            const    0x1008'9a04         4    0x18  zf_common_debug.o [46]
  .text              ro code  0x1008'9a1c         2    0x16  xprout.o [50]
  .rodata            const    0x1008'9a34         4    0x10  motor.o [5]
  .rodata            const    0x1008'9a44         4    0x10  zf_common_debug.o [46]
  .rodata            const    0x1008'9a54         4    0x10  zf_common_debug.o [46]
  .rodata            const    0x1008'9a64         4     0xc  zf_common_debug.o [46]
  .rodata            const    0x1008'9a70         4     0xc  zf_common_debug.o [46]
  .rodata            const    0x1008'9a7c         4     0xc  zf_common_debug.o [46]
  .rodata            const    0x1008'9a88         4     0xc  zf_device_gnss.o [48]
  .rodata            const    0x1008'9a94         4     0xc  zf_device_gnss.o [48]
  .rodata            const    0x1008'9aa0         4     0xc  zf_device_gnss.o [48]
  .rodata            const    0x1008'9aac         4     0xc  zf_device_gnss.o [48]
  .rodata            const    0x1008'9ab8         4     0xc  zf_device_gnss.o [48]
  .rodata            const    0x1008'9ac4         4     0xc  zf_device_gnss.o [48]
  .rodata            const    0x1008'9ad0         4     0xc  zf_device_gnss.o [48]
  .rodata            const    0x1008'9adc         4     0xc  zf_device_gnss.o [48]
  .rodata            const    0x1008'9ae8         4     0xc  zf_device_gnss.o [48]
  .rodata            const    0x1008'9af4         4     0xc  zf_device_gnss.o [48]
  .rodata            const    0x1008'9b00         4     0xc  zf_device_gnss.o [48]
  .text              ro code  0x1008'9b0c         2     0xc  cy_syslib.o [36]
  .rodata            const    0x1008'9b18         4     0x8  cy_sysclk.o [33]
  .rodata            const    0x1008'9b20         4     0x8  zf_device_gnss.o [48]
  .rodata            const    0x1008'9b28         4     0x4  cy_adc.o [1]
  .rodata            const    0x1008'9b2c         4     0x4  cy_adc.o [1]
  .rodata            const    0x1008'9b30         4     0x4  cy_adc.o [1]
  .rodata            const    0x1008'9b34         4     0x4  cy_adc.o [1]
  .rodata            const    0x1008'9b38         4     0x4  cy_adc.o [1]
  .rodata            const    0x1008'9b3c         4     0x4  cy_adc.o [1]
  .rodata            const    0x1008'9b40         4     0x4  cy_adc.o [1]
  .rodata            const    0x1008'9b44         4     0x4  cy_adc.o [1]
  .rodata            const    0x1008'9b48         4     0x4  cy_interrupt_map.o [23]
  .rodata            const    0x1008'9b4c         4     0x4  cy_interrupt_map.o [23]
  .rodata            const    0x1008'9b50         4     0x4  cy_interrupt_map.o [23]
  .rodata            const    0x1008'9b54         4     0x4  cy_interrupt_map.o [23]
  .rodata            const    0x1008'9b58         4     0x4  cy_interrupt_map.o [23]
  .rodata            const    0x1008'9b5c         4     0x4  cy_interrupt_map.o [23]
  .rodata            const    0x1008'9b60         4     0x4  cy_interrupt_map.o [23]
  .rodata            const    0x1008'9b64         4     0x4  cy_interrupt_map.o [23]
  .rodata            const    0x1008'9b68         4     0x4  cy_scb_uart.o [24]
  .rodata            const    0x1008'9b6c         4     0x4  cy_scb_uart.o [24]
  .rodata            const    0x1008'9b70         4     0x4  cy_scb_uart.o [24]
  .rodata            const    0x1008'9b74         4     0x4  cy_scb_uart.o [24]
  .rodata            const    0x1008'9b78         4     0x4  cy_scb_uart.o [24]
  .rodata            const    0x1008'9b7c         4     0x4  cy_scb_uart.o [24]
  .rodata            const    0x1008'9b80         4     0x4  cy_scb_uart.o [24]
  .rodata            const    0x1008'9b84         4     0x4  cy_scb_uart.o [24]
  .rodata            const    0x1008'9b88         4     0x4  cy_scb_uart.o [24]
  .rodata            const    0x1008'9b8c         4     0x4  cy_scb_uart.o [24]
  .rodata            const    0x1008'9b90         4     0x4  cy_sysint.o [35]
  .rodata            const    0x1008'9b94         4     0x4  cy_sysint.o [35]
  .rodata            const    0x1008'9b98         4     0x4  cy_tcpwm_counter.o [43]
  .rodata            const    0x1008'9b9c         4     0x4  cy_tcpwm_counter.o [43]
  .rodata            const    0x1008'9ba0         4     0x4  cy_tcpwm_counter.o [43]
  .rodata            const    0x1008'9ba4         4     0x4  cy_tcpwm_counter.o [43]
  .rodata            const    0x1008'9ba8         4     0x4  cy_tcpwm_counter.o [43]
  .rodata            const    0x1008'9bac         4     0x4  cy_tcpwm_pwm.o [43]
  .rodata            const    0x1008'9bb0         4     0x4  cy_tcpwm_pwm.o [43]
  .rodata            const    0x1008'9bb4         4     0x4  cy_tcpwm_pwm.o [43]
  .rodata            const    0x1008'9bb8         4     0x4  cy_tcpwm_pwm.o [43]
  .rodata            const    0x1008'9bbc         4     0x4  cy_tcpwm_pwm.o [43]
  .rodata            const    0x1008'9bc0         4     0x4  cy_tcpwm_pwm.o [43]
  .rodata            const    0x1008'9bc4         4     0x4  cy_tcpwm_pwm.o [43]
  .text              ro code  0x1008'9bc8         4     0x4  startup_cm7.o [31]
  .text              ro code  0x1008'9bcc         4     0x4  startup_cm7.o [31]
  .text              ro code  0x1008'9bd0         4     0x4  startup_cm7.o [31]
  .text              ro code  0x1008'9bd4         4     0x4  startup_cm7.o [31]
  .text              ro code  0x1008'9bd8         4     0x4  startup_cm7.o [31]
  .text              ro code  0x1008'9bdc         4     0x4  startup_cm7.o [31]
  .text              ro code  0x1008'9be0         4     0x4  startup_cm7.o [31]
  .text              ro code  0x1008'9be4         4     0x4  startup_cm7.o [31]
  .text              ro code  0x1008'9be8         4     0x4  startup_cm7.o [31]
  .text              ro code  0x1008'9bec         4     0x4  startup_cm7.o [31]
  .text              ro code  0x1008'9bf0         4     0x4  startup_cm7.o [31]
  .text              ro code  0x1008'9bf4         4     0x4  startup_cm7.o [31]
  .text              ro code  0x1008'9bf8         4     0x4  startup_cm7.o [31]
  .text              ro code  0x1008'9bfc         4     0x4  startup_cm7.o [31]
  .text              ro code  0x1008'9c00         4     0x4  startup_cm7.o [31]
  .text              ro code  0x1008'9c04         4     0x2  zf_device_type.o [48]
  .rodata            const    0x1008'9c06               0x0  zero_init3.o [52]
  .rodata            const    0x1008'9c06               0x0  lz77_init_single.o [52]
  Initializer bytes  const    0x1008'9c06              0x8c  <for P2-1>
                            - 0x1008'9c92            0x9c12

"P2", part 1 of 3:                                    0x766
  P2-1                        0x2802'0000             0x766  <Init block>
    .data            inited   0x2802'0000         4   0x6ec  cy_interrupt_map.o [23]
    .data            inited   0x2802'06ec         4     0x4  cy_interrupt_map.o [23]
    .data            inited   0x2802'06f0         4     0xc  zf_device_imu963ra.o [48]
    .data            inited   0x2802'06fc         4     0x4  zf_device_type.o [48]
    .data            inited   0x2802'0700         4     0x4  zf_device_type.o [48]
    .data            inited   0x2802'0704         4     0xc  zf_driver_adc.o [49]
    .data            inited   0x2802'0710         4     0x8  zf_driver_encoder.o [49]
    .data            inited   0x2802'0718         4    0x10  zf_driver_encoder.o [49]
    .data            inited   0x2802'0728         4     0xc  zf_driver_pit.o [49]
    .data            inited   0x2802'0734         4    0x14  zf_driver_uart.o [49]
    .data            inited   0x2802'0748         4    0x14  zf_driver_uart.o [49]
    .data            inited   0x2802'075c         2     0x2  Common_Peripherals.o [5]
    .data            inited   0x2802'075e         2     0x2  zf_driver_delay.o [49]
    .data            inited   0x2802'0760               0x1  Common_Peripherals.o [5]
    .data            inited   0x2802'0761               0x1  Common_Peripherals.o [5]
    .data            inited   0x2802'0762               0x1  Common_Peripherals.o [5]
    .data            inited   0x2802'0763               0x1  Common_Peripherals.o [5]
    .data            inited   0x2802'0764               0x1  zf_common_debug.o [46]
    .data            inited   0x2802'0765               0x1  zf_driver_delay.o [49]
                            - 0x2802'0766             0x766

"P2", part 2 of 3:                                   0x8a9c
  .bss               zero     0x2802'0800       256  0x2000  voice.o [5]
  .bss               zero     0x2802'2800       256  0x2000  voice.o [5]
  .bss               zero     0x2802'4800       256  0x2000  voice.o [5]
  .bss               zero     0x2802'6800       256  0x2000  voice.o [5]
  .bss               zero     0x2802'8800         4   0x118  zf_driver_uart.o [49]
  .bss               zero     0x2802'8918         4    0xf0  voice.o [5]
  .bss               zero     0x2802'8a08         4    0xf0  voice.o [5]
  .bss               zero     0x2802'8af8         4    0xf0  voice.o [5]
  .bss               zero     0x2802'8be8         4    0xf0  voice.o [5]
  .bss               zero     0x2802'8cd8         4    0x80  zf_device_gnss.o [48]
  .bss               zero     0x2802'8d58         4    0x80  zf_device_gnss.o [48]
  .bss               zero     0x2802'8dd8         4    0x80  zf_device_gnss.o [48]
  .bss               zero     0x2802'8e58         4    0x80  zf_device_gnss.o [48]
  .bss               zero     0x2802'8ed8         4    0x70  cy_syslib.o [36]
  .bss               zero     0x2802'8f48         4    0x64  TJC.o [5]
  .bss               zero     0x2802'8fac         4    0x14  zf_common_debug.o [46]
  .bss               zero     0x2802'8fc0         8    0x48  zf_device_gnss.o [48]
  .bss               zero     0x2802'9008         4    0x48  zf_driver_adc.o [49]
  .bss               zero     0x2802'9050         8    0x40  GPS.o [5]
  .bss               zero     0x2802'9090         8    0x40  GPS.o [5]
  .bss               zero     0x2802'90d0         4    0x18  cy_sysclk.o [33]
  .bss               zero     0x2802'90e8         4    0x18  cy_syslib.o [36]
  .bss               zero     0x2802'9100         4    0x18  IMU.o [5]
  .bss               zero     0x2802'9118         4    0x18  zf_common_debug.o [46]
  .bss               zero     0x2802'9130         4    0x18  zf_device_gnss.o [48]
  .bss               zero     0x2802'9148         4    0x10  zf_device_imu963ra.o [48]
  .bss               zero     0x2802'9158         4     0xc  IMU.o [5]
  .bss               zero     0x2802'9164         4     0x4  Common_Peripherals.o [5]
  .bss               zero     0x2802'9168         8     0x8  move.o [5]
  .bss               zero     0x2802'9170         4     0x4  cy_syslib.o [36]
  .bss               zero     0x2802'9174         4     0x4  GPS.o [5]
  .bss               zero     0x2802'9178         4     0x4  GPS.o [5]
  .bss               zero     0x2802'917c         4     0x4  IMU.o [5]
  .bss               zero     0x2802'9180         4     0x4  IMU.o [5]
  .bss               zero     0x2802'9184         4     0x4  IMU.o [5]
  .bss               zero     0x2802'9188         4     0x4  IMU.o [5]
  .bss               zero     0x2802'918c         4     0x4  IMU.o [5]
  .bss               zero     0x2802'9190         4     0x4  lora.o [5]
  .bss               zero     0x2802'9194         4     0x4  move.o [5]
  .bss               zero     0x2802'9198         4     0x4  move.o [5]
  .bss               zero     0x2802'919c         4     0x4  move.o [5]
  .bss               zero     0x2802'91a0         4     0x4  move.o [5]
  .bss               zero     0x2802'91a4         4     0x4  system_tviibh4m_cm7.o [22]
  .bss               zero     0x2802'91a8         4     0x4  system_tviibh4m_cm7.o [22]
  .bss               zero     0x2802'91ac         4     0x4  system_tviibh4m_cm7.o [22]
  .bss               zero     0x2802'91b0         4     0x4  system_tviibh4m_cm7.o [22]
  .bss               zero     0x2802'91b4         4     0x4  system_tviibh4m_cm7.o [22]
  .bss               zero     0x2802'91b8         4     0x4  turn.o [5]
  .bss               zero     0x2802'91bc         4     0x4  turn.o [5]
  .bss               zero     0x2802'91c0         4     0x4  voice.o [5]
  .bss               zero     0x2802'91c4         4     0x4  voice.o [5]
  .bss               zero     0x2802'91c8         4     0x4  voice.o [5]
  .bss               zero     0x2802'91cc         4     0x4  voice.o [5]
  .bss               zero     0x2802'91d0         4     0x4  voice.o [5]
  .bss               zero     0x2802'91d4         4     0x4  voice.o [5]
  .bss               zero     0x2802'91d8         4     0x4  zf_common_clock.o [46]
  .bss               zero     0x2802'91dc         4     0x4  zf_common_interrupt.o [46]
  .bss               zero     0x2802'91e0         4     0x4  zf_driver_encoder.o [49]
  .bss               zero     0x2802'91e4         4     0x4  xfail_s.o [50]
  .bss               zero     0x2802'91e8         2     0x2  motor.o [5]
  .bss               zero     0x2802'91ea         2     0x2  zf_device_imu963ra.o [48]
  .bss               zero     0x2802'91ec         2     0x2  zf_device_imu963ra.o [48]
  .bss               zero     0x2802'91ee         2     0x2  zf_device_imu963ra.o [48]
  .bss               zero     0x2802'91f0               0x1  Common_Peripherals.o [5]
  .bss               zero     0x2802'91f1               0x1  Common_Peripherals.o [5]
  .bss               zero     0x2802'91f2               0x1  Common_Peripherals.o [5]
  .bss               zero     0x2802'91f3               0x1  cy_sysclk.o [33]
  .bss               zero     0x2802'91f4               0x1  lora.o [5]
  .bss               zero     0x2802'91f5               0x1  lora.o [5]
  .bss               zero     0x2802'91f6               0x1  voice.o [5]
  .bss               zero     0x2802'91f7               0x1  voice.o [5]
  .bss               zero     0x2802'91f8               0x1  voice.o [5]
  .bss               zero     0x2802'91f9               0x1  zf_common_debug.o [46]
  .bss               zero     0x2802'91fa               0x1  zf_common_debug.o [46]
  .bss               zero     0x2802'91fb               0x1  zf_common_debug.o [46]
  .bss               zero     0x2802'91fc               0x1  zf_device_gnss.o [48]
  .bss               zero     0x2802'91fd               0x1  zf_device_gnss.o [48]
  .bss               zero     0x2802'91fe               0x1  zf_device_gnss.o [48]
  .bss               zero     0x2802'91ff               0x1  zf_device_gnss.o [48]
  .bss               zero     0x2802'9200               0x1  zf_device_gnss.o [48]
                            - 0x2802'9201            0x8a99

"P2", part 3 of 3:                                     0x80
  .intvec_ram        uninit   0x2802'9280       128    0x80  startup_cm7.o [31]
                            - 0x2802'9300              0x80

"A1":                                                0x2000
  HEAP_STACK                  0x2807'e000            0x2000  <Block>
    CSTACK                    0x2807'e000         8  0x2000  <Block>
      CSTACK         uninit   0x2807'e000            0x2000  <Block tail>
                            - 0x2808'0000            0x2000

Unused ranges:

         From           To       Size
         ----           --       ----
  0x1008'9d72  0x1027'ffff  0x1f'628e
  0x2802'0766  0x2802'0767        0x2
  0x2802'9204  0x2802'927f       0x7c
  0x2802'9300  0x2807'dfff   0x5'4d00


*******************************************************************************
*** INIT TABLE
***

          Address      Size
          -------      ----
Zero (__iar_zero_init3)
    1 destination range, total size 0x8a01:
          0x2802'0800  0x8a01

Copy/lz77 (__iar_lz77_init_single3)
    1 source range, total size 0x8c (7% of destination):
          0x1008'9c06    0x8c
    1 destination range, total size 0x766:
          0x2802'0000   0x766



*******************************************************************************
*** MODULE SUMMARY
***

    Module                  ro code  ro data  rw data
    ------                  -------  -------  -------
command line/config:
    -------------------------------------------------
    Total:

E:\project\smart car\ok\963ra-\project\iar\Debug_m7_0\Obj\adc_11722776235721520015.dir: [1]
    cy_adc.o                    712       32
    -------------------------------------------------
    Total:                      712       32

E:\project\smart car\ok\963ra-\project\iar\Debug_m7_0\Obj\audioss_1346650047966882938.dir: [2]
    -------------------------------------------------
    Total:

E:\project\smart car\ok\963ra-\project\iar\Debug_m7_0\Obj\button_4990804375159372270.dir: [3]
    -------------------------------------------------
    Total:

E:\project\smart car\ok\963ra-\project\iar\Debug_m7_0\Obj\canfd_1800690984773873875.dir: [4]
    -------------------------------------------------
    Total:

E:\project\smart car\ok\963ra-\project\iar\Debug_m7_0\Obj\code_17896468042025673432.dir: [5]
    Common_Peripherals.o        376                13
    GPS.o                       140               136
    IMU.o                       924                56
    TJC.o                       488      272      100
    lora.o                      236                 6
    motor.o                     128       16        2
    move.o                      848                24
    position_calculation.o       96
    turn.o                      412                 8
    voice.o                   1'948            33'755
    -------------------------------------------------
    Total:                    5'596      288   34'100

E:\project\smart car\ok\963ra-\project\iar\Debug_m7_0\Obj\cpu_15938736945165268644.dir: [6]
    -------------------------------------------------
    Total:

E:\project\smart car\ok\963ra-\project\iar\Debug_m7_0\Obj\crypto_1190170608956581615.dir: [7]
    -------------------------------------------------
    Total:

E:\project\smart car\ok\963ra-\project\iar\Debug_m7_0\Obj\dma_12106025507578611576.dir: [8]
    -------------------------------------------------
    Total:

E:\project\smart car\ok\963ra-\project\iar\Debug_m7_0\Obj\eth_phy_18133017486186456677.dir: [9]
    -------------------------------------------------
    Total:

E:\project\smart car\ok\963ra-\project\iar\Debug_m7_0\Obj\ethernet_6029839089178797009.dir: [10]
    -------------------------------------------------
    Total:

E:\project\smart car\ok\963ra-\project\iar\Debug_m7_0\Obj\evtgen_3404189088603873129.dir: [11]
    -------------------------------------------------
    Total:

E:\project\smart car\ok\963ra-\project\iar\Debug_m7_0\Obj\flash_8529866181315662935.dir: [12]
    -------------------------------------------------
    Total:

E:\project\smart car\ok\963ra-\project\iar\Debug_m7_0\Obj\flash_864493325053435817.dir: [13]
    -------------------------------------------------
    Total:

E:\project\smart car\ok\963ra-\project\iar\Debug_m7_0\Obj\gpio_3999404635324069351.dir: [14]
    cy_gpio.o                   404
    -------------------------------------------------
    Total:                      404

E:\project\smart car\ok\963ra-\project\iar\Debug_m7_0\Obj\ipc_10145506163450686023.dir: [15]
    -------------------------------------------------
    Total:

E:\project\smart car\ok\963ra-\project\iar\Debug_m7_0\Obj\lin_18429031207028094880.dir: [16]
    -------------------------------------------------
    Total:

E:\project\smart car\ok\963ra-\project\iar\Debug_m7_0\Obj\lvd_6353935867039560245.dir: [17]
    -------------------------------------------------
    Total:

E:\project\smart car\ok\963ra-\project\iar\Debug_m7_0\Obj\mcwdt_4052485907822033969.dir: [18]
    -------------------------------------------------
    Total:

E:\project\smart car\ok\963ra-\project\iar\Debug_m7_0\Obj\mpu_5663187252346826382.dir: [19]
    -------------------------------------------------
    Total:

E:\project\smart car\ok\963ra-\project\iar\Debug_m7_0\Obj\power_14453085144426420577.dir: [20]
    -------------------------------------------------
    Total:

E:\project\smart car\ok\963ra-\project\iar\Debug_m7_0\Obj\prot_10722960861768657883.dir: [21]
    -------------------------------------------------
    Total:

E:\project\smart car\ok\963ra-\project\iar\Debug_m7_0\Obj\rev_b_4986922561640112550.dir: [22]
    system_tviibh4m_cm7.o       340      112       20
    -------------------------------------------------
    Total:                      340      112       20

E:\project\smart car\ok\963ra-\project\iar\Debug_m7_0\Obj\rev_b_6162237342861132223.dir: [23]
    cy_interrupt_map.o          408      163    1'776
    -------------------------------------------------
    Total:                      408      163    1'776

E:\project\smart car\ok\963ra-\project\iar\Debug_m7_0\Obj\scb_15490842639181808494.dir: [24]
    cy_scb_uart.o               744       40
    -------------------------------------------------
    Total:                      744       40

E:\project\smart car\ok\963ra-\project\iar\Debug_m7_0\Obj\sd_host_2982766354293506895.dir: [25]
    -------------------------------------------------
    Total:

E:\project\smart car\ok\963ra-\project\iar\Debug_m7_0\Obj\semihosting_143864889731838620.dir: [26]
    -------------------------------------------------
    Total:

E:\project\smart car\ok\963ra-\project\iar\Debug_m7_0\Obj\smartio_5451710003740070188.dir: [27]
    -------------------------------------------------
    Total:

E:\project\smart car\ok\963ra-\project\iar\Debug_m7_0\Obj\smif_427648126384146252.dir: [28]
    -------------------------------------------------
    Total:

E:\project\smart car\ok\963ra-\project\iar\Debug_m7_0\Obj\smif_mem_6470536964353725183.dir: [29]
    -------------------------------------------------
    Total:

E:\project\smart car\ok\963ra-\project\iar\Debug_m7_0\Obj\srom_13018798572330080582.dir: [30]
    -------------------------------------------------
    Total:

E:\project\smart car\ok\963ra-\project\iar\Debug_m7_0\Obj\startup_479057977785470282.dir: [31]
    startup.o                   516       24
    startup_cm7.o               442               128
    -------------------------------------------------
    Total:                      958       24      128

E:\project\smart car\ok\963ra-\project\iar\Debug_m7_0\Obj\sw_timer_4215635015939382130.dir: [32]
    -------------------------------------------------
    Total:

E:\project\smart car\ok\963ra-\project\iar\Debug_m7_0\Obj\sysclk_16149231235676103872.dir: [33]
    cy_sysclk.o               2'280      184       25
    -------------------------------------------------
    Total:                    2'280      184       25

E:\project\smart car\ok\963ra-\project\iar\Debug_m7_0\Obj\sysflt_12293435975120599261.dir: [34]
    -------------------------------------------------
    Total:

E:\project\smart car\ok\963ra-\project\iar\Debug_m7_0\Obj\sysint_7435970359207984181.dir: [35]
    cy_sysint.o                 168        8
    -------------------------------------------------
    Total:                      168        8

E:\project\smart car\ok\963ra-\project\iar\Debug_m7_0\Obj\syslib_16330585751512546975.dir: [36]
    cy_syslib.o                 182               140
    cy_syslib_iar.o              30
    -------------------------------------------------
    Total:                      212               140

E:\project\smart car\ok\963ra-\project\iar\Debug_m7_0\Obj\syspm_10887939769544754770.dir: [37]
    -------------------------------------------------
    Total:

E:\project\smart car\ok\963ra-\project\iar\Debug_m7_0\Obj\sysreghc_17676636058511625587.dir: [38]
    -------------------------------------------------
    Total:

E:\project\smart car\ok\963ra-\project\iar\Debug_m7_0\Obj\sysreset_14586141425677365288.dir: [39]
    -------------------------------------------------
    Total:

E:\project\smart car\ok\963ra-\project\iar\Debug_m7_0\Obj\sysrtc_10747768817563771611.dir: [40]
    -------------------------------------------------
    Total:

E:\project\smart car\ok\963ra-\project\iar\Debug_m7_0\Obj\systick_16016591671695740695.dir: [41]
    -------------------------------------------------
    Total:

E:\project\smart car\ok\963ra-\project\iar\Debug_m7_0\Obj\syswdt_9118657615806274156.dir: [42]
    -------------------------------------------------
    Total:

E:\project\smart car\ok\963ra-\project\iar\Debug_m7_0\Obj\tcpwm_422923530147891246.dir: [43]
    cy_tcpwm.o                   14
    cy_tcpwm_counter.o          424       20
    cy_tcpwm_pwm.o              510       28
    cy_tcpwm_quaddec.o            8
    -------------------------------------------------
    Total:                      956       48

E:\project\smart car\ok\963ra-\project\iar\Debug_m7_0\Obj\trigmux_9729677290734583340.dir: [44]
    -------------------------------------------------
    Total:

E:\project\smart car\ok\963ra-\project\iar\Debug_m7_0\Obj\user_8514941877209965082.dir: [45]
    cm7_0_isr.o                 460
    main_cm7_0.o                 96
    -------------------------------------------------
    Total:                      556

E:\project\smart car\ok\963ra-\project\iar\Debug_m7_0\Obj\zf_common_1201165462030747823.dir: [46]
    zf_common_clock.o            28                 4
    zf_common_debug.o         1'064      120       48
    zf_common_fifo.o          1'096       68
    zf_common_function.o        444       72
    zf_common_interrupt.o       226                 4
    -------------------------------------------------
    Total:                    2'858      260       56

E:\project\smart car\ok\963ra-\project\iar\Debug_m7_0\Obj\zf_components_14936052685886095442.dir: [47]
    -------------------------------------------------
    Total:

E:\project\smart car\ok\963ra-\project\iar\Debug_m7_0\Obj\zf_device_6570275422786408770.dir: [48]
    zf_device_gnss.o          2'680      168      613
    zf_device_imu963ra.o        860      145       34
    zf_device_type.o              2                 8
    -------------------------------------------------
    Total:                    3'542      313      655

E:\project\smart car\ok\963ra-\project\iar\Debug_m7_0\Obj\zf_driver_11922370083829174090.dir: [49]
    zf_driver_adc.o           1'448        1       84
    zf_driver_delay.o           716        1        3
    zf_driver_encoder.o       1'064       74       28
    zf_driver_gpio.o            396
    zf_driver_pit.o             680        1       12
    zf_driver_pwm.o           3'676       68
    zf_driver_soft_iic.o      1'736       72
    zf_driver_uart.o          2'136       71      320
    -------------------------------------------------
    Total:                   11'852      288      447

dl7M_tln.a: [50]
    abort.o                       6
    abs.o                         8
    exit.o                        4
    printf.o                     40
    putchar.o                    32
    sprintf.o                    64
    strncmp.o                    42
    xfail_s.o                    64                 4
    xprintflarge_nomb.o       3'350
    xprout.o                     22
    xsprout.o                    10
    -------------------------------------------------
    Total:                    3'642                 4

m7M_tlv.a: [51]
    DblDiv.o                     18
    DblMul.o                     18
    DblSub.o                     18
    DblToU32.o                   14
    U32ToDbl.o                   14
    asin.o                      136
    atan2.o                     126
    cos_sin64.o                 756
    fpinit_M.o                   34
    frexp.o                     112
    sqrt.o                       30
    xatan.o                     280
    -------------------------------------------------
    Total:                    1'556

rt7M_tl.a: [52]
    ABImemclr4.o                  6
    ABImemcpy.o                 166
    ABImemset.o                 102
    ABImemset48.o                50
    I64DivMod.o                 560
    I64DivZer.o                   2
    cexit.o                      10
    cmain.o                      30
    cstartup_M.o                 28
    data_init.o                  42
    lz77_init_single.o          126
    memchr.o                     88
    strchr.o                     22
    strlen.o                     54
    strncpy.o                   112
    zero_init3.o                 56
    -------------------------------------------------
    Total:                    1'454

shb_l.a: [53]
    exit.o                       20
    -------------------------------------------------
    Total:                       20

    Gaps                         24        8      152
    Linker created                        32    8'192
-----------------------------------------------------
    Grand Total:             38'282    1'800   45'695


*******************************************************************************
*** ENTRY LIST
***

Entry                       Address    Size  Type      Object
-----                       -------    ----  ----      ------
.iar.init_table$$Base   0x1008'9780           --   Gb  - Linker created -
.iar.init_table$$Limit  0x1008'97a0           --   Gb  - Linker created -
?main                   0x1008'9821          Code  ??  cmain.o [52]
AdcBuffIndex            0x2802'91f7     0x1  Data  ??  voice.o [5]
AdcFinishFlag           0x2802'91f6     0x1  Data  ??  voice.o [5]
BusFault_Handler        0x1008'9bd1          Code  Wk  startup_cm7.o [31]
CSTACK$$Base            0x2807'e000           --   Gb  - Linker created -
CSTACK$$Limit           0x2808'0000           --   ??  - Linker created -
CopyVectorTable         0x1008'8a69    0x34  Code  Lc  startup.o [31]
CpuUserInt0_Handler     0x1008'90ef    0x26  Code  ??  cy_interrupt_map.o [23]
CpuUserInt10_Handler    0x1008'9bed          Code  Wk  startup_cm7.o [31]
CpuUserInt11_Handler    0x1008'9bf1          Code  Wk  startup_cm7.o [31]
CpuUserInt12_Handler    0x1008'9bf5          Code  Wk  startup_cm7.o [31]
CpuUserInt13_Handler    0x1008'9bf9          Code  Wk  startup_cm7.o [31]
CpuUserInt14_Handler    0x1008'9bfd          Code  Wk  startup_cm7.o [31]
CpuUserInt15_Handler    0x1008'9c01          Code  Wk  startup_cm7.o [31]
CpuUserInt1_Handler     0x1008'9115    0x26  Code  ??  cy_interrupt_map.o [23]
CpuUserInt2_Handler     0x1008'913b    0x26  Code  ??  cy_interrupt_map.o [23]
CpuUserInt3_Handler     0x1008'9161    0x26  Code  ??  cy_interrupt_map.o [23]
CpuUserInt4_Handler     0x1008'9187    0x26  Code  ??  cy_interrupt_map.o [23]
CpuUserInt5_Handler     0x1008'91ad    0x26  Code  ??  cy_interrupt_map.o [23]
CpuUserInt6_Handler     0x1008'91d3    0x26  Code  ??  cy_interrupt_map.o [23]
CpuUserInt7_Handler     0x1008'91f9    0x26  Code  ??  cy_interrupt_map.o [23]
CpuUserInt8_Handler     0x1008'9be5          Code  Wk  startup_cm7.o [31]
CpuUserInt9_Handler     0x1008'9be9          Code  Wk  startup_cm7.o [31]
Cy_Adc_Channel_DeInit   0x1008'6a41    0x2c  Code  ??  cy_adc.o [1]
Cy_Adc_Channel_Disable  0x1008'6a7b     0xe  Code  ??  cy_adc.o [1]
Cy_Adc_Channel_Enable   0x1008'6a6d     0xe  Code  ??  cy_adc.o [1]
Cy_Adc_Channel_Init     0x1008'68fb   0x146  Code  ??  cy_adc.o [1]
Cy_Adc_Channel_SetInterruptMask
                        0x1008'6a97    0x7c  Code  ??  cy_adc.o [1]
Cy_Adc_Channel_SoftwareTrigger
                        0x1008'6a89     0xe  Code  ??  cy_adc.o [1]
Cy_Adc_Init             0x1008'6871    0x8a  Code  ??  cy_adc.o [1]
Cy_DefaultUserHandler   0x1008'90ed     0x2  Code  ??  cy_interrupt_map.o [23]
Cy_GPIO_ClearInterrupt  0x1008'14bb     0xe  Code  Lc  cy_gpio.o [14]
Cy_GPIO_Clr             0x1008'7215     0xa  Code  Lc  zf_driver_gpio.o [49]
Cy_GPIO_Pin_Init        0x1008'14ff    0x72  Code  ??  cy_gpio.o [14]
Cy_GPIO_Read            0x1008'7201     0xa  Code  Lc  zf_driver_gpio.o [49]
Cy_GPIO_Set             0x1008'720b     0xa  Code  Lc  zf_driver_gpio.o [49]
Cy_GPIO_SetDriveSel     0x1008'149d    0x1e  Code  Lc  cy_gpio.o [14]
Cy_GPIO_SetDrivemode    0x1008'144d    0x1c  Code  Lc  cy_gpio.o [14]
Cy_GPIO_SetDrivemode    0x1008'721f    0x1c  Code  Lc  zf_driver_gpio.o [49]
Cy_GPIO_SetHSIOM        0x1008'13e9    0x4c  Code  Lc  cy_gpio.o [14]
Cy_GPIO_SetInterruptEdge
                        0x1008'14e3    0x1c  Code  Lc  cy_gpio.o [14]
Cy_GPIO_SetInterruptMask
                        0x1008'14c9    0x1a  Code  Lc  cy_gpio.o [14]
Cy_GPIO_SetSlewRate     0x1008'1483    0x1a  Code  Lc  cy_gpio.o [14]
Cy_GPIO_SetVtrip        0x1008'1469    0x1a  Code  Lc  cy_gpio.o [14]
Cy_GPIO_Write           0x1008'1435    0x18  Code  Lc  cy_gpio.o [14]
Cy_RestoreIRQ           0x1008'8c29          Code  ??  startup_cm7.o [31]
Cy_SCB_ClearRxInterrupt
                        0x1008'8e1f     0xa  Code  Lc  cm7_0_isr.o [45]
Cy_SCB_ClearTxInterrupt
                        0x1008'8e2f     0xa  Code  Lc  cm7_0_isr.o [45]
Cy_SCB_GetNumInRxFifo   0x1008'1969     0xa  Code  Lc  zf_driver_uart.o [49]
Cy_SCB_GetNumInTxFifo   0x1008'1979     0xa  Code  Lc  zf_driver_uart.o [49]
Cy_SCB_GetRxInterruptMask
                        0x1008'8e19     0x6  Code  Lc  cm7_0_isr.o [45]
Cy_SCB_GetRxInterruptMask
                        0x1008'19b5     0x6  Code  Lc  zf_driver_uart.o [49]
Cy_SCB_GetTxInterruptMask
                        0x1008'8e29     0x6  Code  Lc  cm7_0_isr.o [45]
Cy_SCB_GetTxInterruptMask
                        0x1008'19c1     0x6  Code  Lc  zf_driver_uart.o [49]
Cy_SCB_GetTxSrValid     0x1008'1983     0xa  Code  Lc  zf_driver_uart.o [49]
Cy_SCB_IsTxComplete     0x1008'198d    0x22  Code  Lc  zf_driver_uart.o [49]
Cy_SCB_ReadRxFifo       0x1008'1963     0x6  Code  Lc  zf_driver_uart.o [49]
Cy_SCB_SetRxInterruptMask
                        0x1008'19af     0x6  Code  Lc  zf_driver_uart.o [49]
Cy_SCB_SetTxInterruptMask
                        0x1008'19bb     0x6  Code  Lc  zf_driver_uart.o [49]
Cy_SCB_UART_DeInit      0x1008'2a1b    0x5c  Code  ??  cy_scb_uart.o [24]
Cy_SCB_UART_Enable      0x1008'19c7     0xa  Code  Lc  zf_driver_uart.o [49]
Cy_SCB_UART_Init        0x1008'27c5   0x256  Code  ??  cy_scb_uart.o [24]
Cy_SCB_WriteTxFifo      0x1008'1973     0x6  Code  Lc  zf_driver_uart.o [49]
Cy_SaveIRQ              0x1008'8c21          Code  ??  startup_cm7.o [31]
Cy_SysClk_CheckDividerExisting
                        0x1008'62c1    0x2c  Code  Lc  zf_driver_adc.o [49]
Cy_SysClk_CheckDividerExisting
                        0x1008'4bc1    0x2a  Code  Lc  zf_driver_delay.o [49]
Cy_SysClk_CheckDividerExisting
                        0x1008'738d    0x2c  Code  Lc  zf_driver_encoder.o [49]
Cy_SysClk_CheckDividerExisting
                        0x1008'8621    0x2a  Code  Lc  zf_driver_pit.o [49]
Cy_SysClk_CheckDividerExisting
                        0x1008'0081    0x2c  Code  Lc  zf_driver_pwm.o [49]
Cy_SysClk_CheckDividerExisting
                        0x1008'1789    0x2c  Code  Lc  zf_driver_uart.o [49]
Cy_SysClk_ClkPathGetSource
                        0x1008'5305    0x54  Code  ??  cy_sysclk.o [33]
Cy_SysClk_EcoGetStatus  0x1008'5191    0x1a  Code  Lc  cy_sysclk.o [33]
Cy_SysClk_Fast0ClkGetDivider
                        0x1008'52d9    0x16  Code  Lc  cy_sysclk.o [33]
Cy_SysClk_Fast1ClkGetDivider
                        0x1008'52ef    0x16  Code  Lc  cy_sysclk.o [33]
Cy_SysClk_FllGetConfiguration
                        0x1008'5365    0x7e  Code  ??  cy_sysclk.o [33]
Cy_SysClk_FllGetLockStatus
                        0x1008'51ab     0xc  Code  Lc  cy_sysclk.o [33]
Cy_SysClk_GetClockGroup
                        0x1008'637b     0x8  Code  Lc  zf_driver_adc.o [49]
Cy_SysClk_GetClockGroup
                        0x1008'4c75     0x8  Code  Lc  zf_driver_delay.o [49]
Cy_SysClk_GetClockGroup
                        0x1008'7447     0x8  Code  Lc  zf_driver_encoder.o [49]
Cy_SysClk_GetClockGroup
                        0x1008'86d5     0x8  Code  Lc  zf_driver_pit.o [49]
Cy_SysClk_GetClockGroup
                        0x1008'013b     0x8  Code  Lc  zf_driver_pwm.o [49]
Cy_SysClk_GetClockGroup
                        0x1008'1889     0x8  Code  Lc  zf_driver_uart.o [49]
Cy_SysClk_GetCoreFrequency
                        0x1008'5a25    0x2a  Code  ??  cy_sysclk.o [33]
Cy_SysClk_GetEcoFrequency
                        0x1008'552d    0x32  Code  ??  cy_sysclk.o [33]
Cy_SysClk_GetExtFrequency
                        0x1008'5561    0x1e  Code  ??  cy_sysclk.o [33]
Cy_SysClk_GetFast0Frequency
                        0x1008'5979    0x56  Code  ??  cy_sysclk.o [33]
Cy_SysClk_GetFast1Frequency
                        0x1008'59cf    0x56  Code  ??  cy_sysclk.o [33]
Cy_SysClk_GetFllInputFrequency
                        0x1008'5681     0xc  Code  ??  cy_sysclk.o [33]
Cy_SysClk_GetFllOutputFrequency
                        0x1008'56a9    0x78  Code  ??  cy_sysclk.o [33]
Cy_SysClk_GetHfClkFrequency
                        0x1008'58fb    0x7a  Code  ??  cy_sysclk.o [33]
Cy_SysClk_GetIlo0Frequency
                        0x1008'557f    0x32  Code  ??  cy_sysclk.o [33]
Cy_SysClk_GetIlo1Frequency
                        0x1008'55b1    0x32  Code  ??  cy_sysclk.o [33]
Cy_SysClk_GetImoFrequency
                        0x1008'54fb    0x32  Code  ??  cy_sysclk.o [33]
Cy_SysClk_GetPathFrequency
                        0x1008'58c9    0x32  Code  ??  cy_sysclk.o [33]
Cy_SysClk_GetPathSourceFrequency
                        0x1008'561d    0x64  Code  ??  cy_sysclk.o [33]
Cy_SysClk_GetPll400MNo  0x1008'51f5    0x14  Code  Lc  cy_sysclk.o [33]
Cy_SysClk_GetPllInputFrequency
                        0x1008'568d    0x1c  Code  ??  cy_sysclk.o [33]
Cy_SysClk_GetPllNo      0x1008'51b9    0x12  Code  Lc  cy_sysclk.o [33]
Cy_SysClk_GetPllOutputFrequency
                        0x1008'5725   0x1a0  Code  ??  cy_sysclk.o [33]
Cy_SysClk_GetWcoFrequency
                        0x1008'55e3    0x32  Code  ??  cy_sysclk.o [33]
Cy_SysClk_HfClockGetDivider
                        0x1008'5297    0x42  Code  Lc  cy_sysclk.o [33]
Cy_SysClk_HfClockGetSource
                        0x1008'5243    0x54  Code  Lc  cy_sysclk.o [33]
Cy_SysClk_InitGetFreqParams
                        0x1008'54e1    0x1a  Code  ??  cy_sysclk.o [33]
Cy_SysClk_PeriphAssignDivider
                        0x1008'6383    0x74  Code  Lc  zf_driver_adc.o [49]
Cy_SysClk_PeriphAssignDivider
                        0x1008'4c7d    0x72  Code  Lc  zf_driver_delay.o [49]
Cy_SysClk_PeriphAssignDivider
                        0x1008'744f    0x74  Code  Lc  zf_driver_encoder.o [49]
Cy_SysClk_PeriphAssignDivider
                        0x1008'86dd    0x72  Code  Lc  zf_driver_pit.o [49]
Cy_SysClk_PeriphAssignDivider
                        0x1008'0143    0x74  Code  Lc  zf_driver_pwm.o [49]
Cy_SysClk_PeriphAssignDivider
                        0x1008'1891    0x74  Code  Lc  zf_driver_uart.o [49]
Cy_SysClk_PeriphEnableDivider
                        0x1008'63f7    0x5e  Code  Lc  zf_driver_adc.o [49]
Cy_SysClk_PeriphEnableDivider
                        0x1008'4cef    0x5c  Code  Lc  zf_driver_delay.o [49]
Cy_SysClk_PeriphEnableDivider
                        0x1008'74c3    0x5e  Code  Lc  zf_driver_encoder.o [49]
Cy_SysClk_PeriphEnableDivider
                        0x1008'874f    0x5c  Code  Lc  zf_driver_pit.o [49]
Cy_SysClk_PeriphEnableDivider
                        0x1008'01b7    0x5e  Code  Lc  zf_driver_pwm.o [49]
Cy_SysClk_PeriphEnableDivider
                        0x1008'1905    0x5e  Code  Lc  zf_driver_uart.o [49]
Cy_SysClk_PeriphSetDivider
                        0x1008'62ed    0x8e  Code  Lc  zf_driver_adc.o [49]
Cy_SysClk_PeriphSetDivider
                        0x1008'4beb    0x8a  Code  Lc  zf_driver_delay.o [49]
Cy_SysClk_PeriphSetDivider
                        0x1008'73b9    0x8e  Code  Lc  zf_driver_encoder.o [49]
Cy_SysClk_PeriphSetDivider
                        0x1008'864b    0x8a  Code  Lc  zf_driver_pit.o [49]
Cy_SysClk_PeriphSetDivider
                        0x1008'00ad    0x8e  Code  Lc  zf_driver_pwm.o [49]
Cy_SysClk_PeriphSetFracDivider
                        0x1008'17b5    0xd4  Code  Lc  zf_driver_uart.o [49]
Cy_SysClk_Pll400MGetConfiguration
                        0x1008'544d    0x84  Code  ??  cy_sysclk.o [33]
Cy_SysClk_Pll400MGetLockStatus
                        0x1008'5209    0x2a  Code  Lc  cy_sysclk.o [33]
Cy_SysClk_PllGetConfiguration
                        0x1008'53f9    0x48  Code  ??  cy_sysclk.o [33]
Cy_SysClk_PllGetLockStatus
                        0x1008'51cb    0x28  Code  Lc  cy_sysclk.o [33]
Cy_SysClk_WcoOkay       0x1008'5235     0xe  Code  Lc  cy_sysclk.o [33]
Cy_SysInt_InitIRQ       0x1008'386d    0x7a  Code  ??  cy_sysint.o [35]
Cy_SysInt_SetSystemIrqVector
                        0x1008'38e7    0x12  Code  ??  cy_sysint.o [35]
Cy_SysInt_SystemIrqUserTableRamPointer
                        0x2802'06ec     0x4  Data  ??  cy_interrupt_map.o [23]
Cy_SysLib_DelayCycles   0x1008'9801          Code  ??  cy_syslib_iar.o [36]
Cy_SysLib_EnterCriticalSection
                        0x1008'9811          Code  ??  cy_syslib_iar.o [36]
Cy_SysLib_ExitCriticalSection
                        0x1008'9819          Code  ??  cy_syslib_iar.o [36]
Cy_SysLib_FaultHandler  0x1008'5a7d    0x90  Code  ??  cy_syslib.o [36]
Cy_SysLib_Halt          0x1008'5a79     0x4  Code  ??  cy_syslib.o [36]
Cy_SysLib_ProcessingFault
                        0x1008'5b21     0x2  Code  Wk  cy_syslib.o [36]
Cy_SysLib_SvcHandler    0x1008'9b0d     0xc  Code  Wk  cy_syslib.o [36]
Cy_SystemInitFpuEnable  0x1008'8bc1    0x1e  Code  ??  system_tviibh4m_cm7.o [22]
Cy_SystemIrqUserTable   0x2802'0000   0x6ec  Data  ??  cy_interrupt_map.o [23]
Cy_Tcpwm_Counter_ClearTC_Intr
                        0x1008'5181    0x10  Code  ??  cy_tcpwm_counter.o [43]
Cy_Tcpwm_Counter_Enable
                        0x1008'5161     0xa  Code  ??  cy_tcpwm_counter.o [43]
Cy_Tcpwm_Counter_GetCounter
                        0x1008'516f     0x4  Code  ??  cy_tcpwm_counter.o [43]
Cy_Tcpwm_Counter_Init   0x1008'4fe9   0x164  Code  ??  cy_tcpwm_counter.o [43]
Cy_Tcpwm_Counter_SetCounter
                        0x1008'516b     0x4  Code  ??  cy_tcpwm_counter.o [43]
Cy_Tcpwm_Counter_SetTC_IntrMask
                        0x1008'5173     0xe  Code  ??  cy_tcpwm_counter.o [43]
Cy_Tcpwm_Pwm_Enable     0x1008'1771     0xa  Code  ??  cy_tcpwm_pwm.o [43]
Cy_Tcpwm_Pwm_Init       0x1008'157d   0x1d8  Code  ??  cy_tcpwm_pwm.o [43]
Cy_Tcpwm_QuadDec_GetCounter
                        0x1008'77b9     0x4  Code  ??  cy_tcpwm_quaddec.o [43]
Cy_Tcpwm_QuadDec_SetCounter
                        0x1008'77b5     0x4  Code  ??  cy_tcpwm_quaddec.o [43]
Cy_Tcpwm_TriggerStart   0x1008'177b     0xe  Code  ??  cy_tcpwm.o [43]
Cy_u32StartupStackEndAddress
                        0x1008'9314          Data  ??  startup_cm7.o [31]
Cy_u32StartupStackStartAddress
                        0x1008'9310          Data  ??  startup_cm7.o [31]
Daty_Z                  0x2802'9180     0x4  Data  ??  IMU.o [5]
DebugMon_Handler        0x1008'9bd9          Code  Wk  startup_cm7.o [31]
GPS_Init                0x1008'9319     0xa  Code  ??  GPS.o [5]
Gyro_Offset             0x2802'9158     0xc  Data  ??  IMU.o [5]
HALL_gather             0x1008'8461    0x14  Code  ??  motor.o [5]
HEAP_STACK$$Base        0x2807'e000           --   Gb  - Linker created -
HEAP_STACK$$Limit       0x2808'0000           --   Gb  - Linker created -
HardFault_Handler       0x1008'97c1          Code  Wk  startup_cm7.o [31]
IMU_Data                0x2802'9100    0x18  Data  ??  IMU.o [5]
IMU_GetValues           0x1008'7879    0x9e  Code  ??  IMU.o [5]
IMU_Handle_0            0x1008'7ad5    0x3a  Code  ??  IMU.o [5]
IMU_Handle_180          0x1008'797d    0xe6  Code  ??  IMU.o [5]
IMU_Handle_360          0x1008'7a6d    0x62  Code  ??  IMU.o [5]
IMU_YAW_integral        0x1008'7919    0x42  Code  ??  IMU.o [5]
IMU_gyro_Offset_Init    0x1008'77bd    0xbc  Code  ??  IMU.o [5]
IMU_init                0x1008'795b     0xc  Code  ??  IMU.o [5]
InitRamEcc              0x1008'8957   0x100  Code  Lc  startup.o [31]
InitRamEccClearArea     0x1008'8a57    0x12  Code  Lc  startup.o [31]
Key_init                0x1008'8481    0x7c  Code  ??  Common_Peripherals.o [5]
LQ_lora                 0x1008'9025    0x9e  Code  ??  lora.o [5]
MemManage_Handler       0x1008'9bcd          Code  Wk  startup_cm7.o [31]
NMI_Handler             0x1008'9bc9          Code  Wk  startup_cm7.o [31]
Normal                  0x1008'5c79    0x5e  Code  ??  voice.o [5]
PendSV_Handler          0x1008'9bdd          Code  Wk  startup_cm7.o [31]
Region$$Table$$Base     0x1008'9780           --   ??  - Linker created -
Region$$Table$$Limit    0x1008'97a0           --   ??  - Linker created -
Reset_Handler           0x1008'9269          Code  Wk  startup_cm7.o [31]
SVC_Handler             0x1008'98c5          Code  Wk  startup_cm7.o [31]
SeekMaxAcor             0x1008'5f31   0x100  Code  ??  voice.o [5]
Startup_Init            0x1008'88c9    0x8e  Code  ??  startup.o [31]
Steer_set               0x1008'858d    0x36  Code  ??  Common_Peripherals.o [5]
SysTick_Handler         0x1008'9be1          Code  Wk  startup_cm7.o [31]
SystemCoreClock         0x2802'91a4     0x4  Data  ??  system_tviibh4m_cm7.o [22]
SystemCoreClockUpdate   0x1008'8b29    0x98  Code  ??  system_tviibh4m_cm7.o [22]
SystemInit              0x1008'8acd    0x5c  Code  ??  system_tviibh4m_cm7.o [22]
TJC_START               0x1008'8c31     0xa  Code  ??  TJC.o [5]
TJC_Send                0x1008'8c79    0x12  Code  ??  TJC.o [5]
TJC_Sendbit             0x1008'8c51    0x28  Code  ??  TJC.o [5]
TJC_init                0x1008'8c3b    0x16  Code  ??  TJC.o [5]
TJC_messageSend         0x1008'8c8b   0x130  Code  ??  TJC.o [5]
T_M                     0x2802'9184     0x4  Data  ??  IMU.o [5]
T_N                     0x2802'918c     0x4  Data  ??  IMU.o [5]
UsageFault_Handler      0x1008'9bd5          Code  Wk  startup_cm7.o [31]
VoiceGetSample          0x1008'5b49   0x12e  Code  ??  voice.o [5]
VoiceGetSample::adcIndex
                        0x2802'91f8     0x1  Data  Lc  voice.o [5]
VoiceInit               0x1008'5b25    0x24  Code  ??  voice.o [5]
VoiceProcess            0x1008'6031   0x230  Code  ??  voice.o [5]
Xcorr                   0x1008'5cd9   0x250  Code  ??  voice.o [5]
_LC                     0x1008'2aad     0x6  Code  Lc  xprintflarge_nomb.o [50]
_LitobLargeNoMb         0x1008'35bd   0x10c  Code  Lc  xprintflarge_nomb.o [50]
_PrintfLargeNoMb        0x1008'2ab3   0xb04  Code  ??  xprintflarge_nomb.o [50]
_Prout                  0x1008'9a1d    0x16  Code  ??  xprout.o [50]
_PutcharsLargeNoMb      0x1008'3729    0x2e  Code  Lc  xprintflarge_nomb.o [50]
_SProut                 0x1008'2017     0xa  Code  ??  xsprout.o [50]
__NVIC_ClearPendingIRQ  0x1008'90d1    0x1c  Code  Lc  cy_interrupt_map.o [23]
__NVIC_ClearPendingIRQ  0x1008'24c5    0x1c  Code  Lc  zf_common_interrupt.o [46]
__NVIC_EnableIRQ        0x1008'24a9    0x1c  Code  Lc  zf_common_interrupt.o [46]
__NVIC_SetPriority      0x1008'24e1    0x24  Code  Lc  zf_common_interrupt.o [46]
__Vectors               0x1008'0000           --   ??  startup_cm7.o [31]
__Vectors_End           0x1008'0080          Data  ??  startup_cm7.o [31]
__Vectors_Size {Abs}           0x80           --   ??  startup_cm7.o [31]
__aeabi_d2uiz           0x1008'3a7f     0xe  Code  ??  DblToU32.o [51]
__aeabi_ddiv            0x1008'3a6d    0x12  Code  ??  DblDiv.o [51]
__aeabi_dmul            0x1008'3aad    0x12  Code  ??  DblMul.o [51]
__aeabi_dsub            0x1008'3a9b    0x12  Code  ??  DblSub.o [51]
__aeabi_ldiv0           0x1008'3949          Code  ??  I64DivZer.o [52]
__aeabi_memclr4         0x1008'258d          Code  ??  ABImemclr4.o [52]
__aeabi_memcpy          0x1008'37c5          Code  ??  ABImemcpy.o [52]
__aeabi_memcpy4         0x1008'37e5          Code  ??  ABImemcpy.o [52]
__aeabi_memcpy8         0x1008'37e5          Code  ??  ABImemcpy.o [52]
__aeabi_memset          0x1008'1305          Code  ??  ABImemset.o [52]
__aeabi_ui2d            0x1008'3a8d     0xe  Code  ??  U32ToDbl.o [51]
__aeabi_uldivmod        0x1008'2595          Code  ??  I64DivMod.o [52]
__cmain                 0x1008'9821          Code  ??  cmain.o [52]
__ecc_init_dtcm_end_address {Abs}
                        0x2000'3fff          Data  ??  <internal module>
__ecc_init_dtcm_start_address {Abs}
                        0x2000'0000          Data  ??  <internal module>
__ecc_init_itcm_end_address {Abs}
                             0x3fff          Data  ??  <internal module>
__ecc_init_itcm_start_address {Abs}
                                0x0          Data  ??  <internal module>
__ecc_init_sram_end_address {Abs}
                        0x2807'ffff          Data  ??  <internal module>
__ecc_init_sram_start_address {Abs}
                        0x2802'0000          Data  ??  <internal module>
__exit                  0x1008'3ac5    0x14  Code  ??  exit.o [53]
__iar_Fail_s            0x1008'3965    0x1c  Code  ??  xfail_s.o [50]
__iar_Memchr            0x1008'39a5          Code  ??  memchr.o [52]
__iar_Memset            0x1008'1305          Code  ??  ABImemset.o [52]
__iar_Memset4_word      0x1008'3915          Code  ??  ABImemset48.o [52]
__iar_Memset8_word      0x1008'3915          Code  ??  ABImemset48.o [52]
__iar_Memset_word       0x1008'130d          Code  ??  ABImemset.o [52]
__iar_Sin64             0x1008'477d   0x23c  Code  Lc  cos_sin64.o [51]
__iar_Strchr            0x1008'394d          Code  ??  strchr.o [52]
__iar_asin64            0x1008'4a91          Code  ??  asin.o [51]
__iar_atan2_64          0x1008'4b19          Code  ??  atan2.o [51]
__iar_cos64             0x1008'4a69     0x4  Code  ??  cos_sin64.o [51]
__iar_cos_medium        0x1008'4a69     0x4  Code  ??  cos_sin64.o [51]
__iar_cos_medium64      0x1008'4a69     0x4  Code  ??  cos_sin64.o [51]
__iar_cos_mediuml       0x1008'4a69     0x4  Code  ??  cos_sin64.o [51]
__iar_data_init3        0x1008'9709    0x18  Code  ??  data_init.o [52]
__iar_frexp             0x1008'3a09          Code  ??  frexp.o [51]
__iar_frexpl            0x1008'3a09          Code  ??  frexp.o [51]
__iar_init_vfp          0x1008'975d          Code  ??  fpinit_M.o [51]
__iar_lz77_init_single3
                        0x1008'136b    0x7e  Code  ??  lz77_init_single.o [52]
__iar_program_start     0x1008'98e1          Code  ??  cstartup_M.o [52]
__iar_sin64             0x1008'4a6d     0x4  Code  ??  cos_sin64.o [51]
__iar_sin_medium        0x1008'4a6d     0x4  Code  ??  cos_sin64.o [51]
__iar_sin_medium64      0x1008'4a6d     0x4  Code  ??  cos_sin64.o [51]
__iar_sin_mediuml       0x1008'4a6d     0x4  Code  ??  cos_sin64.o [51]
__iar_softfp___iar_frexp64
                        0x1008'39fd          Code  ??  frexp.o [51]
__iar_softfp_frexp      0x1008'39fd          Code  ??  frexp.o [51]
__iar_softfp_frexpl     0x1008'39fd          Code  ??  frexp.o [51]
__iar_sqrt64            0x1008'4a71          Code  ??  sqrt.o [51]
__iar_xatan             0x1008'4ed1          Code  ??  xatan.o [51]
__iar_zero_init3        0x1008'96d1    0x38  Code  ??  zero_init3.o [52]
__low_level_init        0x1008'9841          Code  ??  startup_cm7.o [31]
__ramVectors            0x2802'9280          Data  ??  startup_cm7.o [31]
__vector_table          0x1008'0000          Data  ??  startup_cm7.o [31]
__vector_table_0x1c     0x1008'001c          Data  ??  startup_cm7.o [31]
__write                 0x1008'11fb    0x12  Code  ??  zf_common_debug.o [46]
_call_main              0x1008'982d          Code  ??  cmain.o [52]
_exit                   0x1008'9849          Code  ??  cexit.o [52]
abort                   0x1008'3abf     0x6  Code  ??  abort.o [50]
abs                     0x1008'6869     0x8  Code  Wk  abs.o [50]
adcCount                0x2802'91c0     0x4  Data  ??  voice.o [5]
adc_convert             0x1008'65f7    0x66  Code  ??  zf_driver_adc.o [49]
adc_init                0x1008'665d   0x1ec  Code  ??  zf_driver_adc.o [49]
adc_resolution          0x2802'9008    0x48  Data  Lc  zf_driver_adc.o [49]
[...]
cy_delayFreqMhz         0x2802'91b0     0x4  Data  ??  system_tviibh4m_cm7.o [22]
cy_faultFrame           0x2802'8ed8    0x70  Data  ??  cy_syslib.o [36]
data                    0x2802'91f5     0x1  Data  ??  lora.o [5]
debug_assert_handler    0x1008'120d    0x3c  Code  ??  zf_common_debug.o [46]
debug_assert_handler::assert_nest_index
                        0x2802'91fb     0x1  Data  Lc  zf_common_debug.o [46]
debug_delay             0x1008'0edd    0x36  Code  Lc  zf_common_debug.o [46]
debug_info_init         0x1008'12b3    0x18  Code  ??  zf_common_debug.o [46]
debug_interrupr_handler
                        0x1008'11db    0x20  Code  ??  zf_common_debug.o [46]
debug_log_handler       0x1008'1249    0x20  Code  ??  zf_common_debug.o [46]
debug_output            0x1008'0f1f   0x2bc  Code  Lc  zf_common_debug.o [46]
debug_output_info       0x2802'8fac    0x14  Data  Lc  zf_common_debug.o [46]
debug_output_init       0x1008'1289    0x2a  Code  ??  zf_common_debug.o [46]
debug_output_struct_init
                        0x1008'1269    0x20  Code  ??  zf_common_debug.o [46]
debug_uart_data         0x2802'91fa     0x1  Data  ??  zf_common_debug.o [46]
debug_uart_fifo         0x2802'9118    0x18  Data  ??  zf_common_debug.o [46]
debug_uart_str_output   0x1008'0f13     0xc  Code  Lc  zf_common_debug.o [46]
delay_clk               0x2802'075e     0x2  Data  Lc  zf_driver_delay.o [49]
divNumLocator           0x1008'9b18     0x8  Data  ??  cy_sysclk.o [33]
encoder                 0x2802'91e8     0x2  Data  ??  motor.o [5]
encoder_clear_count     0x1008'75e1    0x2e  Code  ??  zf_driver_encoder.o [49]
encoder_clk             0x2802'0710     0x8  Data  ??  zf_driver_encoder.o [49]
encoder_dir_init        0x1008'760f   0x188  Code  ??  zf_driver_encoder.o [49]
encoder_get_count       0x1008'7593    0x4e  Code  ??  zf_driver_encoder.o [49]
encoder_mode            0x2802'91e0     0x4  Data  Lc  zf_driver_encoder.o [49]
encoder_module          0x2802'0718    0x10  Data  ??  zf_driver_encoder.o [49]
exit                    0x1008'9845     0x4  Code  ??  exit.o [50]
fifo_clear              0x1008'2095    0x74  Code  ??  zf_common_fifo.o [46]
fifo_end_offset         0x1008'207b    0x1a  Code  Lc  zf_common_fifo.o [46]
fifo_head_offset        0x1008'2061    0x1a  Code  Lc  zf_common_fifo.o [46]
fifo_init               0x1008'246b    0x3a  Code  ??  zf_common_fifo.o [46]
fifo_read_buffer        0x1008'22cb   0x1a0  Code  ??  zf_common_fifo.o [46]
fifo_used               0x1008'2109    0x22  Code  ??  zf_common_fifo.o [46]
fifo_write_buffer       0x1008'212b   0x1a0  Code  ??  zf_common_fifo.o [46]
func_str_to_double      0x1008'4619    0xb8  Code  ??  zf_common_function.o [46]
func_str_to_hex         0x1008'46d1    0x96  Code  ??  zf_common_function.o [46]
func_str_to_int         0x1008'45c1    0x56  Code  ??  zf_common_function.o [46]
g_Angle                 0x2802'91c4     0x4  Data  ??  voice.o [5]
g_acor1                 0x2802'8918    0xf0  Data  ??  voice.o [5]
g_acor2                 0x2802'8a08    0xf0  Data  ??  voice.o [5]
g_acor3                 0x2802'8af8    0xf0  Data  ??  voice.o [5]
g_acor4                 0x2802'8be8    0xf0  Data  ??  voice.o [5]
g_adc0Data              0x2802'0800  0x2000  Data  ??  voice.o [5]
g_adc1Data              0x2802'2800  0x2000  Data  ??  voice.o [5]
g_adc2Data              0x2802'4800  0x2000  Data  ??  voice.o [5]
g_adc3Data              0x2802'6800  0x2000  Data  ??  voice.o [5]
get_adc_pin             0x1008'6455   0x1a2  Code  Lc  zf_driver_adc.o [49]
get_ch1_hsiom           0x1008'7547    0x26  Code  Lc  zf_driver_encoder.o [49]
get_ch1_pin             0x1008'7521    0x26  Code  Lc  zf_driver_encoder.o [49]
get_ch2_pin             0x1008'756d    0x26  Code  Lc  zf_driver_encoder.o [49]
get_double_number       0x1008'3b95    0x34  Code  Lc  zf_device_gnss.o [48]
get_float_number        0x1008'3b5d    0x38  Code  Lc  zf_device_gnss.o [48]
get_int_number          0x1008'3b2d    0x2e  Code  Lc  zf_device_gnss.o [48]
get_parameter_index     0x1008'3ad9    0x54  Code  Lc  zf_device_gnss.o [48]
get_pwm_ch              0x1008'08f1   0x368  Code  Lc  zf_driver_pwm.o [49]
get_pwm_pin             0x1008'0215   0x368  Code  Lc  zf_driver_pwm.o [49]
get_pwm_pin_hsiom       0x1008'057d   0x36a  Code  Lc  zf_driver_pwm.o [49]
get_scb_module          0x1008'1b1d    0x44  Code  ??  zf_driver_uart.o [49]
get_two_points_azimuth  0x1008'4019    0xca  Code  ??  zf_device_gnss.o [48]
get_two_points_distance
                        0x1008'3f49    0xc8  Code  ??  zf_device_gnss.o [48]
get_uart_config         0x1008'19d1   0x14c  Code  Lc  zf_driver_uart.o [49]
gnss                    0x2802'8fc0    0x48  Data  ??  zf_device_gnss.o [48]
gnss_data_parse         0x1008'40f1   0x11e  Code  ??  zf_device_gnss.o [48]
gnss_flag               0x2802'91fc     0x1  Data  ??  zf_device_gnss.o [48]
gnss_gga_state          0x2802'91fe     0x1  Data  Lc  zf_device_gnss.o [48]
gnss_init               0x1008'431d   0x1c8  Code  ??  zf_device_gnss.o [48]
gnss_receiver_buffer    0x2802'8cd8    0x80  Data  Lc  zf_device_gnss.o [48]
gnss_receiver_fifo      0x2802'9130    0x18  Data  Lc  zf_device_gnss.o [48]
gnss_rmc_state          0x2802'91ff     0x1  Data  Lc  zf_device_gnss.o [48]
gnss_state              0x2802'91fd     0x1  Data  Lc  zf_device_gnss.o [48]
gnss_ths_state          0x2802'9200     0x1  Data  Lc  zf_device_gnss.o [48]
gnss_uart_callback      0x1008'4231    0xe2  Code  ??  zf_device_gnss.o [48]
gpio_get_level          0x1008'7283    0x24  Code  ??  zf_driver_gpio.o [49]
gpio_init               0x1008'72f7    0x90  Code  ??  zf_driver_gpio.o [49]
gpio_set_dir            0x1008'72a7    0x50  Code  ??  zf_driver_gpio.o [49]
gpio_set_level          0x1008'723b    0x48  Code  ??  zf_driver_gpio.o [49]
gps_getpoint            0x1008'9323    0x60  Code  ??  GPS.o [5]
gps_gga_buffer          0x2802'8d58    0x80  Data  Lc  zf_device_gnss.o [48]
gps_gngga_parse         0x1008'3e95    0x6c  Code  Lc  zf_device_gnss.o [48]
gps_gnrmc_parse         0x1008'3c61   0x226  Code  Lc  zf_device_gnss.o [48]
gps_gnths_parse         0x1008'3f01    0x46  Code  Lc  zf_device_gnss.o [48]
gps_rmc_buffer          0x2802'8dd8    0x80  Data  Lc  zf_device_gnss.o [48]
gps_ths_buffer          0x2802'8e58    0x80  Data  Lc  zf_device_gnss.o [48]
gyro_Offset_flag        0x2802'917c     0x4  Data  ??  IMU.o [5]
i                       0x2802'9174     0x4  Data  ??  GPS.o [5]
imu963ra_acc_gyro_self_check
                        0x1008'7c6f    0x34  Code  Lc  zf_device_imu963ra.o [48]
imu963ra_connect_mag    0x1008'7c35    0x3a  Code  Lc  zf_device_imu963ra.o [48]
imu963ra_get_gyro       0x1008'7cd7    0x40  Code  ??  zf_device_imu963ra.o [48]
imu963ra_gyro_x         0x2802'91ea     0x2  Data  ??  zf_device_imu963ra.o [48]
imu963ra_gyro_y         0x2802'91ec     0x2  Data  ??  zf_device_imu963ra.o [48]
imu963ra_gyro_z         0x2802'91ee     0x2  Data  ??  zf_device_imu963ra.o [48]
imu963ra_iic_struct     0x2802'9148    0x10  Data  Lc  zf_device_imu963ra.o [48]
imu963ra_init           0x1008'7d17   0x170  Code  ??  zf_device_imu963ra.o [48]
imu963ra_mag_self_check
                        0x1008'7ca3    0x34  Code  Lc  zf_device_imu963ra.o [48]
imu963ra_read_mag_register
                        0x1008'7bd1    0x64  Code  Lc  zf_device_imu963ra.o [48]
imu963ra_transition_factor
                        0x2802'06f0     0xc  Data  ??  zf_device_imu963ra.o [48]
imu963ra_write_mag_register
                        0x1008'7b59    0x78  Code  Lc  zf_device_imu963ra.o [48]
intFreqInitialized      0x2802'91f3     0x1  Data  ??  cy_sysclk.o [33]
internalBaseFreqInfo    0x2802'90d0    0x18  Data  ??  cy_sysclk.o [33]
interrupt_global_disable
                        0x1008'2515    0x14  Code  ??  zf_common_interrupt.o [46]
interrupt_global_enable
                        0x1008'2505    0x10  Code  ??  zf_common_interrupt.o [46]
interrupt_global_flag   0x2802'91dc     0x4  Data  Lc  zf_common_interrupt.o [46]
interrupt_init          0x1008'2555    0x36  Code  ??  zf_common_interrupt.o [46]
interrupt_set_priority  0x1008'2549     0xc  Code  ??  zf_common_interrupt.o [46]
j                       0x2802'9178     0x4  Data  ??  GPS.o [5]
key1_f                  0x2802'075c     0x2  Data  ??  Common_Peripherals.o [5]
key1_flag               0x2802'91f0     0x1  Data  ??  Common_Peripherals.o [5]
key1_state              0x2802'0760     0x1  Data  ??  Common_Peripherals.o [5]
key2_state              0x2802'0761     0x1  Data  ??  Common_Peripherals.o [5]
key3_state              0x2802'0762     0x1  Data  ??  Common_Peripherals.o [5]
key4_state              0x2802'0763     0x1  Data  ??  Common_Peripherals.o [5]
key_scan                0x1008'84fd    0x8e  Code  ??  Common_Peripherals.o [5]
lb                      0x2802'91cc     0x4  Data  ??  voice.o [5]
lf                      0x2802'91c8     0x4  Data  ??  voice.o [5]
lora_init               0x1008'8fe5    0x20  Code  ??  lora.o [5]
lora_receive            0x1008'9005    0x20  Code  ??  lora.o [5]
main                    0x1008'93a5    0x60  Code  ??  main_cm7_0.o [45]
memchr                  0x1008'39a5          Code  ??  memchr.o [52]
motor_init              0x1008'8401    0x26  Code  ??  motor.o [5]
motor_run               0x1008'8427    0x3a  Code  ??  motor.o [5]
my_abs                  0x1008'8205    0x14  Code  ??  turn.o [5]
my_alpha                0x2802'91b8     0x4  Data  ??  turn.o [5]
my_beta                 0x2802'91bc     0x4  Data  ??  turn.o [5]
number                  0x2802'9190     0x4  Data  ??  lora.o [5]
pit0_ch0_isr            0x1008'8e39    0x26  Code  ??  cm7_0_isr.o [45]
pit0_ch1_isr            0x1008'8e5f    0x22  Code  ??  cm7_0_isr.o [45]
pit0_ch2_isr            0x1008'8e81    0x12  Code  ??  cm7_0_isr.o [45]
pit_init                0x1008'87bd    0xfa  Code  ??  zf_driver_pit.o [49]
pit_isr_flag_clear      0x1008'87ab    0x12  Code  ??  zf_driver_pit.o [49]
pit_isr_func            0x2802'0728     0xc  Data  ??  zf_driver_pit.o [49]
plus_T_M                0x2802'9188     0x4  Data  ??  IMU.o [5]
points_jing             0x2802'9090    0x40  Data  ??  GPS.o [5]
points_wei              0x2802'9050    0x40  Data  ??  GPS.o [5]
printf                  0x1008'85f9    0x28  Code  ??  printf.o [50]
putchar                 0x1008'97e1    0x20  Code  ??  putchar.o [50]
pwm_all_channel_close   0x1008'0c59    0x22  Code  ??  zf_driver_pwm.o [49]
pwm_init                0x1008'0cdf   0x1ec  Code  ??  zf_driver_pwm.o [49]
pwm_set_duty            0x1008'0c7b    0x64  Code  ??  zf_driver_pwm.o [49]
rb                      0x2802'91d4     0x4  Data  ??  voice.o [5]
rf                      0x2802'91d0     0x4  Data  ??  voice.o [5]
sar_adc                 0x2802'0704     0xc  Data  Lc  zf_driver_adc.o [49]
scale                   0x1008'36cf    0x46  Code  Lc  xprintflarge_nomb.o [50]
scb_module              0x2802'0748    0x14  Data  ??  zf_driver_uart.o [49]
sec_hand                0x2802'91e4     0x4  Data  Lc  xfail_s.o [50]
sin                     0x1008'4a6d     0x4  Code  ??  cos_sin64.o [51]
sinl                    0x1008'4a6d     0x4  Code  ??  cos_sin64.o [51]
soft_iic_init           0x1008'7185    0x78  Code  ??  zf_driver_soft_iic.o [49]
soft_iic_read_8bit_registers
                        0x1008'7075    0x98  Code  ??  zf_driver_soft_iic.o [49]
soft_iic_read_data      0x1008'6f0f   0x118  Code  Lc  zf_driver_soft_iic.o [49]
soft_iic_sccb_read_register
                        0x1008'7119    0x6c  Code  ??  zf_driver_soft_iic.o [49]
soft_iic_send_ack       0x1008'6c85    0xd2  Code  Lc  zf_driver_soft_iic.o [49]
soft_iic_send_data      0x1008'6e2f    0xe0  Code  Lc  zf_driver_soft_iic.o [49]
soft_iic_start          0x1008'6b39    0xa6  Code  Lc  zf_driver_soft_iic.o [49]
soft_iic_stop           0x1008'6bdf    0xa6  Code  Lc  zf_driver_soft_iic.o [49]
soft_iic_wait_ack       0x1008'6d57    0xd8  Code  Lc  zf_driver_soft_iic.o [49]
soft_iic_write_8bit_register
                        0x1008'7027    0x4e  Code  ??  zf_driver_soft_iic.o [49]
sprintf                 0x1008'2021    0x40  Code  ??  sprintf.o [50]
sqrt                    0x1008'4a71          Code  ??  sqrt.o [51]
sqrtl                   0x1008'4a71          Code  ??  sqrt.o [51]
strchr                  0x1008'394d          Code  ??  strchr.o [52]
strlen                  0x1008'1fe1          Code  ??  strlen.o [52]
strncmp                 0x1008'4b97    0x2a  Code  ??  strncmp.o [50]
strncpy                 0x1008'4551          Code  ??  strncpy.o [52]
switch1_flag            0x2802'91f1     0x1  Data  ??  Common_Peripherals.o [5]
switch2_flag            0x2802'91f2     0x1  Data  ??  Common_Peripherals.o [5]
system_clock            0x2802'91d8     0x4  Data  ??  zf_common_clock.o [46]
system_delay_init       0x1008'4dbd    0xb6  Code  ??  zf_driver_delay.o [49]
system_delay_ms         0x1008'4d4b    0x72  Code  ??  zf_driver_delay.o [49]
target_jing             0x2802'9194     0x4  Data  ??  move.o [5]
target_wei              0x2802'9198     0x4  Data  ??  move.o [5]
timer_ch                0x2802'0765     0x1  Data  Lc  zf_driver_delay.o [49]
tjcstr                  0x2802'8f48    0x64  Data  ??  TJC.o [5]
turn                    0x1008'8219   0x14e  Code  ??  turn.o [5]
turn_angle              0x1008'83a1    0x58  Code  ??  position_calculation.o [5]
type_default_callback   0x1008'9c05     0x2  Code  Lc  zf_device_type.o [48]
uart0_isr               0x1008'8e93    0x40  Code  ??  cm7_0_isr.o [45]
uart1_isr               0x1008'8ed3    0x46  Code  ??  cm7_0_isr.o [45]
uart2_isr               0x1008'8f19    0x3c  Code  ??  cm7_0_isr.o [45]
uart3_isr               0x1008'8f55    0x3c  Code  ??  cm7_0_isr.o [45]
uart4_isr               0x1008'8f91    0x42  Code  ??  cm7_0_isr.o [45]
uart_context            0x2802'8800   0x118  Data  ??  zf_driver_uart.o [49]
uart_init               0x1008'1e0f   0x18e  Code  ??  zf_driver_uart.o [49]
uart_isr_func           0x2802'0734    0x14  Data  ??  zf_driver_uart.o [49]
uart_query_byte         0x1008'1bc3    0x32  Code  ??  zf_driver_uart.o [49]
uart_receiver_handler   0x2802'0700     0x4  Data  ??  zf_device_type.o [48]
uart_rx_interrupt       0x1008'1d11    0xfe  Code  ??  zf_driver_uart.o [49]
uart_tx_interrupt       0x1008'1bf5   0x11c  Code  ??  zf_driver_uart.o [49]
uart_write_buffer       0x1008'1b89    0x1e  Code  ??  zf_driver_uart.o [49]
uart_write_byte         0x1008'1b61    0x28  Code  ??  zf_driver_uart.o [49]
uart_write_string       0x1008'1ba7    0x1c  Code  ??  zf_driver_uart.o [49]
utc_to_btc              0x1008'3bc9    0x96  Code  Lc  zf_device_gnss.o [48]
wireless_module_uart_handler
                        0x2802'06fc     0x4  Data  ??  zf_device_type.o [48]
witch_one               0x2802'91f4     0x1  Data  ??  lora.o [5]
zf_debug_assert_enable  0x2802'0764     0x1  Data  Lc  zf_common_debug.o [46]
zf_debug_init_flag      0x2802'91f9     0x1  Data  Lc  zf_common_debug.o [46]


[1] = E:\project\smart car\ok\963ra-\project\iar\Debug_m7_0\Obj\adc_11722776235721520015.dir
[2] = E:\project\smart car\ok\963ra-\project\iar\Debug_m7_0\Obj\audioss_1346650047966882938.dir
[3] = E:\project\smart car\ok\963ra-\project\iar\Debug_m7_0\Obj\button_4990804375159372270.dir
[4] = E:\project\smart car\ok\963ra-\project\iar\Debug_m7_0\Obj\canfd_1800690984773873875.dir
[5] = E:\project\smart car\ok\963ra-\project\iar\Debug_m7_0\Obj\code_17896468042025673432.dir
[6] = E:\project\smart car\ok\963ra-\project\iar\Debug_m7_0\Obj\cpu_15938736945165268644.dir
[7] = E:\project\smart car\ok\963ra-\project\iar\Debug_m7_0\Obj\crypto_1190170608956581615.dir
[8] = E:\project\smart car\ok\963ra-\project\iar\Debug_m7_0\Obj\dma_12106025507578611576.dir
[9] = E:\project\smart car\ok\963ra-\project\iar\Debug_m7_0\Obj\eth_phy_18133017486186456677.dir
[10] = E:\project\smart car\ok\963ra-\project\iar\Debug_m7_0\Obj\ethernet_6029839089178797009.dir
[11] = E:\project\smart car\ok\963ra-\project\iar\Debug_m7_0\Obj\evtgen_3404189088603873129.dir
[12] = E:\project\smart car\ok\963ra-\project\iar\Debug_m7_0\Obj\flash_8529866181315662935.dir
[13] = E:\project\smart car\ok\963ra-\project\iar\Debug_m7_0\Obj\flash_864493325053435817.dir
[14] = E:\project\smart car\ok\963ra-\project\iar\Debug_m7_0\Obj\gpio_3999404635324069351.dir
[15] = E:\project\smart car\ok\963ra-\project\iar\Debug_m7_0\Obj\ipc_10145506163450686023.dir
[16] = E:\project\smart car\ok\963ra-\project\iar\Debug_m7_0\Obj\lin_18429031207028094880.dir
[17] = E:\project\smart car\ok\963ra-\project\iar\Debug_m7_0\Obj\lvd_6353935867039560245.dir
[18] = E:\project\smart car\ok\963ra-\project\iar\Debug_m7_0\Obj\mcwdt_4052485907822033969.dir
[19] = E:\project\smart car\ok\963ra-\project\iar\Debug_m7_0\Obj\mpu_5663187252346826382.dir
[20] = E:\project\smart car\ok\963ra-\project\iar\Debug_m7_0\Obj\power_14453085144426420577.dir
[21] = E:\project\smart car\ok\963ra-\project\iar\Debug_m7_0\Obj\prot_10722960861768657883.dir
[22] = E:\project\smart car\ok\963ra-\project\iar\Debug_m7_0\Obj\rev_b_4986922561640112550.dir
[23] = E:\project\smart car\ok\963ra-\project\iar\Debug_m7_0\Obj\rev_b_6162237342861132223.dir
[24] = E:\project\smart car\ok\963ra-\project\iar\Debug_m7_0\Obj\scb_15490842639181808494.dir
[25] = E:\project\smart car\ok\963ra-\project\iar\Debug_m7_0\Obj\sd_host_2982766354293506895.dir
[26] = E:\project\smart car\ok\963ra-\project\iar\Debug_m7_0\Obj\semihosting_143864889731838620.dir
[27] = E:\project\smart car\ok\963ra-\project\iar\Debug_m7_0\Obj\smartio_5451710003740070188.dir
[28] = E:\project\smart car\ok\963ra-\project\iar\Debug_m7_0\Obj\smif_427648126384146252.dir
[29] = E:\project\smart car\ok\963ra-\project\iar\Debug_m7_0\Obj\smif_mem_6470536964353725183.dir
[30] = E:\project\smart car\ok\963ra-\project\iar\Debug_m7_0\Obj\srom_13018798572330080582.dir
[31] = E:\project\smart car\ok\963ra-\project\iar\Debug_m7_0\Obj\startup_479057977785470282.dir
[32] = E:\project\smart car\ok\963ra-\project\iar\Debug_m7_0\Obj\sw_timer_4215635015939382130.dir
[33] = E:\project\smart car\ok\963ra-\project\iar\Debug_m7_0\Obj\sysclk_16149231235676103872.dir
[34] = E:\project\smart car\ok\963ra-\project\iar\Debug_m7_0\Obj\sysflt_12293435975120599261.dir
[35] = E:\project\smart car\ok\963ra-\project\iar\Debug_m7_0\Obj\sysint_7435970359207984181.dir
[36] = E:\project\smart car\ok\963ra-\project\iar\Debug_m7_0\Obj\syslib_16330585751512546975.dir
[37] = E:\project\smart car\ok\963ra-\project\iar\Debug_m7_0\Obj\syspm_10887939769544754770.dir
[38] = E:\project\smart car\ok\963ra-\project\iar\Debug_m7_0\Obj\sysreghc_17676636058511625587.dir
[39] = E:\project\smart car\ok\963ra-\project\iar\Debug_m7_0\Obj\sysreset_14586141425677365288.dir
[40] = E:\project\smart car\ok\963ra-\project\iar\Debug_m7_0\Obj\sysrtc_10747768817563771611.dir
[41] = E:\project\smart car\ok\963ra-\project\iar\Debug_m7_0\Obj\systick_16016591671695740695.dir
[42] = E:\project\smart car\ok\963ra-\project\iar\Debug_m7_0\Obj\syswdt_9118657615806274156.dir
[43] = E:\project\smart car\ok\963ra-\project\iar\Debug_m7_0\Obj\tcpwm_422923530147891246.dir
[44] = E:\project\smart car\ok\963ra-\project\iar\Debug_m7_0\Obj\trigmux_9729677290734583340.dir
[45] = E:\project\smart car\ok\963ra-\project\iar\Debug_m7_0\Obj\user_8514941877209965082.dir
[46] = E:\project\smart car\ok\963ra-\project\iar\Debug_m7_0\Obj\zf_common_1201165462030747823.dir
[47] = E:\project\smart car\ok\963ra-\project\iar\Debug_m7_0\Obj\zf_components_14936052685886095442.dir
[48] = E:\project\smart car\ok\963ra-\project\iar\Debug_m7_0\Obj\zf_device_6570275422786408770.dir
[49] = E:\project\smart car\ok\963ra-\project\iar\Debug_m7_0\Obj\zf_driver_11922370083829174090.dir
[50] = dl7M_tln.a
[51] = m7M_tlv.a
[52] = rt7M_tl.a
[53] = shb_l.a
[54] = zf_device_config.a

  38'282 bytes of readonly  code memory
   1'800 bytes of readonly  data memory
  45'695 bytes of readwrite data memory

Errors: none
Warnings: none
