###############################################################################
#
# IAR ELF Linker V9.50.1.380/W64 for ARM                  10/Apr/2024  19:58:18
# Copyright 2007-2023 IAR Systems AB.
#
#    Output file  =
#        E:\桌面\Seekfree_CYT4BB_Opensource_Library\project\iar\Debug_m7_0\Exe\cyt4bb7_cm_7_0.out
#    Map file     =
#        E:\桌面\Seekfree_CYT4BB_Opensource_Library\project\iar\Debug_m7_0\List\cyt4bb7_cm_7_0.map
#    Command line =
#        -f
#        E:\桌面\Seekfree_CYT4BB_Opensource_Library\project\iar\Debug_m7_0\Exe\cyt4bb7_cm_7_0.out.rsp
#        (E:\桌面\Seekfree_CYT4BB_Opensource_Library\project\iar\Debug_m7_0\Obj\user_8514941877209965082.dir\cm7_0_isr.o
#        E:\桌面\Seekfree_CYT4BB_Opensource_Library\project\iar\Debug_m7_0\Obj\adc_11722776235721520015.dir\cy_adc.o
#        E:\桌面\Seekfree_CYT4BB_Opensource_Library\project\iar\Debug_m7_0\Obj\button_4990804375159372270.dir\cy_button.o
#        E:\桌面\Seekfree_CYT4BB_Opensource_Library\project\iar\Debug_m7_0\Obj\canfd_1800690984773873875.dir\cy_canfd.o
#        E:\桌面\Seekfree_CYT4BB_Opensource_Library\project\iar\Debug_m7_0\Obj\cpu_15938736945165268644.dir\cy_cpu.o
#        E:\桌面\Seekfree_CYT4BB_Opensource_Library\project\iar\Debug_m7_0\Obj\crypto_1190170608956581615.dir\cy_crypto_config.o
#        E:\桌面\Seekfree_CYT4BB_Opensource_Library\project\iar\Debug_m7_0\Obj\eth_phy_18133017486186456677.dir\cy_dp83867.o
#        E:\桌面\Seekfree_CYT4BB_Opensource_Library\project\iar\Debug_m7_0\Obj\ethernet_6029839089178797009.dir\cy_ethif.o
#        E:\桌面\Seekfree_CYT4BB_Opensource_Library\project\iar\Debug_m7_0\Obj\evtgen_3404189088603873129.dir\cy_evtgen.o
#        E:\桌面\Seekfree_CYT4BB_Opensource_Library\project\iar\Debug_m7_0\Obj\flash_8529866181315662935.dir\cy_flash.o
#        E:\桌面\Seekfree_CYT4BB_Opensource_Library\project\iar\Debug_m7_0\Obj\gpio_3999404635324069351.dir\cy_gpio.o
#        E:\桌面\Seekfree_CYT4BB_Opensource_Library\project\iar\Debug_m7_0\Obj\audioss_1346650047966882938.dir\cy_i2s.o
#        E:\桌面\Seekfree_CYT4BB_Opensource_Library\project\iar\Debug_m7_0\Obj\rev_b_6162237342861132223.dir\cy_interrupt_map.o
#        E:\桌面\Seekfree_CYT4BB_Opensource_Library\project\iar\Debug_m7_0\Obj\ipc_10145506163450686023.dir\cy_ipc_drv.o
#        E:\桌面\Seekfree_CYT4BB_Opensource_Library\project\iar\Debug_m7_0\Obj\ipc_10145506163450686023.dir\cy_ipc_pipe.o
#        E:\桌面\Seekfree_CYT4BB_Opensource_Library\project\iar\Debug_m7_0\Obj\ipc_10145506163450686023.dir\cy_ipc_sema.o
#        E:\桌面\Seekfree_CYT4BB_Opensource_Library\project\iar\Debug_m7_0\Obj\lin_18429031207028094880.dir\cy_lin.o
#        E:\桌面\Seekfree_CYT4BB_Opensource_Library\project\iar\Debug_m7_0\Obj\lvd_6353935867039560245.dir\cy_lvd.o
#        E:\桌面\Seekfree_CYT4BB_Opensource_Library\project\iar\Debug_m7_0\Obj\mcwdt_4052485907822033969.dir\cy_mcwdt.o
#        E:\桌面\Seekfree_CYT4BB_Opensource_Library\project\iar\Debug_m7_0\Obj\dma_12106025507578611576.dir\cy_mdma.o
#        E:\桌面\Seekfree_CYT4BB_Opensource_Library\project\iar\Debug_m7_0\Obj\mpu_5663187252346826382.dir\cy_mpu.o
#        E:\桌面\Seekfree_CYT4BB_Opensource_Library\project\iar\Debug_m7_0\Obj\flash_864493325053435817.dir\cy_mw_flash.o
#        E:\桌面\Seekfree_CYT4BB_Opensource_Library\project\iar\Debug_m7_0\Obj\dma_12106025507578611576.dir\cy_pdma.o
#        E:\桌面\Seekfree_CYT4BB_Opensource_Library\project\iar\Debug_m7_0\Obj\power_14453085144426420577.dir\cy_power.o
#        E:\桌面\Seekfree_CYT4BB_Opensource_Library\project\iar\Debug_m7_0\Obj\prot_10722960861768657883.dir\cy_prot.o
#        E:\桌面\Seekfree_CYT4BB_Opensource_Library\project\iar\Debug_m7_0\Obj\scb_15490842639181808494.dir\cy_scb_common.o
#        E:\桌面\Seekfree_CYT4BB_Opensource_Library\project\iar\Debug_m7_0\Obj\scb_15490842639181808494.dir\cy_scb_ezi2c.o
#        E:\桌面\Seekfree_CYT4BB_Opensource_Library\project\iar\Debug_m7_0\Obj\scb_15490842639181808494.dir\cy_scb_i2c.o
#        E:\桌面\Seekfree_CYT4BB_Opensource_Library\project\iar\Debug_m7_0\Obj\scb_15490842639181808494.dir\cy_scb_spi.o
#        E:\桌面\Seekfree_CYT4BB_Opensource_Library\project\iar\Debug_m7_0\Obj\scb_15490842639181808494.dir\cy_scb_uart.o
#        E:\桌面\Seekfree_CYT4BB_Opensource_Library\project\iar\Debug_m7_0\Obj\sd_host_2982766354293506895.dir\cy_sd_host.o
#        E:\桌面\Seekfree_CYT4BB_Opensource_Library\project\iar\Debug_m7_0\Obj\semihosting_143864889731838620.dir\cy_semihosting.o
#        E:\桌面\Seekfree_CYT4BB_Opensource_Library\project\iar\Debug_m7_0\Obj\smartio_5451710003740070188.dir\cy_smartio.o
#        E:\桌面\Seekfree_CYT4BB_Opensource_Library\project\iar\Debug_m7_0\Obj\smif_427648126384146252.dir\cy_smif.o
#        E:\桌面\Seekfree_CYT4BB_Opensource_Library\project\iar\Debug_m7_0\Obj\smif_mem_6470536964353725183.dir\cy_smif_device_common.o
#        E:\桌面\Seekfree_CYT4BB_Opensource_Library\project\iar\Debug_m7_0\Obj\smif_mem_6470536964353725183.dir\cy_smif_hb_flash.o
#        E:\桌面\Seekfree_CYT4BB_Opensource_Library\project\iar\Debug_m7_0\Obj\smif_427648126384146252.dir\cy_smif_memslot.o
#        E:\桌面\Seekfree_CYT4BB_Opensource_Library\project\iar\Debug_m7_0\Obj\smif_mem_6470536964353725183.dir\cy_smif_s25fl.o
#        E:\桌面\Seekfree_CYT4BB_Opensource_Library\project\iar\Debug_m7_0\Obj\smif_mem_6470536964353725183.dir\cy_smif_s25fs.o
#        E:\桌面\Seekfree_CYT4BB_Opensource_Library\project\iar\Debug_m7_0\Obj\smif_mem_6470536964353725183.dir\cy_smif_semp.o
#        E:\桌面\Seekfree_CYT4BB_Opensource_Library\project\iar\Debug_m7_0\Obj\smif_427648126384146252.dir\cy_smif_ver_specific.o
#        E:\桌面\Seekfree_CYT4BB_Opensource_Library\project\iar\Debug_m7_0\Obj\srom_13018798572330080582.dir\cy_srom.o
#        E:\桌面\Seekfree_CYT4BB_Opensource_Library\project\iar\Debug_m7_0\Obj\sw_timer_4215635015939382130.dir\cy_sw_tmr.o
#        E:\桌面\Seekfree_CYT4BB_Opensource_Library\project\iar\Debug_m7_0\Obj\sysclk_16149231235676103872.dir\cy_sysclk.o
#        E:\桌面\Seekfree_CYT4BB_Opensource_Library\project\iar\Debug_m7_0\Obj\sysflt_12293435975120599261.dir\cy_sysflt.o
#        E:\桌面\Seekfree_CYT4BB_Opensource_Library\project\iar\Debug_m7_0\Obj\sysint_7435970359207984181.dir\cy_sysint.o
#        E:\桌面\Seekfree_CYT4BB_Opensource_Library\project\iar\Debug_m7_0\Obj\syslib_16330585751512546975.dir\cy_syslib.o
#        E:\桌面\Seekfree_CYT4BB_Opensource_Library\project\iar\Debug_m7_0\Obj\syslib_16330585751512546975.dir\cy_syslib_iar.o
#        E:\桌面\Seekfree_CYT4BB_Opensource_Library\project\iar\Debug_m7_0\Obj\syspm_10887939769544754770.dir\cy_syspm.o
#        E:\桌面\Seekfree_CYT4BB_Opensource_Library\project\iar\Debug_m7_0\Obj\sysreghc_17676636058511625587.dir\cy_sysreghc.o
#        E:\桌面\Seekfree_CYT4BB_Opensource_Library\project\iar\Debug_m7_0\Obj\sysreset_14586141425677365288.dir\cy_sysreset.o
#        E:\桌面\Seekfree_CYT4BB_Opensource_Library\project\iar\Debug_m7_0\Obj\sysrtc_10747768817563771611.dir\cy_sysrtc.o
#        E:\桌面\Seekfree_CYT4BB_Opensource_Library\project\iar\Debug_m7_0\Obj\systick_16016591671695740695.dir\cy_systick.o
#        E:\桌面\Seekfree_CYT4BB_Opensource_Library\project\iar\Debug_m7_0\Obj\syswdt_9118657615806274156.dir\cy_syswdt.o
#        E:\桌面\Seekfree_CYT4BB_Opensource_Library\project\iar\Debug_m7_0\Obj\tcpwm_422923530147891246.dir\cy_tcpwm.o
#        E:\桌面\Seekfree_CYT4BB_Opensource_Library\project\iar\Debug_m7_0\Obj\tcpwm_422923530147891246.dir\cy_tcpwm_counter.o
#        E:\桌面\Seekfree_CYT4BB_Opensource_Library\project\iar\Debug_m7_0\Obj\tcpwm_422923530147891246.dir\cy_tcpwm_pwm.o
#        E:\桌面\Seekfree_CYT4BB_Opensource_Library\project\iar\Debug_m7_0\Obj\tcpwm_422923530147891246.dir\cy_tcpwm_quaddec.o
#        E:\桌面\Seekfree_CYT4BB_Opensource_Library\project\iar\Debug_m7_0\Obj\tcpwm_422923530147891246.dir\cy_tcpwm_sr.o
#        E:\桌面\Seekfree_CYT4BB_Opensource_Library\project\iar\Debug_m7_0\Obj\trigmux_9729677290734583340.dir\cy_trigmux.o
#        E:\桌面\Seekfree_CYT4BB_Opensource_Library\project\iar\Debug_m7_0\Obj\ethernet_6029839089178797009.dir\edd.o
#        E:\桌面\Seekfree_CYT4BB_Opensource_Library\project\iar\Debug_m7_0\Obj\ethernet_6029839089178797009.dir\edd_rx.o
#        E:\桌面\Seekfree_CYT4BB_Opensource_Library\project\iar\Debug_m7_0\Obj\ethernet_6029839089178797009.dir\edd_tx.o
#        E:\桌面\Seekfree_CYT4BB_Opensource_Library\project\iar\Debug_m7_0\Obj\code_17896468042025673432.dir\IMU.o
#        E:\桌面\Seekfree_CYT4BB_Opensource_Library\project\iar\Debug_m7_0\Obj\user_8514941877209965082.dir\main_cm7_0.o
#        E:\桌面\Seekfree_CYT4BB_Opensource_Library\project\iar\Debug_m7_0\Obj\zf_components_14936052685886095442.dir\seekfree_assistant.o
#        E:\桌面\Seekfree_CYT4BB_Opensource_Library\project\iar\Debug_m7_0\Obj\zf_components_14936052685886095442.dir\seekfree_assistant_interface.o
#        E:\桌面\Seekfree_CYT4BB_Opensource_Library\project\iar\Debug_m7_0\Obj\startup_479057977785470282.dir\startup.o
#        E:\桌面\Seekfree_CYT4BB_Opensource_Library\project\iar\Debug_m7_0\Obj\startup_479057977785470282.dir\startup_cm7.o
#        E:\桌面\Seekfree_CYT4BB_Opensource_Library\project\iar\Debug_m7_0\Obj\rev_b_4986922561640112550.dir\system_tviibh4m_cm7.o
#        E:\桌面\Seekfree_CYT4BB_Opensource_Library\project\iar\Debug_m7_0\Obj\zf_common_1201165462030747823.dir\zf_common_clock.o
#        E:\桌面\Seekfree_CYT4BB_Opensource_Library\project\iar\Debug_m7_0\Obj\zf_common_1201165462030747823.dir\zf_common_debug.o
#        E:\桌面\Seekfree_CYT4BB_Opensource_Library\project\iar\Debug_m7_0\Obj\zf_common_1201165462030747823.dir\zf_common_fifo.o
#        E:\桌面\Seekfree_CYT4BB_Opensource_Library\project\iar\Debug_m7_0\Obj\zf_common_1201165462030747823.dir\zf_common_font.o
#        E:\桌面\Seekfree_CYT4BB_Opensource_Library\project\iar\Debug_m7_0\Obj\zf_common_1201165462030747823.dir\zf_common_function.o
#        E:\桌面\Seekfree_CYT4BB_Opensource_Library\project\iar\Debug_m7_0\Obj\zf_common_1201165462030747823.dir\zf_common_interrupt.o
#        E:\桌面\Seekfree_CYT4BB_Opensource_Library\project\iar\Debug_m7_0\Obj\zf_device_6570275422786408770.dir\zf_device_absolute_encoder.o
#        E:\桌面\Seekfree_CYT4BB_Opensource_Library\project\iar\Debug_m7_0\Obj\zf_device_6570275422786408770.dir\zf_device_bluetooth_ch9141.o
#        E:\桌面\Seekfree_CYT4BB_Opensource_Library\project\iar\Debug_m7_0\Obj\zf_device_6570275422786408770.dir\zf_device_dl1a.o
#        E:\桌面\Seekfree_CYT4BB_Opensource_Library\project\iar\Debug_m7_0\Obj\zf_device_6570275422786408770.dir\zf_device_dl1b.o
#        E:\桌面\Seekfree_CYT4BB_Opensource_Library\project\iar\Debug_m7_0\Obj\zf_device_6570275422786408770.dir\zf_device_gnss.o
#        E:\桌面\Seekfree_CYT4BB_Opensource_Library\project\iar\Debug_m7_0\Obj\zf_device_6570275422786408770.dir\zf_device_icm20602.o
#        E:\桌面\Seekfree_CYT4BB_Opensource_Library\project\iar\Debug_m7_0\Obj\zf_device_6570275422786408770.dir\zf_device_imu660ra.o
#        E:\桌面\Seekfree_CYT4BB_Opensource_Library\project\iar\Debug_m7_0\Obj\zf_device_6570275422786408770.dir\zf_device_imu963ra.o
#        E:\桌面\Seekfree_CYT4BB_Opensource_Library\project\iar\Debug_m7_0\Obj\zf_device_6570275422786408770.dir\zf_device_ips114.o
#        E:\桌面\Seekfree_CYT4BB_Opensource_Library\project\iar\Debug_m7_0\Obj\zf_device_6570275422786408770.dir\zf_device_ips200.o
#        E:\桌面\Seekfree_CYT4BB_Opensource_Library\project\iar\Debug_m7_0\Obj\zf_device_6570275422786408770.dir\zf_device_key.o
#        E:\桌面\Seekfree_CYT4BB_Opensource_Library\project\iar\Debug_m7_0\Obj\zf_device_6570275422786408770.dir\zf_device_mpu6050.o
#        E:\桌面\Seekfree_CYT4BB_Opensource_Library\project\iar\Debug_m7_0\Obj\zf_device_6570275422786408770.dir\zf_device_oled.o
#        E:\桌面\Seekfree_CYT4BB_Opensource_Library\project\iar\Debug_m7_0\Obj\zf_device_6570275422786408770.dir\zf_device_tft180.o
#        E:\桌面\Seekfree_CYT4BB_Opensource_Library\project\iar\Debug_m7_0\Obj\zf_device_6570275422786408770.dir\zf_device_tsl1401.o
#        E:\桌面\Seekfree_CYT4BB_Opensource_Library\project\iar\Debug_m7_0\Obj\zf_device_6570275422786408770.dir\zf_device_type.o
#        E:\桌面\Seekfree_CYT4BB_Opensource_Library\project\iar\Debug_m7_0\Obj\zf_device_6570275422786408770.dir\zf_device_uart_receiver.o
#        E:\桌面\Seekfree_CYT4BB_Opensource_Library\project\iar\Debug_m7_0\Obj\zf_device_6570275422786408770.dir\zf_device_virtual_oscilloscope.o
#        E:\桌面\Seekfree_CYT4BB_Opensource_Library\project\iar\Debug_m7_0\Obj\zf_device_6570275422786408770.dir\zf_device_wifi_spi.o
#        E:\桌面\Seekfree_CYT4BB_Opensource_Library\project\iar\Debug_m7_0\Obj\zf_device_6570275422786408770.dir\zf_device_wifi_uart.o
#        E:\桌面\Seekfree_CYT4BB_Opensource_Library\project\iar\Debug_m7_0\Obj\zf_device_6570275422786408770.dir\zf_device_wireless_uart.o
#        E:\桌面\Seekfree_CYT4BB_Opensource_Library\project\iar\Debug_m7_0\Obj\zf_driver_11922370083829174090.dir\zf_driver_adc.o
#        E:\桌面\Seekfree_CYT4BB_Opensource_Library\project\iar\Debug_m7_0\Obj\zf_driver_11922370083829174090.dir\zf_driver_delay.o
#        E:\桌面\Seekfree_CYT4BB_Opensource_Library\project\iar\Debug_m7_0\Obj\zf_driver_11922370083829174090.dir\zf_driver_dma.o
#        E:\桌面\Seekfree_CYT4BB_Opensource_Library\project\iar\Debug_m7_0\Obj\zf_driver_11922370083829174090.dir\zf_driver_encoder.o
#        E:\桌面\Seekfree_CYT4BB_Opensource_Library\project\iar\Debug_m7_0\Obj\zf_driver_11922370083829174090.dir\zf_driver_exti.o
#        E:\桌面\Seekfree_CYT4BB_Opensource_Library\project\iar\Debug_m7_0\Obj\zf_driver_11922370083829174090.dir\zf_driver_flash.o
#        E:\桌面\Seekfree_CYT4BB_Opensource_Library\project\iar\Debug_m7_0\Obj\zf_driver_11922370083829174090.dir\zf_driver_gpio.o
#        E:\桌面\Seekfree_CYT4BB_Opensource_Library\project\iar\Debug_m7_0\Obj\zf_driver_11922370083829174090.dir\zf_driver_ipc.o
#        E:\桌面\Seekfree_CYT4BB_Opensource_Library\project\iar\Debug_m7_0\Obj\zf_driver_11922370083829174090.dir\zf_driver_pit.o
#        E:\桌面\Seekfree_CYT4BB_Opensource_Library\project\iar\Debug_m7_0\Obj\zf_driver_11922370083829174090.dir\zf_driver_pwm.o
#        E:\桌面\Seekfree_CYT4BB_Opensource_Library\project\iar\Debug_m7_0\Obj\zf_driver_11922370083829174090.dir\zf_driver_soft_iic.o
#        E:\桌面\Seekfree_CYT4BB_Opensource_Library\project\iar\Debug_m7_0\Obj\zf_driver_11922370083829174090.dir\zf_driver_soft_spi.o
#        E:\桌面\Seekfree_CYT4BB_Opensource_Library\project\iar\Debug_m7_0\Obj\zf_driver_11922370083829174090.dir\zf_driver_spi.o
#        E:\桌面\Seekfree_CYT4BB_Opensource_Library\project\iar\Debug_m7_0\Obj\zf_driver_11922370083829174090.dir\zf_driver_timer.o
#        E:\桌面\Seekfree_CYT4BB_Opensource_Library\project\iar\Debug_m7_0\Obj\zf_driver_11922370083829174090.dir\zf_driver_uart.o
#        --no_out_extension -o
#        E:\桌面\Seekfree_CYT4BB_Opensource_Library\project\iar\Debug_m7_0\Exe\cyt4bb7_cm_7_0.out
#        --config_def _CORE_cm7_0_=0 --config_def _LINK_flash_=0 --map
#        E:\桌面\Seekfree_CYT4BB_Opensource_Library\project\iar\Debug_m7_0\List\cyt4bb7_cm_7_0.map
#        --config
#        E:\桌面\Seekfree_CYT4BB_Opensource_Library\project\iar\project_config\..\icf\linker_directives_tviibh.icf
#        --semihosting
#        E:\桌面\Seekfree_CYT4BB_Opensource_Library\project\iar\project_config\..\..\..\libraries\sdk\tviibh4m\src\drivers\crypto\libs\libcrypto_server_cm0plus_iar.a
#        E:\桌面\Seekfree_CYT4BB_Opensource_Library\project\iar\project_config\..\..\..\libraries\zf_device\zf_device_config.a
#        E:\桌面\Seekfree_CYT4BB_Opensource_Library\project\iar\project_config\..\..\..\libraries\sdk\common\hdr\cmsis\dsp\iar_cortexM7lf_math.a
#        --entry __iar_program_start --vfe --text_out locale --cpu=Cortex-M7
#        --fpu=VFPv5_d16) --dependencies=n
#        E:\桌面\Seekfree_CYT4BB_Opensource_Library\project\iar\Debug_m7_0\Exe\cyt4bb7_cm_7_0.out.iar_deps
#
###############################################################################

*******************************************************************************
*** RUNTIME MODEL ATTRIBUTES
***

CppFlavor       = *
__CPP_Runtime   = 1
__SystemLibrary = DLib
__dlib_version  = 6


*******************************************************************************
*** HEAP SELECTION
***

The basic heap was selected because --advanced_heap
was not specified and the application did not appear to
be primarily optimized for speed.


*******************************************************************************
*** PLACEMENT SUMMARY
***

"A0":  place at start of [from 0x1008'0000 to 0x1027'ffff] { section .intvec };
"P1":  place in [from 0x1008'0000 to 0x1027'ffff] { ro };
"P2":  place in [from 0x2802'0000 to 0x2807'ffff] { rw };
define block HEAP with size = 1K, alignment = 8 { };
define block CSTACK with size = 8K, alignment = 8 { };
define block HEAP_STACK { block HEAP, last block CSTACK };
"A1":  place at end of [from 0x2802'0000 to 0x2807'ffff] { block HEAP_STACK };
do not initialize { section .intvec_ram };
initialize by copy { rw };

No sections matched the following patterns:

  ro section .sflash_app_prot  in "P6"
  ro section .sflash_nar       in "P4"
  ro section .sflash_pkey      in "P5"
  ro section .sflash_toc2      in "P7"
  ro section .sflash_uf_rows   in "P3"
  ro section .work_flash       in "P8"


  Section            Kind         Address  Aligment    Size  Object
  -------            ----         -------  --------    ----  ------
"A0":                                                  0x80
  .intvec            ro code  0x1008'0000       128    0x80  startup_cm7.o [31]
                            - 0x1008'0080              0x80

"P1":                                                0x47fa
  .text              ro code  0x1008'0080         4   0xd16  xprintflarge_nomb.o [50]
  .text              ro code  0x1008'0d96         2    0x7e  lz77_init_single.o [52]
  .text              ro code  0x1008'0e14         4    0x16  strchr.o [52]
  .text              ro code  0x1008'0e2a         2     0xa  xsprout.o [50]
  .text              ro code  0x1008'0e34         4    0x40  xfail_s.o [50]
  .text              ro code  0x1008'0e74         4    0x36  strlen.o [52]
  .text              ro code  0x1008'0eac         4    0x58  memchr.o [52]
  .text              ro code  0x1008'0f04         4    0xa6  ABImemcpy.o [52]
  .text              ro code  0x1008'0fac         4    0x70  frexp.o [51]
  .text              ro code  0x1008'101c         2    0x12  DblDiv.o [51]
  .text              ro code  0x1008'102e         2     0xe  DblToU32.o [51]
  .text              ro code  0x1008'103c         2     0xe  U32ToDbl.o [51]
  .text              ro code  0x1008'104a         2    0x12  DblSub.o [51]
  .text              ro code  0x1008'105c         2    0x12  DblMul.o [51]
  .text              ro code  0x1008'1070         4   0x230  I64DivMod.o [52]
  .text              ro code  0x1008'12a0         2     0x6  abort.o [50]
  .text              ro code  0x1008'12a8         4     0x2  I64DivZer.o [52]
  .text              ro code  0x1008'12ac         4    0x14  exit.o [53]
  .text              ro code  0x1008'12c0         4   0x8e8  cy_sysclk.o [33]
  .text              ro code  0x1008'1ba8         4    0x70  strncpy.o [52]
  .text              ro code  0x1008'1c18         4    0xa8  cy_syslib.o [36]
  .text              ro code  0x1008'1cc0         4    0x66  ABImemset.o [52]
  .text              ro code  0x1008'1d26         2     0x2  cy_syslib.o [36]
  .text              ro code  0x1008'1d28         4   0x6c8  zf_driver_soft_iic.o [49]
  .text              ro code  0x1008'23f0         4   0x400  zf_common_debug.o [46]
  .text              ro code  0x1008'27f0         4   0x18c  zf_driver_gpio.o [49]
  .text              ro code  0x1008'297c         4    0xa4  zf_driver_uart.o [49]
  .text              ro code  0x1008'2a20         4    0x40  sprintf.o [50]
  .text              ro code  0x1008'2a60         4    0xe2  zf_common_interrupt.o [46]
  .text              ro code  0x1008'2b44         4   0x194  cy_gpio.o [14]
  .text              ro code  0x1008'2cd8         4    0x28  zf_driver_pwm.o [49]
  .text              ro code  0x1008'2d00         4    0xa8  cy_sysint.o [35]
  .text              ro code  0x1008'2da8         4   0x3ac  IMU.o [5]
  .text              ro code  0x1008'3154         4   0x2cc  zf_driver_delay.o [49]
  .text              ro code  0x1008'3420         4   0x35c  zf_device_imu963ra.o [48]
  .text              ro code  0x1008'377c         4   0x2a8  zf_driver_pit.o [49]
  .text              ro code  0x1008'3a24         4    0x28  printf.o [50]
  .text              ro code  0x1008'3a4c         4   0x1a8  cy_tcpwm_counter.o [43]
  .text              ro code  0x1008'3bf4         2     0xe  cy_tcpwm.o [43]
  .text              ro code  0x1008'3c04         4   0x204  startup.o [31]
  .text              ro code  0x1008'3e08         4   0x154  system_tviibh4m_cm7.o [22]
  .text              ro code  0x1008'3f5c         4     0x8  startup_cm7.o [31]
  .text              ro code  0x1008'3f64         4     0x6  startup_cm7.o [31]
  .text              ro code  0x1008'3f6c         4   0x198  cy_interrupt_map.o [23]
  .text              ro code  0x1008'4104         4    0xb0  startup_cm7.o [31]
  .rodata            const    0x1008'41b4         4    0x68  system_tviibh4m_cm7.o [22]
  .rodata            const    0x1008'421c         4    0x64  cy_sysclk.o [33]
  .rodata            const    0x1008'4280         4    0x64  cy_sysclk.o [33]
  .rodata            const    0x1008'42e4         4    0x58  zf_device_imu963ra.o [48]
  .rodata            const    0x1008'433c         4    0x58  zf_driver_soft_iic.o [49]
  .text              ro code  0x1008'4394         4    0x44  cm7_0_isr.o [45]
  .text              ro code  0x1008'43d8         2    0x38  zero_init3.o [52]
  .text              ro code  0x1008'4410         4    0x2a  data_init.o [52]
  .rodata            const    0x1008'443c         4    0x28  zf_device_imu963ra.o [48]
  .text              ro code  0x1008'4464         4    0x28  main_cm7_0.o [45]
  .text              ro code  0x1008'448c         4    0x1c  zf_common_clock.o [46]
  .text              ro code  0x1008'44a8         4    0x22  fpinit_M.o [51]
  .iar.init_table    const    0x1008'44cc         4    0x20  - Linker created -
  .rodata            const    0x1008'44ec         4    0x20  zf_device_imu963ra.o [48]
  .text              ro code  0x1008'450c         4    0x20  startup_cm7.o [31]
  .text              ro code  0x1008'452c         2    0x20  putchar.o [50]
  .text              ro code  0x1008'4550        16    0x1e  cy_syslib_iar.o [36]
  .text              ro code  0x1008'4570         4    0x1e  cmain.o [52]
  .text              ro code  0x1008'4590         4     0x4  startup_cm7.o [31]
  .text              ro code  0x1008'4594         2     0x4  exit.o [50]
  .text              ro code  0x1008'4598         4     0xa  cexit.o [52]
  .rodata            const    0x1008'45a4         4    0x1c  zf_common_debug.o [46]
  .text              ro code  0x1008'45c0         4    0x1c  startup_cm7.o [31]
  .text              ro code  0x1008'45dc         4    0x1c  cstartup_M.o [52]
  .rodata            const    0x1008'45f8         4    0x18  startup.o [31]
  .rodata            const    0x1008'4610         4    0x18  system_tviibh4m_cm7.o [22]
  .rodata            const    0x1008'4628         4    0x18  zf_common_debug.o [46]
  .text              ro code  0x1008'4640         2    0x16  xprout.o [50]
  .rodata            const    0x1008'4658         4    0x10  zf_common_debug.o [46]
  .rodata            const    0x1008'4668         4    0x10  zf_common_debug.o [46]
  .rodata            const    0x1008'4678         4     0xc  IMU.o [5]
  .rodata            const    0x1008'4684         4     0xc  zf_common_debug.o [46]
  .rodata            const    0x1008'4690         4     0xc  zf_common_debug.o [46]
  .rodata            const    0x1008'469c         4     0xc  zf_common_debug.o [46]
  .text              ro code  0x1008'46a8         2     0xc  cy_syslib.o [36]
  .rodata            const    0x1008'46b4         4     0x8  cy_sysclk.o [33]
  .rodata            const    0x1008'46bc         4     0x4  cy_interrupt_map.o [23]
  .rodata            const    0x1008'46c0         4     0x4  cy_interrupt_map.o [23]
  .rodata            const    0x1008'46c4         4     0x4  cy_interrupt_map.o [23]
  .rodata            const    0x1008'46c8         4     0x4  cy_interrupt_map.o [23]
  .rodata            const    0x1008'46cc         4     0x4  cy_interrupt_map.o [23]
  .rodata            const    0x1008'46d0         4     0x4  cy_interrupt_map.o [23]
  .rodata            const    0x1008'46d4         4     0x4  cy_interrupt_map.o [23]
  .rodata            const    0x1008'46d8         4     0x4  cy_interrupt_map.o [23]
  .rodata            const    0x1008'46dc         4     0x4  cy_sysint.o [35]
  .rodata            const    0x1008'46e0         4     0x4  cy_sysint.o [35]
  .rodata            const    0x1008'46e4         4     0x4  cy_tcpwm_counter.o [43]
  .rodata            const    0x1008'46e8         4     0x4  cy_tcpwm_counter.o [43]
  .rodata            const    0x1008'46ec         4     0x4  cy_tcpwm_counter.o [43]
  .rodata            const    0x1008'46f0         4     0x4  cy_tcpwm_counter.o [43]
  .rodata            const    0x1008'46f4         4     0x4  cy_tcpwm_counter.o [43]
  .text              ro code  0x1008'46f8         4     0x4  startup_cm7.o [31]
  .text              ro code  0x1008'46fc         4     0x4  startup_cm7.o [31]
  .text              ro code  0x1008'4700         4     0x4  startup_cm7.o [31]
  .text              ro code  0x1008'4704         4     0x4  startup_cm7.o [31]
  .text              ro code  0x1008'4708         4     0x4  startup_cm7.o [31]
  .text              ro code  0x1008'470c         4     0x4  startup_cm7.o [31]
  .text              ro code  0x1008'4710         4     0x4  startup_cm7.o [31]
  .text              ro code  0x1008'4714         4     0x4  startup_cm7.o [31]
  .text              ro code  0x1008'4718         4     0x4  startup_cm7.o [31]
  .text              ro code  0x1008'471c         4     0x4  startup_cm7.o [31]
  .text              ro code  0x1008'4720         4     0x4  startup_cm7.o [31]
  .text              ro code  0x1008'4724         4     0x4  startup_cm7.o [31]
  .text              ro code  0x1008'4728         4     0x4  startup_cm7.o [31]
  .text              ro code  0x1008'472c         4     0x4  startup_cm7.o [31]
  .text              ro code  0x1008'4730         4     0x4  startup_cm7.o [31]
  .rodata            const    0x1008'4734               0x0  zero_init3.o [52]
  .rodata            const    0x1008'4734               0x0  lz77_init_single.o [52]
  Initializer bytes  const    0x1008'4734              0x4d  <for P2-1>
                            - 0x1008'4781            0x4701

"P2", part 1 of 3:                                    0x720
  P2-1                        0x2802'0000             0x720  <Init block>
    .data            inited   0x2802'0000         4   0x6ec  cy_interrupt_map.o [23]
    .data            inited   0x2802'06ec         4     0x4  cy_interrupt_map.o [23]
    .data            inited   0x2802'06f0         4     0xc  zf_device_imu963ra.o [48]
    .data            inited   0x2802'06fc         4     0xc  zf_driver_pit.o [49]
    .data            inited   0x2802'0708         4    0x14  zf_driver_uart.o [49]
    .data            inited   0x2802'071c         2     0x2  zf_driver_delay.o [49]
    .data            inited   0x2802'071e               0x1  zf_common_debug.o [46]
    .data            inited   0x2802'071f               0x1  zf_driver_delay.o [49]
                            - 0x2802'0720             0x720

"P2", part 2 of 3:                                    0x128
  .bss               zero     0x2802'0720         4    0x70  cy_syslib.o [36]
  .bss               zero     0x2802'0790         4    0x18  cy_sysclk.o [33]
  .bss               zero     0x2802'07a8         4    0x18  cy_syslib.o [36]
  .bss               zero     0x2802'07c0         4    0x18  IMU.o [5]
  .bss               zero     0x2802'07d8         4    0x14  zf_common_debug.o [46]
  .bss               zero     0x2802'07ec         4    0x10  zf_device_imu963ra.o [48]
  .bss               zero     0x2802'07fc         4     0xc  IMU.o [5]
  .bss               zero     0x2802'0808         4     0x4  cy_syslib.o [36]
  .bss               zero     0x2802'080c         4     0x4  IMU.o [5]
  .bss               zero     0x2802'0810         4     0x4  IMU.o [5]
  .bss               zero     0x2802'0814         4     0x4  IMU.o [5]
  .bss               zero     0x2802'0818         4     0x4  IMU.o [5]
  .bss               zero     0x2802'081c         4     0x4  system_tviibh4m_cm7.o [22]
  .bss               zero     0x2802'0820         4     0x4  system_tviibh4m_cm7.o [22]
  .bss               zero     0x2802'0824         4     0x4  system_tviibh4m_cm7.o [22]
  .bss               zero     0x2802'0828         4     0x4  system_tviibh4m_cm7.o [22]
  .bss               zero     0x2802'082c         4     0x4  system_tviibh4m_cm7.o [22]
  .bss               zero     0x2802'0830         4     0x4  zf_common_clock.o [46]
  .bss               zero     0x2802'0834         4     0x4  zf_common_interrupt.o [46]
  .bss               zero     0x2802'0838         4     0x4  xfail_s.o [50]
  .bss               zero     0x2802'083c         2     0x2  zf_device_imu963ra.o [48]
  .bss               zero     0x2802'083e         2     0x2  zf_device_imu963ra.o [48]
  .bss               zero     0x2802'0840         2     0x2  zf_device_imu963ra.o [48]
  .bss               zero     0x2802'0842               0x1  cy_sysclk.o [33]
  .bss               zero     0x2802'0843               0x1  zf_common_debug.o [46]
  .bss               zero     0x2802'0844               0x1  zf_common_debug.o [46]
                            - 0x2802'0845             0x125

"P2", part 3 of 3:                                     0x80
  .intvec_ram        uninit   0x2802'0880       128    0x80  startup_cm7.o [31]
                            - 0x2802'0900              0x80

"A1":                                                0x2000
  HEAP_STACK                  0x2807'e000            0x2000  <Block>
    CSTACK                    0x2807'e000         8  0x2000  <Block>
      CSTACK         uninit   0x2807'e000            0x2000  <Block tail>
                            - 0x2808'0000            0x2000

Unused ranges:

         From           To       Size
         ----           --       ----
  0x1008'487a  0x1027'ffff  0x1f'b786
  0x2802'0848  0x2802'087f       0x38
  0x2802'0900  0x2807'dfff   0x5'd700


*******************************************************************************
*** INIT TABLE
***

          Address      Size
          -------      ----
Zero (__iar_zero_init3)
    1 destination range, total size 0x125:
          0x2802'0720  0x125

Copy/lz77 (__iar_lz77_init_single3)
    1 source range, total size 0x4d (4% of destination):
          0x1008'4734   0x4d
    1 destination range, total size 0x720:
          0x2802'0000  0x720



*******************************************************************************
*** MODULE SUMMARY
***

    Module                 ro code  ro data  rw data
    ------                 -------  -------  -------
command line/config:
    ------------------------------------------------
    Total:

E:\桌面\Seekfree_CYT4BB_Opensource_Library\project\iar\Debug_m7_0\Obj\adc_11722776235721520015.dir: [1]
    ------------------------------------------------
    Total:

E:\桌面\Seekfree_CYT4BB_Opensource_Library\project\iar\Debug_m7_0\Obj\audioss_1346650047966882938.dir: [2]
    ------------------------------------------------
    Total:

E:\桌面\Seekfree_CYT4BB_Opensource_Library\project\iar\Debug_m7_0\Obj\button_4990804375159372270.dir: [3]
    ------------------------------------------------
    Total:

E:\桌面\Seekfree_CYT4BB_Opensource_Library\project\iar\Debug_m7_0\Obj\canfd_1800690984773873875.dir: [4]
    ------------------------------------------------
    Total:

E:\桌面\Seekfree_CYT4BB_Opensource_Library\project\iar\Debug_m7_0\Obj\code_17896468042025673432.dir: [5]
    IMU.o                      940       12       52
    ------------------------------------------------
    Total:                     940       12       52

E:\桌面\Seekfree_CYT4BB_Opensource_Library\project\iar\Debug_m7_0\Obj\cpu_15938736945165268644.dir: [6]
    ------------------------------------------------
    Total:

E:\桌面\Seekfree_CYT4BB_Opensource_Library\project\iar\Debug_m7_0\Obj\crypto_1190170608956581615.dir: [7]
    ------------------------------------------------
    Total:

E:\桌面\Seekfree_CYT4BB_Opensource_Library\project\iar\Debug_m7_0\Obj\dma_12106025507578611576.dir: [8]
    ------------------------------------------------
    Total:

E:\桌面\Seekfree_CYT4BB_Opensource_Library\project\iar\Debug_m7_0\Obj\eth_phy_18133017486186456677.dir: [9]
    ------------------------------------------------
    Total:

E:\桌面\Seekfree_CYT4BB_Opensource_Library\project\iar\Debug_m7_0\Obj\ethernet_6029839089178797009.dir: [10]
    ------------------------------------------------
    Total:

E:\桌面\Seekfree_CYT4BB_Opensource_Library\project\iar\Debug_m7_0\Obj\evtgen_3404189088603873129.dir: [11]
    ------------------------------------------------
    Total:

E:\桌面\Seekfree_CYT4BB_Opensource_Library\project\iar\Debug_m7_0\Obj\flash_8529866181315662935.dir: [12]
    ------------------------------------------------
    Total:

E:\桌面\Seekfree_CYT4BB_Opensource_Library\project\iar\Debug_m7_0\Obj\flash_864493325053435817.dir: [13]
    ------------------------------------------------
    Total:

E:\桌面\Seekfree_CYT4BB_Opensource_Library\project\iar\Debug_m7_0\Obj\gpio_3999404635324069351.dir: [14]
    cy_gpio.o                  404
    ------------------------------------------------
    Total:                     404

E:\桌面\Seekfree_CYT4BB_Opensource_Library\project\iar\Debug_m7_0\Obj\ipc_10145506163450686023.dir: [15]
    ------------------------------------------------
    Total:

E:\桌面\Seekfree_CYT4BB_Opensource_Library\project\iar\Debug_m7_0\Obj\lin_18429031207028094880.dir: [16]
    ------------------------------------------------
    Total:

E:\桌面\Seekfree_CYT4BB_Opensource_Library\project\iar\Debug_m7_0\Obj\lvd_6353935867039560245.dir: [17]
    ------------------------------------------------
    Total:

E:\桌面\Seekfree_CYT4BB_Opensource_Library\project\iar\Debug_m7_0\Obj\mcwdt_4052485907822033969.dir: [18]
    ------------------------------------------------
    Total:

E:\桌面\Seekfree_CYT4BB_Opensource_Library\project\iar\Debug_m7_0\Obj\mpu_5663187252346826382.dir: [19]
    ------------------------------------------------
    Total:

E:\桌面\Seekfree_CYT4BB_Opensource_Library\project\iar\Debug_m7_0\Obj\power_14453085144426420577.dir: [20]
    ------------------------------------------------
    Total:

E:\桌面\Seekfree_CYT4BB_Opensource_Library\project\iar\Debug_m7_0\Obj\prot_10722960861768657883.dir: [21]
    ------------------------------------------------
    Total:

E:\桌面\Seekfree_CYT4BB_Opensource_Library\project\iar\Debug_m7_0\Obj\rev_b_4986922561640112550.dir: [22]
    system_tviibh4m_cm7.o      340      128       20
    ------------------------------------------------
    Total:                     340      128       20

E:\桌面\Seekfree_CYT4BB_Opensource_Library\project\iar\Debug_m7_0\Obj\rev_b_6162237342861132223.dir: [23]
    cy_interrupt_map.o         408      106    1'776
    ------------------------------------------------
    Total:                     408      106    1'776

E:\桌面\Seekfree_CYT4BB_Opensource_Library\project\iar\Debug_m7_0\Obj\scb_15490842639181808494.dir: [24]
    ------------------------------------------------
    Total:

E:\桌面\Seekfree_CYT4BB_Opensource_Library\project\iar\Debug_m7_0\Obj\sd_host_2982766354293506895.dir: [25]
    ------------------------------------------------
    Total:

E:\桌面\Seekfree_CYT4BB_Opensource_Library\project\iar\Debug_m7_0\Obj\semihosting_143864889731838620.dir: [26]
    ------------------------------------------------
    Total:

E:\桌面\Seekfree_CYT4BB_Opensource_Library\project\iar\Debug_m7_0\Obj\smartio_5451710003740070188.dir: [27]
    ------------------------------------------------
    Total:

E:\桌面\Seekfree_CYT4BB_Opensource_Library\project\iar\Debug_m7_0\Obj\smif_427648126384146252.dir: [28]
    ------------------------------------------------
    Total:

E:\桌面\Seekfree_CYT4BB_Opensource_Library\project\iar\Debug_m7_0\Obj\smif_mem_6470536964353725183.dir: [29]
    ------------------------------------------------
    Total:

E:\桌面\Seekfree_CYT4BB_Opensource_Library\project\iar\Debug_m7_0\Obj\srom_13018798572330080582.dir: [30]
    ------------------------------------------------
    Total:

E:\桌面\Seekfree_CYT4BB_Opensource_Library\project\iar\Debug_m7_0\Obj\startup_479057977785470282.dir: [31]
    startup.o                  516       24
    startup_cm7.o              442               128
    ------------------------------------------------
    Total:                     958       24      128

E:\桌面\Seekfree_CYT4BB_Opensource_Library\project\iar\Debug_m7_0\Obj\sw_timer_4215635015939382130.dir: [32]
    ------------------------------------------------
    Total:

E:\桌面\Seekfree_CYT4BB_Opensource_Library\project\iar\Debug_m7_0\Obj\sysclk_16149231235676103872.dir: [33]
    cy_sysclk.o              2'280      208       25
    ------------------------------------------------
    Total:                   2'280      208       25

E:\桌面\Seekfree_CYT4BB_Opensource_Library\project\iar\Debug_m7_0\Obj\sysflt_12293435975120599261.dir: [34]
    ------------------------------------------------
    Total:

E:\桌面\Seekfree_CYT4BB_Opensource_Library\project\iar\Debug_m7_0\Obj\sysint_7435970359207984181.dir: [35]
    cy_sysint.o                168        8
    ------------------------------------------------
    Total:                     168        8

E:\桌面\Seekfree_CYT4BB_Opensource_Library\project\iar\Debug_m7_0\Obj\syslib_16330585751512546975.dir: [36]
    cy_syslib.o                182               140
    cy_syslib_iar.o             30
    ------------------------------------------------
    Total:                     212               140

E:\桌面\Seekfree_CYT4BB_Opensource_Library\project\iar\Debug_m7_0\Obj\syspm_10887939769544754770.dir: [37]
    ------------------------------------------------
    Total:

E:\桌面\Seekfree_CYT4BB_Opensource_Library\project\iar\Debug_m7_0\Obj\sysreghc_17676636058511625587.dir: [38]
    ------------------------------------------------
    Total:

E:\桌面\Seekfree_CYT4BB_Opensource_Library\project\iar\Debug_m7_0\Obj\sysreset_14586141425677365288.dir: [39]
    ------------------------------------------------
    Total:

E:\桌面\Seekfree_CYT4BB_Opensource_Library\project\iar\Debug_m7_0\Obj\sysrtc_10747768817563771611.dir: [40]
    ------------------------------------------------
    Total:

E:\桌面\Seekfree_CYT4BB_Opensource_Library\project\iar\Debug_m7_0\Obj\systick_16016591671695740695.dir: [41]
    ------------------------------------------------
    Total:

E:\桌面\Seekfree_CYT4BB_Opensource_Library\project\iar\Debug_m7_0\Obj\syswdt_9118657615806274156.dir: [42]
    ------------------------------------------------
    Total:

E:\桌面\Seekfree_CYT4BB_Opensource_Library\project\iar\Debug_m7_0\Obj\tcpwm_422923530147891246.dir: [43]
    cy_tcpwm.o                  14
    cy_tcpwm_counter.o         424       20
    ------------------------------------------------
    Total:                     438       20

E:\桌面\Seekfree_CYT4BB_Opensource_Library\project\iar\Debug_m7_0\Obj\trigmux_9729677290734583340.dir: [44]
    ------------------------------------------------
    Total:

E:\桌面\Seekfree_CYT4BB_Opensource_Library\project\iar\Debug_m7_0\Obj\user_8514941877209965082.dir: [45]
    cm7_0_isr.o                 68
    main_cm7_0.o                40
    ------------------------------------------------
    Total:                     108

E:\桌面\Seekfree_CYT4BB_Opensource_Library\project\iar\Debug_m7_0\Obj\zf_common_1201165462030747823.dir: [46]
    zf_common_clock.o           28                 4
    zf_common_debug.o        1'024      120       23
    zf_common_interrupt.o      226                 4
    ------------------------------------------------
    Total:                   1'278      120       31

E:\桌面\Seekfree_CYT4BB_Opensource_Library\project\iar\Debug_m7_0\Obj\zf_components_14936052685886095442.dir: [47]
    ------------------------------------------------
    Total:

E:\桌面\Seekfree_CYT4BB_Opensource_Library\project\iar\Debug_m7_0\Obj\zf_device_6570275422786408770.dir: [48]
    zf_device_imu963ra.o       860      161       34
    ------------------------------------------------
    Total:                     860      161       34

E:\桌面\Seekfree_CYT4BB_Opensource_Library\project\iar\Debug_m7_0\Obj\zf_driver_11922370083829174090.dir: [49]
    zf_driver_delay.o          716        1        3
    zf_driver_gpio.o           396
    zf_driver_pit.o            680                12
    zf_driver_pwm.o             40
    zf_driver_soft_iic.o     1'736       88
    zf_driver_uart.o           164        1       20
    ------------------------------------------------
    Total:                   3'732       90       35

dl7M_tln.a: [50]
    abort.o                      6
    exit.o                       4
    printf.o                    40
    putchar.o                   32
    sprintf.o                   64
    xfail_s.o                   64                 4
    xprintflarge_nomb.o      3'350
    xprout.o                    22
    xsprout.o                   10
    ------------------------------------------------
    Total:                   3'592                 4

m7M_tlv.a: [51]
    DblDiv.o                    18
    DblMul.o                    18
    DblSub.o                    18
    DblToU32.o                  14
    U32ToDbl.o                  14
    fpinit_M.o                  34
    frexp.o                    112
    ------------------------------------------------
    Total:                     228

rt7M_tl.a: [52]
    ABImemcpy.o                166
    ABImemset.o                102
    I64DivMod.o                560
    I64DivZer.o                  2
    cexit.o                     10
    cmain.o                     30
    cstartup_M.o                28
    data_init.o                 42
    lz77_init_single.o         126
    memchr.o                    88
    strchr.o                    22
    strlen.o                    54
    strncpy.o                  112
    zero_init3.o                56
    ------------------------------------------------
    Total:                   1'398

shb_l.a: [53]
    exit.o                      20
    ------------------------------------------------
    Total:                      20

    Gaps                        24        8
    Linker created                       32    8'192
----------------------------------------------------
    Grand Total:            17'388      917   10'437


*******************************************************************************
*** ENTRY LIST
***

Entry                       Address   Size  Type      Object
-----                       -------   ----  ----      ------
.iar.init_table$$Base   0x1008'44cc          --   Gb  - Linker created -
.iar.init_table$$Limit  0x1008'44ec          --   Gb  - Linker created -
?main                   0x1008'4571         Code  ??  cmain.o [52]
BusFault_Handler        0x1008'4701         Code  Wk  startup_cm7.o [31]
CSTACK$$Base            0x2807'e000          --   Gb  - Linker created -
CSTACK$$Limit           0x2808'0000          --   ??  - Linker created -
CopyVectorTable         0x1008'3da5   0x34  Code  Lc  startup.o [31]
CpuUserInt0_Handler     0x1008'3f8b   0x26  Code  ??  cy_interrupt_map.o [23]
CpuUserInt10_Handler    0x1008'471d         Code  Wk  startup_cm7.o [31]
CpuUserInt11_Handler    0x1008'4721         Code  Wk  startup_cm7.o [31]
CpuUserInt12_Handler    0x1008'4725         Code  Wk  startup_cm7.o [31]
CpuUserInt13_Handler    0x1008'4729         Code  Wk  startup_cm7.o [31]
CpuUserInt14_Handler    0x1008'472d         Code  Wk  startup_cm7.o [31]
CpuUserInt15_Handler    0x1008'4731         Code  Wk  startup_cm7.o [31]
CpuUserInt1_Handler     0x1008'3fb1   0x26  Code  ??  cy_interrupt_map.o [23]
CpuUserInt2_Handler     0x1008'3fd7   0x26  Code  ??  cy_interrupt_map.o [23]
CpuUserInt3_Handler     0x1008'3ffd   0x26  Code  ??  cy_interrupt_map.o [23]
CpuUserInt4_Handler     0x1008'4023   0x26  Code  ??  cy_interrupt_map.o [23]
CpuUserInt5_Handler     0x1008'4049   0x26  Code  ??  cy_interrupt_map.o [23]
CpuUserInt6_Handler     0x1008'406f   0x26  Code  ??  cy_interrupt_map.o [23]
CpuUserInt7_Handler     0x1008'4095   0x26  Code  ??  cy_interrupt_map.o [23]
CpuUserInt8_Handler     0x1008'4715         Code  Wk  startup_cm7.o [31]
CpuUserInt9_Handler     0x1008'4719         Code  Wk  startup_cm7.o [31]
Cy_DefaultUserHandler   0x1008'3f89    0x2  Code  ??  cy_interrupt_map.o [23]
Cy_GPIO_ClearInterrupt  0x1008'2c17    0xe  Code  Lc  cy_gpio.o [14]
Cy_GPIO_Clr             0x1008'2805    0xa  Code  Lc  zf_driver_gpio.o [49]
Cy_GPIO_Pin_Init        0x1008'2c5b   0x72  Code  ??  cy_gpio.o [14]
Cy_GPIO_Read            0x1008'27f1    0xa  Code  Lc  zf_driver_gpio.o [49]
Cy_GPIO_Set             0x1008'27fb    0xa  Code  Lc  zf_driver_gpio.o [49]
Cy_GPIO_SetDriveSel     0x1008'2bf9   0x1e  Code  Lc  cy_gpio.o [14]
Cy_GPIO_SetDrivemode    0x1008'2ba9   0x1c  Code  Lc  cy_gpio.o [14]
Cy_GPIO_SetDrivemode    0x1008'280f   0x1c  Code  Lc  zf_driver_gpio.o [49]
Cy_GPIO_SetHSIOM        0x1008'2b45   0x4c  Code  Lc  cy_gpio.o [14]
Cy_GPIO_SetInterruptEdge
                        0x1008'2c3f   0x1c  Code  Lc  cy_gpio.o [14]
Cy_GPIO_SetInterruptMask
                        0x1008'2c25   0x1a  Code  Lc  cy_gpio.o [14]
Cy_GPIO_SetSlewRate     0x1008'2bdf   0x1a  Code  Lc  cy_gpio.o [14]
Cy_GPIO_SetVtrip        0x1008'2bc5   0x1a  Code  Lc  cy_gpio.o [14]
Cy_GPIO_Write           0x1008'2b91   0x18  Code  Lc  cy_gpio.o [14]
Cy_RestoreIRQ           0x1008'3f65         Code  ??  startup_cm7.o [31]
Cy_SCB_GetNumInTxFifo   0x1008'2983    0xa  Code  Lc  zf_driver_uart.o [49]
Cy_SCB_GetTxSrValid     0x1008'298d    0xa  Code  Lc  zf_driver_uart.o [49]
Cy_SCB_IsTxComplete     0x1008'2997   0x22  Code  Lc  zf_driver_uart.o [49]
Cy_SCB_WriteTxFifo      0x1008'297d    0x6  Code  Lc  zf_driver_uart.o [49]
Cy_SaveIRQ              0x1008'3f5d         Code  ??  startup_cm7.o [31]
Cy_SysClk_CheckDividerExisting
                        0x1008'3155   0x2a  Code  Lc  zf_driver_delay.o [49]
Cy_SysClk_CheckDividerExisting
                        0x1008'377d   0x2a  Code  Lc  zf_driver_pit.o [49]
Cy_SysClk_ClkPathGetSource
                        0x1008'1435   0x54  Code  ??  cy_sysclk.o [33]
Cy_SysClk_EcoGetStatus  0x1008'12c1   0x1a  Code  Lc  cy_sysclk.o [33]
Cy_SysClk_Fast0ClkGetDivider
                        0x1008'1409   0x16  Code  Lc  cy_sysclk.o [33]
Cy_SysClk_Fast1ClkGetDivider
                        0x1008'141f   0x16  Code  Lc  cy_sysclk.o [33]
Cy_SysClk_FllGetConfiguration
                        0x1008'1495   0x7e  Code  ??  cy_sysclk.o [33]
Cy_SysClk_FllGetLockStatus
                        0x1008'12db    0xc  Code  Lc  cy_sysclk.o [33]
Cy_SysClk_GetClockGroup
                        0x1008'3209    0x8  Code  Lc  zf_driver_delay.o [49]
Cy_SysClk_GetClockGroup
                        0x1008'3831    0x8  Code  Lc  zf_driver_pit.o [49]
Cy_SysClk_GetCoreFrequency
                        0x1008'1b55   0x2a  Code  ??  cy_sysclk.o [33]
Cy_SysClk_GetEcoFrequency
                        0x1008'165d   0x32  Code  ??  cy_sysclk.o [33]
Cy_SysClk_GetExtFrequency
                        0x1008'1691   0x1e  Code  ??  cy_sysclk.o [33]
Cy_SysClk_GetFast0Frequency
                        0x1008'1aa9   0x56  Code  ??  cy_sysclk.o [33]
Cy_SysClk_GetFast1Frequency
                        0x1008'1aff   0x56  Code  ??  cy_sysclk.o [33]
Cy_SysClk_GetFllInputFrequency
                        0x1008'17b1    0xc  Code  ??  cy_sysclk.o [33]
Cy_SysClk_GetFllOutputFrequency
                        0x1008'17d9   0x78  Code  ??  cy_sysclk.o [33]
Cy_SysClk_GetHfClkFrequency
                        0x1008'1a2b   0x7a  Code  ??  cy_sysclk.o [33]
Cy_SysClk_GetIlo0Frequency
                        0x1008'16af   0x32  Code  ??  cy_sysclk.o [33]
Cy_SysClk_GetIlo1Frequency
                        0x1008'16e1   0x32  Code  ??  cy_sysclk.o [33]
Cy_SysClk_GetImoFrequency
                        0x1008'162b   0x32  Code  ??  cy_sysclk.o [33]
Cy_SysClk_GetPathFrequency
                        0x1008'19f9   0x32  Code  ??  cy_sysclk.o [33]
Cy_SysClk_GetPathSourceFrequency
                        0x1008'174d   0x64  Code  ??  cy_sysclk.o [33]
Cy_SysClk_GetPll400MNo  0x1008'1325   0x14  Code  Lc  cy_sysclk.o [33]
Cy_SysClk_GetPllInputFrequency
                        0x1008'17bd   0x1c  Code  ??  cy_sysclk.o [33]
Cy_SysClk_GetPllNo      0x1008'12e9   0x12  Code  Lc  cy_sysclk.o [33]
Cy_SysClk_GetPllOutputFrequency
                        0x1008'1855  0x1a0  Code  ??  cy_sysclk.o [33]
Cy_SysClk_GetWcoFrequency
                        0x1008'1713   0x32  Code  ??  cy_sysclk.o [33]
Cy_SysClk_HfClockGetDivider
                        0x1008'13c7   0x42  Code  Lc  cy_sysclk.o [33]
Cy_SysClk_HfClockGetSource
                        0x1008'1373   0x54  Code  Lc  cy_sysclk.o [33]
Cy_SysClk_InitGetFreqParams
                        0x1008'1611   0x1a  Code  ??  cy_sysclk.o [33]
Cy_SysClk_PeriphAssignDivider
                        0x1008'3211   0x72  Code  Lc  zf_driver_delay.o [49]
Cy_SysClk_PeriphAssignDivider
                        0x1008'3839   0x72  Code  Lc  zf_driver_pit.o [49]
Cy_SysClk_PeriphEnableDivider
                        0x1008'3283   0x5c  Code  Lc  zf_driver_delay.o [49]
Cy_SysClk_PeriphEnableDivider
                        0x1008'38ab   0x5c  Code  Lc  zf_driver_pit.o [49]
Cy_SysClk_PeriphSetDivider
                        0x1008'317f   0x8a  Code  Lc  zf_driver_delay.o [49]
Cy_SysClk_PeriphSetDivider
                        0x1008'37a7   0x8a  Code  Lc  zf_driver_pit.o [49]
Cy_SysClk_Pll400MGetConfiguration
                        0x1008'157d   0x84  Code  ??  cy_sysclk.o [33]
Cy_SysClk_Pll400MGetLockStatus
                        0x1008'1339   0x2a  Code  Lc  cy_sysclk.o [33]
Cy_SysClk_PllGetConfiguration
                        0x1008'1529   0x48  Code  ??  cy_sysclk.o [33]
Cy_SysClk_PllGetLockStatus
                        0x1008'12fb   0x28  Code  Lc  cy_sysclk.o [33]
Cy_SysClk_WcoOkay       0x1008'1365    0xe  Code  Lc  cy_sysclk.o [33]
Cy_SysInt_InitIRQ       0x1008'2d01   0x7a  Code  ??  cy_sysint.o [35]
Cy_SysInt_SetSystemIrqVector
                        0x1008'2d7b   0x12  Code  ??  cy_sysint.o [35]
Cy_SysInt_SystemIrqUserTableRamPointer
                        0x2802'06ec    0x4  Data  ??  cy_interrupt_map.o [23]
Cy_SysLib_DelayCycles   0x1008'4551         Code  ??  cy_syslib_iar.o [36]
Cy_SysLib_EnterCriticalSection
                        0x1008'4561         Code  ??  cy_syslib_iar.o [36]
Cy_SysLib_ExitCriticalSection
                        0x1008'4569         Code  ??  cy_syslib_iar.o [36]
Cy_SysLib_FaultHandler  0x1008'1c1d   0x90  Code  ??  cy_syslib.o [36]
Cy_SysLib_Halt          0x1008'1c19    0x4  Code  ??  cy_syslib.o [36]
Cy_SysLib_ProcessingFault
                        0x1008'1d27    0x2  Code  Wk  cy_syslib.o [36]
Cy_SysLib_SvcHandler    0x1008'46a9    0xc  Code  Wk  cy_syslib.o [36]
Cy_SystemInitFpuEnable  0x1008'3efd   0x1e  Code  ??  system_tviibh4m_cm7.o [22]
Cy_SystemIrqUserTable   0x2802'0000  0x6ec  Data  ??  cy_interrupt_map.o [23]
Cy_Tcpwm_Counter_ClearTC_Intr
                        0x1008'3be5   0x10  Code  ??  cy_tcpwm_counter.o [43]
Cy_Tcpwm_Counter_Enable
                        0x1008'3bc5    0xa  Code  ??  cy_tcpwm_counter.o [43]
Cy_Tcpwm_Counter_GetCounter
                        0x1008'3bd3    0x4  Code  ??  cy_tcpwm_counter.o [43]
Cy_Tcpwm_Counter_Init   0x1008'3a4d  0x164  Code  ??  cy_tcpwm_counter.o [43]
Cy_Tcpwm_Counter_SetCounter
                        0x1008'3bcf    0x4  Code  ??  cy_tcpwm_counter.o [43]
Cy_Tcpwm_Counter_SetTC_IntrMask
                        0x1008'3bd7    0xe  Code  ??  cy_tcpwm_counter.o [43]
Cy_Tcpwm_TriggerStart   0x1008'3bf5    0xe  Code  ??  cy_tcpwm.o [43]
Cy_u32StartupStackEndAddress
                        0x1008'41b0         Data  ??  startup_cm7.o [31]
Cy_u32StartupStackStartAddress
                        0x1008'41ac         Data  ??  startup_cm7.o [31]
Daty_Z                  0x2802'080c    0x4  Data  ??  IMU.o [5]
DebugMon_Handler        0x1008'4709         Code  Wk  startup_cm7.o [31]
Gyro_Offset             0x2802'07fc    0xc  Data  ??  IMU.o [5]
HEAP_STACK$$Base        0x2807'e000          --   Gb  - Linker created -
HEAP_STACK$$Limit       0x2808'0000          --   Gb  - Linker created -
HardFault_Handler       0x1008'450d         Code  Wk  startup_cm7.o [31]
IMU_Data                0x2802'07c0   0x18  Data  ??  IMU.o [5]
IMU_GetValues           0x1008'2e5d   0x94  Code  ??  IMU.o [5]
IMU_Handle_0            0x1008'309d   0x3a  Code  ??  IMU.o [5]
IMU_Handle_180          0x1008'2f49   0xe6  Code  ??  IMU.o [5]
IMU_Handle_360          0x1008'3035   0x62  Code  ??  IMU.o [5]
IMU_SHOW                0x1008'30dd   0x18  Code  ??  IMU.o [5]
IMU_YAW_integral        0x1008'2ef1   0x42  Code  ??  IMU.o [5]
IMU_gyro_Offset_Init    0x1008'2da9   0xb2  Code  ??  IMU.o [5]
IMU_init                0x1008'2f33   0x16  Code  ??  IMU.o [5]
InitRamEcc              0x1008'3c93  0x100  Code  Lc  startup.o [31]
InitRamEccClearArea     0x1008'3d93   0x12  Code  Lc  startup.o [31]
MemManage_Handler       0x1008'46fd         Code  Wk  startup_cm7.o [31]
NMI_Handler             0x1008'46f9         Code  Wk  startup_cm7.o [31]
PendSV_Handler          0x1008'470d         Code  Wk  startup_cm7.o [31]
Region$$Table$$Base     0x1008'44cc          --   ??  - Linker created -
Region$$Table$$Limit    0x1008'44ec          --   ??  - Linker created -
Reset_Handler           0x1008'4105         Code  Wk  startup_cm7.o [31]
SVC_Handler             0x1008'45c1         Code  Wk  startup_cm7.o [31]
Startup_Init            0x1008'3c05   0x8e  Code  ??  startup.o [31]
SysTick_Handler         0x1008'4711         Code  Wk  startup_cm7.o [31]
SystemCoreClock         0x2802'081c    0x4  Data  ??  system_tviibh4m_cm7.o [22]
SystemCoreClockUpdate   0x1008'3e65   0x98  Code  ??  system_tviibh4m_cm7.o [22]
SystemInit              0x1008'3e09   0x5c  Code  ??  system_tviibh4m_cm7.o [22]
T_M                     0x2802'0810    0x4  Data  ??  IMU.o [5]
T_N                     0x2802'0814    0x4  Data  ??  IMU.o [5]
UsageFault_Handler      0x1008'4705         Code  Wk  startup_cm7.o [31]
_LC                     0x1008'0081    0x6  Code  Lc  xprintflarge_nomb.o [50]
_LitobLargeNoMb         0x1008'0b91  0x10c  Code  Lc  xprintflarge_nomb.o [50]
_PrintfLargeNoMb        0x1008'0087  0xb04  Code  ??  xprintflarge_nomb.o [50]
_Prout                  0x1008'4641   0x16  Code  ??  xprout.o [50]
_PutcharsLargeNoMb      0x1008'0cfd   0x2e  Code  Lc  xprintflarge_nomb.o [50]
_SProut                 0x1008'0e2b    0xa  Code  ??  xsprout.o [50]
__NVIC_ClearPendingIRQ  0x1008'3f6d   0x1c  Code  Lc  cy_interrupt_map.o [23]
__NVIC_ClearPendingIRQ  0x1008'2a7d   0x1c  Code  Lc  zf_common_interrupt.o [46]
__NVIC_EnableIRQ        0x1008'2a61   0x1c  Code  Lc  zf_common_interrupt.o [46]
__NVIC_SetPriority      0x1008'2a99   0x24  Code  Lc  zf_common_interrupt.o [46]
__Vectors               0x1008'0000          --   ??  startup_cm7.o [31]
__Vectors_End           0x1008'0080         Data  ??  startup_cm7.o [31]
__Vectors_Size {Abs}           0x80          --   ??  startup_cm7.o [31]
__aeabi_d2uiz           0x1008'102f    0xe  Code  ??  DblToU32.o [51]
__aeabi_ddiv            0x1008'101d   0x12  Code  ??  DblDiv.o [51]
__aeabi_dmul            0x1008'105d   0x12  Code  ??  DblMul.o [51]
__aeabi_dsub            0x1008'104b   0x12  Code  ??  DblSub.o [51]
__aeabi_ldiv0           0x1008'12a9         Code  ??  I64DivZer.o [52]
__aeabi_memcpy          0x1008'0f05         Code  ??  ABImemcpy.o [52]
__aeabi_memcpy4         0x1008'0f25         Code  ??  ABImemcpy.o [52]
__aeabi_memcpy8         0x1008'0f25         Code  ??  ABImemcpy.o [52]
__aeabi_memset          0x1008'1cc1         Code  ??  ABImemset.o [52]
__aeabi_ui2d            0x1008'103d    0xe  Code  ??  U32ToDbl.o [51]
__aeabi_uldivmod        0x1008'1071         Code  ??  I64DivMod.o [52]
__cmain                 0x1008'4571         Code  ??  cmain.o [52]
__ecc_init_dtcm_end_address {Abs}
                        0x2000'3fff         Data  ??  <internal module>
__ecc_init_dtcm_start_address {Abs}
                        0x2000'0000         Data  ??  <internal module>
__ecc_init_itcm_end_address {Abs}
                             0x3fff         Data  ??  <internal module>
__ecc_init_itcm_start_address {Abs}
                                0x0         Data  ??  <internal module>
__ecc_init_sram_end_address {Abs}
                        0x2807'ffff         Data  ??  <internal module>
__ecc_init_sram_start_address {Abs}
                        0x2802'0000         Data  ??  <internal module>
__exit                  0x1008'12ad   0x14  Code  ??  exit.o [53]
__iar_Fail_s            0x1008'0e35   0x1c  Code  ??  xfail_s.o [50]
__iar_Memchr            0x1008'0ead         Code  ??  memchr.o [52]
__iar_Memset            0x1008'1cc1         Code  ??  ABImemset.o [52]
__iar_Memset_word       0x1008'1cc9         Code  ??  ABImemset.o [52]
__iar_Strchr            0x1008'0e15         Code  ??  strchr.o [52]
__iar_data_init3        0x1008'4411   0x18  Code  ??  data_init.o [52]
__iar_frexp             0x1008'0fb9         Code  ??  frexp.o [51]
__iar_frexpl            0x1008'0fb9         Code  ??  frexp.o [51]
__iar_init_vfp          0x1008'44a9         Code  ??  fpinit_M.o [51]
__iar_lz77_init_single3
                        0x1008'0d97   0x7e  Code  ??  lz77_init_single.o [52]
__iar_program_start     0x1008'45dd         Code  ??  cstartup_M.o [52]
__iar_softfp___iar_frexp64
                        0x1008'0fad         Code  ??  frexp.o [51]
__iar_softfp_frexp      0x1008'0fad         Code  ??  frexp.o [51]
__iar_softfp_frexpl     0x1008'0fad         Code  ??  frexp.o [51]
__iar_zero_init3        0x1008'43d9   0x38  Code  ??  zero_init3.o [52]
__low_level_init        0x1008'4591         Code  ??  startup_cm7.o [31]
__ramVectors            0x2802'0880         Data  ??  startup_cm7.o [31]
__vector_table          0x1008'0000         Data  ??  startup_cm7.o [31]
__vector_table_0x1c     0x1008'001c         Data  ??  startup_cm7.o [31]
__write                 0x1008'26ef   0x12  Code  ??  zf_common_debug.o [46]
_call_main              0x1008'457d         Code  ??  cmain.o [52]
_exit                   0x1008'4599         Code  ??  cexit.o [52]
abort                   0x1008'12a1    0x6  Code  ??  abort.o [50]
assert_interrupt_config
                        0x1008'2af5    0xc  Code  ??  zf_common_interrupt.o [46]
clock_init              0x1008'448d   0x16  Code  ??  zf_common_clock.o [46]
cy_assertFileName       0x2802'07a8   0x18  Data  ??  cy_syslib.o [36]
cy_assertLine           0x2802'0808    0x4  Data  ??  cy_syslib.o [36]
cy_delay32kMs           0x2802'082c    0x4  Data  ??  system_tviibh4m_cm7.o [22]
cy_delayFreqHz          0x2802'0820    0x4  Data  ??  system_tviibh4m_cm7.o [22]
cy_delayFreqKhz         0x2802'0824    0x4  Data  ??  system_tviibh4m_cm7.o [22]
cy_delayFreqMhz         0x2802'0828    0x4  Data  ??  system_tviibh4m_cm7.o [22]
cy_faultFrame           0x2802'0720   0x70  Data  ??  cy_syslib.o [36]
debug_assert_handler    0x1008'2701   0x3c  Code  ??  zf_common_debug.o [46]
debug_assert_handler::assert_nest_index
                        0x2802'0844    0x1  Data  Lc  zf_common_debug.o [46]
debug_delay             0x1008'23f1   0x36  Code  Lc  zf_common_debug.o [46]
debug_info_init         0x1008'27a7   0x18  Code  ??  zf_common_debug.o [46]
debug_log_handler       0x1008'273d   0x20  Code  ??  zf_common_debug.o [46]
debug_output            0x1008'2433  0x2bc  Code  Lc  zf_common_debug.o [46]
debug_output_info       0x2802'07d8   0x14  Data  Lc  zf_common_debug.o [46]
debug_output_init       0x1008'277d   0x2a  Code  ??  zf_common_debug.o [46]
debug_output_struct_init
                        0x1008'275d   0x20  Code  ??  zf_common_debug.o [46]
debug_uart_str_output   0x1008'2427    0xc  Code  Lc  zf_common_debug.o [46]
delay_clk               0x2802'071c    0x2  Data  Lc  zf_driver_delay.o [49]
divNumLocator           0x1008'46b4    0x8  Data  ??  cy_sysclk.o [33]
exit                    0x1008'4595    0x4  Code  ??  exit.o [50]
gpio_get_level          0x1008'2873   0x24  Code  ??  zf_driver_gpio.o [49]
gpio_init               0x1008'28e7   0x90  Code  ??  zf_driver_gpio.o [49]
gpio_set_dir            0x1008'2897   0x50  Code  ??  zf_driver_gpio.o [49]
gpio_set_level          0x1008'282b   0x48  Code  ??  zf_driver_gpio.o [49]
gyro_Offset_flag        0x2802'0818    0x4  Data  ??  IMU.o [5]
imu963ra_acc_gyro_self_check
                        0x1008'3537   0x34  Code  Lc  zf_device_imu963ra.o [48]
imu963ra_connect_mag    0x1008'34fd   0x3a  Code  Lc  zf_device_imu963ra.o [48]
imu963ra_get_gyro       0x1008'359f   0x40  Code  ??  zf_device_imu963ra.o [48]
imu963ra_gyro_x         0x2802'083c    0x2  Data  ??  zf_device_imu963ra.o [48]
imu963ra_gyro_y         0x2802'083e    0x2  Data  ??  zf_device_imu963ra.o [48]
imu963ra_gyro_z         0x2802'0840    0x2  Data  ??  zf_device_imu963ra.o [48]
imu963ra_iic_struct     0x2802'07ec   0x10  Data  Lc  zf_device_imu963ra.o [48]
imu963ra_init           0x1008'35df  0x170  Code  ??  zf_device_imu963ra.o [48]
imu963ra_mag_self_check
                        0x1008'356b   0x34  Code  Lc  zf_device_imu963ra.o [48]
imu963ra_read_mag_register
                        0x1008'3499   0x64  Code  Lc  zf_device_imu963ra.o [48]
imu963ra_transition_factor
                        0x2802'06f0    0xc  Data  ??  zf_device_imu963ra.o [48]
imu963ra_write_mag_register
                        0x1008'3421   0x78  Code  Lc  zf_device_imu963ra.o [48]
intFreqInitialized      0x2802'0842    0x1  Data  ??  cy_sysclk.o [33]
internalBaseFreqInfo    0x2802'0790   0x18  Data  ??  cy_sysclk.o [33]
interrupt_global_disable
                        0x1008'2acd   0x14  Code  ??  zf_common_interrupt.o [46]
interrupt_global_enable
                        0x1008'2abd   0x10  Code  ??  zf_common_interrupt.o [46]
interrupt_global_flag   0x2802'0834    0x4  Data  Lc  zf_common_interrupt.o [46]
interrupt_init          0x1008'2b0d   0x36  Code  ??  zf_common_interrupt.o [46]
interrupt_set_priority  0x1008'2b01    0xc  Code  ??  zf_common_interrupt.o [46]
main                    0x1008'4465   0x28  Code  ??  main_cm7_0.o [45]
memchr                  0x1008'0ead         Code  ??  memchr.o [52]
pit0_ch0_isr            0x1008'4395   0x2a  Code  ??  cm7_0_isr.o [45]
pit0_ch1_isr            0x1008'43bf    0xa  Code  ??  cm7_0_isr.o [45]
pit0_ch2_isr            0x1008'43c9    0xa  Code  ??  cm7_0_isr.o [45]
pit_init                0x1008'3919   0xfa  Code  ??  zf_driver_pit.o [49]
pit_isr_flag_clear      0x1008'3907   0x12  Code  ??  zf_driver_pit.o [49]
pit_isr_func            0x2802'06fc    0xc  Data  ??  zf_driver_pit.o [49]
printf                  0x1008'3a25   0x28  Code  ??  printf.o [50]
putchar                 0x1008'452d   0x20  Code  ??  putchar.o [50]
pwm_all_channel_close   0x1008'2cd9   0x22  Code  ??  zf_driver_pwm.o [49]
scale                   0x1008'0ca3   0x46  Code  Lc  xprintflarge_nomb.o [50]
scb_module              0x2802'0708   0x14  Data  ??  zf_driver_uart.o [49]
sec_hand                0x2802'0838    0x4  Data  Lc  xfail_s.o [50]
soft_iic_init           0x1008'2375   0x78  Code  ??  zf_driver_soft_iic.o [49]
soft_iic_read_8bit_registers
                        0x1008'2265   0x98  Code  ??  zf_driver_soft_iic.o [49]
soft_iic_read_data      0x1008'20ff  0x118  Code  Lc  zf_driver_soft_iic.o [49]
soft_iic_sccb_read_register
                        0x1008'2309   0x6c  Code  ??  zf_driver_soft_iic.o [49]
soft_iic_send_ack       0x1008'1e75   0xd2  Code  Lc  zf_driver_soft_iic.o [49]
soft_iic_send_data      0x1008'201f   0xe0  Code  Lc  zf_driver_soft_iic.o [49]
soft_iic_start          0x1008'1d29   0xa6  Code  Lc  zf_driver_soft_iic.o [49]
soft_iic_stop           0x1008'1dcf   0xa6  Code  Lc  zf_driver_soft_iic.o [49]
soft_iic_wait_ack       0x1008'1f47   0xd8  Code  Lc  zf_driver_soft_iic.o [49]
soft_iic_write_8bit_register
                        0x1008'2217   0x4e  Code  ??  zf_driver_soft_iic.o [49]
sprintf                 0x1008'2a21   0x40  Code  ??  sprintf.o [50]
strchr                  0x1008'0e15         Code  ??  strchr.o [52]
strlen                  0x1008'0e75         Code  ??  strlen.o [52]
strncpy                 0x1008'1ba9         Code  ??  strncpy.o [52]
system_clock            0x2802'0830    0x4  Data  ??  zf_common_clock.o [46]
system_delay_init       0x1008'3351   0xb6  Code  ??  zf_driver_delay.o [49]
system_delay_ms         0x1008'32df   0x72  Code  ??  zf_driver_delay.o [49]
timer_ch                0x2802'071f    0x1  Data  Lc  zf_driver_delay.o [49]
uart_write_buffer       0x1008'29e1   0x1e  Code  ??  zf_driver_uart.o [49]
uart_write_byte         0x1008'29b9   0x28  Code  ??  zf_driver_uart.o [49]
uart_write_string       0x1008'29ff   0x1c  Code  ??  zf_driver_uart.o [49]
zf_debug_assert_enable  0x2802'071e    0x1  Data  Lc  zf_common_debug.o [46]
zf_debug_init_flag      0x2802'0843    0x1  Data  Lc  zf_common_debug.o [46]


[1] = E:\桌面\Seekfree_CYT4BB_Opensource_Library\project\iar\Debug_m7_0\Obj\adc_11722776235721520015.dir
[2] = E:\桌面\Seekfree_CYT4BB_Opensource_Library\project\iar\Debug_m7_0\Obj\audioss_1346650047966882938.dir
[3] = E:\桌面\Seekfree_CYT4BB_Opensource_Library\project\iar\Debug_m7_0\Obj\button_4990804375159372270.dir
[4] = E:\桌面\Seekfree_CYT4BB_Opensource_Library\project\iar\Debug_m7_0\Obj\canfd_1800690984773873875.dir
[5] = E:\桌面\Seekfree_CYT4BB_Opensource_Library\project\iar\Debug_m7_0\Obj\code_17896468042025673432.dir
[6] = E:\桌面\Seekfree_CYT4BB_Opensource_Library\project\iar\Debug_m7_0\Obj\cpu_15938736945165268644.dir
[7] = E:\桌面\Seekfree_CYT4BB_Opensource_Library\project\iar\Debug_m7_0\Obj\crypto_1190170608956581615.dir
[8] = E:\桌面\Seekfree_CYT4BB_Opensource_Library\project\iar\Debug_m7_0\Obj\dma_12106025507578611576.dir
[9] = E:\桌面\Seekfree_CYT4BB_Opensource_Library\project\iar\Debug_m7_0\Obj\eth_phy_18133017486186456677.dir
[10] = E:\桌面\Seekfree_CYT4BB_Opensource_Library\project\iar\Debug_m7_0\Obj\ethernet_6029839089178797009.dir
[11] = E:\桌面\Seekfree_CYT4BB_Opensource_Library\project\iar\Debug_m7_0\Obj\evtgen_3404189088603873129.dir
[12] = E:\桌面\Seekfree_CYT4BB_Opensource_Library\project\iar\Debug_m7_0\Obj\flash_8529866181315662935.dir
[13] = E:\桌面\Seekfree_CYT4BB_Opensource_Library\project\iar\Debug_m7_0\Obj\flash_864493325053435817.dir
[14] = E:\桌面\Seekfree_CYT4BB_Opensource_Library\project\iar\Debug_m7_0\Obj\gpio_3999404635324069351.dir
[15] = E:\桌面\Seekfree_CYT4BB_Opensource_Library\project\iar\Debug_m7_0\Obj\ipc_10145506163450686023.dir
[16] = E:\桌面\Seekfree_CYT4BB_Opensource_Library\project\iar\Debug_m7_0\Obj\lin_18429031207028094880.dir
[17] = E:\桌面\Seekfree_CYT4BB_Opensource_Library\project\iar\Debug_m7_0\Obj\lvd_6353935867039560245.dir
[18] = E:\桌面\Seekfree_CYT4BB_Opensource_Library\project\iar\Debug_m7_0\Obj\mcwdt_4052485907822033969.dir
[19] = E:\桌面\Seekfree_CYT4BB_Opensource_Library\project\iar\Debug_m7_0\Obj\mpu_5663187252346826382.dir
[20] = E:\桌面\Seekfree_CYT4BB_Opensource_Library\project\iar\Debug_m7_0\Obj\power_14453085144426420577.dir
[21] = E:\桌面\Seekfree_CYT4BB_Opensource_Library\project\iar\Debug_m7_0\Obj\prot_10722960861768657883.dir
[22] = E:\桌面\Seekfree_CYT4BB_Opensource_Library\project\iar\Debug_m7_0\Obj\rev_b_4986922561640112550.dir
[23] = E:\桌面\Seekfree_CYT4BB_Opensource_Library\project\iar\Debug_m7_0\Obj\rev_b_6162237342861132223.dir
[24] = E:\桌面\Seekfree_CYT4BB_Opensource_Library\project\iar\Debug_m7_0\Obj\scb_15490842639181808494.dir
[25] = E:\桌面\Seekfree_CYT4BB_Opensource_Library\project\iar\Debug_m7_0\Obj\sd_host_2982766354293506895.dir
[26] = E:\桌面\Seekfree_CYT4BB_Opensource_Library\project\iar\Debug_m7_0\Obj\semihosting_143864889731838620.dir
[27] = E:\桌面\Seekfree_CYT4BB_Opensource_Library\project\iar\Debug_m7_0\Obj\smartio_5451710003740070188.dir
[28] = E:\桌面\Seekfree_CYT4BB_Opensource_Library\project\iar\Debug_m7_0\Obj\smif_427648126384146252.dir
[29] = E:\桌面\Seekfree_CYT4BB_Opensource_Library\project\iar\Debug_m7_0\Obj\smif_mem_6470536964353725183.dir
[30] = E:\桌面\Seekfree_CYT4BB_Opensource_Library\project\iar\Debug_m7_0\Obj\srom_13018798572330080582.dir
[31] = E:\桌面\Seekfree_CYT4BB_Opensource_Library\project\iar\Debug_m7_0\Obj\startup_479057977785470282.dir
[32] = E:\桌面\Seekfree_CYT4BB_Opensource_Library\project\iar\Debug_m7_0\Obj\sw_timer_4215635015939382130.dir
[33] = E:\桌面\Seekfree_CYT4BB_Opensource_Library\project\iar\Debug_m7_0\Obj\sysclk_16149231235676103872.dir
[34] = E:\桌面\Seekfree_CYT4BB_Opensource_Library\project\iar\Debug_m7_0\Obj\sysflt_12293435975120599261.dir
[35] = E:\桌面\Seekfree_CYT4BB_Opensource_Library\project\iar\Debug_m7_0\Obj\sysint_7435970359207984181.dir
[36] = E:\桌面\Seekfree_CYT4BB_Opensource_Library\project\iar\Debug_m7_0\Obj\syslib_16330585751512546975.dir
[37] = E:\桌面\Seekfree_CYT4BB_Opensource_Library\project\iar\Debug_m7_0\Obj\syspm_10887939769544754770.dir
[38] = E:\桌面\Seekfree_CYT4BB_Opensource_Library\project\iar\Debug_m7_0\Obj\sysreghc_17676636058511625587.dir
[39] = E:\桌面\Seekfree_CYT4BB_Opensource_Library\project\iar\Debug_m7_0\Obj\sysreset_14586141425677365288.dir
[40] = E:\桌面\Seekfree_CYT4BB_Opensource_Library\project\iar\Debug_m7_0\Obj\sysrtc_10747768817563771611.dir
[41] = E:\桌面\Seekfree_CYT4BB_Opensource_Library\project\iar\Debug_m7_0\Obj\systick_16016591671695740695.dir
[42] = E:\桌面\Seekfree_CYT4BB_Opensource_Library\project\iar\Debug_m7_0\Obj\syswdt_9118657615806274156.dir
[43] = E:\桌面\Seekfree_CYT4BB_Opensource_Library\project\iar\Debug_m7_0\Obj\tcpwm_422923530147891246.dir
[44] = E:\桌面\Seekfree_CYT4BB_Opensource_Library\project\iar\Debug_m7_0\Obj\trigmux_9729677290734583340.dir
[45] = E:\桌面\Seekfree_CYT4BB_Opensource_Library\project\iar\Debug_m7_0\Obj\user_8514941877209965082.dir
[46] = E:\桌面\Seekfree_CYT4BB_Opensource_Library\project\iar\Debug_m7_0\Obj\zf_common_1201165462030747823.dir
[47] = E:\桌面\Seekfree_CYT4BB_Opensource_Library\project\iar\Debug_m7_0\Obj\zf_components_14936052685886095442.dir
[48] = E:\桌面\Seekfree_CYT4BB_Opensource_Library\project\iar\Debug_m7_0\Obj\zf_device_6570275422786408770.dir
[49] = E:\桌面\Seekfree_CYT4BB_Opensource_Library\project\iar\Debug_m7_0\Obj\zf_driver_11922370083829174090.dir
[50] = dl7M_tln.a
[51] = m7M_tlv.a
[52] = rt7M_tl.a
[53] = shb_l.a
[54] = zf_device_config.a

  17'388 bytes of readonly  code memory
     917 bytes of readonly  data memory
  10'437 bytes of readwrite data memory

Errors: none
Warnings: none
