###############################################################################
#
# IAR ELF Linker V9.50.1.380/W64 for ARM                  13/Apr/2024  21:59:45
# Copyright 2007-2023 IAR Systems AB.
#
#    Output file  =
#        E:\桌面\Seekfree_CYT4BB_Opensource_Library\project\iar\Debug_m7_0\Exe\cyt4bb7_cm_7_0.out
#    Map file     =
#        E:\桌面\Seekfree_CYT4BB_Opensource_Library\project\iar\Debug_m7_0\List\cyt4bb7_cm_7_0.map
#    Command line =
#        -f
#        E:\桌面\Seekfree_CYT4BB_Opensource_Library\project\iar\Debug_m7_0\Exe\cyt4bb7_cm_7_0.out.rsp
#        (E:\桌面\Seekfree_CYT4BB_Opensource_Library\project\iar\Debug_m7_0\Obj\code_17896468042025673432.dir\Algorithm.o
#        E:\桌面\Seekfree_CYT4BB_Opensource_Library\project\iar\Debug_m7_0\Obj\user_8514941877209965082.dir\cm7_0_isr.o
#        E:\桌面\Seekfree_CYT4BB_Opensource_Library\project\iar\Debug_m7_0\Obj\code_17896468042025673432.dir\Common_Peripherals.o
#        E:\桌面\Seekfree_CYT4BB_Opensource_Library\project\iar\Debug_m7_0\Obj\adc_11722776235721520015.dir\cy_adc.o
#        E:\桌面\Seekfree_CYT4BB_Opensource_Library\project\iar\Debug_m7_0\Obj\button_4990804375159372270.dir\cy_button.o
#        E:\桌面\Seekfree_CYT4BB_Opensource_Library\project\iar\Debug_m7_0\Obj\canfd_1800690984773873875.dir\cy_canfd.o
#        E:\桌面\Seekfree_CYT4BB_Opensource_Library\project\iar\Debug_m7_0\Obj\cpu_15938736945165268644.dir\cy_cpu.o
#        E:\桌面\Seekfree_CYT4BB_Opensource_Library\project\iar\Debug_m7_0\Obj\crypto_1190170608956581615.dir\cy_crypto_config.o
#        E:\桌面\Seekfree_CYT4BB_Opensource_Library\project\iar\Debug_m7_0\Obj\eth_phy_18133017486186456677.dir\cy_dp83867.o
#        E:\桌面\Seekfree_CYT4BB_Opensource_Library\project\iar\Debug_m7_0\Obj\ethernet_6029839089178797009.dir\cy_ethif.o
#        E:\桌面\Seekfree_CYT4BB_Opensource_Library\project\iar\Debug_m7_0\Obj\evtgen_3404189088603873129.dir\cy_evtgen.o
#        E:\桌面\Seekfree_CYT4BB_Opensource_Library\project\iar\Debug_m7_0\Obj\flash_8529866181315662935.dir\cy_flash.o
#        E:\桌面\Seekfree_CYT4BB_Opensource_Library\project\iar\Debug_m7_0\Obj\gpio_3999404635324069351.dir\cy_gpio.o
#        E:\桌面\Seekfree_CYT4BB_Opensource_Library\project\iar\Debug_m7_0\Obj\audioss_1346650047966882938.dir\cy_i2s.o
#        E:\桌面\Seekfree_CYT4BB_Opensource_Library\project\iar\Debug_m7_0\Obj\rev_b_6162237342861132223.dir\cy_interrupt_map.o
#        E:\桌面\Seekfree_CYT4BB_Opensource_Library\project\iar\Debug_m7_0\Obj\ipc_10145506163450686023.dir\cy_ipc_drv.o
#        E:\桌面\Seekfree_CYT4BB_Opensource_Library\project\iar\Debug_m7_0\Obj\ipc_10145506163450686023.dir\cy_ipc_pipe.o
#        E:\桌面\Seekfree_CYT4BB_Opensource_Library\project\iar\Debug_m7_0\Obj\ipc_10145506163450686023.dir\cy_ipc_sema.o
#        E:\桌面\Seekfree_CYT4BB_Opensource_Library\project\iar\Debug_m7_0\Obj\lin_18429031207028094880.dir\cy_lin.o
#        E:\桌面\Seekfree_CYT4BB_Opensource_Library\project\iar\Debug_m7_0\Obj\lvd_6353935867039560245.dir\cy_lvd.o
#        E:\桌面\Seekfree_CYT4BB_Opensource_Library\project\iar\Debug_m7_0\Obj\mcwdt_4052485907822033969.dir\cy_mcwdt.o
#        E:\桌面\Seekfree_CYT4BB_Opensource_Library\project\iar\Debug_m7_0\Obj\dma_12106025507578611576.dir\cy_mdma.o
#        E:\桌面\Seekfree_CYT4BB_Opensource_Library\project\iar\Debug_m7_0\Obj\mpu_5663187252346826382.dir\cy_mpu.o
#        E:\桌面\Seekfree_CYT4BB_Opensource_Library\project\iar\Debug_m7_0\Obj\flash_864493325053435817.dir\cy_mw_flash.o
#        E:\桌面\Seekfree_CYT4BB_Opensource_Library\project\iar\Debug_m7_0\Obj\dma_12106025507578611576.dir\cy_pdma.o
#        E:\桌面\Seekfree_CYT4BB_Opensource_Library\project\iar\Debug_m7_0\Obj\power_14453085144426420577.dir\cy_power.o
#        E:\桌面\Seekfree_CYT4BB_Opensource_Library\project\iar\Debug_m7_0\Obj\prot_10722960861768657883.dir\cy_prot.o
#        E:\桌面\Seekfree_CYT4BB_Opensource_Library\project\iar\Debug_m7_0\Obj\scb_15490842639181808494.dir\cy_scb_common.o
#        E:\桌面\Seekfree_CYT4BB_Opensource_Library\project\iar\Debug_m7_0\Obj\scb_15490842639181808494.dir\cy_scb_ezi2c.o
#        E:\桌面\Seekfree_CYT4BB_Opensource_Library\project\iar\Debug_m7_0\Obj\scb_15490842639181808494.dir\cy_scb_i2c.o
#        E:\桌面\Seekfree_CYT4BB_Opensource_Library\project\iar\Debug_m7_0\Obj\scb_15490842639181808494.dir\cy_scb_spi.o
#        E:\桌面\Seekfree_CYT4BB_Opensource_Library\project\iar\Debug_m7_0\Obj\scb_15490842639181808494.dir\cy_scb_uart.o
#        E:\桌面\Seekfree_CYT4BB_Opensource_Library\project\iar\Debug_m7_0\Obj\sd_host_2982766354293506895.dir\cy_sd_host.o
#        E:\桌面\Seekfree_CYT4BB_Opensource_Library\project\iar\Debug_m7_0\Obj\semihosting_143864889731838620.dir\cy_semihosting.o
#        E:\桌面\Seekfree_CYT4BB_Opensource_Library\project\iar\Debug_m7_0\Obj\smartio_5451710003740070188.dir\cy_smartio.o
#        E:\桌面\Seekfree_CYT4BB_Opensource_Library\project\iar\Debug_m7_0\Obj\smif_427648126384146252.dir\cy_smif.o
#        E:\桌面\Seekfree_CYT4BB_Opensource_Library\project\iar\Debug_m7_0\Obj\smif_mem_6470536964353725183.dir\cy_smif_device_common.o
#        E:\桌面\Seekfree_CYT4BB_Opensource_Library\project\iar\Debug_m7_0\Obj\smif_mem_6470536964353725183.dir\cy_smif_hb_flash.o
#        E:\桌面\Seekfree_CYT4BB_Opensource_Library\project\iar\Debug_m7_0\Obj\smif_427648126384146252.dir\cy_smif_memslot.o
#        E:\桌面\Seekfree_CYT4BB_Opensource_Library\project\iar\Debug_m7_0\Obj\smif_mem_6470536964353725183.dir\cy_smif_s25fl.o
#        E:\桌面\Seekfree_CYT4BB_Opensource_Library\project\iar\Debug_m7_0\Obj\smif_mem_6470536964353725183.dir\cy_smif_s25fs.o
#        E:\桌面\Seekfree_CYT4BB_Opensource_Library\project\iar\Debug_m7_0\Obj\smif_mem_6470536964353725183.dir\cy_smif_semp.o
#        E:\桌面\Seekfree_CYT4BB_Opensource_Library\project\iar\Debug_m7_0\Obj\smif_427648126384146252.dir\cy_smif_ver_specific.o
#        E:\桌面\Seekfree_CYT4BB_Opensource_Library\project\iar\Debug_m7_0\Obj\srom_13018798572330080582.dir\cy_srom.o
#        E:\桌面\Seekfree_CYT4BB_Opensource_Library\project\iar\Debug_m7_0\Obj\sw_timer_4215635015939382130.dir\cy_sw_tmr.o
#        E:\桌面\Seekfree_CYT4BB_Opensource_Library\project\iar\Debug_m7_0\Obj\sysclk_16149231235676103872.dir\cy_sysclk.o
#        E:\桌面\Seekfree_CYT4BB_Opensource_Library\project\iar\Debug_m7_0\Obj\sysflt_12293435975120599261.dir\cy_sysflt.o
#        E:\桌面\Seekfree_CYT4BB_Opensource_Library\project\iar\Debug_m7_0\Obj\sysint_7435970359207984181.dir\cy_sysint.o
#        E:\桌面\Seekfree_CYT4BB_Opensource_Library\project\iar\Debug_m7_0\Obj\syslib_16330585751512546975.dir\cy_syslib.o
#        E:\桌面\Seekfree_CYT4BB_Opensource_Library\project\iar\Debug_m7_0\Obj\syslib_16330585751512546975.dir\cy_syslib_iar.o
#        E:\桌面\Seekfree_CYT4BB_Opensource_Library\project\iar\Debug_m7_0\Obj\syspm_10887939769544754770.dir\cy_syspm.o
#        E:\桌面\Seekfree_CYT4BB_Opensource_Library\project\iar\Debug_m7_0\Obj\sysreghc_17676636058511625587.dir\cy_sysreghc.o
#        E:\桌面\Seekfree_CYT4BB_Opensource_Library\project\iar\Debug_m7_0\Obj\sysreset_14586141425677365288.dir\cy_sysreset.o
#        E:\桌面\Seekfree_CYT4BB_Opensource_Library\project\iar\Debug_m7_0\Obj\sysrtc_10747768817563771611.dir\cy_sysrtc.o
#        E:\桌面\Seekfree_CYT4BB_Opensource_Library\project\iar\Debug_m7_0\Obj\systick_16016591671695740695.dir\cy_systick.o
#        E:\桌面\Seekfree_CYT4BB_Opensource_Library\project\iar\Debug_m7_0\Obj\syswdt_9118657615806274156.dir\cy_syswdt.o
#        E:\桌面\Seekfree_CYT4BB_Opensource_Library\project\iar\Debug_m7_0\Obj\tcpwm_422923530147891246.dir\cy_tcpwm.o
#        E:\桌面\Seekfree_CYT4BB_Opensource_Library\project\iar\Debug_m7_0\Obj\tcpwm_422923530147891246.dir\cy_tcpwm_counter.o
#        E:\桌面\Seekfree_CYT4BB_Opensource_Library\project\iar\Debug_m7_0\Obj\tcpwm_422923530147891246.dir\cy_tcpwm_pwm.o
#        E:\桌面\Seekfree_CYT4BB_Opensource_Library\project\iar\Debug_m7_0\Obj\tcpwm_422923530147891246.dir\cy_tcpwm_quaddec.o
#        E:\桌面\Seekfree_CYT4BB_Opensource_Library\project\iar\Debug_m7_0\Obj\tcpwm_422923530147891246.dir\cy_tcpwm_sr.o
#        E:\桌面\Seekfree_CYT4BB_Opensource_Library\project\iar\Debug_m7_0\Obj\trigmux_9729677290734583340.dir\cy_trigmux.o
#        E:\桌面\Seekfree_CYT4BB_Opensource_Library\project\iar\Debug_m7_0\Obj\ethernet_6029839089178797009.dir\edd.o
#        E:\桌面\Seekfree_CYT4BB_Opensource_Library\project\iar\Debug_m7_0\Obj\ethernet_6029839089178797009.dir\edd_rx.o
#        E:\桌面\Seekfree_CYT4BB_Opensource_Library\project\iar\Debug_m7_0\Obj\ethernet_6029839089178797009.dir\edd_tx.o
#        E:\桌面\Seekfree_CYT4BB_Opensource_Library\project\iar\Debug_m7_0\Obj\code_17896468042025673432.dir\GL_CRC.o
#        E:\桌面\Seekfree_CYT4BB_Opensource_Library\project\iar\Debug_m7_0\Obj\code_17896468042025673432.dir\GPS.o
#        E:\桌面\Seekfree_CYT4BB_Opensource_Library\project\iar\Debug_m7_0\Obj\code_17896468042025673432.dir\IMU.o
#        E:\桌面\Seekfree_CYT4BB_Opensource_Library\project\iar\Debug_m7_0\Obj\user_8514941877209965082.dir\main_cm7_0.o
#        E:\桌面\Seekfree_CYT4BB_Opensource_Library\project\iar\Debug_m7_0\Obj\code_17896468042025673432.dir\motor.o
#        E:\桌面\Seekfree_CYT4BB_Opensource_Library\project\iar\Debug_m7_0\Obj\zf_components_14936052685886095442.dir\seekfree_assistant.o
#        E:\桌面\Seekfree_CYT4BB_Opensource_Library\project\iar\Debug_m7_0\Obj\zf_components_14936052685886095442.dir\seekfree_assistant_interface.o
#        E:\桌面\Seekfree_CYT4BB_Opensource_Library\project\iar\Debug_m7_0\Obj\startup_479057977785470282.dir\startup.o
#        E:\桌面\Seekfree_CYT4BB_Opensource_Library\project\iar\Debug_m7_0\Obj\startup_479057977785470282.dir\startup_cm7.o
#        E:\桌面\Seekfree_CYT4BB_Opensource_Library\project\iar\Debug_m7_0\Obj\rev_b_4986922561640112550.dir\system_tviibh4m_cm7.o
#        E:\桌面\Seekfree_CYT4BB_Opensource_Library\project\iar\Debug_m7_0\Obj\zf_common_1201165462030747823.dir\zf_common_clock.o
#        E:\桌面\Seekfree_CYT4BB_Opensource_Library\project\iar\Debug_m7_0\Obj\zf_common_1201165462030747823.dir\zf_common_debug.o
#        E:\桌面\Seekfree_CYT4BB_Opensource_Library\project\iar\Debug_m7_0\Obj\zf_common_1201165462030747823.dir\zf_common_fifo.o
#        E:\桌面\Seekfree_CYT4BB_Opensource_Library\project\iar\Debug_m7_0\Obj\zf_common_1201165462030747823.dir\zf_common_font.o
#        E:\桌面\Seekfree_CYT4BB_Opensource_Library\project\iar\Debug_m7_0\Obj\zf_common_1201165462030747823.dir\zf_common_function.o
#        E:\桌面\Seekfree_CYT4BB_Opensource_Library\project\iar\Debug_m7_0\Obj\zf_common_1201165462030747823.dir\zf_common_interrupt.o
#        E:\桌面\Seekfree_CYT4BB_Opensource_Library\project\iar\Debug_m7_0\Obj\zf_device_6570275422786408770.dir\zf_device_absolute_encoder.o
#        E:\桌面\Seekfree_CYT4BB_Opensource_Library\project\iar\Debug_m7_0\Obj\zf_device_6570275422786408770.dir\zf_device_bluetooth_ch9141.o
#        E:\桌面\Seekfree_CYT4BB_Opensource_Library\project\iar\Debug_m7_0\Obj\zf_device_6570275422786408770.dir\zf_device_dl1a.o
#        E:\桌面\Seekfree_CYT4BB_Opensource_Library\project\iar\Debug_m7_0\Obj\zf_device_6570275422786408770.dir\zf_device_dl1b.o
#        E:\桌面\Seekfree_CYT4BB_Opensource_Library\project\iar\Debug_m7_0\Obj\zf_device_6570275422786408770.dir\zf_device_gnss.o
#        E:\桌面\Seekfree_CYT4BB_Opensource_Library\project\iar\Debug_m7_0\Obj\zf_device_6570275422786408770.dir\zf_device_icm20602.o
#        E:\桌面\Seekfree_CYT4BB_Opensource_Library\project\iar\Debug_m7_0\Obj\zf_device_6570275422786408770.dir\zf_device_imu660ra.o
#        E:\桌面\Seekfree_CYT4BB_Opensource_Library\project\iar\Debug_m7_0\Obj\zf_device_6570275422786408770.dir\zf_device_imu963ra.o
#        E:\桌面\Seekfree_CYT4BB_Opensource_Library\project\iar\Debug_m7_0\Obj\zf_device_6570275422786408770.dir\zf_device_ips114.o
#        E:\桌面\Seekfree_CYT4BB_Opensource_Library\project\iar\Debug_m7_0\Obj\zf_device_6570275422786408770.dir\zf_device_ips200.o
#        E:\桌面\Seekfree_CYT4BB_Opensource_Library\project\iar\Debug_m7_0\Obj\zf_device_6570275422786408770.dir\zf_device_key.o
#        E:\桌面\Seekfree_CYT4BB_Opensource_Library\project\iar\Debug_m7_0\Obj\zf_device_6570275422786408770.dir\zf_device_mpu6050.o
#        E:\桌面\Seekfree_CYT4BB_Opensource_Library\project\iar\Debug_m7_0\Obj\zf_device_6570275422786408770.dir\zf_device_oled.o
#        E:\桌面\Seekfree_CYT4BB_Opensource_Library\project\iar\Debug_m7_0\Obj\zf_device_6570275422786408770.dir\zf_device_tft180.o
#        E:\桌面\Seekfree_CYT4BB_Opensource_Library\project\iar\Debug_m7_0\Obj\zf_device_6570275422786408770.dir\zf_device_tsl1401.o
#        E:\桌面\Seekfree_CYT4BB_Opensource_Library\project\iar\Debug_m7_0\Obj\zf_device_6570275422786408770.dir\zf_device_type.o
#        E:\桌面\Seekfree_CYT4BB_Opensource_Library\project\iar\Debug_m7_0\Obj\zf_device_6570275422786408770.dir\zf_device_uart_receiver.o
#        E:\桌面\Seekfree_CYT4BB_Opensource_Library\project\iar\Debug_m7_0\Obj\zf_device_6570275422786408770.dir\zf_device_virtual_oscilloscope.o
#        E:\桌面\Seekfree_CYT4BB_Opensource_Library\project\iar\Debug_m7_0\Obj\zf_device_6570275422786408770.dir\zf_device_wifi_spi.o
#        E:\桌面\Seekfree_CYT4BB_Opensource_Library\project\iar\Debug_m7_0\Obj\zf_device_6570275422786408770.dir\zf_device_wifi_uart.o
#        E:\桌面\Seekfree_CYT4BB_Opensource_Library\project\iar\Debug_m7_0\Obj\zf_device_6570275422786408770.dir\zf_device_wireless_uart.o
#        E:\桌面\Seekfree_CYT4BB_Opensource_Library\project\iar\Debug_m7_0\Obj\zf_driver_11922370083829174090.dir\zf_driver_adc.o
#        E:\桌面\Seekfree_CYT4BB_Opensource_Library\project\iar\Debug_m7_0\Obj\zf_driver_11922370083829174090.dir\zf_driver_delay.o
#        E:\桌面\Seekfree_CYT4BB_Opensource_Library\project\iar\Debug_m7_0\Obj\zf_driver_11922370083829174090.dir\zf_driver_dma.o
#        E:\桌面\Seekfree_CYT4BB_Opensource_Library\project\iar\Debug_m7_0\Obj\zf_driver_11922370083829174090.dir\zf_driver_encoder.o
#        E:\桌面\Seekfree_CYT4BB_Opensource_Library\project\iar\Debug_m7_0\Obj\zf_driver_11922370083829174090.dir\zf_driver_exti.o
#        E:\桌面\Seekfree_CYT4BB_Opensource_Library\project\iar\Debug_m7_0\Obj\zf_driver_11922370083829174090.dir\zf_driver_flash.o
#        E:\桌面\Seekfree_CYT4BB_Opensource_Library\project\iar\Debug_m7_0\Obj\zf_driver_11922370083829174090.dir\zf_driver_gpio.o
#        E:\桌面\Seekfree_CYT4BB_Opensource_Library\project\iar\Debug_m7_0\Obj\zf_driver_11922370083829174090.dir\zf_driver_ipc.o
#        E:\桌面\Seekfree_CYT4BB_Opensource_Library\project\iar\Debug_m7_0\Obj\zf_driver_11922370083829174090.dir\zf_driver_pit.o
#        E:\桌面\Seekfree_CYT4BB_Opensource_Library\project\iar\Debug_m7_0\Obj\zf_driver_11922370083829174090.dir\zf_driver_pwm.o
#        E:\桌面\Seekfree_CYT4BB_Opensource_Library\project\iar\Debug_m7_0\Obj\zf_driver_11922370083829174090.dir\zf_driver_soft_iic.o
#        E:\桌面\Seekfree_CYT4BB_Opensource_Library\project\iar\Debug_m7_0\Obj\zf_driver_11922370083829174090.dir\zf_driver_soft_spi.o
#        E:\桌面\Seekfree_CYT4BB_Opensource_Library\project\iar\Debug_m7_0\Obj\zf_driver_11922370083829174090.dir\zf_driver_spi.o
#        E:\桌面\Seekfree_CYT4BB_Opensource_Library\project\iar\Debug_m7_0\Obj\zf_driver_11922370083829174090.dir\zf_driver_timer.o
#        E:\桌面\Seekfree_CYT4BB_Opensource_Library\project\iar\Debug_m7_0\Obj\zf_driver_11922370083829174090.dir\zf_driver_uart.o
#        --no_out_extension -o
#        E:\桌面\Seekfree_CYT4BB_Opensource_Library\project\iar\Debug_m7_0\Exe\cyt4bb7_cm_7_0.out
#        --config_def _CORE_cm7_0_=0 --config_def _LINK_flash_=0 --map
#        E:\桌面\Seekfree_CYT4BB_Opensource_Library\project\iar\Debug_m7_0\List\cyt4bb7_cm_7_0.map
#        --config
#        E:\桌面\Seekfree_CYT4BB_Opensource_Library\project\iar\project_config\..\icf\linker_directives_tviibh.icf
#        --semihosting
#        E:\桌面\Seekfree_CYT4BB_Opensource_Library\project\iar\project_config\..\..\..\libraries\sdk\tviibh4m\src\drivers\crypto\libs\libcrypto_server_cm0plus_iar.a
#        E:\桌面\Seekfree_CYT4BB_Opensource_Library\project\iar\project_config\..\..\..\libraries\zf_device\zf_device_config.a
#        E:\桌面\Seekfree_CYT4BB_Opensource_Library\project\iar\project_config\..\..\..\libraries\sdk\common\hdr\cmsis\dsp\iar_cortexM7lf_math.a
#        --entry __iar_program_start --vfe --text_out locale --cpu=Cortex-M7
#        --fpu=VFPv5_d16) --dependencies=n
#        E:\桌面\Seekfree_CYT4BB_Opensource_Library\project\iar\Debug_m7_0\Exe\cyt4bb7_cm_7_0.out.iar_deps
#
###############################################################################

*******************************************************************************
*** RUNTIME MODEL ATTRIBUTES
***

CppFlavor       = *
__CPP_Runtime   = 1
__SystemLibrary = DLib
__dlib_version  = 6


*******************************************************************************
*** HEAP SELECTION
***

The basic heap was selected because --advanced_heap
was not specified and the application did not appear to
be primarily optimized for speed.


*******************************************************************************
*** PLACEMENT SUMMARY
***

"A0":  place at start of [from 0x1008'0000 to 0x1027'ffff] { section .intvec };
"P1":  place in [from 0x1008'0000 to 0x1027'ffff] { ro };
"P2":  place in [from 0x2802'0000 to 0x2807'ffff] { rw };
define block HEAP with size = 1K, alignment = 8 { };
define block CSTACK with size = 8K, alignment = 8 { };
define block HEAP_STACK { block HEAP, last block CSTACK };
"A1":  place at end of [from 0x2802'0000 to 0x2807'ffff] { block HEAP_STACK };
do not initialize { section .intvec_ram };
initialize by copy { rw };

No sections matched the following patterns:

  ro section .sflash_app_prot  in "P6"
  ro section .sflash_nar       in "P4"
  ro section .sflash_pkey      in "P5"
  ro section .sflash_toc2      in "P7"
  ro section .sflash_uf_rows   in "P3"
  ro section .work_flash       in "P8"


  Section            Kind         Address  Aligment    Size  Object
  -------            ----         -------  --------    ----  ------
"A0":                                                  0x80
  .intvec            ro code  0x1008'0000       128    0x80  startup_cm7.o [31]
                            - 0x1008'0080              0x80

"P1":                                                0x7b27
  .text              ro code  0x1008'0080         4   0xdf8  zf_driver_pwm.o [49]
  .text              ro code  0x1008'0e78         4   0x428  zf_common_debug.o [46]
  .text              ro code  0x1008'12a0         4    0x66  ABImemset.o [52]
  .text              ro code  0x1008'1306         2    0x7e  lz77_init_single.o [52]
  .text              ro code  0x1008'1384         4   0x194  cy_gpio.o [14]
  .text              ro code  0x1008'1518         4   0x1fe  cy_tcpwm_pwm.o [43]
  .text              ro code  0x1008'1716         2     0xe  cy_tcpwm.o [43]
  .text              ro code  0x1008'1724         4   0x858  zf_driver_uart.o [49]
  .text              ro code  0x1008'1f7c         4    0x36  strlen.o [52]
  .text              ro code  0x1008'1fb2         2     0xa  xsprout.o [50]
  .text              ro code  0x1008'1fbc         4    0x40  sprintf.o [50]
  .text              ro code  0x1008'1ffc         4   0x448  zf_common_fifo.o [46]
  .text              ro code  0x1008'2444         4    0xe2  zf_common_interrupt.o [46]
  .text              ro code  0x1008'2528         4     0x6  ABImemclr4.o [52]
  .text              ro code  0x1008'2530         4   0x230  I64DivMod.o [52]
  .text              ro code  0x1008'2760         4   0x2e8  cy_scb_uart.o [24]
  .text              ro code  0x1008'2a48         4   0xd16  xprintflarge_nomb.o [50]
  .text              ro code  0x1008'3760         4    0xa6  ABImemcpy.o [52]
  .text              ro code  0x1008'3808         4    0xa8  cy_sysint.o [35]
  .text              ro code  0x1008'38b0         4    0x32  ABImemset48.o [52]
  .text              ro code  0x1008'38e4         4     0x2  I64DivZer.o [52]
  .text              ro code  0x1008'38e8         4    0x16  strchr.o [52]
  .text              ro code  0x1008'3900         4    0x40  xfail_s.o [50]
  .text              ro code  0x1008'3940         4    0x58  memchr.o [52]
  .text              ro code  0x1008'3998         4    0x70  frexp.o [51]
  .text              ro code  0x1008'3a08         2    0x12  DblDiv.o [51]
  .text              ro code  0x1008'3a1a         2     0xe  DblToU32.o [51]
  .text              ro code  0x1008'3a28         2     0xe  U32ToDbl.o [51]
  .text              ro code  0x1008'3a36         2    0x12  DblSub.o [51]
  .text              ro code  0x1008'3a48         2    0x12  DblMul.o [51]
  .text              ro code  0x1008'3a5a         2     0x6  abort.o [50]
  .text              ro code  0x1008'3a60         4    0x14  exit.o [53]
  .text              ro code  0x1008'3a74         4   0x8e8  cy_sysclk.o [33]
  .text              ro code  0x1008'435c         4    0x70  strncpy.o [52]
  .text              ro code  0x1008'43cc         4    0xa8  cy_syslib.o [36]
  .text              ro code  0x1008'4474         2     0x2  cy_syslib.o [36]
  .text              ro code  0x1008'4478         4   0x8bc  zf_device_gnss.o [48]
  .text              ro code  0x1008'4d34         4   0x1bc  zf_common_function.o [46]
  .text              ro code  0x1008'4ef0         2    0x2a  strncmp.o [50]
  .text              ro code  0x1008'4f1c         4   0x2cc  zf_driver_delay.o [49]
  .text              ro code  0x1008'51e8         4   0x1a8  cy_tcpwm_counter.o [43]
  .text              ro code  0x1008'5390         4   0x758  IMU.o [5]
  .text              ro code  0x1008'5ae8         4   0x35c  zf_device_imu963ra.o [48]
  .text              ro code  0x1008'5e44         4   0x2a8  zf_driver_pit.o [49]
  .text              ro code  0x1008'60ec         4    0x28  printf.o [50]
  .text              ro code  0x1008'6114         4   0x6c8  zf_driver_soft_iic.o [49]
  .text              ro code  0x1008'67dc         4   0x18c  zf_driver_gpio.o [49]
  .text              ro code  0x1008'6968         4   0x204  startup.o [31]
  .text              ro code  0x1008'6b6c         4   0x154  system_tviibh4m_cm7.o [22]
  .text              ro code  0x1008'6cc0         4     0x8  startup_cm7.o [31]
  .text              ro code  0x1008'6cc8         4     0x6  startup_cm7.o [31]
  .text              ro code  0x1008'6cd0         4   0x1c4  cm7_0_isr.o [45]
  .text              ro code  0x1008'6e94         4   0x19c  Common_Peripherals.o [5]
  .text              ro code  0x1008'7030         4    0x32  Algorithm.o [5]
  .text              ro code  0x1008'7064         4   0x198  cy_interrupt_map.o [23]
  .text              ro code  0x1008'71fc         4    0xb0  startup_cm7.o [31]
  .rodata            const    0x1008'72ac         4    0x68  system_tviibh4m_cm7.o [22]
  .rodata            const    0x1008'7314         4    0x64  cy_sysclk.o [33]
  .rodata            const    0x1008'7378         4    0x64  cy_sysclk.o [33]
  .rodata            const    0x1008'73dc         4    0x58  zf_common_function.o [46]
  .rodata            const    0x1008'7434         4    0x58  zf_device_imu963ra.o [48]
  .rodata            const    0x1008'748c         4    0x58  zf_driver_soft_iic.o [49]
  .rodata            const    0x1008'74e4         4    0x54  zf_common_fifo.o [46]
  .rodata            const    0x1008'7538         4    0x54  zf_driver_pwm.o [49]
  .rodata            const    0x1008'758c         4    0x54  zf_driver_uart.o [49]
  .text              ro code  0x1008'75e0         4    0x3c  main_cm7_0.o [45]
  .text              ro code  0x1008'761c         4    0x1c  zf_common_clock.o [46]
  .text              ro code  0x1008'7638         2    0x38  zero_init3.o [52]
  .text              ro code  0x1008'7670         4    0x2a  data_init.o [52]
  .rodata            const    0x1008'769c         4    0x28  zf_device_imu963ra.o [48]
  .text              ro code  0x1008'76c4         4    0x22  fpinit_M.o [51]
  .iar.init_table    const    0x1008'76e8         4    0x20  - Linker created -
  .rodata            const    0x1008'7708         4    0x20  IMU.o [5]
  .rodata            const    0x1008'7728         4    0x20  zf_device_imu963ra.o [48]
  .text              ro code  0x1008'7748         4    0x20  startup_cm7.o [31]
  .text              ro code  0x1008'7768         2    0x20  putchar.o [50]
  .text              ro code  0x1008'7790        16    0x1e  cy_syslib_iar.o [36]
  .text              ro code  0x1008'77b0         4    0x1e  cmain.o [52]
  .text              ro code  0x1008'77d0         4     0x4  startup_cm7.o [31]
  .text              ro code  0x1008'77d4         2     0x4  exit.o [50]
  .text              ro code  0x1008'77d8         4     0xa  cexit.o [52]
  .rodata            const    0x1008'77e4         4    0x1c  zf_common_debug.o [46]
  .rodata            const    0x1008'7800         4    0x1c  zf_device_gnss.o [48]
  .text              ro code  0x1008'781c         4    0x1c  startup_cm7.o [31]
  .text              ro code  0x1008'7838         4    0x1c  cstartup_M.o [52]
  .rodata            const    0x1008'7854         4    0x18  startup.o [31]
  .rodata            const    0x1008'786c         4    0x18  system_tviibh4m_cm7.o [22]
  .rodata            const    0x1008'7884         4    0x18  zf_common_debug.o [46]
  .text              ro code  0x1008'789c         2    0x16  xprout.o [50]
  .rodata            const    0x1008'78b4         4    0x10  zf_common_debug.o [46]
  .rodata            const    0x1008'78c4         4    0x10  zf_common_debug.o [46]
  .rodata            const    0x1008'78d4         4     0xc  zf_common_debug.o [46]
  .rodata            const    0x1008'78e0         4     0xc  zf_common_debug.o [46]
  .rodata            const    0x1008'78ec         4     0xc  zf_common_debug.o [46]
  .rodata            const    0x1008'78f8         4     0xc  zf_device_gnss.o [48]
  .rodata            const    0x1008'7904         4     0xc  zf_device_gnss.o [48]
  .rodata            const    0x1008'7910         4     0xc  zf_device_gnss.o [48]
  .rodata            const    0x1008'791c         4     0xc  zf_device_gnss.o [48]
  .rodata            const    0x1008'7928         4     0xc  zf_device_gnss.o [48]
  .rodata            const    0x1008'7934         4     0xc  zf_device_gnss.o [48]
  .rodata            const    0x1008'7940         4     0xc  zf_device_gnss.o [48]
  .rodata            const    0x1008'794c         4     0xc  zf_device_gnss.o [48]
  .rodata            const    0x1008'7958         4     0xc  zf_device_gnss.o [48]
  .rodata            const    0x1008'7964         4     0xc  zf_device_gnss.o [48]
  .rodata            const    0x1008'7970         4     0xc  zf_device_gnss.o [48]
  .text              ro code  0x1008'797c         2     0xc  cy_syslib.o [36]
  .rodata            const    0x1008'7988         4     0x8  cy_sysclk.o [33]
  .rodata            const    0x1008'7990         4     0x8  zf_device_gnss.o [48]
  .rodata            const    0x1008'7998         4     0x4  cy_interrupt_map.o [23]
  .rodata            const    0x1008'799c         4     0x4  cy_interrupt_map.o [23]
  .rodata            const    0x1008'79a0         4     0x4  cy_interrupt_map.o [23]
  .rodata            const    0x1008'79a4         4     0x4  cy_interrupt_map.o [23]
  .rodata            const    0x1008'79a8         4     0x4  cy_interrupt_map.o [23]
  .rodata            const    0x1008'79ac         4     0x4  cy_interrupt_map.o [23]
  .rodata            const    0x1008'79b0         4     0x4  cy_interrupt_map.o [23]
  .rodata            const    0x1008'79b4         4     0x4  cy_interrupt_map.o [23]
  .rodata            const    0x1008'79b8         4     0x4  cy_scb_uart.o [24]
  .rodata            const    0x1008'79bc         4     0x4  cy_scb_uart.o [24]
  .rodata            const    0x1008'79c0         4     0x4  cy_scb_uart.o [24]
  .rodata            const    0x1008'79c4         4     0x4  cy_scb_uart.o [24]
  .rodata            const    0x1008'79c8         4     0x4  cy_scb_uart.o [24]
  .rodata            const    0x1008'79cc         4     0x4  cy_scb_uart.o [24]
  .rodata            const    0x1008'79d0         4     0x4  cy_scb_uart.o [24]
  .rodata            const    0x1008'79d4         4     0x4  cy_scb_uart.o [24]
  .rodata            const    0x1008'79d8         4     0x4  cy_scb_uart.o [24]
  .rodata            const    0x1008'79dc         4     0x4  cy_scb_uart.o [24]
  .rodata            const    0x1008'79e0         4     0x4  cy_sysint.o [35]
  .rodata            const    0x1008'79e4         4     0x4  cy_sysint.o [35]
  .rodata            const    0x1008'79e8         4     0x4  cy_tcpwm_counter.o [43]
  .rodata            const    0x1008'79ec         4     0x4  cy_tcpwm_counter.o [43]
  .rodata            const    0x1008'79f0         4     0x4  cy_tcpwm_counter.o [43]
  .rodata            const    0x1008'79f4         4     0x4  cy_tcpwm_counter.o [43]
  .rodata            const    0x1008'79f8         4     0x4  cy_tcpwm_counter.o [43]
  .rodata            const    0x1008'79fc         4     0x4  cy_tcpwm_pwm.o [43]
  .rodata            const    0x1008'7a00         4     0x4  cy_tcpwm_pwm.o [43]
  .rodata            const    0x1008'7a04         4     0x4  cy_tcpwm_pwm.o [43]
  .rodata            const    0x1008'7a08         4     0x4  cy_tcpwm_pwm.o [43]
  .rodata            const    0x1008'7a0c         4     0x4  cy_tcpwm_pwm.o [43]
  .rodata            const    0x1008'7a10         4     0x4  cy_tcpwm_pwm.o [43]
  .rodata            const    0x1008'7a14         4     0x4  cy_tcpwm_pwm.o [43]
  .text              ro code  0x1008'7a18         4     0x4  startup_cm7.o [31]
  .text              ro code  0x1008'7a1c         4     0x4  startup_cm7.o [31]
  .text              ro code  0x1008'7a20         4     0x4  startup_cm7.o [31]
  .text              ro code  0x1008'7a24         4     0x4  startup_cm7.o [31]
  .text              ro code  0x1008'7a28         4     0x4  startup_cm7.o [31]
  .text              ro code  0x1008'7a2c         4     0x4  startup_cm7.o [31]
  .text              ro code  0x1008'7a30         4     0x4  startup_cm7.o [31]
  .text              ro code  0x1008'7a34         4     0x4  startup_cm7.o [31]
  .text              ro code  0x1008'7a38         4     0x4  startup_cm7.o [31]
  .text              ro code  0x1008'7a3c         4     0x4  startup_cm7.o [31]
  .text              ro code  0x1008'7a40         4     0x4  startup_cm7.o [31]
  .text              ro code  0x1008'7a44         4     0x4  startup_cm7.o [31]
  .text              ro code  0x1008'7a48         4     0x4  startup_cm7.o [31]
  .text              ro code  0x1008'7a4c         4     0x4  startup_cm7.o [31]
  .text              ro code  0x1008'7a50         4     0x4  startup_cm7.o [31]
  .text              ro code  0x1008'7a54         4     0x2  zf_device_type.o [48]
  .rodata            const    0x1008'7a56               0x0  zero_init3.o [52]
  .rodata            const    0x1008'7a56               0x0  lz77_init_single.o [52]
  Initializer bytes  const    0x1008'7a56              0x67  <for P2-1>
                            - 0x1008'7abd            0x7a3d

"P2", part 1 of 3:                                    0x740
  P2-1                        0x2802'0000             0x740  <Init block>
    .data            inited   0x2802'0000         4   0x6ec  cy_interrupt_map.o [23]
    .data            inited   0x2802'06ec         4     0x4  cy_interrupt_map.o [23]
    .data            inited   0x2802'06f0         4     0xc  zf_device_imu963ra.o [48]
    .data            inited   0x2802'06fc         4     0x4  zf_device_type.o [48]
    .data            inited   0x2802'0700         4     0x4  zf_device_type.o [48]
    .data            inited   0x2802'0704         4     0xc  zf_driver_pit.o [49]
    .data            inited   0x2802'0710         4    0x14  zf_driver_uart.o [49]
    .data            inited   0x2802'0724         4    0x14  zf_driver_uart.o [49]
    .data            inited   0x2802'0738         2     0x2  zf_driver_delay.o [49]
    .data            inited   0x2802'073a               0x1  Common_Peripherals.o [5]
    .data            inited   0x2802'073b               0x1  Common_Peripherals.o [5]
    .data            inited   0x2802'073c               0x1  Common_Peripherals.o [5]
    .data            inited   0x2802'073d               0x1  Common_Peripherals.o [5]
    .data            inited   0x2802'073e               0x1  zf_common_debug.o [46]
    .data            inited   0x2802'073f               0x1  zf_driver_delay.o [49]
                            - 0x2802'0740             0x740

"P2", part 2 of 3:                                    0x50c
  .bss               zero     0x2802'0740         4   0x118  zf_driver_uart.o [49]
  .bss               zero     0x2802'0858         4    0x80  zf_device_gnss.o [48]
  .bss               zero     0x2802'08d8         4    0x80  zf_device_gnss.o [48]
  .bss               zero     0x2802'0958         4    0x80  zf_device_gnss.o [48]
  .bss               zero     0x2802'09d8         4    0x80  zf_device_gnss.o [48]
  .bss               zero     0x2802'0a58         4    0x70  cy_syslib.o [36]
  .bss               zero     0x2802'0ac8         8    0x48  zf_device_gnss.o [48]
  .bss               zero     0x2802'0b10         4    0x30  Algorithm.o [5]
  .bss               zero     0x2802'0b40         4    0x18  cy_sysclk.o [33]
  .bss               zero     0x2802'0b58         4    0x18  cy_syslib.o [36]
  .bss               zero     0x2802'0b70         4    0x18  IMU.o [5]
  .bss               zero     0x2802'0b88         4    0x18  zf_common_debug.o [46]
  .bss               zero     0x2802'0ba0         4    0x18  zf_device_gnss.o [48]
  .bss               zero     0x2802'0bb8         4    0x14  zf_common_debug.o [46]
  .bss               zero     0x2802'0bcc         4    0x10  zf_device_imu963ra.o [48]
  .bss               zero     0x2802'0bdc         4     0xc  IMU.o [5]
  .bss               zero     0x2802'0be8         4     0x4  cy_syslib.o [36]
  .bss               zero     0x2802'0bec         4     0x4  IMU.o [5]
  .bss               zero     0x2802'0bf0         4     0x4  IMU.o [5]
  .bss               zero     0x2802'0bf4         4     0x4  IMU.o [5]
  .bss               zero     0x2802'0bf8         4     0x4  IMU.o [5]
  .bss               zero     0x2802'0bfc         4     0x4  IMU.o [5]
  .bss               zero     0x2802'0c00         4     0x4  IMU.o [5]
  .bss               zero     0x2802'0c04         4     0x4  IMU.o [5]
  .bss               zero     0x2802'0c08         4     0x4  IMU.o [5]
  .bss               zero     0x2802'0c0c         4     0x4  IMU.o [5]
  .bss               zero     0x2802'0c10         4     0x4  IMU.o [5]
  .bss               zero     0x2802'0c14         4     0x4  system_tviibh4m_cm7.o [22]
  .bss               zero     0x2802'0c18         4     0x4  system_tviibh4m_cm7.o [22]
  .bss               zero     0x2802'0c1c         4     0x4  system_tviibh4m_cm7.o [22]
  .bss               zero     0x2802'0c20         4     0x4  system_tviibh4m_cm7.o [22]
  .bss               zero     0x2802'0c24         4     0x4  system_tviibh4m_cm7.o [22]
  .bss               zero     0x2802'0c28         4     0x4  zf_common_clock.o [46]
  .bss               zero     0x2802'0c2c         4     0x4  zf_common_interrupt.o [46]
  .bss               zero     0x2802'0c30         4     0x4  xfail_s.o [50]
  .bss               zero     0x2802'0c34         2     0x2  zf_device_imu963ra.o [48]
  .bss               zero     0x2802'0c36         2     0x2  zf_device_imu963ra.o [48]
  .bss               zero     0x2802'0c38         2     0x2  zf_device_imu963ra.o [48]
  .bss               zero     0x2802'0c3a               0x1  Common_Peripherals.o [5]
  .bss               zero     0x2802'0c3b               0x1  Common_Peripherals.o [5]
  .bss               zero     0x2802'0c3c               0x1  Common_Peripherals.o [5]
  .bss               zero     0x2802'0c3d               0x1  Common_Peripherals.o [5]
  .bss               zero     0x2802'0c3e               0x1  Common_Peripherals.o [5]
  .bss               zero     0x2802'0c3f               0x1  Common_Peripherals.o [5]
  .bss               zero     0x2802'0c40               0x1  Common_Peripherals.o [5]
  .bss               zero     0x2802'0c41               0x1  Common_Peripherals.o [5]
  .bss               zero     0x2802'0c42               0x1  cy_sysclk.o [33]
  .bss               zero     0x2802'0c43               0x1  zf_common_debug.o [46]
  .bss               zero     0x2802'0c44               0x1  zf_common_debug.o [46]
  .bss               zero     0x2802'0c45               0x1  zf_common_debug.o [46]
  .bss               zero     0x2802'0c46               0x1  zf_device_gnss.o [48]
  .bss               zero     0x2802'0c47               0x1  zf_device_gnss.o [48]
  .bss               zero     0x2802'0c48               0x1  zf_device_gnss.o [48]
  .bss               zero     0x2802'0c49               0x1  zf_device_gnss.o [48]
  .bss               zero     0x2802'0c4a               0x1  zf_device_gnss.o [48]
                            - 0x2802'0c4b             0x50b

"P2", part 3 of 3:                                     0x80
  .intvec_ram        uninit   0x2802'0c80       128    0x80  startup_cm7.o [31]
                            - 0x2802'0d00              0x80

"A1":                                                0x2000
  HEAP_STACK                  0x2807'e000            0x2000  <Block>
    CSTACK                    0x2807'e000         8  0x2000  <Block>
      CSTACK         uninit   0x2807'e000            0x2000  <Block tail>
                            - 0x2808'0000            0x2000

Unused ranges:

         From           To       Size
         ----           --       ----
  0x1008'7ba7  0x1027'ffff  0x1f'8459
  0x2802'0c4c  0x2802'0c7f       0x34
  0x2802'0d00  0x2807'dfff   0x5'd300


*******************************************************************************
*** INIT TABLE
***

          Address      Size
          -------      ----
Zero (__iar_zero_init3)
    1 destination range, total size 0x50b:
          0x2802'0740  0x50b

Copy/lz77 (__iar_lz77_init_single3)
    1 source range, total size 0x67 (5% of destination):
          0x1008'7a56   0x67
    1 destination range, total size 0x740:
          0x2802'0000  0x740



*******************************************************************************
*** MODULE SUMMARY
***

    Module                 ro code  ro data  rw data
    ------                 -------  -------  -------
command line/config:
    ------------------------------------------------
    Total:

E:\桌面\Seekfree_CYT4BB_Opensource_Library\project\iar\Debug_m7_0\Obj\adc_11722776235721520015.dir: [1]
    ------------------------------------------------
    Total:

E:\桌面\Seekfree_CYT4BB_Opensource_Library\project\iar\Debug_m7_0\Obj\audioss_1346650047966882938.dir: [2]
    ------------------------------------------------
    Total:

E:\桌面\Seekfree_CYT4BB_Opensource_Library\project\iar\Debug_m7_0\Obj\button_4990804375159372270.dir: [3]
    ------------------------------------------------
    Total:

E:\桌面\Seekfree_CYT4BB_Opensource_Library\project\iar\Debug_m7_0\Obj\canfd_1800690984773873875.dir: [4]
    ------------------------------------------------
    Total:

E:\桌面\Seekfree_CYT4BB_Opensource_Library\project\iar\Debug_m7_0\Obj\code_17896468042025673432.dir: [5]
    Algorithm.o                 50                48
    Common_Peripherals.o       412                12
    IMU.o                    1'880       32       76
    ------------------------------------------------
    Total:                   2'342       32      136

E:\桌面\Seekfree_CYT4BB_Opensource_Library\project\iar\Debug_m7_0\Obj\cpu_15938736945165268644.dir: [6]
    ------------------------------------------------
    Total:

E:\桌面\Seekfree_CYT4BB_Opensource_Library\project\iar\Debug_m7_0\Obj\crypto_1190170608956581615.dir: [7]
    ------------------------------------------------
    Total:

E:\桌面\Seekfree_CYT4BB_Opensource_Library\project\iar\Debug_m7_0\Obj\dma_12106025507578611576.dir: [8]
    ------------------------------------------------
    Total:

E:\桌面\Seekfree_CYT4BB_Opensource_Library\project\iar\Debug_m7_0\Obj\eth_phy_18133017486186456677.dir: [9]
    ------------------------------------------------
    Total:

E:\桌面\Seekfree_CYT4BB_Opensource_Library\project\iar\Debug_m7_0\Obj\ethernet_6029839089178797009.dir: [10]
    ------------------------------------------------
    Total:

E:\桌面\Seekfree_CYT4BB_Opensource_Library\project\iar\Debug_m7_0\Obj\evtgen_3404189088603873129.dir: [11]
    ------------------------------------------------
    Total:

E:\桌面\Seekfree_CYT4BB_Opensource_Library\project\iar\Debug_m7_0\Obj\flash_8529866181315662935.dir: [12]
    ------------------------------------------------
    Total:

E:\桌面\Seekfree_CYT4BB_Opensource_Library\project\iar\Debug_m7_0\Obj\flash_864493325053435817.dir: [13]
    ------------------------------------------------
    Total:

E:\桌面\Seekfree_CYT4BB_Opensource_Library\project\iar\Debug_m7_0\Obj\gpio_3999404635324069351.dir: [14]
    cy_gpio.o                  404
    ------------------------------------------------
    Total:                     404

E:\桌面\Seekfree_CYT4BB_Opensource_Library\project\iar\Debug_m7_0\Obj\ipc_10145506163450686023.dir: [15]
    ------------------------------------------------
    Total:

E:\桌面\Seekfree_CYT4BB_Opensource_Library\project\iar\Debug_m7_0\Obj\lin_18429031207028094880.dir: [16]
    ------------------------------------------------
    Total:

E:\桌面\Seekfree_CYT4BB_Opensource_Library\project\iar\Debug_m7_0\Obj\lvd_6353935867039560245.dir: [17]
    ------------------------------------------------
    Total:

E:\桌面\Seekfree_CYT4BB_Opensource_Library\project\iar\Debug_m7_0\Obj\mcwdt_4052485907822033969.dir: [18]
    ------------------------------------------------
    Total:

E:\桌面\Seekfree_CYT4BB_Opensource_Library\project\iar\Debug_m7_0\Obj\mpu_5663187252346826382.dir: [19]
    ------------------------------------------------
    Total:

E:\桌面\Seekfree_CYT4BB_Opensource_Library\project\iar\Debug_m7_0\Obj\power_14453085144426420577.dir: [20]
    ------------------------------------------------
    Total:

E:\桌面\Seekfree_CYT4BB_Opensource_Library\project\iar\Debug_m7_0\Obj\prot_10722960861768657883.dir: [21]
    ------------------------------------------------
    Total:

E:\桌面\Seekfree_CYT4BB_Opensource_Library\project\iar\Debug_m7_0\Obj\rev_b_4986922561640112550.dir: [22]
    system_tviibh4m_cm7.o      340      128       20
    ------------------------------------------------
    Total:                     340      128       20

E:\桌面\Seekfree_CYT4BB_Opensource_Library\project\iar\Debug_m7_0\Obj\rev_b_6162237342861132223.dir: [23]
    cy_interrupt_map.o         408      130    1'776
    ------------------------------------------------
    Total:                     408      130    1'776

E:\桌面\Seekfree_CYT4BB_Opensource_Library\project\iar\Debug_m7_0\Obj\scb_15490842639181808494.dir: [24]
    cy_scb_uart.o              744       40
    ------------------------------------------------
    Total:                     744       40

E:\桌面\Seekfree_CYT4BB_Opensource_Library\project\iar\Debug_m7_0\Obj\sd_host_2982766354293506895.dir: [25]
    ------------------------------------------------
    Total:

E:\桌面\Seekfree_CYT4BB_Opensource_Library\project\iar\Debug_m7_0\Obj\semihosting_143864889731838620.dir: [26]
    ------------------------------------------------
    Total:

E:\桌面\Seekfree_CYT4BB_Opensource_Library\project\iar\Debug_m7_0\Obj\smartio_5451710003740070188.dir: [27]
    ------------------------------------------------
    Total:

E:\桌面\Seekfree_CYT4BB_Opensource_Library\project\iar\Debug_m7_0\Obj\smif_427648126384146252.dir: [28]
    ------------------------------------------------
    Total:

E:\桌面\Seekfree_CYT4BB_Opensource_Library\project\iar\Debug_m7_0\Obj\smif_mem_6470536964353725183.dir: [29]
    ------------------------------------------------
    Total:

E:\桌面\Seekfree_CYT4BB_Opensource_Library\project\iar\Debug_m7_0\Obj\srom_13018798572330080582.dir: [30]
    ------------------------------------------------
    Total:

E:\桌面\Seekfree_CYT4BB_Opensource_Library\project\iar\Debug_m7_0\Obj\startup_479057977785470282.dir: [31]
    startup.o                  516       24
    startup_cm7.o              442               128
    ------------------------------------------------
    Total:                     958       24      128

E:\桌面\Seekfree_CYT4BB_Opensource_Library\project\iar\Debug_m7_0\Obj\sw_timer_4215635015939382130.dir: [32]
    ------------------------------------------------
    Total:

E:\桌面\Seekfree_CYT4BB_Opensource_Library\project\iar\Debug_m7_0\Obj\sysclk_16149231235676103872.dir: [33]
    cy_sysclk.o              2'280      208       25
    ------------------------------------------------
    Total:                   2'280      208       25

E:\桌面\Seekfree_CYT4BB_Opensource_Library\project\iar\Debug_m7_0\Obj\sysflt_12293435975120599261.dir: [34]
    ------------------------------------------------
    Total:

E:\桌面\Seekfree_CYT4BB_Opensource_Library\project\iar\Debug_m7_0\Obj\sysint_7435970359207984181.dir: [35]
    cy_sysint.o                168        8
    ------------------------------------------------
    Total:                     168        8

E:\桌面\Seekfree_CYT4BB_Opensource_Library\project\iar\Debug_m7_0\Obj\syslib_16330585751512546975.dir: [36]
    cy_syslib.o                182               140
    cy_syslib_iar.o             30
    ------------------------------------------------
    Total:                     212               140

E:\桌面\Seekfree_CYT4BB_Opensource_Library\project\iar\Debug_m7_0\Obj\syspm_10887939769544754770.dir: [37]
    ------------------------------------------------
    Total:

E:\桌面\Seekfree_CYT4BB_Opensource_Library\project\iar\Debug_m7_0\Obj\sysreghc_17676636058511625587.dir: [38]
    ------------------------------------------------
    Total:

E:\桌面\Seekfree_CYT4BB_Opensource_Library\project\iar\Debug_m7_0\Obj\sysreset_14586141425677365288.dir: [39]
    ------------------------------------------------
    Total:

E:\桌面\Seekfree_CYT4BB_Opensource_Library\project\iar\Debug_m7_0\Obj\sysrtc_10747768817563771611.dir: [40]
    ------------------------------------------------
    Total:

E:\桌面\Seekfree_CYT4BB_Opensource_Library\project\iar\Debug_m7_0\Obj\systick_16016591671695740695.dir: [41]
    ------------------------------------------------
    Total:

E:\桌面\Seekfree_CYT4BB_Opensource_Library\project\iar\Debug_m7_0\Obj\syswdt_9118657615806274156.dir: [42]
    ------------------------------------------------
    Total:

E:\桌面\Seekfree_CYT4BB_Opensource_Library\project\iar\Debug_m7_0\Obj\tcpwm_422923530147891246.dir: [43]
    cy_tcpwm.o                  14
    cy_tcpwm_counter.o         424       20
    cy_tcpwm_pwm.o             510       28
    ------------------------------------------------
    Total:                     948       48

E:\桌面\Seekfree_CYT4BB_Opensource_Library\project\iar\Debug_m7_0\Obj\trigmux_9729677290734583340.dir: [44]
    ------------------------------------------------
    Total:

E:\桌面\Seekfree_CYT4BB_Opensource_Library\project\iar\Debug_m7_0\Obj\user_8514941877209965082.dir: [45]
    cm7_0_isr.o                452
    main_cm7_0.o                60
    ------------------------------------------------
    Total:                     512

E:\桌面\Seekfree_CYT4BB_Opensource_Library\project\iar\Debug_m7_0\Obj\zf_common_1201165462030747823.dir: [46]
    zf_common_clock.o           28                 4
    zf_common_debug.o        1'064      120       48
    zf_common_fifo.o         1'096       84
    zf_common_function.o       444       88
    zf_common_interrupt.o      226                 4
    ------------------------------------------------
    Total:                   2'858      292       56

E:\桌面\Seekfree_CYT4BB_Opensource_Library\project\iar\Debug_m7_0\Obj\zf_components_14936052685886095442.dir: [47]
    ------------------------------------------------
    Total:

E:\桌面\Seekfree_CYT4BB_Opensource_Library\project\iar\Debug_m7_0\Obj\zf_device_6570275422786408770.dir: [48]
    zf_device_gnss.o         2'236      168      613
    zf_device_imu963ra.o       860      161       34
    zf_device_type.o             2                 8
    ------------------------------------------------
    Total:                   3'098      329      655

E:\桌面\Seekfree_CYT4BB_Opensource_Library\project\iar\Debug_m7_0\Obj\zf_driver_11922370083829174090.dir: [49]
    zf_driver_delay.o          716        1        3
    zf_driver_gpio.o           396
    zf_driver_pit.o            680        1       12
    zf_driver_pwm.o          3'576       84
    zf_driver_soft_iic.o     1'736       88
    zf_driver_uart.o         2'136       86      320
    ------------------------------------------------
    Total:                   9'240      260      335

dl7M_tln.a: [50]
    abort.o                      6
    exit.o                       4
    printf.o                    40
    putchar.o                   32
    sprintf.o                   64
    strncmp.o                   42
    xfail_s.o                   64                 4
    xprintflarge_nomb.o      3'350
    xprout.o                    22
    xsprout.o                   10
    ------------------------------------------------
    Total:                   3'634                 4

m7M_tlv.a: [51]
    DblDiv.o                    18
    DblMul.o                    18
    DblSub.o                    18
    DblToU32.o                  14
    U32ToDbl.o                  14
    fpinit_M.o                  34
    frexp.o                    112
    ------------------------------------------------
    Total:                     228

rt7M_tl.a: [52]
    ABImemclr4.o                 6
    ABImemcpy.o                166
    ABImemset.o                102
    ABImemset48.o               50
    I64DivMod.o                560
    I64DivZer.o                  2
    cexit.o                     10
    cmain.o                     30
    cstartup_M.o                28
    data_init.o                 42
    lz77_init_single.o         126
    memchr.o                    88
    strchr.o                    22
    strlen.o                    54
    strncpy.o                  112
    zero_init3.o                56
    ------------------------------------------------
    Total:                   1'454

shb_l.a: [53]
    exit.o                      20
    ------------------------------------------------
    Total:                      20

    Gaps                        34        8
    Linker created                       32    8'192
----------------------------------------------------
    Grand Total:            29'882    1'539   11'467


*******************************************************************************
*** ENTRY LIST
***

Entry                       Address   Size  Type      Object
-----                       -------   ----  ----      ------
.iar.init_table$$Base   0x1008'76e8          --   Gb  - Linker created -
.iar.init_table$$Limit  0x1008'7708          --   Gb  - Linker created -
?main                   0x1008'77b1         Code  ??  cmain.o [52]
ALL_Init                0x1008'6e95   0x1a  Code  ??  Common_Peripherals.o [5]
BusFault_Handler        0x1008'7a21         Code  Wk  startup_cm7.o [31]
Buzzer_init             0x1008'6eaf   0x10  Code  ??  Common_Peripherals.o [5]
CSTACK$$Base            0x2807'e000          --   Gb  - Linker created -
CSTACK$$Limit           0x2808'0000          --   ??  - Linker created -
CopyVectorTable         0x1008'6b09   0x34  Code  Lc  startup.o [31]
CpuUserInt0_Handler     0x1008'7083   0x26  Code  ??  cy_interrupt_map.o [23]
CpuUserInt10_Handler    0x1008'7a3d         Code  Wk  startup_cm7.o [31]
CpuUserInt11_Handler    0x1008'7a41         Code  Wk  startup_cm7.o [31]
CpuUserInt12_Handler    0x1008'7a45         Code  Wk  startup_cm7.o [31]
CpuUserInt13_Handler    0x1008'7a49         Code  Wk  startup_cm7.o [31]
CpuUserInt14_Handler    0x1008'7a4d         Code  Wk  startup_cm7.o [31]
CpuUserInt15_Handler    0x1008'7a51         Code  Wk  startup_cm7.o [31]
CpuUserInt1_Handler     0x1008'70a9   0x26  Code  ??  cy_interrupt_map.o [23]
CpuUserInt2_Handler     0x1008'70cf   0x26  Code  ??  cy_interrupt_map.o [23]
CpuUserInt3_Handler     0x1008'70f5   0x26  Code  ??  cy_interrupt_map.o [23]
CpuUserInt4_Handler     0x1008'711b   0x26  Code  ??  cy_interrupt_map.o [23]
CpuUserInt5_Handler     0x1008'7141   0x26  Code  ??  cy_interrupt_map.o [23]
CpuUserInt6_Handler     0x1008'7167   0x26  Code  ??  cy_interrupt_map.o [23]
CpuUserInt7_Handler     0x1008'718d   0x26  Code  ??  cy_interrupt_map.o [23]
CpuUserInt8_Handler     0x1008'7a35         Code  Wk  startup_cm7.o [31]
CpuUserInt9_Handler     0x1008'7a39         Code  Wk  startup_cm7.o [31]
Cy_DefaultUserHandler   0x1008'7081    0x2  Code  ??  cy_interrupt_map.o [23]
Cy_GPIO_ClearInterrupt  0x1008'1457    0xe  Code  Lc  cy_gpio.o [14]
Cy_GPIO_Clr             0x1008'67f1    0xa  Code  Lc  zf_driver_gpio.o [49]
Cy_GPIO_Pin_Init        0x1008'149b   0x72  Code  ??  cy_gpio.o [14]
Cy_GPIO_Read            0x1008'67dd    0xa  Code  Lc  zf_driver_gpio.o [49]
Cy_GPIO_Set             0x1008'67e7    0xa  Code  Lc  zf_driver_gpio.o [49]
Cy_GPIO_SetDriveSel     0x1008'1439   0x1e  Code  Lc  cy_gpio.o [14]
Cy_GPIO_SetDrivemode    0x1008'13e9   0x1c  Code  Lc  cy_gpio.o [14]
Cy_GPIO_SetDrivemode    0x1008'67fb   0x1c  Code  Lc  zf_driver_gpio.o [49]
Cy_GPIO_SetHSIOM        0x1008'1385   0x4c  Code  Lc  cy_gpio.o [14]
Cy_GPIO_SetInterruptEdge
                        0x1008'147f   0x1c  Code  Lc  cy_gpio.o [14]
Cy_GPIO_SetInterruptMask
                        0x1008'1465   0x1a  Code  Lc  cy_gpio.o [14]
Cy_GPIO_SetSlewRate     0x1008'141f   0x1a  Code  Lc  cy_gpio.o [14]
Cy_GPIO_SetVtrip        0x1008'1405   0x1a  Code  Lc  cy_gpio.o [14]
Cy_GPIO_Write           0x1008'13d1   0x18  Code  Lc  cy_gpio.o [14]
Cy_RestoreIRQ           0x1008'6cc9         Code  ??  startup_cm7.o [31]
Cy_SCB_ClearRxInterrupt
                        0x1008'6cd7    0xa  Code  Lc  cm7_0_isr.o [45]
Cy_SCB_ClearTxInterrupt
                        0x1008'6ce7    0xa  Code  Lc  cm7_0_isr.o [45]
Cy_SCB_GetNumInRxFifo   0x1008'1905    0xa  Code  Lc  zf_driver_uart.o [49]
Cy_SCB_GetNumInTxFifo   0x1008'1915    0xa  Code  Lc  zf_driver_uart.o [49]
Cy_SCB_GetRxInterruptMask
                        0x1008'6cd1    0x6  Code  Lc  cm7_0_isr.o [45]
Cy_SCB_GetRxInterruptMask
                        0x1008'1951    0x6  Code  Lc  zf_driver_uart.o [49]
Cy_SCB_GetTxInterruptMask
                        0x1008'6ce1    0x6  Code  Lc  cm7_0_isr.o [45]
Cy_SCB_GetTxInterruptMask
                        0x1008'195d    0x6  Code  Lc  zf_driver_uart.o [49]
Cy_SCB_GetTxSrValid     0x1008'191f    0xa  Code  Lc  zf_driver_uart.o [49]
Cy_SCB_IsTxComplete     0x1008'1929   0x22  Code  Lc  zf_driver_uart.o [49]
Cy_SCB_ReadRxFifo       0x1008'18ff    0x6  Code  Lc  zf_driver_uart.o [49]
Cy_SCB_SetRxInterruptMask
                        0x1008'194b    0x6  Code  Lc  zf_driver_uart.o [49]
Cy_SCB_SetTxInterruptMask
                        0x1008'1957    0x6  Code  Lc  zf_driver_uart.o [49]
Cy_SCB_UART_DeInit      0x1008'29b7   0x5c  Code  ??  cy_scb_uart.o [24]
Cy_SCB_UART_Enable      0x1008'1963    0xa  Code  Lc  zf_driver_uart.o [49]
Cy_SCB_UART_Init        0x1008'2761  0x256  Code  ??  cy_scb_uart.o [24]
Cy_SCB_WriteTxFifo      0x1008'190f    0x6  Code  Lc  zf_driver_uart.o [49]
Cy_SaveIRQ              0x1008'6cc1         Code  ??  startup_cm7.o [31]
Cy_SysClk_CheckDividerExisting
                        0x1008'4f1d   0x2a  Code  Lc  zf_driver_delay.o [49]
Cy_SysClk_CheckDividerExisting
                        0x1008'5e45   0x2a  Code  Lc  zf_driver_pit.o [49]
Cy_SysClk_CheckDividerExisting
                        0x1008'0081   0x2c  Code  Lc  zf_driver_pwm.o [49]
Cy_SysClk_CheckDividerExisting
                        0x1008'1725   0x2c  Code  Lc  zf_driver_uart.o [49]
Cy_SysClk_ClkPathGetSource
                        0x1008'3be9   0x54  Code  ??  cy_sysclk.o [33]
Cy_SysClk_EcoGetStatus  0x1008'3a75   0x1a  Code  Lc  cy_sysclk.o [33]
Cy_SysClk_Fast0ClkGetDivider
                        0x1008'3bbd   0x16  Code  Lc  cy_sysclk.o [33]
Cy_SysClk_Fast1ClkGetDivider
                        0x1008'3bd3   0x16  Code  Lc  cy_sysclk.o [33]
Cy_SysClk_FllGetConfiguration
                        0x1008'3c49   0x7e  Code  ??  cy_sysclk.o [33]
Cy_SysClk_FllGetLockStatus
                        0x1008'3a8f    0xc  Code  Lc  cy_sysclk.o [33]
Cy_SysClk_GetClockGroup
                        0x1008'4fd1    0x8  Code  Lc  zf_driver_delay.o [49]
Cy_SysClk_GetClockGroup
                        0x1008'5ef9    0x8  Code  Lc  zf_driver_pit.o [49]
Cy_SysClk_GetClockGroup
                        0x1008'013b    0x8  Code  Lc  zf_driver_pwm.o [49]
Cy_SysClk_GetClockGroup
                        0x1008'1825    0x8  Code  Lc  zf_driver_uart.o [49]
Cy_SysClk_GetCoreFrequency
                        0x1008'4309   0x2a  Code  ??  cy_sysclk.o [33]
Cy_SysClk_GetEcoFrequency
                        0x1008'3e11   0x32  Code  ??  cy_sysclk.o [33]
Cy_SysClk_GetExtFrequency
                        0x1008'3e45   0x1e  Code  ??  cy_sysclk.o [33]
Cy_SysClk_GetFast0Frequency
                        0x1008'425d   0x56  Code  ??  cy_sysclk.o [33]
Cy_SysClk_GetFast1Frequency
                        0x1008'42b3   0x56  Code  ??  cy_sysclk.o [33]
Cy_SysClk_GetFllInputFrequency
                        0x1008'3f65    0xc  Code  ??  cy_sysclk.o [33]
Cy_SysClk_GetFllOutputFrequency
                        0x1008'3f8d   0x78  Code  ??  cy_sysclk.o [33]
Cy_SysClk_GetHfClkFrequency
                        0x1008'41df   0x7a  Code  ??  cy_sysclk.o [33]
Cy_SysClk_GetIlo0Frequency
                        0x1008'3e63   0x32  Code  ??  cy_sysclk.o [33]
Cy_SysClk_GetIlo1Frequency
                        0x1008'3e95   0x32  Code  ??  cy_sysclk.o [33]
Cy_SysClk_GetImoFrequency
                        0x1008'3ddf   0x32  Code  ??  cy_sysclk.o [33]
Cy_SysClk_GetPathFrequency
                        0x1008'41ad   0x32  Code  ??  cy_sysclk.o [33]
Cy_SysClk_GetPathSourceFrequency
                        0x1008'3f01   0x64  Code  ??  cy_sysclk.o [33]
Cy_SysClk_GetPll400MNo  0x1008'3ad9   0x14  Code  Lc  cy_sysclk.o [33]
Cy_SysClk_GetPllInputFrequency
                        0x1008'3f71   0x1c  Code  ??  cy_sysclk.o [33]
Cy_SysClk_GetPllNo      0x1008'3a9d   0x12  Code  Lc  cy_sysclk.o [33]
Cy_SysClk_GetPllOutputFrequency
                        0x1008'4009  0x1a0  Code  ??  cy_sysclk.o [33]
Cy_SysClk_GetWcoFrequency
                        0x1008'3ec7   0x32  Code  ??  cy_sysclk.o [33]
Cy_SysClk_HfClockGetDivider
                        0x1008'3b7b   0x42  Code  Lc  cy_sysclk.o [33]
Cy_SysClk_HfClockGetSource
                        0x1008'3b27   0x54  Code  Lc  cy_sysclk.o [33]
Cy_SysClk_InitGetFreqParams
                        0x1008'3dc5   0x1a  Code  ??  cy_sysclk.o [33]
Cy_SysClk_PeriphAssignDivider
                        0x1008'4fd9   0x72  Code  Lc  zf_driver_delay.o [49]
Cy_SysClk_PeriphAssignDivider
                        0x1008'5f01   0x72  Code  Lc  zf_driver_pit.o [49]
Cy_SysClk_PeriphAssignDivider
                        0x1008'0143   0x74  Code  Lc  zf_driver_pwm.o [49]
Cy_SysClk_PeriphAssignDivider
                        0x1008'182d   0x74  Code  Lc  zf_driver_uart.o [49]
Cy_SysClk_PeriphEnableDivider
                        0x1008'504b   0x5c  Code  Lc  zf_driver_delay.o [49]
Cy_SysClk_PeriphEnableDivider
                        0x1008'5f73   0x5c  Code  Lc  zf_driver_pit.o [49]
Cy_SysClk_PeriphEnableDivider
                        0x1008'01b7   0x5e  Code  Lc  zf_driver_pwm.o [49]
Cy_SysClk_PeriphEnableDivider
                        0x1008'18a1   0x5e  Code  Lc  zf_driver_uart.o [49]
Cy_SysClk_PeriphSetDivider
                        0x1008'4f47   0x8a  Code  Lc  zf_driver_delay.o [49]
Cy_SysClk_PeriphSetDivider
                        0x1008'5e6f   0x8a  Code  Lc  zf_driver_pit.o [49]
Cy_SysClk_PeriphSetDivider
                        0x1008'00ad   0x8e  Code  Lc  zf_driver_pwm.o [49]
Cy_SysClk_PeriphSetFracDivider
                        0x1008'1751   0xd4  Code  Lc  zf_driver_uart.o [49]
Cy_SysClk_Pll400MGetConfiguration
                        0x1008'3d31   0x84  Code  ??  cy_sysclk.o [33]
Cy_SysClk_Pll400MGetLockStatus
                        0x1008'3aed   0x2a  Code  Lc  cy_sysclk.o [33]
Cy_SysClk_PllGetConfiguration
                        0x1008'3cdd   0x48  Code  ??  cy_sysclk.o [33]
Cy_SysClk_PllGetLockStatus
                        0x1008'3aaf   0x28  Code  Lc  cy_sysclk.o [33]
Cy_SysClk_WcoOkay       0x1008'3b19    0xe  Code  Lc  cy_sysclk.o [33]
Cy_SysInt_InitIRQ       0x1008'3809   0x7a  Code  ??  cy_sysint.o [35]
Cy_SysInt_SetSystemIrqVector
                        0x1008'3883   0x12  Code  ??  cy_sysint.o [35]
Cy_SysInt_SystemIrqUserTableRamPointer
                        0x2802'06ec    0x4  Data  ??  cy_interrupt_map.o [23]
Cy_SysLib_DelayCycles   0x1008'7791         Code  ??  cy_syslib_iar.o [36]
Cy_SysLib_EnterCriticalSection
                        0x1008'77a1         Code  ??  cy_syslib_iar.o [36]
Cy_SysLib_ExitCriticalSection
                        0x1008'77a9         Code  ??  cy_syslib_iar.o [36]
Cy_SysLib_FaultHandler  0x1008'43d1   0x90  Code  ??  cy_syslib.o [36]
Cy_SysLib_Halt          0x1008'43cd    0x4  Code  ??  cy_syslib.o [36]
Cy_SysLib_ProcessingFault
                        0x1008'4475    0x2  Code  Wk  cy_syslib.o [36]
Cy_SysLib_SvcHandler    0x1008'797d    0xc  Code  Wk  cy_syslib.o [36]
Cy_SystemInitFpuEnable  0x1008'6c61   0x1e  Code  ??  system_tviibh4m_cm7.o [22]
Cy_SystemIrqUserTable   0x2802'0000  0x6ec  Data  ??  cy_interrupt_map.o [23]
Cy_Tcpwm_Counter_ClearTC_Intr
                        0x1008'5381   0x10  Code  ??  cy_tcpwm_counter.o [43]
Cy_Tcpwm_Counter_Enable
                        0x1008'5361    0xa  Code  ??  cy_tcpwm_counter.o [43]
Cy_Tcpwm_Counter_GetCounter
                        0x1008'536f    0x4  Code  ??  cy_tcpwm_counter.o [43]
Cy_Tcpwm_Counter_Init   0x1008'51e9  0x164  Code  ??  cy_tcpwm_counter.o [43]
Cy_Tcpwm_Counter_SetCounter
                        0x1008'536b    0x4  Code  ??  cy_tcpwm_counter.o [43]
Cy_Tcpwm_Counter_SetTC_IntrMask
                        0x1008'5373    0xe  Code  ??  cy_tcpwm_counter.o [43]
Cy_Tcpwm_Pwm_Enable     0x1008'170d    0xa  Code  ??  cy_tcpwm_pwm.o [43]
Cy_Tcpwm_Pwm_Init       0x1008'1519  0x1d8  Code  ??  cy_tcpwm_pwm.o [43]
Cy_Tcpwm_TriggerStart   0x1008'1717    0xe  Code  ??  cy_tcpwm.o [43]
Cy_u32StartupStackEndAddress
                        0x1008'72a8         Data  ??  startup_cm7.o [31]
Cy_u32StartupStackStartAddress
                        0x1008'72a4         Data  ??  startup_cm7.o [31]
Data_X                  0x2802'0bec    0x4  Data  ??  IMU.o [5]
Data_Y                  0x2802'0bf0    0x4  Data  ??  IMU.o [5]
Data_Z                  0x2802'0bf4    0x4  Data  ??  IMU.o [5]
DebugMon_Handler        0x1008'7a29         Code  Wk  startup_cm7.o [31]
Gyro_Offset             0x2802'0bdc    0xc  Data  ??  IMU.o [5]
HEAP_STACK$$Base        0x2807'e000          --   Gb  - Linker created -
HEAP_STACK$$Limit       0x2808'0000          --   Gb  - Linker created -
HardFault_Handler       0x1008'7749         Code  Wk  startup_cm7.o [31]
IMU_Data                0x2802'0b70   0x18  Data  ??  IMU.o [5]
IMU_GetValues           0x1008'544d   0x9e  Code  ??  IMU.o [5]
IMU_Handle_0            0x1008'59b5   0x96  Code  ??  IMU.o [5]
IMU_Handle_180          0x1008'55d9  0x2a6  Code  ??  IMU.o [5]
IMU_Handle_360          0x1008'58a9  0x106  Code  ??  IMU.o [5]
IMU_SHOW                0x1008'5a4b   0x36  Code  ??  IMU.o [5]
IMU_YAW_integral        0x1008'54ed   0xba  Code  ??  IMU.o [5]
IMU_gyro_Offset_Init    0x1008'5391   0xbc  Code  ??  IMU.o [5]
IMU_init                0x1008'55c1   0x16  Code  ??  IMU.o [5]
InitRamEcc              0x1008'69f7  0x100  Code  Lc  startup.o [31]
InitRamEccClearArea     0x1008'6af7   0x12  Code  Lc  startup.o [31]
Key_init                0x1008'6ebf   0x7c  Code  ??  Common_Peripherals.o [5]
MemManage_Handler       0x1008'7a1d         Code  Wk  startup_cm7.o [31]
NMI_Handler             0x1008'7a19         Code  Wk  startup_cm7.o [31]
PID_Init                0x2802'0b10   0x30  Data  ??  Algorithm.o [5]
PendSV_Handler          0x1008'7a2d         Code  Wk  startup_cm7.o [31]
PidInit                 0x1008'7031   0x32  Code  ??  Algorithm.o [5]
Region$$Table$$Base     0x1008'76e8          --   ??  - Linker created -
Region$$Table$$Limit    0x1008'7708          --   ??  - Linker created -
Reset_Handler           0x1008'71fd         Code  Wk  startup_cm7.o [31]
SVC_Handler             0x1008'781d         Code  Wk  startup_cm7.o [31]
Startup_Init            0x1008'6969   0x8e  Code  ??  startup.o [31]
Steer_init              0x1008'6fe7   0x16  Code  ??  Common_Peripherals.o [5]
SysTick_Handler         0x1008'7a31         Code  Wk  startup_cm7.o [31]
SystemCoreClock         0x2802'0c14    0x4  Data  ??  system_tviibh4m_cm7.o [22]
SystemCoreClockUpdate   0x1008'6bc9   0x98  Code  ??  system_tviibh4m_cm7.o [22]
SystemInit              0x1008'6b6d   0x5c  Code  ??  system_tviibh4m_cm7.o [22]
T_M_X                   0x2802'0bf8    0x4  Data  ??  IMU.o [5]
T_M_Y                   0x2802'0bfc    0x4  Data  ??  IMU.o [5]
T_M_Z                   0x2802'0c00    0x4  Data  ??  IMU.o [5]
T_N_X                   0x2802'0c04    0x4  Data  ??  IMU.o [5]
T_N_Y                   0x2802'0c08    0x4  Data  ??  IMU.o [5]
T_N_Z                   0x2802'0c0c    0x4  Data  ??  IMU.o [5]
UsageFault_Handler      0x1008'7a25         Code  Wk  startup_cm7.o [31]
_LC                     0x1008'2a49    0x6  Code  Lc  xprintflarge_nomb.o [50]
_LitobLargeNoMb         0x1008'3559  0x10c  Code  Lc  xprintflarge_nomb.o [50]
_PrintfLargeNoMb        0x1008'2a4f  0xb04  Code  ??  xprintflarge_nomb.o [50]
_Prout                  0x1008'789d   0x16  Code  ??  xprout.o [50]
_PutcharsLargeNoMb      0x1008'36c5   0x2e  Code  Lc  xprintflarge_nomb.o [50]
_SProut                 0x1008'1fb3    0xa  Code  ??  xsprout.o [50]
__NVIC_ClearPendingIRQ  0x1008'7065   0x1c  Code  Lc  cy_interrupt_map.o [23]
__NVIC_ClearPendingIRQ  0x1008'2461   0x1c  Code  Lc  zf_common_interrupt.o [46]
__NVIC_EnableIRQ        0x1008'2445   0x1c  Code  Lc  zf_common_interrupt.o [46]
__NVIC_SetPriority      0x1008'247d   0x24  Code  Lc  zf_common_interrupt.o [46]
__Vectors               0x1008'0000          --   ??  startup_cm7.o [31]
__Vectors_End           0x1008'0080         Data  ??  startup_cm7.o [31]
__Vectors_Size {Abs}           0x80          --   ??  startup_cm7.o [31]
__aeabi_d2uiz           0x1008'3a1b    0xe  Code  ??  DblToU32.o [51]
__aeabi_ddiv            0x1008'3a09   0x12  Code  ??  DblDiv.o [51]
__aeabi_dmul            0x1008'3a49   0x12  Code  ??  DblMul.o [51]
__aeabi_dsub            0x1008'3a37   0x12  Code  ??  DblSub.o [51]
__aeabi_ldiv0           0x1008'38e5         Code  ??  I64DivZer.o [52]
__aeabi_memclr4         0x1008'2529         Code  ??  ABImemclr4.o [52]
__aeabi_memcpy          0x1008'3761         Code  ??  ABImemcpy.o [52]
__aeabi_memcpy4         0x1008'3781         Code  ??  ABImemcpy.o [52]
__aeabi_memcpy8         0x1008'3781         Code  ??  ABImemcpy.o [52]
__aeabi_memset          0x1008'12a1         Code  ??  ABImemset.o [52]
__aeabi_ui2d            0x1008'3a29    0xe  Code  ??  U32ToDbl.o [51]
__aeabi_uldivmod        0x1008'2531         Code  ??  I64DivMod.o [52]
__cmain                 0x1008'77b1         Code  ??  cmain.o [52]
__ecc_init_dtcm_end_address {Abs}
                        0x2000'3fff         Data  ??  <internal module>
__ecc_init_dtcm_start_address {Abs}
                        0x2000'0000         Data  ??  <internal module>
__ecc_init_itcm_end_address {Abs}
                             0x3fff         Data  ??  <internal module>
__ecc_init_itcm_start_address {Abs}
                                0x0         Data  ??  <internal module>
__ecc_init_sram_end_address {Abs}
                        0x2807'ffff         Data  ??  <internal module>
__ecc_init_sram_start_address {Abs}
                        0x2802'0000         Data  ??  <internal module>
__exit                  0x1008'3a61   0x14  Code  ??  exit.o [53]
__iar_Fail_s            0x1008'3901   0x1c  Code  ??  xfail_s.o [50]
__iar_Memchr            0x1008'3941         Code  ??  memchr.o [52]
__iar_Memset            0x1008'12a1         Code  ??  ABImemset.o [52]
__iar_Memset4_word      0x1008'38b1         Code  ??  ABImemset48.o [52]
__iar_Memset8_word      0x1008'38b1         Code  ??  ABImemset48.o [52]
__iar_Memset_word       0x1008'12a9         Code  ??  ABImemset.o [52]
__iar_Strchr            0x1008'38e9         Code  ??  strchr.o [52]
__iar_data_init3        0x1008'7671   0x18  Code  ??  data_init.o [52]
__iar_frexp             0x1008'39a5         Code  ??  frexp.o [51]
__iar_frexpl            0x1008'39a5         Code  ??  frexp.o [51]
__iar_init_vfp          0x1008'76c5         Code  ??  fpinit_M.o [51]
__iar_lz77_init_single3
                        0x1008'1307   0x7e  Code  ??  lz77_init_single.o [52]
__iar_program_start     0x1008'7839         Code  ??  cstartup_M.o [52]
__iar_softfp___iar_frexp64
                        0x1008'3999         Code  ??  frexp.o [51]
__iar_softfp_frexp      0x1008'3999         Code  ??  frexp.o [51]
__iar_softfp_frexpl     0x1008'3999         Code  ??  frexp.o [51]
__iar_zero_init3        0x1008'7639   0x38  Code  ??  zero_init3.o [52]
__low_level_init        0x1008'77d1         Code  ??  startup_cm7.o [31]
__ramVectors            0x2802'0c80         Data  ??  startup_cm7.o [31]
__vector_table          0x1008'0000         Data  ??  startup_cm7.o [31]
__vector_table_0x1c     0x1008'001c         Data  ??  startup_cm7.o [31]
__write                 0x1008'1197   0x12  Code  ??  zf_common_debug.o [46]
_call_main              0x1008'77bd         Code  ??  cmain.o [52]
_exit                   0x1008'77d9         Code  ??  cexit.o [52]
abort                   0x1008'3a5b    0x6  Code  ??  abort.o [50]
assert_interrupt_config
                        0x1008'24d9    0xc  Code  ??  zf_common_interrupt.o [46]
clock_init              0x1008'761d   0x16  Code  ??  zf_common_clock.o [46]
cy_assertFileName       0x2802'0b58   0x18  Data  ??  cy_syslib.o [36]
cy_assertLine           0x2802'0be8    0x4  Data  ??  cy_syslib.o [36]
cy_delay32kMs           0x2802'0c24    0x4  Data  ??  system_tviibh4m_cm7.o [22]
cy_delayFreqHz          0x2802'0c18    0x4  Data  ??  system_tviibh4m_cm7.o [22]
cy_delayFreqKhz         0x2802'0c1c    0x4  Data  ??  system_tviibh4m_cm7.o [22]
cy_delayFreqMhz         0x2802'0c20    0x4  Data  ??  system_tviibh4m_cm7.o [22]
cy_faultFrame           0x2802'0a58   0x70  Data  ??  cy_syslib.o [36]
debug_assert_handler    0x1008'11a9   0x3c  Code  ??  zf_common_debug.o [46]
debug_assert_handler::assert_nest_index
                        0x2802'0c45    0x1  Data  Lc  zf_common_debug.o [46]
debug_delay             0x1008'0e79   0x36  Code  Lc  zf_common_debug.o [46]
debug_info_init         0x1008'124f   0x18  Code  ??  zf_common_debug.o [46]
debug_interrupr_handler
                        0x1008'1177   0x20  Code  ??  zf_common_debug.o [46]
debug_log_handler       0x1008'11e5   0x20  Code  ??  zf_common_debug.o [46]
debug_output            0x1008'0ebb  0x2bc  Code  Lc  zf_common_debug.o [46]
debug_output_info       0x2802'0bb8   0x14  Data  Lc  zf_common_debug.o [46]
debug_output_init       0x1008'1225   0x2a  Code  ??  zf_common_debug.o [46]
debug_output_struct_init
                        0x1008'1205   0x20  Code  ??  zf_common_debug.o [46]
debug_uart_data         0x2802'0c44    0x1  Data  ??  zf_common_debug.o [46]
debug_uart_fifo         0x2802'0b88   0x18  Data  ??  zf_common_debug.o [46]
debug_uart_str_output   0x1008'0eaf    0xc  Code  Lc  zf_common_debug.o [46]
delay_clk               0x2802'0738    0x2  Data  Lc  zf_driver_delay.o [49]
divNumLocator           0x1008'7988    0x8  Data  ??  cy_sysclk.o [33]
exit                    0x1008'77d5    0x4  Code  ??  exit.o [50]
fifo_clear              0x1008'2031   0x74  Code  ??  zf_common_fifo.o [46]
fifo_end_offset         0x1008'2017   0x1a  Code  Lc  zf_common_fifo.o [46]
fifo_head_offset        0x1008'1ffd   0x1a  Code  Lc  zf_common_fifo.o [46]
fifo_init               0x1008'2407   0x3a  Code  ??  zf_common_fifo.o [46]
fifo_read_buffer        0x1008'2267  0x1a0  Code  ??  zf_common_fifo.o [46]
fifo_used               0x1008'20a5   0x22  Code  ??  zf_common_fifo.o [46]
fifo_write_buffer       0x1008'20c7  0x1a0  Code  ??  zf_common_fifo.o [46]
func_str_to_double      0x1008'4d8d   0xb8  Code  ??  zf_common_function.o [46]
func_str_to_hex         0x1008'4e45   0x96  Code  ??  zf_common_function.o [46]
func_str_to_int         0x1008'4d35   0x56  Code  ??  zf_common_function.o [46]
get_double_number       0x1008'4535   0x34  Code  Lc  zf_device_gnss.o [48]
get_float_number        0x1008'44fd   0x38  Code  Lc  zf_device_gnss.o [48]
get_int_number          0x1008'44cd   0x2e  Code  Lc  zf_device_gnss.o [48]
get_parameter_index     0x1008'4479   0x54  Code  Lc  zf_device_gnss.o [48]
get_pwm_ch              0x1008'08f1  0x368  Code  Lc  zf_driver_pwm.o [49]
get_pwm_pin             0x1008'0215  0x368  Code  Lc  zf_driver_pwm.o [49]
get_pwm_pin_hsiom       0x1008'057d  0x36a  Code  Lc  zf_driver_pwm.o [49]
get_scb_module          0x1008'1ab9   0x44  Code  ??  zf_driver_uart.o [49]
get_uart_config         0x1008'196d  0x14c  Code  Lc  zf_driver_uart.o [49]
gnss                    0x2802'0ac8   0x48  Data  ??  zf_device_gnss.o [48]
gnss_data_parse         0x1008'48fd  0x11e  Code  ??  zf_device_gnss.o [48]
gnss_flag               0x2802'0c46    0x1  Data  ??  zf_device_gnss.o [48]
gnss_gga_state          0x2802'0c48    0x1  Data  Lc  zf_device_gnss.o [48]
gnss_init               0x1008'4b01  0x1c8  Code  ??  zf_device_gnss.o [48]
gnss_receiver_buffer    0x2802'0858   0x80  Data  Lc  zf_device_gnss.o [48]
gnss_receiver_fifo      0x2802'0ba0   0x18  Data  Lc  zf_device_gnss.o [48]
gnss_rmc_state          0x2802'0c49    0x1  Data  Lc  zf_device_gnss.o [48]
gnss_state              0x2802'0c47    0x1  Data  Lc  zf_device_gnss.o [48]
gnss_ths_state          0x2802'0c4a    0x1  Data  Lc  zf_device_gnss.o [48]
gnss_uart_callback      0x1008'4a1d   0xe2  Code  ??  zf_device_gnss.o [48]
gpio_get_level          0x1008'685f   0x24  Code  ??  zf_driver_gpio.o [49]
gpio_init               0x1008'68d3   0x90  Code  ??  zf_driver_gpio.o [49]
gpio_set_dir            0x1008'6883   0x50  Code  ??  zf_driver_gpio.o [49]
gpio_set_level          0x1008'6817   0x48  Code  ??  zf_driver_gpio.o [49]
gps_gga_buffer          0x2802'08d8   0x80  Data  Lc  zf_device_gnss.o [48]
gps_gngga_parse         0x1008'4835   0x6c  Code  Lc  zf_device_gnss.o [48]
gps_gnrmc_parse         0x1008'4601  0x226  Code  Lc  zf_device_gnss.o [48]
gps_gnths_parse         0x1008'48a1   0x46  Code  Lc  zf_device_gnss.o [48]
gps_rmc_buffer          0x2802'0958   0x80  Data  Lc  zf_device_gnss.o [48]
gps_ths_buffer          0x2802'09d8   0x80  Data  Lc  zf_device_gnss.o [48]
gyro_Offset_flag        0x2802'0c10    0x4  Data  ??  IMU.o [5]
imu963ra_acc_gyro_self_check
                        0x1008'5bff   0x34  Code  Lc  zf_device_imu963ra.o [48]
imu963ra_connect_mag    0x1008'5bc5   0x3a  Code  Lc  zf_device_imu963ra.o [48]
imu963ra_get_gyro       0x1008'5c67   0x40  Code  ??  zf_device_imu963ra.o [48]
imu963ra_gyro_x         0x2802'0c34    0x2  Data  ??  zf_device_imu963ra.o [48]
imu963ra_gyro_y         0x2802'0c36    0x2  Data  ??  zf_device_imu963ra.o [48]
imu963ra_gyro_z         0x2802'0c38    0x2  Data  ??  zf_device_imu963ra.o [48]
imu963ra_iic_struct     0x2802'0bcc   0x10  Data  Lc  zf_device_imu963ra.o [48]
imu963ra_init           0x1008'5ca7  0x170  Code  ??  zf_device_imu963ra.o [48]
imu963ra_mag_self_check
                        0x1008'5c33   0x34  Code  Lc  zf_device_imu963ra.o [48]
imu963ra_read_mag_register
                        0x1008'5b61   0x64  Code  Lc  zf_device_imu963ra.o [48]
imu963ra_transition_factor
                        0x2802'06f0    0xc  Data  ??  zf_device_imu963ra.o [48]
imu963ra_write_mag_register
                        0x1008'5ae9   0x78  Code  Lc  zf_device_imu963ra.o [48]
intFreqInitialized      0x2802'0c42    0x1  Data  ??  cy_sysclk.o [33]
internalBaseFreqInfo    0x2802'0b40   0x18  Data  ??  cy_sysclk.o [33]
interrupt_global_disable
                        0x1008'24b1   0x14  Code  ??  zf_common_interrupt.o [46]
interrupt_global_enable
                        0x1008'24a1   0x10  Code  ??  zf_common_interrupt.o [46]
interrupt_global_flag   0x2802'0c2c    0x4  Data  Lc  zf_common_interrupt.o [46]
interrupt_init          0x1008'24f1   0x36  Code  ??  zf_common_interrupt.o [46]
interrupt_set_priority  0x1008'24e5    0xc  Code  ??  zf_common_interrupt.o [46]
key1_flag               0x2802'0c3e    0x1  Data  ??  Common_Peripherals.o [5]
key1_state              0x2802'073a    0x1  Data  ??  Common_Peripherals.o [5]
key1_state_last         0x2802'0c3a    0x1  Data  ??  Common_Peripherals.o [5]
key2_flag               0x2802'0c3f    0x1  Data  ??  Common_Peripherals.o [5]
key2_state              0x2802'073b    0x1  Data  ??  Common_Peripherals.o [5]
key2_state_last         0x2802'0c3b    0x1  Data  ??  Common_Peripherals.o [5]
key3_flag               0x2802'0c40    0x1  Data  ??  Common_Peripherals.o [5]
key3_state              0x2802'073c    0x1  Data  ??  Common_Peripherals.o [5]
key3_state_last         0x2802'0c3c    0x1  Data  ??  Common_Peripherals.o [5]
key4_flag               0x2802'0c41    0x1  Data  ??  Common_Peripherals.o [5]
key4_state              0x2802'073d    0x1  Data  ??  Common_Peripherals.o [5]
key4_state_last         0x2802'0c3d    0x1  Data  ??  Common_Peripherals.o [5]
key_scan                0x1008'6f3b   0xac  Code  ??  Common_Peripherals.o [5]
main                    0x1008'75e1   0x3c  Code  ??  main_cm7_0.o [45]
memchr                  0x1008'3941         Code  ??  memchr.o [52]
pit0_ch0_isr            0x1008'6cf1   0x2a  Code  ??  cm7_0_isr.o [45]
pit0_ch1_isr            0x1008'6d1b   0x1a  Code  ??  cm7_0_isr.o [45]
pit0_ch2_isr            0x1008'6d35    0xe  Code  ??  cm7_0_isr.o [45]
pit_init                0x1008'5fe1   0xfa  Code  ??  zf_driver_pit.o [49]
pit_isr_flag_clear      0x1008'5fcf   0x12  Code  ??  zf_driver_pit.o [49]
pit_isr_func            0x2802'0704    0xc  Data  ??  zf_driver_pit.o [49]
printf                  0x1008'60ed   0x28  Code  ??  printf.o [50]
putchar                 0x1008'7769   0x20  Code  ??  putchar.o [50]
pwm_all_channel_close   0x1008'0c59   0x22  Code  ??  zf_driver_pwm.o [49]
pwm_init                0x1008'0c7b  0x1ec  Code  ??  zf_driver_pwm.o [49]
scale                   0x1008'366b   0x46  Code  Lc  xprintflarge_nomb.o [50]
scb_module              0x2802'0724   0x14  Data  ??  zf_driver_uart.o [49]
sec_hand                0x2802'0c30    0x4  Data  Lc  xfail_s.o [50]
soft_iic_init           0x1008'6761   0x78  Code  ??  zf_driver_soft_iic.o [49]
soft_iic_read_8bit_registers
                        0x1008'6651   0x98  Code  ??  zf_driver_soft_iic.o [49]
soft_iic_read_data      0x1008'64eb  0x118  Code  Lc  zf_driver_soft_iic.o [49]
soft_iic_sccb_read_register
                        0x1008'66f5   0x6c  Code  ??  zf_driver_soft_iic.o [49]
soft_iic_send_ack       0x1008'6261   0xd2  Code  Lc  zf_driver_soft_iic.o [49]
soft_iic_send_data      0x1008'640b   0xe0  Code  Lc  zf_driver_soft_iic.o [49]
soft_iic_start          0x1008'6115   0xa6  Code  Lc  zf_driver_soft_iic.o [49]
soft_iic_stop           0x1008'61bb   0xa6  Code  Lc  zf_driver_soft_iic.o [49]
soft_iic_wait_ack       0x1008'6333   0xd8  Code  Lc  zf_driver_soft_iic.o [49]
soft_iic_write_8bit_register
                        0x1008'6603   0x4e  Code  ??  zf_driver_soft_iic.o [49]
sprintf                 0x1008'1fbd   0x40  Code  ??  sprintf.o [50]
strchr                  0x1008'38e9         Code  ??  strchr.o [52]
strlen                  0x1008'1f7d         Code  ??  strlen.o [52]
strncmp                 0x1008'4ef1   0x2a  Code  ??  strncmp.o [50]
strncpy                 0x1008'435d         Code  ??  strncpy.o [52]
system_clock            0x2802'0c28    0x4  Data  ??  zf_common_clock.o [46]
system_delay_init       0x1008'5119   0xb6  Code  ??  zf_driver_delay.o [49]
system_delay_ms         0x1008'50a7   0x72  Code  ??  zf_driver_delay.o [49]
timer_ch                0x2802'073f    0x1  Data  Lc  zf_driver_delay.o [49]
type_default_callback   0x1008'7a55    0x2  Code  Lc  zf_device_type.o [48]
uart0_isr               0x1008'6d43   0x40  Code  ??  cm7_0_isr.o [45]
uart1_isr               0x1008'6d83   0x42  Code  ??  cm7_0_isr.o [45]
uart2_isr               0x1008'6dc5   0x40  Code  ??  cm7_0_isr.o [45]
uart3_isr               0x1008'6e05   0x3c  Code  ??  cm7_0_isr.o [45]
uart4_isr               0x1008'6e41   0x42  Code  ??  cm7_0_isr.o [45]
uart_context            0x2802'0740  0x118  Data  ??  zf_driver_uart.o [49]
uart_init               0x1008'1dab  0x18e  Code  ??  zf_driver_uart.o [49]
uart_isr_func           0x2802'0710   0x14  Data  ??  zf_driver_uart.o [49]
uart_query_byte         0x1008'1b5f   0x32  Code  ??  zf_driver_uart.o [49]
uart_receiver_handler   0x2802'0700    0x4  Data  ??  zf_device_type.o [48]
uart_rx_interrupt       0x1008'1cad   0xfe  Code  ??  zf_driver_uart.o [49]
uart_tx_interrupt       0x1008'1b91  0x11c  Code  ??  zf_driver_uart.o [49]
uart_write_buffer       0x1008'1b25   0x1e  Code  ??  zf_driver_uart.o [49]
uart_write_byte         0x1008'1afd   0x28  Code  ??  zf_driver_uart.o [49]
uart_write_string       0x1008'1b43   0x1c  Code  ??  zf_driver_uart.o [49]
utc_to_btc              0x1008'4569   0x96  Code  Lc  zf_device_gnss.o [48]
wireless_module_uart_handler
                        0x2802'06fc    0x4  Data  ??  zf_device_type.o [48]
zf_debug_assert_enable  0x2802'073e    0x1  Data  Lc  zf_common_debug.o [46]
zf_debug_init_flag      0x2802'0c43    0x1  Data  Lc  zf_common_debug.o [46]


[1] = E:\桌面\Seekfree_CYT4BB_Opensource_Library\project\iar\Debug_m7_0\Obj\adc_11722776235721520015.dir
[2] = E:\桌面\Seekfree_CYT4BB_Opensource_Library\project\iar\Debug_m7_0\Obj\audioss_1346650047966882938.dir
[3] = E:\桌面\Seekfree_CYT4BB_Opensource_Library\project\iar\Debug_m7_0\Obj\button_4990804375159372270.dir
[4] = E:\桌面\Seekfree_CYT4BB_Opensource_Library\project\iar\Debug_m7_0\Obj\canfd_1800690984773873875.dir
[5] = E:\桌面\Seekfree_CYT4BB_Opensource_Library\project\iar\Debug_m7_0\Obj\code_17896468042025673432.dir
[6] = E:\桌面\Seekfree_CYT4BB_Opensource_Library\project\iar\Debug_m7_0\Obj\cpu_15938736945165268644.dir
[7] = E:\桌面\Seekfree_CYT4BB_Opensource_Library\project\iar\Debug_m7_0\Obj\crypto_1190170608956581615.dir
[8] = E:\桌面\Seekfree_CYT4BB_Opensource_Library\project\iar\Debug_m7_0\Obj\dma_12106025507578611576.dir
[9] = E:\桌面\Seekfree_CYT4BB_Opensource_Library\project\iar\Debug_m7_0\Obj\eth_phy_18133017486186456677.dir
[10] = E:\桌面\Seekfree_CYT4BB_Opensource_Library\project\iar\Debug_m7_0\Obj\ethernet_6029839089178797009.dir
[11] = E:\桌面\Seekfree_CYT4BB_Opensource_Library\project\iar\Debug_m7_0\Obj\evtgen_3404189088603873129.dir
[12] = E:\桌面\Seekfree_CYT4BB_Opensource_Library\project\iar\Debug_m7_0\Obj\flash_8529866181315662935.dir
[13] = E:\桌面\Seekfree_CYT4BB_Opensource_Library\project\iar\Debug_m7_0\Obj\flash_864493325053435817.dir
[14] = E:\桌面\Seekfree_CYT4BB_Opensource_Library\project\iar\Debug_m7_0\Obj\gpio_3999404635324069351.dir
[15] = E:\桌面\Seekfree_CYT4BB_Opensource_Library\project\iar\Debug_m7_0\Obj\ipc_10145506163450686023.dir
[16] = E:\桌面\Seekfree_CYT4BB_Opensource_Library\project\iar\Debug_m7_0\Obj\lin_18429031207028094880.dir
[17] = E:\桌面\Seekfree_CYT4BB_Opensource_Library\project\iar\Debug_m7_0\Obj\lvd_6353935867039560245.dir
[18] = E:\桌面\Seekfree_CYT4BB_Opensource_Library\project\iar\Debug_m7_0\Obj\mcwdt_4052485907822033969.dir
[19] = E:\桌面\Seekfree_CYT4BB_Opensource_Library\project\iar\Debug_m7_0\Obj\mpu_5663187252346826382.dir
[20] = E:\桌面\Seekfree_CYT4BB_Opensource_Library\project\iar\Debug_m7_0\Obj\power_14453085144426420577.dir
[21] = E:\桌面\Seekfree_CYT4BB_Opensource_Library\project\iar\Debug_m7_0\Obj\prot_10722960861768657883.dir
[22] = E:\桌面\Seekfree_CYT4BB_Opensource_Library\project\iar\Debug_m7_0\Obj\rev_b_4986922561640112550.dir
[23] = E:\桌面\Seekfree_CYT4BB_Opensource_Library\project\iar\Debug_m7_0\Obj\rev_b_6162237342861132223.dir
[24] = E:\桌面\Seekfree_CYT4BB_Opensource_Library\project\iar\Debug_m7_0\Obj\scb_15490842639181808494.dir
[25] = E:\桌面\Seekfree_CYT4BB_Opensource_Library\project\iar\Debug_m7_0\Obj\sd_host_2982766354293506895.dir
[26] = E:\桌面\Seekfree_CYT4BB_Opensource_Library\project\iar\Debug_m7_0\Obj\semihosting_143864889731838620.dir
[27] = E:\桌面\Seekfree_CYT4BB_Opensource_Library\project\iar\Debug_m7_0\Obj\smartio_5451710003740070188.dir
[28] = E:\桌面\Seekfree_CYT4BB_Opensource_Library\project\iar\Debug_m7_0\Obj\smif_427648126384146252.dir
[29] = E:\桌面\Seekfree_CYT4BB_Opensource_Library\project\iar\Debug_m7_0\Obj\smif_mem_6470536964353725183.dir
[30] = E:\桌面\Seekfree_CYT4BB_Opensource_Library\project\iar\Debug_m7_0\Obj\srom_13018798572330080582.dir
[31] = E:\桌面\Seekfree_CYT4BB_Opensource_Library\project\iar\Debug_m7_0\Obj\startup_479057977785470282.dir
[32] = E:\桌面\Seekfree_CYT4BB_Opensource_Library\project\iar\Debug_m7_0\Obj\sw_timer_4215635015939382130.dir
[33] = E:\桌面\Seekfree_CYT4BB_Opensource_Library\project\iar\Debug_m7_0\Obj\sysclk_16149231235676103872.dir
[34] = E:\桌面\Seekfree_CYT4BB_Opensource_Library\project\iar\Debug_m7_0\Obj\sysflt_12293435975120599261.dir
[35] = E:\桌面\Seekfree_CYT4BB_Opensource_Library\project\iar\Debug_m7_0\Obj\sysint_7435970359207984181.dir
[36] = E:\桌面\Seekfree_CYT4BB_Opensource_Library\project\iar\Debug_m7_0\Obj\syslib_16330585751512546975.dir
[37] = E:\桌面\Seekfree_CYT4BB_Opensource_Library\project\iar\Debug_m7_0\Obj\syspm_10887939769544754770.dir
[38] = E:\桌面\Seekfree_CYT4BB_Opensource_Library\project\iar\Debug_m7_0\Obj\sysreghc_17676636058511625587.dir
[39] = E:\桌面\Seekfree_CYT4BB_Opensource_Library\project\iar\Debug_m7_0\Obj\sysreset_14586141425677365288.dir
[40] = E:\桌面\Seekfree_CYT4BB_Opensource_Library\project\iar\Debug_m7_0\Obj\sysrtc_10747768817563771611.dir
[41] = E:\桌面\Seekfree_CYT4BB_Opensource_Library\project\iar\Debug_m7_0\Obj\systick_16016591671695740695.dir
[42] = E:\桌面\Seekfree_CYT4BB_Opensource_Library\project\iar\Debug_m7_0\Obj\syswdt_9118657615806274156.dir
[43] = E:\桌面\Seekfree_CYT4BB_Opensource_Library\project\iar\Debug_m7_0\Obj\tcpwm_422923530147891246.dir
[44] = E:\桌面\Seekfree_CYT4BB_Opensource_Library\project\iar\Debug_m7_0\Obj\trigmux_9729677290734583340.dir
[45] = E:\桌面\Seekfree_CYT4BB_Opensource_Library\project\iar\Debug_m7_0\Obj\user_8514941877209965082.dir
[46] = E:\桌面\Seekfree_CYT4BB_Opensource_Library\project\iar\Debug_m7_0\Obj\zf_common_1201165462030747823.dir
[47] = E:\桌面\Seekfree_CYT4BB_Opensource_Library\project\iar\Debug_m7_0\Obj\zf_components_14936052685886095442.dir
[48] = E:\桌面\Seekfree_CYT4BB_Opensource_Library\project\iar\Debug_m7_0\Obj\zf_device_6570275422786408770.dir
[49] = E:\桌面\Seekfree_CYT4BB_Opensource_Library\project\iar\Debug_m7_0\Obj\zf_driver_11922370083829174090.dir
[50] = dl7M_tln.a
[51] = m7M_tlv.a
[52] = rt7M_tl.a
[53] = shb_l.a
[54] = zf_device_config.a

  29'882 bytes of readonly  code memory
   1'539 bytes of readonly  data memory
  11'467 bytes of readwrite data memory

Errors: none
Warnings: none
