###############################################################################
#
# IAR ELF Linker V9.50.1.380/W64 for ARM                  23/May/2024  18:56:24
# Copyright 2007-2023 IAR Systems AB.
#
#    Output file  =
#        E:\project\smart
#        car\ok\963ra-\project\iar\Debug_m0_plus\Exe\cyt4bb7_cm_0_plus.out
#    Map file     =
#        E:\project\smart
#        car\ok\963ra-\project\iar\Debug_m0_plus\List\cyt4bb7_cm_0_plus.map
#    Command line =
#        -f "E:\project\smart
#        car\ok\963ra-\project\iar\Debug_m0_plus\Exe\cyt4bb7_cm_0_plus.out.rsp"
#        ("E:\project\smart
#        car\ok\963ra-\project\iar\Debug_m0_plus\Obj\user_8514941877209965082.dir\cm0plus_isr.o"
#        "E:\project\smart
#        car\ok\963ra-\project\iar\Debug_m0_plus\Obj\adc_11722776235721520015.dir\cy_adc.o"
#        "E:\project\smart
#        car\ok\963ra-\project\iar\Debug_m0_plus\Obj\button_4990804375159372270.dir\cy_button.o"
#        "E:\project\smart
#        car\ok\963ra-\project\iar\Debug_m0_plus\Obj\canfd_1800690984773873875.dir\cy_canfd.o"
#        "E:\project\smart
#        car\ok\963ra-\project\iar\Debug_m0_plus\Obj\cpu_15938736945165268644.dir\cy_cpu.o"
#        "E:\project\smart
#        car\ok\963ra-\project\iar\Debug_m0_plus\Obj\crypto_1190170608956581615.dir\cy_crypto_config.o"
#        "E:\project\smart
#        car\ok\963ra-\project\iar\Debug_m0_plus\Obj\eth_phy_18133017486186456677.dir\cy_dp83867.o"
#        "E:\project\smart
#        car\ok\963ra-\project\iar\Debug_m0_plus\Obj\ethernet_6029839089178797009.dir\cy_ethif.o"
#        "E:\project\smart
#        car\ok\963ra-\project\iar\Debug_m0_plus\Obj\evtgen_3404189088603873129.dir\cy_evtgen.o"
#        "E:\project\smart
#        car\ok\963ra-\project\iar\Debug_m0_plus\Obj\flash_8529866181315662935.dir\cy_flash.o"
#        "E:\project\smart
#        car\ok\963ra-\project\iar\Debug_m0_plus\Obj\gpio_3999404635324069351.dir\cy_gpio.o"
#        "E:\project\smart
#        car\ok\963ra-\project\iar\Debug_m0_plus\Obj\audioss_1346650047966882938.dir\cy_i2s.o"
#        "E:\project\smart
#        car\ok\963ra-\project\iar\Debug_m0_plus\Obj\rev_b_6162237342861132223.dir\cy_interrupt_map.o"
#        "E:\project\smart
#        car\ok\963ra-\project\iar\Debug_m0_plus\Obj\ipc_10145506163450686023.dir\cy_ipc_drv.o"
#        "E:\project\smart
#        car\ok\963ra-\project\iar\Debug_m0_plus\Obj\ipc_10145506163450686023.dir\cy_ipc_pipe.o"
#        "E:\project\smart
#        car\ok\963ra-\project\iar\Debug_m0_plus\Obj\ipc_10145506163450686023.dir\cy_ipc_sema.o"
#        "E:\project\smart
#        car\ok\963ra-\project\iar\Debug_m0_plus\Obj\lin_18429031207028094880.dir\cy_lin.o"
#        "E:\project\smart
#        car\ok\963ra-\project\iar\Debug_m0_plus\Obj\lvd_6353935867039560245.dir\cy_lvd.o"
#        "E:\project\smart
#        car\ok\963ra-\project\iar\Debug_m0_plus\Obj\mcwdt_4052485907822033969.dir\cy_mcwdt.o"
#        "E:\project\smart
#        car\ok\963ra-\project\iar\Debug_m0_plus\Obj\dma_12106025507578611576.dir\cy_mdma.o"
#        "E:\project\smart
#        car\ok\963ra-\project\iar\Debug_m0_plus\Obj\mpu_5663187252346826382.dir\cy_mpu.o"
#        "E:\project\smart
#        car\ok\963ra-\project\iar\Debug_m0_plus\Obj\flash_864493325053435817.dir\cy_mw_flash.o"
#        "E:\project\smart
#        car\ok\963ra-\project\iar\Debug_m0_plus\Obj\dma_12106025507578611576.dir\cy_pdma.o"
#        "E:\project\smart
#        car\ok\963ra-\project\iar\Debug_m0_plus\Obj\power_14453085144426420577.dir\cy_power.o"
#        "E:\project\smart
#        car\ok\963ra-\project\iar\Debug_m0_plus\Obj\prot_10722960861768657883.dir\cy_prot.o"
#        "E:\project\smart
#        car\ok\963ra-\project\iar\Debug_m0_plus\Obj\scb_15490842639181808494.dir\cy_scb_common.o"
#        "E:\project\smart
#        car\ok\963ra-\project\iar\Debug_m0_plus\Obj\scb_15490842639181808494.dir\cy_scb_ezi2c.o"
#        "E:\project\smart
#        car\ok\963ra-\project\iar\Debug_m0_plus\Obj\scb_15490842639181808494.dir\cy_scb_i2c.o"
#        "E:\project\smart
#        car\ok\963ra-\project\iar\Debug_m0_plus\Obj\scb_15490842639181808494.dir\cy_scb_spi.o"
#        "E:\project\smart
#        car\ok\963ra-\project\iar\Debug_m0_plus\Obj\scb_15490842639181808494.dir\cy_scb_uart.o"
#        "E:\project\smart
#        car\ok\963ra-\project\iar\Debug_m0_plus\Obj\sd_host_2982766354293506895.dir\cy_sd_host.o"
#        "E:\project\smart
#        car\ok\963ra-\project\iar\Debug_m0_plus\Obj\semihosting_143864889731838620.dir\cy_semihosting.o"
#        "E:\project\smart
#        car\ok\963ra-\project\iar\Debug_m0_plus\Obj\smartio_5451710003740070188.dir\cy_smartio.o"
#        "E:\project\smart
#        car\ok\963ra-\project\iar\Debug_m0_plus\Obj\smif_427648126384146252.dir\cy_smif.o"
#        "E:\project\smart
#        car\ok\963ra-\project\iar\Debug_m0_plus\Obj\smif_mem_6470536964353725183.dir\cy_smif_device_common.o"
#        "E:\project\smart
#        car\ok\963ra-\project\iar\Debug_m0_plus\Obj\smif_mem_6470536964353725183.dir\cy_smif_hb_flash.o"
#        "E:\project\smart
#        car\ok\963ra-\project\iar\Debug_m0_plus\Obj\smif_427648126384146252.dir\cy_smif_memslot.o"
#        "E:\project\smart
#        car\ok\963ra-\project\iar\Debug_m0_plus\Obj\smif_mem_6470536964353725183.dir\cy_smif_s25fl.o"
#        "E:\project\smart
#        car\ok\963ra-\project\iar\Debug_m0_plus\Obj\smif_mem_6470536964353725183.dir\cy_smif_s25fs.o"
#        "E:\project\smart
#        car\ok\963ra-\project\iar\Debug_m0_plus\Obj\smif_mem_6470536964353725183.dir\cy_smif_semp.o"
#        "E:\project\smart
#        car\ok\963ra-\project\iar\Debug_m0_plus\Obj\smif_427648126384146252.dir\cy_smif_ver_specific.o"
#        "E:\project\smart
#        car\ok\963ra-\project\iar\Debug_m0_plus\Obj\srom_13018798572330080582.dir\cy_srom.o"
#        "E:\project\smart
#        car\ok\963ra-\project\iar\Debug_m0_plus\Obj\sw_timer_4215635015939382130.dir\cy_sw_tmr.o"
#        "E:\project\smart
#        car\ok\963ra-\project\iar\Debug_m0_plus\Obj\sysclk_16149231235676103872.dir\cy_sysclk.o"
#        "E:\project\smart
#        car\ok\963ra-\project\iar\Debug_m0_plus\Obj\sysflt_12293435975120599261.dir\cy_sysflt.o"
#        "E:\project\smart
#        car\ok\963ra-\project\iar\Debug_m0_plus\Obj\sysint_7435970359207984181.dir\cy_sysint.o"
#        "E:\project\smart
#        car\ok\963ra-\project\iar\Debug_m0_plus\Obj\syslib_16330585751512546975.dir\cy_syslib.o"
#        "E:\project\smart
#        car\ok\963ra-\project\iar\Debug_m0_plus\Obj\syslib_16330585751512546975.dir\cy_syslib_iar.o"
#        "E:\project\smart
#        car\ok\963ra-\project\iar\Debug_m0_plus\Obj\syspm_10887939769544754770.dir\cy_syspm.o"
#        "E:\project\smart
#        car\ok\963ra-\project\iar\Debug_m0_plus\Obj\sysreghc_17676636058511625587.dir\cy_sysreghc.o"
#        "E:\project\smart
#        car\ok\963ra-\project\iar\Debug_m0_plus\Obj\sysreset_14586141425677365288.dir\cy_sysreset.o"
#        "E:\project\smart
#        car\ok\963ra-\project\iar\Debug_m0_plus\Obj\sysrtc_10747768817563771611.dir\cy_sysrtc.o"
#        "E:\project\smart
#        car\ok\963ra-\project\iar\Debug_m0_plus\Obj\systick_16016591671695740695.dir\cy_systick.o"
#        "E:\project\smart
#        car\ok\963ra-\project\iar\Debug_m0_plus\Obj\syswdt_9118657615806274156.dir\cy_syswdt.o"
#        "E:\project\smart
#        car\ok\963ra-\project\iar\Debug_m0_plus\Obj\tcpwm_422923530147891246.dir\cy_tcpwm.o"
#        "E:\project\smart
#        car\ok\963ra-\project\iar\Debug_m0_plus\Obj\tcpwm_422923530147891246.dir\cy_tcpwm_counter.o"
#        "E:\project\smart
#        car\ok\963ra-\project\iar\Debug_m0_plus\Obj\tcpwm_422923530147891246.dir\cy_tcpwm_pwm.o"
#        "E:\project\smart
#        car\ok\963ra-\project\iar\Debug_m0_plus\Obj\tcpwm_422923530147891246.dir\cy_tcpwm_quaddec.o"
#        "E:\project\smart
#        car\ok\963ra-\project\iar\Debug_m0_plus\Obj\tcpwm_422923530147891246.dir\cy_tcpwm_sr.o"
#        "E:\project\smart
#        car\ok\963ra-\project\iar\Debug_m0_plus\Obj\trigmux_9729677290734583340.dir\cy_trigmux.o"
#        "E:\project\smart
#        car\ok\963ra-\project\iar\Debug_m0_plus\Obj\ethernet_6029839089178797009.dir\edd.o"
#        "E:\project\smart
#        car\ok\963ra-\project\iar\Debug_m0_plus\Obj\ethernet_6029839089178797009.dir\edd_rx.o"
#        "E:\project\smart
#        car\ok\963ra-\project\iar\Debug_m0_plus\Obj\ethernet_6029839089178797009.dir\edd_tx.o"
#        "E:\project\smart
#        car\ok\963ra-\project\iar\Debug_m0_plus\Obj\user_8514941877209965082.dir\main_cm0plus.o"
#        "E:\project\smart
#        car\ok\963ra-\project\iar\Debug_m0_plus\Obj\zf_components_14936052685886095442.dir\seekfree_assistant.o"
#        "E:\project\smart
#        car\ok\963ra-\project\iar\Debug_m0_plus\Obj\zf_components_14936052685886095442.dir\seekfree_assistant_interface.o"
#        "E:\project\smart
#        car\ok\963ra-\project\iar\Debug_m0_plus\Obj\startup_479057977785470282.dir\startup.o"
#        "E:\project\smart
#        car\ok\963ra-\project\iar\Debug_m0_plus\Obj\startup_479057977785470282.dir\startup_cm0plus.o"
#        "E:\project\smart
#        car\ok\963ra-\project\iar\Debug_m0_plus\Obj\rev_b_4986922561640112550.dir\system_tviibh4m_cm0plus.o"
#        "E:\project\smart
#        car\ok\963ra-\project\iar\Debug_m0_plus\Obj\zf_common_1201165462030747823.dir\zf_common_clock.o"
#        "E:\project\smart
#        car\ok\963ra-\project\iar\Debug_m0_plus\Obj\zf_common_1201165462030747823.dir\zf_common_debug.o"
#        "E:\project\smart
#        car\ok\963ra-\project\iar\Debug_m0_plus\Obj\zf_common_1201165462030747823.dir\zf_common_fifo.o"
#        "E:\project\smart
#        car\ok\963ra-\project\iar\Debug_m0_plus\Obj\zf_common_1201165462030747823.dir\zf_common_font.o"
#        "E:\project\smart
#        car\ok\963ra-\project\iar\Debug_m0_plus\Obj\zf_common_1201165462030747823.dir\zf_common_function.o"
#        "E:\project\smart
#        car\ok\963ra-\project\iar\Debug_m0_plus\Obj\zf_common_1201165462030747823.dir\zf_common_interrupt.o"
#        "E:\project\smart
#        car\ok\963ra-\project\iar\Debug_m0_plus\Obj\zf_device_6570275422786408770.dir\zf_device_absolute_encoder.o"
#        "E:\project\smart
#        car\ok\963ra-\project\iar\Debug_m0_plus\Obj\zf_device_6570275422786408770.dir\zf_device_bluetooth_ch9141.o"
#        "E:\project\smart
#        car\ok\963ra-\project\iar\Debug_m0_plus\Obj\zf_device_6570275422786408770.dir\zf_device_dl1a.o"
#        "E:\project\smart
#        car\ok\963ra-\project\iar\Debug_m0_plus\Obj\zf_device_6570275422786408770.dir\zf_device_gnss.o"
#        "E:\project\smart
#        car\ok\963ra-\project\iar\Debug_m0_plus\Obj\zf_device_6570275422786408770.dir\zf_device_icm20602.o"
#        "E:\project\smart
#        car\ok\963ra-\project\iar\Debug_m0_plus\Obj\zf_device_6570275422786408770.dir\zf_device_imu963ra.o"
#        "E:\project\smart
#        car\ok\963ra-\project\iar\Debug_m0_plus\Obj\zf_device_6570275422786408770.dir\zf_device_ips114.o"
#        "E:\project\smart
#        car\ok\963ra-\project\iar\Debug_m0_plus\Obj\zf_device_6570275422786408770.dir\zf_device_ips200.o"
#        "E:\project\smart
#        car\ok\963ra-\project\iar\Debug_m0_plus\Obj\zf_device_6570275422786408770.dir\zf_device_key.o"
#        "E:\project\smart
#        car\ok\963ra-\project\iar\Debug_m0_plus\Obj\zf_device_6570275422786408770.dir\zf_device_mpu6050.o"
#        "E:\project\smart
#        car\ok\963ra-\project\iar\Debug_m0_plus\Obj\zf_device_6570275422786408770.dir\zf_device_oled.o"
#        "E:\project\smart
#        car\ok\963ra-\project\iar\Debug_m0_plus\Obj\zf_device_6570275422786408770.dir\zf_device_tft180.o"
#        "E:\project\smart
#        car\ok\963ra-\project\iar\Debug_m0_plus\Obj\zf_device_6570275422786408770.dir\zf_device_tsl1401.o"
#        "E:\project\smart
#        car\ok\963ra-\project\iar\Debug_m0_plus\Obj\zf_device_6570275422786408770.dir\zf_device_type.o"
#        "E:\project\smart
#        car\ok\963ra-\project\iar\Debug_m0_plus\Obj\zf_device_6570275422786408770.dir\zf_device_uart_receiver.o"
#        "E:\project\smart
#        car\ok\963ra-\project\iar\Debug_m0_plus\Obj\zf_device_6570275422786408770.dir\zf_device_virtual_oscilloscope.o"
#        "E:\project\smart
#        car\ok\963ra-\project\iar\Debug_m0_plus\Obj\zf_device_6570275422786408770.dir\zf_device_wifi_spi.o"
#        "E:\project\smart
#        car\ok\963ra-\project\iar\Debug_m0_plus\Obj\zf_device_6570275422786408770.dir\zf_device_wifi_uart.o"
#        "E:\project\smart
#        car\ok\963ra-\project\iar\Debug_m0_plus\Obj\zf_device_6570275422786408770.dir\zf_device_wireless_uart.o"
#        "E:\project\smart
#        car\ok\963ra-\project\iar\Debug_m0_plus\Obj\zf_driver_11922370083829174090.dir\zf_driver_adc.o"
#        "E:\project\smart
#        car\ok\963ra-\project\iar\Debug_m0_plus\Obj\zf_driver_11922370083829174090.dir\zf_driver_delay.o"
#        "E:\project\smart
#        car\ok\963ra-\project\iar\Debug_m0_plus\Obj\zf_driver_11922370083829174090.dir\zf_driver_encoder.o"
#        "E:\project\smart
#        car\ok\963ra-\project\iar\Debug_m0_plus\Obj\zf_driver_11922370083829174090.dir\zf_driver_exti.o"
#        "E:\project\smart
#        car\ok\963ra-\project\iar\Debug_m0_plus\Obj\zf_driver_11922370083829174090.dir\zf_driver_flash.o"
#        "E:\project\smart
#        car\ok\963ra-\project\iar\Debug_m0_plus\Obj\zf_driver_11922370083829174090.dir\zf_driver_gpio.o"
#        "E:\project\smart
#        car\ok\963ra-\project\iar\Debug_m0_plus\Obj\zf_driver_11922370083829174090.dir\zf_driver_pit.o"
#        "E:\project\smart
#        car\ok\963ra-\project\iar\Debug_m0_plus\Obj\zf_driver_11922370083829174090.dir\zf_driver_pwm.o"
#        "E:\project\smart
#        car\ok\963ra-\project\iar\Debug_m0_plus\Obj\zf_driver_11922370083829174090.dir\zf_driver_soft_iic.o"
#        "E:\project\smart
#        car\ok\963ra-\project\iar\Debug_m0_plus\Obj\zf_driver_11922370083829174090.dir\zf_driver_soft_spi.o"
#        "E:\project\smart
#        car\ok\963ra-\project\iar\Debug_m0_plus\Obj\zf_driver_11922370083829174090.dir\zf_driver_spi.o"
#        "E:\project\smart
#        car\ok\963ra-\project\iar\Debug_m0_plus\Obj\zf_driver_11922370083829174090.dir\zf_driver_timer.o"
#        "E:\project\smart
#        car\ok\963ra-\project\iar\Debug_m0_plus\Obj\zf_driver_11922370083829174090.dir\zf_driver_uart.o"
#        --no_out_extension -o "E:\project\smart
#        car\ok\963ra-\project\iar\Debug_m0_plus\Exe\cyt4bb7_cm_0_plus.out"
#        --config_def _CORE_cm0plus_=0 --config_def _LINK_flash_=0 --map
#        "E:\project\smart
#        car\ok\963ra-\project\iar\Debug_m0_plus\List\cyt4bb7_cm_0_plus.map"
#        --config "E:\project\smart
#        car\ok\963ra-\project\iar\project_config\..\icf\linker_directives_tviibh.icf"
#        --semihosting "E:\project\smart
#        car\ok\963ra-\project\iar\project_config\..\..\..\libraries\sdk\tviibh4m\src\drivers\crypto\libs\libcrypto_server_cm0plus_iar.a"
#        "E:\project\smart
#        car\ok\963ra-\project\iar\project_config\..\..\..\libraries\sdk\common\hdr\cmsis\dsp\iar_cortexM7lf_math.a"
#        --entry __iar_program_start --vfe --text_out locale --cpu=Cortex-M0+
#        --fpu=None) --dependencies=n "E:\project\smart
#        car\ok\963ra-\project\iar\Debug_m0_plus\Exe\cyt4bb7_cm_0_plus.out.iar_deps"
#
###############################################################################

*******************************************************************************
*** RUNTIME MODEL ATTRIBUTES
***

CppFlavor       = *
__CPP_Runtime   = 1
__SystemLibrary = DLib
__dlib_version  = 6


*******************************************************************************
*** HEAP SELECTION
***

The basic heap was selected because --advanced_heap
was not specified and the application did not appear to
be primarily optimized for speed.


*******************************************************************************
*** PLACEMENT SUMMARY
***

"A0":  place at start of [from 0x1000'0000 to 0x1007'ffff] { section .intvec };
"P1":  place in [from 0x1000'0000 to 0x1007'ffff] { ro };
"P2":  place in [from 0x2800'0800 to 0x2801'ffff] { rw };
define block HEAP with size = 1K, alignment = 8 { };
define block CSTACK with size = 1K, alignment = 8 { };
define block HEAP_STACK { block HEAP, last block CSTACK };
"A3":  place at end of [from 0x2800'0800 to 0x2801'ffff] { block HEAP_STACK };
do not initialize { section .intvec_ram };
initialize by copy { rw };

No sections matched the following patterns:

  ro section .sflash_app_prot  in "P6"
  ro section .sflash_nar       in "P4"
  ro section .sflash_pkey      in "P5"
  ro section .sflash_toc2      in "P7"
  ro section .sflash_uf_rows   in "P3"
  ro section .work_flash       in "P8"
  section .cm7_0_rom           in "A1"
  section .cm7_1_rom           in "A2"


  Section            Kind         Address  Aligment    Size  Object
  -------            ----         -------  --------    ----  ------
"A0":                                                  0x80
  .intvec            ro code  0x1000'0000       256    0x80  startup_cm0plus.o [30]
                            - 0x1000'0080              0x80

"P1":                                                0x40f0
  .text              ro code  0x1000'0080         4   0x8bc  zf_driver_uart.o [48]
  .text              ro code  0x1000'093c         4   0x414  zf_common_debug.o [45]
  .text              ro code  0x1000'0d50         4    0x52  ABImemset.o [51]
  .text              ro code  0x1000'0da2         2    0x7c  I64DivMod.o [51]
  .text              ro code  0x1000'0e1e         2     0xa  xsprout.o [49]
  .text              ro code  0x1000'0e28         4   0x190  cy_gpio.o [13]
  .text              ro code  0x1000'0fb8         4   0x3f0  cy_scb_uart.o [23]
  .text              ro code  0x1000'13a8         4   0x136  zf_common_interrupt.o [45]
  .text              ro code  0x1000'14e0         4     0xe  strlen.o [51]
  .text              ro code  0x1000'14ee         2    0xe0  I32DivModFast.o [51]
  .text              ro code  0x1000'15d0         4    0x40  sprintf.o [49]
  .text              ro code  0x1000'1610         4   0x494  zf_common_fifo.o [45]
  .text              ro code  0x1000'1aa4         4     0x2  I64DivZer.o [51]
  .text              ro code  0x1000'1aa8         4    0x24  zf_driver_pwm.o [48]
  .text              ro code  0x1000'1acc         4    0x6c  cy_sysint.o [34]
  .text              ro code  0x1000'1b38         4     0x2  IntDivZer.o [51]
  .text              ro code  0x1000'1b3a         2   0x17a  xprintftiny.o [49]
  .text              ro code  0x1000'1cb4         4    0x4e  ABImemcpy.o [51]
  .text              ro code  0x1000'1d04         4   0x852  cy_sysclk.o [32]
  .text              ro code  0x1000'2558         4    0xc0  strncpy.o [51]
  .text              ro code  0x1000'2618         4    0x48  cy_syslib.o [35]
  .text              ro code  0x1000'2660         4    0x32  I64Mul.o [51]
  .text              ro code  0x1000'2692         2     0x4  cy_syslib.o [35]
  .text              ro code  0x1000'2698         4   0x708  system_tviibh4m_cm0plus.o [21]
  .text              ro code  0x1000'2da0         4    0x5c  cy_syswdt.o [41]
  .text              ro code  0x1000'2dfc         4    0xa8  cy_systick.o [40]
  .text              ro code  0x1000'2ea4         4   0x244  cy_power.o [19]
  .text              ro code  0x1000'30e8         4     0x8  startup_cm0plus.o [30]
  .text              ro code  0x1000'30f0         4     0x6  startup_cm0plus.o [30]
  .text              ro code  0x1000'3100        16    0x1e  cy_syslib_iar.o [35]
  .text              ro code  0x1000'3120         4    0x48  cy_sysreghc.o [37]
  .text              ro code  0x1000'3168         4   0x1e0  cy_srom.o [29]
  .text              ro code  0x1000'3348         4    0x68  cy_ipc_drv.o [14]
  .text              ro code  0x1000'33b0         4   0x2bc  startup.o [30]
  .text              ro code  0x1000'366c         4   0x194  cy_interrupt_map.o [22]
  .text              ro code  0x1000'3800         4   0x190  cm0plus_isr.o [44]
  .text              ro code  0x1000'3990         4   0x114  zf_device_gnss.o [47]
  .text              ro code  0x1000'3aa4         2    0x2e  strncmp.o [49]
  .text              ro code  0x1000'3ad2         2    0x80  lz77_init_single.o [51]
  .text              ro code  0x1000'3b54         4    0x6c  startup_cm0plus.o [30]
  .rodata            const    0x1000'3bc0         4    0x5c  system_tviibh4m_cm0plus.o [21]
  .rodata            const    0x1000'3c1c         4    0x58  cy_sysclk.o [32]
  .rodata            const    0x1000'3c74         4    0x58  cy_sysclk.o [32]
  .rodata            const    0x1000'3ccc         4    0x58  cy_systick.o [40]
  .rodata            const    0x1000'3d24         4    0x44  zf_common_fifo.o [45]
  .rodata            const    0x1000'3d68         4    0x44  zf_driver_uart.o [48]
  .text              ro code  0x1000'3dac         2    0x3c  zero_init3.o [51]
  .text              ro code  0x1000'3de8         4    0x2a  data_init.o [51]
  .text              ro code  0x1000'3e14         4    0x28  main_cm0plus.o [44]
  .iar.init_table    const    0x1000'3e3c         4    0x20  - Linker created -
  .text              ro code  0x1000'3e5c         4    0x20  startup_cm0plus.o [30]
  .text              ro code  0x1000'3e7c         4    0x1e  cmain.o [51]
  .text              ro code  0x1000'3e9c         4     0x4  startup_cm0plus.o [30]
  .text              ro code  0x1000'3ea0         2     0x8  exit.o [49]
  .text              ro code  0x1000'3ea8         4     0xa  cexit.o [51]
  .text              ro code  0x1000'3eb4         4    0x14  exit.o [52]
  .rodata            const    0x1000'3ec8         4    0x1c  zf_common_debug.o [45]
  .text              ro code  0x1000'3ee4         4    0x1c  startup_cm0plus.o [30]
  .text              ro code  0x1000'3f00         4    0x1c  cstartup_M.o [51]
  .rodata            const    0x1000'3f1c         4    0x18  system_tviibh4m_cm0plus.o [21]
  .rodata            const    0x1000'3f34         4    0x18  zf_common_debug.o [45]
  .rodata            const    0x1000'3f4c         4    0x10  system_tviibh4m_cm0plus.o [21]
  .rodata            const    0x1000'3f5c         4    0x10  zf_common_debug.o [45]
  .rodata            const    0x1000'3f6c         4    0x10  zf_common_debug.o [45]
  .rodata            const    0x1000'3f7c         4     0xc  zf_common_debug.o [45]
  .rodata            const    0x1000'3f88         4     0xc  zf_common_debug.o [45]
  .text              ro code  0x1000'3f94         2     0xc  cy_syslib.o [35]
  .rodata            const    0x1000'3fa0         4     0x8  cy_sysclk.o [32]
  .rodata            const    0x1000'3fa8         4     0x8  startup.o [30]
  .rodata            const    0x1000'3fb0         4     0x4  cy_interrupt_map.o [22]
  .rodata            const    0x1000'3fb4         4     0x4  cy_interrupt_map.o [22]
  .rodata            const    0x1000'3fb8         4     0x4  cy_interrupt_map.o [22]
  .rodata            const    0x1000'3fbc         4     0x4  cy_interrupt_map.o [22]
  .rodata            const    0x1000'3fc0         4     0x4  cy_interrupt_map.o [22]
  .rodata            const    0x1000'3fc4         4     0x4  cy_interrupt_map.o [22]
  .rodata            const    0x1000'3fc8         4     0x4  cy_interrupt_map.o [22]
  .rodata            const    0x1000'3fcc         4     0x4  cy_interrupt_map.o [22]
  .rodata            const    0x1000'3fd0         4     0x4  cy_ipc_drv.o [14]
  .rodata            const    0x1000'3fd4         4     0x4  cy_scb_uart.o [23]
  .rodata            const    0x1000'3fd8         4     0x4  cy_scb_uart.o [23]
  .rodata            const    0x1000'3fdc         4     0x4  cy_scb_uart.o [23]
  .rodata            const    0x1000'3fe0         4     0x4  cy_scb_uart.o [23]
  .rodata            const    0x1000'3fe4         4     0x4  cy_scb_uart.o [23]
  .rodata            const    0x1000'3fe8         4     0x4  cy_scb_uart.o [23]
  .rodata            const    0x1000'3fec         4     0x4  cy_scb_uart.o [23]
  .rodata            const    0x1000'3ff0         4     0x4  cy_scb_uart.o [23]
  .rodata            const    0x1000'3ff4         4     0x4  cy_scb_uart.o [23]
  .rodata            const    0x1000'3ff8         4     0x4  cy_scb_uart.o [23]
  .rodata            const    0x1000'3ffc         4     0x4  cy_sysint.o [34]
  .text              ro code  0x1000'4000         4     0x2  startup_cm0plus.o [30]
  .text              ro code  0x1000'4004         4     0x2  startup_cm0plus.o [30]
  .text              ro code  0x1000'4008         4     0x2  startup_cm0plus.o [30]
  .text              ro code  0x1000'400c         4     0x2  startup_cm0plus.o [30]
  .text              ro code  0x1000'4010         4     0x2  startup_cm0plus.o [30]
  .text              ro code  0x1000'4014         4     0x2  startup_cm0plus.o [30]
  .text              ro code  0x1000'4018         4     0x2  startup_cm0plus.o [30]
  .text              ro code  0x1000'401c         4     0x2  startup_cm0plus.o [30]
  .text              ro code  0x1000'4020         4     0x2  startup_cm0plus.o [30]
  .text              ro code  0x1000'4024         4     0x2  startup_cm0plus.o [30]
  .text              ro code  0x1000'4028         4     0x2  startup_cm0plus.o [30]
  .text              ro code  0x1000'402c         4     0x2  zf_device_type.o [47]
  .rodata            const    0x1000'402e               0x0  zero_init3.o [51]
  .rodata            const    0x1000'402e               0x0  lz77_init_single.o [51]
  Initializer bytes  const    0x1000'402e              0x4b  <for P2-1>
                            - 0x1000'4079            0x3ff9

"P2", part 1 of 3:                                    0x721
  P2-1                        0x2800'0800             0x721  <Init block>
    .data            inited   0x2800'0800         4   0x6ec  cy_interrupt_map.o [22]
    .data            inited   0x2800'0eec         4     0x4  cy_interrupt_map.o [22]
    .data            inited   0x2800'0ef0         4     0x4  zf_device_type.o [47]
    .data            inited   0x2800'0ef4         4     0x4  zf_device_type.o [47]
    .data            inited   0x2800'0ef8         4    0x14  zf_driver_uart.o [48]
    .data            inited   0x2800'0f0c         4    0x14  zf_driver_uart.o [48]
    .data            inited   0x2800'0f20               0x1  zf_common_debug.o [45]
                            - 0x2800'0f21             0x721

"P2", part 2 of 3:                                    0x3d8
  .bss               zero     0x2800'0f24         4   0x118  zf_driver_uart.o [48]
  .bss               zero     0x2800'103c         4    0x80  zf_device_gnss.o [47]
  .bss               zero     0x2800'10bc         4    0x80  zf_device_gnss.o [47]
  .bss               zero     0x2800'113c         4    0x80  zf_device_gnss.o [47]
  .bss               zero     0x2800'11bc         4    0x40  zf_common_debug.o [45]
  .bss               zero     0x2800'11fc         4    0x24  cy_syslib.o [35]
  .bss               zero     0x2800'1220         4    0x18  cy_sysclk.o [32]
  .bss               zero     0x2800'1238         4    0x18  cy_syslib.o [35]
  .bss               zero     0x2800'1250         4    0x18  zf_common_debug.o [45]
  .bss               zero     0x2800'1268         4    0x18  zf_device_gnss.o [47]
  .bss               zero     0x2800'1280         4    0x14  zf_common_debug.o [45]
  .bss               zero     0x2800'12a0        32    0x10  cy_srom.o [29]
  .bss               zero     0x2800'12c0        32    0x10  cy_srom.o [29]
  .bss               zero     0x2800'12d0         4     0x4  cy_srom.o [29]
  .bss               zero     0x2800'12d4         4     0x4  cy_syslib.o [35]
  .bss               zero     0x2800'12d8         4     0x4  system_tviibh4m_cm0plus.o [21]
  .bss               zero     0x2800'12dc         4     0x4  system_tviibh4m_cm0plus.o [21]
  .bss               zero     0x2800'12e0         4     0x4  system_tviibh4m_cm0plus.o [21]
  .bss               zero     0x2800'12e4         4     0x4  system_tviibh4m_cm0plus.o [21]
  .bss               zero     0x2800'12e8         4     0x4  system_tviibh4m_cm0plus.o [21]
  .bss               zero     0x2800'12ec         4     0x4  zf_common_interrupt.o [45]
  .bss               zero     0x2800'12f0               0x1  cy_sysclk.o [32]
  .bss               zero     0x2800'12f1               0x1  cy_systick.o [40]
  .bss               zero     0x2800'12f2               0x1  zf_common_debug.o [45]
  .bss               zero     0x2800'12f3               0x1  zf_common_debug.o [45]
  .bss               zero     0x2800'12f4               0x1  zf_common_debug.o [45]
  .bss               zero     0x2800'12f5               0x1  zf_device_gnss.o [47]
  .bss               zero     0x2800'12f6               0x1  zf_device_gnss.o [47]
  .bss               zero     0x2800'12f7               0x1  zf_device_gnss.o [47]
  .bss               zero     0x2800'12f8               0x1  zf_device_gnss.o [47]
  .bss               zero     0x2800'12f9               0x1  zf_device_gnss.o [47]
                            - 0x2800'12fa             0x3d6

"P2", part 3 of 3:                                     0x80
  .intvec_ram        uninit   0x2800'1300       256    0x80  startup_cm0plus.o [30]
                            - 0x2800'1380              0x80

"A3":                                                 0x400
  HEAP_STACK                  0x2801'fc00             0x400  <Block>
    CSTACK                    0x2801'fc00         8   0x400  <Block>
      CSTACK         uninit   0x2801'fc00             0x400  <Block tail>
                            - 0x2802'0000             0x400

Unused ranges:

         From           To      Size
         ----           --      ----
  0x1000'4170  0x1007'ffff  0x7'be90
  0x2800'0f21  0x2800'0f23       0x3
  0x2800'12fc  0x2800'12ff       0x4
  0x2800'1380  0x2801'fbff  0x1'e880


*******************************************************************************
*** INIT TABLE
***

          Address      Size
          -------      ----
Zero (__iar_zero_init3)
    1 destination range, total size 0x3d6:
          0x2800'0f24  0x3d6

Copy/lz77 (__iar_lz77_init_single3)
    1 source range, total size 0x4b (4% of destination):
          0x1000'402e   0x4b
    1 destination range, total size 0x721:
          0x2800'0800  0x721



*******************************************************************************
*** MODULE SUMMARY
***

    Module                     ro code  ro data  rw data
    ------                     -------  -------  -------
command line/config:
    ----------------------------------------------------
    Total:

E:\project\smart car\ok\963ra-\project\iar\Debug_m0_plus\Obj\adc_11722776235721520015.dir: [1]
    ----------------------------------------------------
    Total:

E:\project\smart car\ok\963ra-\project\iar\Debug_m0_plus\Obj\audioss_1346650047966882938.dir: [2]
    ----------------------------------------------------
    Total:

E:\project\smart car\ok\963ra-\project\iar\Debug_m0_plus\Obj\button_4990804375159372270.dir: [3]
    ----------------------------------------------------
    Total:

E:\project\smart car\ok\963ra-\project\iar\Debug_m0_plus\Obj\canfd_1800690984773873875.dir: [4]
    ----------------------------------------------------
    Total:

E:\project\smart car\ok\963ra-\project\iar\Debug_m0_plus\Obj\cpu_15938736945165268644.dir: [5]
    ----------------------------------------------------
    Total:

E:\project\smart car\ok\963ra-\project\iar\Debug_m0_plus\Obj\crypto_1190170608956581615.dir: [6]
    ----------------------------------------------------
    Total:

E:\project\smart car\ok\963ra-\project\iar\Debug_m0_plus\Obj\dma_12106025507578611576.dir: [7]
    ----------------------------------------------------
    Total:

E:\project\smart car\ok\963ra-\project\iar\Debug_m0_plus\Obj\eth_phy_18133017486186456677.dir: [8]
    ----------------------------------------------------
    Total:

E:\project\smart car\ok\963ra-\project\iar\Debug_m0_plus\Obj\ethernet_6029839089178797009.dir: [9]
    ----------------------------------------------------
    Total:

E:\project\smart car\ok\963ra-\project\iar\Debug_m0_plus\Obj\evtgen_3404189088603873129.dir: [10]
    ----------------------------------------------------
    Total:

E:\project\smart car\ok\963ra-\project\iar\Debug_m0_plus\Obj\flash_8529866181315662935.dir: [11]
    ----------------------------------------------------
    Total:

E:\project\smart car\ok\963ra-\project\iar\Debug_m0_plus\Obj\flash_864493325053435817.dir: [12]
    ----------------------------------------------------
    Total:

E:\project\smart car\ok\963ra-\project\iar\Debug_m0_plus\Obj\gpio_3999404635324069351.dir: [13]
    cy_gpio.o                      400
    ----------------------------------------------------
    Total:                         400

E:\project\smart car\ok\963ra-\project\iar\Debug_m0_plus\Obj\ipc_10145506163450686023.dir: [14]
    cy_ipc_drv.o                   104        4
    ----------------------------------------------------
    Total:                         104        4

E:\project\smart car\ok\963ra-\project\iar\Debug_m0_plus\Obj\lin_18429031207028094880.dir: [15]
    ----------------------------------------------------
    Total:

E:\project\smart car\ok\963ra-\project\iar\Debug_m0_plus\Obj\lvd_6353935867039560245.dir: [16]
    ----------------------------------------------------
    Total:

E:\project\smart car\ok\963ra-\project\iar\Debug_m0_plus\Obj\mcwdt_4052485907822033969.dir: [17]
    ----------------------------------------------------
    Total:

E:\project\smart car\ok\963ra-\project\iar\Debug_m0_plus\Obj\mpu_5663187252346826382.dir: [18]
    ----------------------------------------------------
    Total:

E:\project\smart car\ok\963ra-\project\iar\Debug_m0_plus\Obj\power_14453085144426420577.dir: [19]
    cy_power.o                     580
    ----------------------------------------------------
    Total:                         580

E:\project\smart car\ok\963ra-\project\iar\Debug_m0_plus\Obj\prot_10722960861768657883.dir: [20]
    ----------------------------------------------------
    Total:

E:\project\smart car\ok\963ra-\project\iar\Debug_m0_plus\Obj\rev_b_4986922561640112550.dir: [21]
    system_tviibh4m_cm0plus.o    1'800      132       20
    ----------------------------------------------------
    Total:                       1'800      132       20

E:\project\smart car\ok\963ra-\project\iar\Debug_m0_plus\Obj\rev_b_6162237342861132223.dir: [22]
    cy_interrupt_map.o             404      104    1'776
    ----------------------------------------------------
    Total:                         404      104    1'776

E:\project\smart car\ok\963ra-\project\iar\Debug_m0_plus\Obj\scb_15490842639181808494.dir: [23]
    cy_scb_uart.o                1'008       40
    ----------------------------------------------------
    Total:                       1'008       40

E:\project\smart car\ok\963ra-\project\iar\Debug_m0_plus\Obj\sd_host_2982766354293506895.dir: [24]
    ----------------------------------------------------
    Total:

E:\project\smart car\ok\963ra-\project\iar\Debug_m0_plus\Obj\semihosting_143864889731838620.dir: [25]
    ----------------------------------------------------
    Total:

E:\project\smart car\ok\963ra-\project\iar\Debug_m0_plus\Obj\smartio_5451710003740070188.dir: [26]
    ----------------------------------------------------
    Total:

E:\project\smart car\ok\963ra-\project\iar\Debug_m0_plus\Obj\smif_427648126384146252.dir: [27]
    ----------------------------------------------------
    Total:

E:\project\smart car\ok\963ra-\project\iar\Debug_m0_plus\Obj\smif_mem_6470536964353725183.dir: [28]
    ----------------------------------------------------
    Total:

E:\project\smart car\ok\963ra-\project\iar\Debug_m0_plus\Obj\srom_13018798572330080582.dir: [29]
    cy_srom.o                      480                36
    ----------------------------------------------------
    Total:                         480                36

E:\project\smart car\ok\963ra-\project\iar\Debug_m0_plus\Obj\startup_479057977785470282.dir: [30]
    startup.o                      700        8
    startup_cm0plus.o              336               128
    ----------------------------------------------------
    Total:                       1'036        8      128

E:\project\smart car\ok\963ra-\project\iar\Debug_m0_plus\Obj\sw_timer_4215635015939382130.dir: [31]
    ----------------------------------------------------
    Total:

E:\project\smart car\ok\963ra-\project\iar\Debug_m0_plus\Obj\sysclk_16149231235676103872.dir: [32]
    cy_sysclk.o                  2'130      184       25
    ----------------------------------------------------
    Total:                       2'130      184       25

E:\project\smart car\ok\963ra-\project\iar\Debug_m0_plus\Obj\sysflt_12293435975120599261.dir: [33]
    ----------------------------------------------------
    Total:

E:\project\smart car\ok\963ra-\project\iar\Debug_m0_plus\Obj\sysint_7435970359207984181.dir: [34]
    cy_sysint.o                    108        4
    ----------------------------------------------------
    Total:                         108        4

E:\project\smart car\ok\963ra-\project\iar\Debug_m0_plus\Obj\syslib_16330585751512546975.dir: [35]
    cy_syslib.o                     88                64
    cy_syslib_iar.o                 30
    ----------------------------------------------------
    Total:                         118                64

E:\project\smart car\ok\963ra-\project\iar\Debug_m0_plus\Obj\syspm_10887939769544754770.dir: [36]
    ----------------------------------------------------
    Total:

E:\project\smart car\ok\963ra-\project\iar\Debug_m0_plus\Obj\sysreghc_17676636058511625587.dir: [37]
    cy_sysreghc.o                   72
    ----------------------------------------------------
    Total:                          72

E:\project\smart car\ok\963ra-\project\iar\Debug_m0_plus\Obj\sysreset_14586141425677365288.dir: [38]
    ----------------------------------------------------
    Total:

E:\project\smart car\ok\963ra-\project\iar\Debug_m0_plus\Obj\sysrtc_10747768817563771611.dir: [39]
    ----------------------------------------------------
    Total:

E:\project\smart car\ok\963ra-\project\iar\Debug_m0_plus\Obj\systick_16016591671695740695.dir: [40]
    cy_systick.o                   168       88        1
    ----------------------------------------------------
    Total:                         168       88        1

E:\project\smart car\ok\963ra-\project\iar\Debug_m0_plus\Obj\syswdt_9118657615806274156.dir: [41]
    cy_syswdt.o                     92
    ----------------------------------------------------
    Total:                          92

E:\project\smart car\ok\963ra-\project\iar\Debug_m0_plus\Obj\tcpwm_422923530147891246.dir: [42]
    ----------------------------------------------------
    Total:

E:\project\smart car\ok\963ra-\project\iar\Debug_m0_plus\Obj\trigmux_9729677290734583340.dir: [43]
    ----------------------------------------------------
    Total:

E:\project\smart car\ok\963ra-\project\iar\Debug_m0_plus\Obj\user_8514941877209965082.dir: [44]
    cm0plus_isr.o                  400
    main_cm0plus.o                  40
    ----------------------------------------------------
    Total:                         440

E:\project\smart car\ok\963ra-\project\iar\Debug_m0_plus\Obj\zf_common_1201165462030747823.dir: [45]
    zf_common_debug.o            1'044      109      112
    zf_common_fifo.o             1'172       68
    zf_common_interrupt.o          310                 4
    ----------------------------------------------------
    Total:                       2'526      177      116

E:\project\smart car\ok\963ra-\project\iar\Debug_m0_plus\Obj\zf_components_14936052685886095442.dir: [46]
    ----------------------------------------------------
    Total:

E:\project\smart car\ok\963ra-\project\iar\Debug_m0_plus\Obj\zf_device_6570275422786408770.dir: [47]
    zf_device_gnss.o               276               413
    zf_device_type.o                 2        1        8
    ----------------------------------------------------
    Total:                         278        1      421

E:\project\smart car\ok\963ra-\project\iar\Debug_m0_plus\Obj\zf_driver_11922370083829174090.dir: [48]
    zf_driver_pwm.o                 36
    zf_driver_uart.o             2'236       69      320
    ----------------------------------------------------
    Total:                       2'272       69      320

dl6M_tln.a: [49]
    exit.o                           8
    sprintf.o                       64
    strncmp.o                       46
    xprintftiny.o                  378
    xsprout.o                       10
    ----------------------------------------------------
    Total:                         506

m6M_tl.a: [50]
    ----------------------------------------------------
    Total:

rt6M_tl.a: [51]
    ABImemcpy.o                     78
    ABImemset.o                     82
    I32DivModFast.o                224
    I64DivMod.o                    124
    I64DivZer.o                      2
    I64Mul.o                        50
    IntDivZer.o                      2
    cexit.o                         10
    cmain.o                         30
    cstartup_M.o                    28
    data_init.o                     42
    lz77_init_single.o             128
    strlen.o                        14
    strncpy.o                      192
    zero_init3.o                    60
    ----------------------------------------------------
    Total:                       1'066

shb_l.a: [52]
    exit.o                          20
    ----------------------------------------------------
    Total:                          20

    Gaps                            54                28
    Linker created                           32    1'024
--------------------------------------------------------
    Grand Total:                15'662      843    3'959


*******************************************************************************
*** ENTRY LIST
***

Entry                       Address   Size  Type      Object
-----                       -------   ----  ----      ------
.iar.init_table$$Base   0x1000'3e3c          --   Gb  - Linker created -
.iar.init_table$$Limit  0x1000'3e5c          --   Gb  - Linker created -
?main                   0x1000'3e7d         Code  ??  cmain.o [51]
CSTACK$$Base            0x2801'fc00          --   Gb  - Linker created -
CSTACK$$Limit           0x2802'0000          --   ??  - Linker created -
CopyVectorTable         0x1000'35b1   0x36  Code  Lc  startup.o [30]
CpuUserInt0_Handler     0x1000'3689   0x26  Code  ??  cy_interrupt_map.o [22]
CpuUserInt10_Handler    0x1000'4015         Code  Wk  startup_cm0plus.o [30]
CpuUserInt11_Handler    0x1000'4019         Code  Wk  startup_cm0plus.o [30]
CpuUserInt12_Handler    0x1000'401d         Code  Wk  startup_cm0plus.o [30]
CpuUserInt13_Handler    0x1000'4021         Code  Wk  startup_cm0plus.o [30]
CpuUserInt14_Handler    0x1000'4025         Code  Wk  startup_cm0plus.o [30]
CpuUserInt15_Handler    0x1000'4029         Code  Wk  startup_cm0plus.o [30]
CpuUserInt1_Handler     0x1000'36af   0x26  Code  ??  cy_interrupt_map.o [22]
CpuUserInt2_Handler     0x1000'36d5   0x26  Code  ??  cy_interrupt_map.o [22]
CpuUserInt3_Handler     0x1000'36fb   0x26  Code  ??  cy_interrupt_map.o [22]
CpuUserInt4_Handler     0x1000'3721   0x26  Code  ??  cy_interrupt_map.o [22]
CpuUserInt5_Handler     0x1000'3747   0x26  Code  ??  cy_interrupt_map.o [22]
CpuUserInt6_Handler     0x1000'376d   0x26  Code  ??  cy_interrupt_map.o [22]
CpuUserInt7_Handler     0x1000'3793   0x26  Code  ??  cy_interrupt_map.o [22]
CpuUserInt8_Handler     0x1000'400d         Code  Wk  startup_cm0plus.o [30]
CpuUserInt9_Handler     0x1000'4011         Code  Wk  startup_cm0plus.o [30]
Cy_DefaultUserHandler   0x1000'3685    0x4  Code  ??  cy_interrupt_map.o [22]
Cy_GPIO_ClearInterrupt  0x1000'0ef7    0xc  Code  Lc  cy_gpio.o [13]
Cy_GPIO_Pin_Init        0x1000'0f39   0x72  Code  ??  cy_gpio.o [13]
Cy_GPIO_SetDriveSel     0x1000'0ed9   0x1e  Code  Lc  cy_gpio.o [13]
Cy_GPIO_SetDrivemode    0x1000'0e89   0x1c  Code  Lc  cy_gpio.o [13]
Cy_GPIO_SetHSIOM        0x1000'0e29   0x4a  Code  Lc  cy_gpio.o [13]
Cy_GPIO_SetInterruptEdge
                        0x1000'0f1d   0x1c  Code  Lc  cy_gpio.o [13]
Cy_GPIO_SetInterruptMask
                        0x1000'0f03   0x1a  Code  Lc  cy_gpio.o [13]
Cy_GPIO_SetSlewRate     0x1000'0ebf   0x1a  Code  Lc  cy_gpio.o [13]
Cy_GPIO_SetVtrip        0x1000'0ea5   0x1a  Code  Lc  cy_gpio.o [13]
Cy_GPIO_Write           0x1000'0e73   0x16  Code  Lc  cy_gpio.o [13]
Cy_IPC_Drv_AcquireNotify
                        0x1000'3349   0x10  Code  Lc  cy_ipc_drv.o [14]
Cy_IPC_Drv_IsLockAcquired
                        0x1000'3169    0x8  Code  Lc  cy_srom.o [29]
Cy_IPC_Drv_LockAcquire  0x1000'3361   0x12  Code  ??  cy_ipc_drv.o [14]
Cy_IPC_Drv_SendMsgWord_2
                        0x1000'3373   0x34  Code  ??  cy_ipc_drv.o [14]
Cy_IPC_Drv_WriteData1Value
                        0x1000'335d    0x4  Code  Lc  cy_ipc_drv.o [14]
Cy_IPC_Drv_WriteDataValue
                        0x1000'3359    0x4  Code  Lc  cy_ipc_drv.o [14]
Cy_Power_SwitchToPmic   0x1000'30bb   0x14  Code  ??  cy_power.o [19]
Cy_RestoreIRQ           0x1000'30f1         Code  ??  startup_cm0plus.o [30]
Cy_SCB_ClearRxInterrupt
                        0x1000'3807    0xe  Code  Lc  cm0plus_isr.o [44]
Cy_SCB_ClearTxInterrupt
                        0x1000'381b    0xe  Code  Lc  cm0plus_isr.o [44]
Cy_SCB_GetNumInRxFifo   0x1000'029f    0xc  Code  Lc  zf_driver_uart.o [48]
Cy_SCB_GetNumInTxFifo   0x1000'02b3    0xc  Code  Lc  zf_driver_uart.o [48]
Cy_SCB_GetRxInterruptMask
                        0x1000'3801    0x6  Code  Lc  cm0plus_isr.o [44]
Cy_SCB_GetRxInterruptMask
                        0x1000'02f5    0x6  Code  Lc  zf_driver_uart.o [48]
Cy_SCB_GetTxInterruptMask
                        0x1000'3815    0x6  Code  Lc  cm0plus_isr.o [44]
Cy_SCB_GetTxInterruptMask
                        0x1000'0301    0x6  Code  Lc  zf_driver_uart.o [48]
Cy_SCB_GetTxSrValid     0x1000'02bf    0xe  Code  Lc  zf_driver_uart.o [48]
Cy_SCB_IsTxComplete     0x1000'02cd   0x22  Code  Lc  zf_driver_uart.o [48]
Cy_SCB_ReadRxFifo       0x1000'0297    0x8  Code  Lc  zf_driver_uart.o [48]
Cy_SCB_SetRxInterruptMask
                        0x1000'02ef    0x6  Code  Lc  zf_driver_uart.o [48]
Cy_SCB_SetTxInterruptMask
                        0x1000'02fb    0x6  Code  Lc  zf_driver_uart.o [48]
Cy_SCB_UART_DeInit      0x1000'131d   0x4e  Code  ??  cy_scb_uart.o [23]
Cy_SCB_UART_Enable      0x1000'0319    0xc  Code  Lc  zf_driver_uart.o [48]
Cy_SCB_UART_Init        0x1000'0fb9  0x32a  Code  ??  cy_scb_uart.o [23]
Cy_SCB_WriteTxFifo      0x1000'02ab    0x8  Code  Lc  zf_driver_uart.o [48]
Cy_SaveIRQ              0x1000'30e9         Code  ??  startup_cm0plus.o [30]
Cy_Srom_CallApi         0x1000'3171   0xb0  Code  ??  cy_srom.o [29]
Cy_Srom_CallApi_2       0x1000'3221   0xd6  Code  ??  cy_srom.o [29]
Cy_Srom_GetResponseType
                        0x1000'32f9   0x34  Code  ??  cy_srom.o [29]
Cy_SysClk_CheckDividerExisting
                        0x1000'0081   0x2e  Code  Lc  zf_driver_uart.o [48]
Cy_SysClk_ClkPathGetSource
                        0x1000'1e95   0x50  Code  ??  cy_sysclk.o [32]
Cy_SysClk_EcoGetStatus  0x1000'1d05   0x1a  Code  Lc  cy_sysclk.o [32]
Cy_SysClk_FllGetConfiguration
                        0x1000'1ef9   0x72  Code  ??  cy_sysclk.o [32]
Cy_SysClk_FllGetLockStatus
                        0x1000'1d1f    0xc  Code  Lc  cy_sysclk.o [32]
Cy_SysClk_GetClkMemFrequency
                        0x1000'24f5   0x30  Code  ??  cy_sysclk.o [32]
Cy_SysClk_GetClkSlowFrequency
                        0x1000'2525   0x2a  Code  ??  cy_sysclk.o [32]
Cy_SysClk_GetClockGroup
                        0x1000'01a1    0x8  Code  Lc  zf_driver_uart.o [48]
Cy_SysClk_GetCoreFrequency
                        0x1000'254f    0x8  Code  ??  cy_sysclk.o [32]
Cy_SysClk_GetEcoFrequency
                        0x1000'20a1   0x2e  Code  ??  cy_sysclk.o [32]
Cy_SysClk_GetExtFrequency
                        0x1000'20cf   0x1c  Code  ??  cy_sysclk.o [32]
Cy_SysClk_GetFllInputFrequency
                        0x1000'21dd    0xc  Code  ??  cy_sysclk.o [32]
Cy_SysClk_GetFllOutputFrequency
                        0x1000'2205   0x72  Code  ??  cy_sysclk.o [32]
Cy_SysClk_GetHfClkFrequency
                        0x1000'245f   0x7a  Code  ??  cy_sysclk.o [32]
Cy_SysClk_GetIlo0Frequency
                        0x1000'20ed   0x2e  Code  ??  cy_sysclk.o [32]
Cy_SysClk_GetIlo1Frequency
                        0x1000'211d   0x2e  Code  ??  cy_sysclk.o [32]
Cy_SysClk_GetImoFrequency
                        0x1000'2071   0x2e  Code  ??  cy_sysclk.o [32]
Cy_SysClk_GetPathFrequency
                        0x1000'242d   0x32  Code  ??  cy_sysclk.o [32]
Cy_SysClk_GetPathSourceFrequency
                        0x1000'217d   0x60  Code  ??  cy_sysclk.o [32]
Cy_SysClk_GetPll400MNo  0x1000'1d6b   0x16  Code  Lc  cy_sysclk.o [32]
Cy_SysClk_GetPllInputFrequency
                        0x1000'21e9   0x1c  Code  ??  cy_sysclk.o [32]
Cy_SysClk_GetPllNo      0x1000'1d2b   0x14  Code  Lc  cy_sysclk.o [32]
Cy_SysClk_GetPllOutputFrequency
                        0x1000'228d  0x19a  Code  ??  cy_sysclk.o [32]
Cy_SysClk_GetWcoFrequency
                        0x1000'214d   0x2e  Code  ??  cy_sysclk.o [32]
Cy_SysClk_HfClockGetDivider
                        0x1000'1e19   0x3c  Code  Lc  cy_sysclk.o [32]
Cy_SysClk_HfClockGetSource
                        0x1000'1dc9   0x50  Code  Lc  cy_sysclk.o [32]
Cy_SysClk_InitGetFreqParams
                        0x1000'2059   0x16  Code  ??  cy_sysclk.o [32]
Cy_SysClk_MemClkGetDivider
                        0x1000'1e59    0xa  Code  Lc  cy_sysclk.o [32]
Cy_SysClk_PeriphAssignDivider
                        0x1000'01a9   0x86  Code  Lc  zf_driver_uart.o [48]
Cy_SysClk_PeriphEnableDivider
                        0x1000'022f   0x68  Code  Lc  zf_driver_uart.o [48]
Cy_SysClk_PeriphSetFracDivider
                        0x1000'00af   0xf2  Code  Lc  zf_driver_uart.o [48]
Cy_SysClk_Pll400MGetConfiguration
                        0x1000'1fcd   0x86  Code  ??  cy_sysclk.o [32]
Cy_SysClk_Pll400MGetLockStatus
                        0x1000'1d81   0x2c  Code  Lc  cy_sysclk.o [32]
Cy_SysClk_PllGetConfiguration
                        0x1000'1f79   0x4a  Code  ??  cy_sysclk.o [32]
Cy_SysClk_PllGetLockStatus
                        0x1000'1d3f   0x2a  Code  Lc  cy_sysclk.o [32]
Cy_SysClk_SlowClkGetDivider
                        0x1000'1e81    0xa  Code  Lc  cy_sysclk.o [32]
Cy_SysClk_WcoOkay       0x1000'1db5    0xe  Code  Lc  cy_sysclk.o [32]
Cy_SysEnableApplCore    0x1000'2c35   0xa4  Code  ??  system_tviibh4m_cm0plus.o [21]
Cy_SysGetApplCoreStatus
                        0x1000'2bd1   0x50  Code  ??  system_tviibh4m_cm0plus.o [21]
Cy_SysInt_InitIRQ       0x1000'1acd   0x44  Code  ??  cy_sysint.o [34]
Cy_SysInt_SetSystemIrqVector
                        0x1000'1b11   0x16  Code  ??  cy_sysint.o [34]
Cy_SysInt_SystemIrqUserTableRamPointer
                        0x2800'0eec    0x4  Data  ??  cy_interrupt_map.o [22]
Cy_SysLib_CleanCoreDCacheByAddr
                        0x1000'265f    0x2  Code  ??  cy_syslib.o [35]
Cy_SysLib_DelayCycles   0x1000'3101         Code  ??  cy_syslib_iar.o [35]
Cy_SysLib_EnterCriticalSection
                        0x1000'3111         Code  ??  cy_syslib_iar.o [35]
Cy_SysLib_ExitCriticalSection
                        0x1000'3119         Code  ??  cy_syslib_iar.o [35]
Cy_SysLib_FaultHandler  0x1000'261f   0x34  Code  ??  cy_syslib.o [35]
Cy_SysLib_Halt          0x1000'2619    0x6  Code  ??  cy_syslib.o [35]
Cy_SysLib_InvalidateCoreDCacheByAddr
                        0x1000'265d    0x2  Code  ??  cy_syslib.o [35]
Cy_SysLib_ProcessingFault
                        0x1000'2693    0x4  Code  Wk  cy_syslib.o [35]
Cy_SysLib_SvcHandler    0x1000'3f95    0xc  Code  Wk  cy_syslib.o [35]
Cy_SysReghc_IsConfigured
                        0x1000'3137    0xa  Code  ??  cy_sysreghc.o [37]
Cy_SysReghc_IsEnabled   0x1000'3141    0xc  Code  ??  cy_sysreghc.o [37]
Cy_SysReghc_IsSequencerBusy
                        0x1000'314d    0xa  Code  ??  cy_sysreghc.o [37]
Cy_SysReghc_SetPmicStatusWaitTime
                        0x1000'3121   0x16  Code  ??  cy_sysreghc.o [37]
Cy_SysResetApplCore     0x1000'2cf9   0x60  Code  ??  system_tviibh4m_cm0plus.o [21]
Cy_SysTick_DelayCoreCycle
                        0x1000'2dfd   0x80  Code  ??  cy_systick.o [40]
Cy_SysTick_DelayCoreCycle::isThisBeingCalled
                        0x2800'12f1    0x1  Data  Lc  cy_systick.o [40]
Cy_SystemIrqUserTable   0x2800'0800  0x6ec  Data  ??  cy_interrupt_map.o [22]
Cy_WDT_Disable          0x1000'2ddd   0x16  Code  ??  cy_syswdt.o [41]
Cy_WDT_Lock             0x1000'2da1   0x16  Code  ??  cy_syswdt.o [41]
Cy_WDT_Unlock           0x1000'2db7   0x26  Code  ??  cy_syswdt.o [41]
Cy_u32StartupStackEndAddress
                        0x1000'3bbc         Data  ??  startup_cm0plus.o [30]
Cy_u32StartupStackStartAddress
                        0x1000'3bb8         Data  ??  startup_cm0plus.o [30]
HEAP_STACK$$Base        0x2801'fc00          --   Gb  - Linker created -
HEAP_STACK$$Limit       0x2802'0000          --   Gb  - Linker created -
HardFault_Handler       0x1000'3e5d         Code  Wk  startup_cm0plus.o [30]
InitRamEcc              0x1000'347f  0x11e  Code  Lc  startup.o [30]
InitRamEccClearArea     0x1000'359d   0x14  Code  Lc  startup.o [30]
NMI_Handler             0x1000'4001         Code  Wk  startup_cm0plus.o [30]
PendSV_Handler          0x1000'4005         Code  Wk  startup_cm0plus.o [30]
PrepareSystemCallInfrastructure
                        0x1000'35e7   0x4c  Code  Lc  startup.o [30]
Region$$Table$$Base     0x1000'3e3c          --   ??  - Linker created -
Region$$Table$$Limit    0x1000'3e5c          --   ??  - Linker created -
Reset_Handler           0x1000'3b55         Code  Wk  startup_cm0plus.o [30]
SVC_Handler             0x1000'3ee5         Code  Wk  startup_cm0plus.o [30]
Startup_Init            0x1000'3455   0x2a  Code  ??  startup.o [30]
SwitchToExternal        0x1000'2ea5  0x216  Code  Lc  cy_power.o [19]
SysTick_Handler         0x1000'4009         Code  Wk  startup_cm0plus.o [30]
SystemCoreClock         0x2800'12d8    0x4  Data  ??  system_tviibh4m_cm0plus.o [21]
SystemCoreClockUpdate   0x1000'2b29   0x9c  Code  ??  system_tviibh4m_cm0plus.o [21]
SystemInit              0x1000'2699  0x438  Code  ??  system_tviibh4m_cm0plus.o [21]
_PrintfTiny             0x1000'1b55  0x160  Code  ??  xprintftiny.o [49]
_SProut                 0x1000'0e1f    0xa  Code  ??  xsprout.o [49]
__NVIC_ClearPendingIRQ  0x1000'366d   0x18  Code  Lc  cy_interrupt_map.o [22]
__NVIC_ClearPendingIRQ  0x1000'13c1   0x18  Code  Lc  zf_common_interrupt.o [45]
__NVIC_EnableIRQ        0x1000'33b1   0x18  Code  Lc  startup.o [30]
__NVIC_EnableIRQ        0x1000'13a9   0x18  Code  Lc  zf_common_interrupt.o [45]
__NVIC_SetPriority      0x1000'33c9   0x8c  Code  Lc  startup.o [30]
__NVIC_SetPriority      0x1000'13d9   0x8c  Code  Lc  zf_common_interrupt.o [45]
__Vectors               0x1000'0000          --   ??  startup_cm0plus.o [30]
__Vectors_End           0x1000'0080         Data  ??  startup_cm0plus.o [30]
__Vectors_Size {Abs}           0x80          --   ??  startup_cm0plus.o [30]
__aeabi_idiv            0x1000'151b         Code  ??  I32DivModFast.o [51]
__aeabi_idiv0           0x1000'1b39         Code  ??  IntDivZer.o [51]
__aeabi_idivmod         0x1000'151b         Code  ??  I32DivModFast.o [51]
__aeabi_ldiv0           0x1000'1aa5         Code  ??  I64DivZer.o [51]
__aeabi_lmul            0x1000'2661         Code  ??  I64Mul.o [51]
__aeabi_memclr4         0x1000'0d71         Code  ??  ABImemset.o [51]
__aeabi_memclr8         0x1000'0d71         Code  ??  ABImemset.o [51]
__aeabi_memcpy          0x1000'1ce9         Code  ??  ABImemcpy.o [51]
__aeabi_memcpy4         0x1000'1cb5         Code  ??  ABImemcpy.o [51]
__aeabi_memcpy8         0x1000'1cb5         Code  ??  ABImemcpy.o [51]
__aeabi_memset          0x1000'0d51         Code  ??  ABImemset.o [51]
__aeabi_uidiv           0x1000'1521         Code  ??  I32DivModFast.o [51]
__aeabi_uidivmod        0x1000'1521         Code  ??  I32DivModFast.o [51]
__aeabi_uldivmod        0x1000'0da3         Code  ??  I64DivMod.o [51]
__cm7_0_vector_base_linker_symbol {Abs}
                        0x1008'0000         Data  ??  <internal module>
__cm7_1_vector_base_linker_symbol {Abs}
                        0x1028'0000         Data  ??  <internal module>
__cmain                 0x1000'3e7d         Code  ??  cmain.o [51]
__ecc_init_sram_end_address {Abs}
                        0x2801'ffff         Data  ??  <internal module>
__ecc_init_sram_start_address {Abs}
                        0x2800'0800         Data  ??  <internal module>
__exit                  0x1000'3eb5   0x14  Code  ??  exit.o [52]
__iar_Memcpy            0x1000'1cf5         Code  ??  ABImemcpy.o [51]
__iar_Memset4_word      0x1000'0d75         Code  ??  ABImemset.o [51]
__iar_Memset_word       0x1000'0d5d         Code  ??  ABImemset.o [51]
__iar_data_init3        0x1000'3de9   0x18  Code  ??  data_init.o [51]
__iar_lz77_init_single3
                        0x1000'3ad3   0x80  Code  ??  lz77_init_single.o [51]
__iar_program_start     0x1000'3f01         Code  ??  cstartup_M.o [51]
__iar_zero_init3        0x1000'3dad   0x3c  Code  ??  zero_init3.o [51]
__low_level_init        0x1000'3e9d         Code  ??  startup_cm0plus.o [30]
__ramVectors            0x2800'1300         Data  ??  startup_cm0plus.o [30]
__vector_table          0x1000'0000         Data  ??  startup_cm0plus.o [30]
__vector_table_0x1c     0x1000'001c         Data  ??  startup_cm0plus.o [30]
_call_main              0x1000'3e89         Code  ??  cmain.o [51]
_exit                   0x1000'3ea9         Code  ??  cexit.o [51]
assert_interrupt_config
                        0x1000'1491    0xc  Code  ??  zf_common_interrupt.o [45]
cy_assertFileName       0x2800'1238   0x18  Data  ??  cy_syslib.o [35]
cy_assertLine           0x2800'12d4    0x4  Data  ??  cy_syslib.o [35]
cy_delay32kMs           0x2800'12e8    0x4  Data  ??  system_tviibh4m_cm0plus.o [21]
cy_delayFreqHz          0x2800'12dc    0x4  Data  ??  system_tviibh4m_cm0plus.o [21]
cy_delayFreqKhz         0x2800'12e0    0x4  Data  ??  system_tviibh4m_cm0plus.o [21]
cy_delayFreqMhz         0x2800'12e4    0x4  Data  ??  system_tviibh4m_cm0plus.o [21]
cy_faultFrame           0x2800'11fc   0x24  Data  ??  cy_syslib.o [35]
debug_assert_handler    0x1000'0c4d   0x3c  Code  ??  zf_common_debug.o [45]
debug_assert_handler::assert_nest_index
                        0x2800'12f4    0x1  Data  Lc  zf_common_debug.o [45]
debug_delay             0x1000'093d   0x32  Code  Lc  zf_common_debug.o [45]
debug_info_init         0x1000'0cd9   0x18  Code  ??  zf_common_debug.o [45]
debug_init              0x1000'0cf1   0x2a  Code  ??  zf_common_debug.o [45]
debug_interrupr_handler
                        0x1000'0c25   0x20  Code  ??  zf_common_debug.o [45]
debug_output            0x1000'097b  0x2aa  Code  Lc  zf_common_debug.o [45]
debug_output_info       0x2800'1280   0x14  Data  Lc  zf_common_debug.o [45]
debug_output_init       0x1000'0ca9   0x2a  Code  ??  zf_common_debug.o [45]
debug_output_struct_init
                        0x1000'0c89   0x1a  Code  ??  zf_common_debug.o [45]
debug_uart_buffer       0x2800'11bc   0x40  Data  ??  zf_common_debug.o [45]
debug_uart_data         0x2800'12f3    0x1  Data  ??  zf_common_debug.o [45]
debug_uart_fifo         0x2800'1250   0x18  Data  ??  zf_common_debug.o [45]
debug_uart_str_output   0x1000'096f    0xc  Code  Lc  zf_common_debug.o [45]
divNumLocator           0x1000'3fa0    0x8  Data  ??  cy_sysclk.o [32]
exit                    0x1000'3ea1    0x8  Code  ??  exit.o [49]
fifo_clear              0x1000'1649   0x72  Code  ??  zf_common_fifo.o [45]
fifo_end_offset         0x1000'162d   0x1c  Code  Lc  zf_common_fifo.o [45]
fifo_head_offset        0x1000'1611   0x1c  Code  Lc  zf_common_fifo.o [45]
fifo_init               0x1000'1a65   0x38  Code  ??  zf_common_fifo.o [45]
fifo_read_buffer        0x1000'18a1  0x1be  Code  ??  zf_common_fifo.o [45]
fifo_used               0x1000'16bb   0x20  Code  ??  zf_common_fifo.o [45]
fifo_write_buffer       0x1000'16db  0x1c0  Code  ??  zf_common_fifo.o [45]
g_dummy                 0x2800'12d0    0x4  Data  Lc  cy_srom.o [29]
g_scratch               0x2800'12a0   0x10  Data  Lc  cy_srom.o [29]
g_scratch2              0x2800'12c0   0x10  Data  Lc  cy_srom.o [29]
get_scb_module          0x1000'0459   0x38  Code  ??  zf_driver_uart.o [48]
get_uart_config         0x1000'0325  0x134  Code  Lc  zf_driver_uart.o [48]
gnss_flag               0x2800'12f5    0x1  Data  ??  zf_device_gnss.o [47]
gnss_gga_state          0x2800'12f7    0x1  Data  Lc  zf_device_gnss.o [47]
gnss_receiver_fifo      0x2800'1268   0x18  Data  Lc  zf_device_gnss.o [47]
gnss_rmc_state          0x2800'12f8    0x1  Data  Lc  zf_device_gnss.o [47]
gnss_state              0x2800'12f6    0x1  Data  Lc  zf_device_gnss.o [47]
gnss_ths_state          0x2800'12f9    0x1  Data  Lc  zf_device_gnss.o [47]
gnss_uart_callback      0x1000'3991   0xe2  Code  ??  zf_device_gnss.o [47]
gps_gga_buffer          0x2800'103c   0x80  Data  Lc  zf_device_gnss.o [47]
gps_rmc_buffer          0x2800'10bc   0x80  Data  Lc  zf_device_gnss.o [47]
gps_ths_buffer          0x2800'113c   0x80  Data  Lc  zf_device_gnss.o [47]
intFreqInitialized      0x2800'12f0    0x1  Data  ??  cy_sysclk.o [32]
internalBaseFreqInfo    0x2800'1220   0x18  Data  ??  cy_sysclk.o [32]
interrupt_global_disable
                        0x1000'1465   0x16  Code  ??  zf_common_interrupt.o [45]
interrupt_global_flag   0x2800'12ec    0x4  Data  Lc  zf_common_interrupt.o [45]
interrupt_init          0x1000'14a9   0x36  Code  ??  zf_common_interrupt.o [45]
interrupt_set_priority  0x1000'149d    0xc  Code  ??  zf_common_interrupt.o [45]
main                    0x1000'3e15   0x28  Code  ??  main_cm0plus.o [44]
out                     0x1000'1b3b   0x1a  Code  Lc  xprintftiny.o [49]
pwm_all_channel_close   0x1000'1aa9   0x20  Code  ??  zf_driver_pwm.o [48]
scb_module              0x2800'0f0c   0x14  Data  ??  zf_driver_uart.o [48]
sprintf                 0x1000'15d1   0x40  Code  ??  sprintf.o [49]
strlen                  0x1000'14e1         Code  ??  strlen.o [51]
strncmp                 0x1000'3aa5   0x2e  Code  ??  strncmp.o [49]
strncpy                 0x1000'2559         Code  ??  strncpy.o [51]
type_default_callback   0x1000'402d    0x2  Code  Lc  zf_device_type.o [47]
uart0_isr               0x1000'3829   0x44  Code  ??  cm0plus_isr.o [44]
uart1_isr               0x1000'386d   0x46  Code  ??  cm0plus_isr.o [44]
uart2_isr               0x1000'38b3   0x44  Code  ??  cm0plus_isr.o [44]
uart3_isr               0x1000'38f7   0x40  Code  ??  cm0plus_isr.o [44]
uart4_isr               0x1000'3937   0x46  Code  ??  cm0plus_isr.o [44]
uart_context            0x2800'0f24  0x118  Data  ??  zf_driver_uart.o [48]
uart_init               0x1000'07a5  0x180  Code  ??  zf_driver_uart.o [48]
uart_isr_func           0x2800'0ef8   0x14  Data  ??  zf_driver_uart.o [48]
uart_query_byte         0x1000'04dd   0x36  Code  ??  zf_driver_uart.o [48]
uart_receiver_handler   0x2800'0ef4    0x4  Data  ??  zf_device_type.o [47]
uart_rx_interrupt       0x1000'067d  0x114  Code  ??  zf_driver_uart.o [48]
uart_tx_interrupt       0x1000'052d  0x138  Code  ??  zf_driver_uart.o [48]
uart_write_byte         0x1000'0491   0x2a  Code  ??  zf_driver_uart.o [48]
uart_write_string       0x1000'04c1   0x1c  Code  ??  zf_driver_uart.o [48]
wireless_module_uart_handler
                        0x2800'0ef0    0x4  Data  ??  zf_device_type.o [47]
zf_debug_assert_enable  0x2800'0f20    0x1  Data  Lc  zf_common_debug.o [45]
zf_debug_init_flag      0x2800'12f2    0x1  Data  Lc  zf_common_debug.o [45]


[1] = E:\project\smart car\ok\963ra-\project\iar\Debug_m0_plus\Obj\adc_11722776235721520015.dir
[2] = E:\project\smart car\ok\963ra-\project\iar\Debug_m0_plus\Obj\audioss_1346650047966882938.dir
[3] = E:\project\smart car\ok\963ra-\project\iar\Debug_m0_plus\Obj\button_4990804375159372270.dir
[4] = E:\project\smart car\ok\963ra-\project\iar\Debug_m0_plus\Obj\canfd_1800690984773873875.dir
[5] = E:\project\smart car\ok\963ra-\project\iar\Debug_m0_plus\Obj\cpu_15938736945165268644.dir
[6] = E:\project\smart car\ok\963ra-\project\iar\Debug_m0_plus\Obj\crypto_1190170608956581615.dir
[7] = E:\project\smart car\ok\963ra-\project\iar\Debug_m0_plus\Obj\dma_12106025507578611576.dir
[8] = E:\project\smart car\ok\963ra-\project\iar\Debug_m0_plus\Obj\eth_phy_18133017486186456677.dir
[9] = E:\project\smart car\ok\963ra-\project\iar\Debug_m0_plus\Obj\ethernet_6029839089178797009.dir
[10] = E:\project\smart car\ok\963ra-\project\iar\Debug_m0_plus\Obj\evtgen_3404189088603873129.dir
[11] = E:\project\smart car\ok\963ra-\project\iar\Debug_m0_plus\Obj\flash_8529866181315662935.dir
[12] = E:\project\smart car\ok\963ra-\project\iar\Debug_m0_plus\Obj\flash_864493325053435817.dir
[13] = E:\project\smart car\ok\963ra-\project\iar\Debug_m0_plus\Obj\gpio_3999404635324069351.dir
[14] = E:\project\smart car\ok\963ra-\project\iar\Debug_m0_plus\Obj\ipc_10145506163450686023.dir
[15] = E:\project\smart car\ok\963ra-\project\iar\Debug_m0_plus\Obj\lin_18429031207028094880.dir
[16] = E:\project\smart car\ok\963ra-\project\iar\Debug_m0_plus\Obj\lvd_6353935867039560245.dir
[17] = E:\project\smart car\ok\963ra-\project\iar\Debug_m0_plus\Obj\mcwdt_4052485907822033969.dir
[18] = E:\project\smart car\ok\963ra-\project\iar\Debug_m0_plus\Obj\mpu_5663187252346826382.dir
[19] = E:\project\smart car\ok\963ra-\project\iar\Debug_m0_plus\Obj\power_14453085144426420577.dir
[20] = E:\project\smart car\ok\963ra-\project\iar\Debug_m0_plus\Obj\prot_10722960861768657883.dir
[21] = E:\project\smart car\ok\963ra-\project\iar\Debug_m0_plus\Obj\rev_b_4986922561640112550.dir
[22] = E:\project\smart car\ok\963ra-\project\iar\Debug_m0_plus\Obj\rev_b_6162237342861132223.dir
[23] = E:\project\smart car\ok\963ra-\project\iar\Debug_m0_plus\Obj\scb_15490842639181808494.dir
[24] = E:\project\smart car\ok\963ra-\project\iar\Debug_m0_plus\Obj\sd_host_2982766354293506895.dir
[25] = E:\project\smart car\ok\963ra-\project\iar\Debug_m0_plus\Obj\semihosting_143864889731838620.dir
[26] = E:\project\smart car\ok\963ra-\project\iar\Debug_m0_plus\Obj\smartio_5451710003740070188.dir
[27] = E:\project\smart car\ok\963ra-\project\iar\Debug_m0_plus\Obj\smif_427648126384146252.dir
[28] = E:\project\smart car\ok\963ra-\project\iar\Debug_m0_plus\Obj\smif_mem_6470536964353725183.dir
[29] = E:\project\smart car\ok\963ra-\project\iar\Debug_m0_plus\Obj\srom_13018798572330080582.dir
[30] = E:\project\smart car\ok\963ra-\project\iar\Debug_m0_plus\Obj\startup_479057977785470282.dir
[31] = E:\project\smart car\ok\963ra-\project\iar\Debug_m0_plus\Obj\sw_timer_4215635015939382130.dir
[32] = E:\project\smart car\ok\963ra-\project\iar\Debug_m0_plus\Obj\sysclk_16149231235676103872.dir
[33] = E:\project\smart car\ok\963ra-\project\iar\Debug_m0_plus\Obj\sysflt_12293435975120599261.dir
[34] = E:\project\smart car\ok\963ra-\project\iar\Debug_m0_plus\Obj\sysint_7435970359207984181.dir
[35] = E:\project\smart car\ok\963ra-\project\iar\Debug_m0_plus\Obj\syslib_16330585751512546975.dir
[36] = E:\project\smart car\ok\963ra-\project\iar\Debug_m0_plus\Obj\syspm_10887939769544754770.dir
[37] = E:\project\smart car\ok\963ra-\project\iar\Debug_m0_plus\Obj\sysreghc_17676636058511625587.dir
[38] = E:\project\smart car\ok\963ra-\project\iar\Debug_m0_plus\Obj\sysreset_14586141425677365288.dir
[39] = E:\project\smart car\ok\963ra-\project\iar\Debug_m0_plus\Obj\sysrtc_10747768817563771611.dir
[40] = E:\project\smart car\ok\963ra-\project\iar\Debug_m0_plus\Obj\systick_16016591671695740695.dir
[41] = E:\project\smart car\ok\963ra-\project\iar\Debug_m0_plus\Obj\syswdt_9118657615806274156.dir
[42] = E:\project\smart car\ok\963ra-\project\iar\Debug_m0_plus\Obj\tcpwm_422923530147891246.dir
[43] = E:\project\smart car\ok\963ra-\project\iar\Debug_m0_plus\Obj\trigmux_9729677290734583340.dir
[44] = E:\project\smart car\ok\963ra-\project\iar\Debug_m0_plus\Obj\user_8514941877209965082.dir
[45] = E:\project\smart car\ok\963ra-\project\iar\Debug_m0_plus\Obj\zf_common_1201165462030747823.dir
[46] = E:\project\smart car\ok\963ra-\project\iar\Debug_m0_plus\Obj\zf_components_14936052685886095442.dir
[47] = E:\project\smart car\ok\963ra-\project\iar\Debug_m0_plus\Obj\zf_device_6570275422786408770.dir
[48] = E:\project\smart car\ok\963ra-\project\iar\Debug_m0_plus\Obj\zf_driver_11922370083829174090.dir
[49] = dl6M_tln.a
[50] = m6M_tl.a
[51] = rt6M_tl.a
[52] = shb_l.a

  15'662 bytes of readonly  code memory
     843 bytes of readonly  data memory
   3'959 bytes of readwrite data memory

Errors: none
Warnings: none
